
 num     #instances         #bytes  class name
----------------------------------------------
   1:         12494       22178168  [F
   2:        129243       21649248  [I
   3:        258541       20371520  [C
   4:        110651       17964240  <constMethodKlass>
   5:         82164       17767088  [B
   6:         12297       14138128  <constantPoolKlass>
   7:        110651       13290840  <methodKlass>
   8:        167023        9743488  <symbolKlass>
   9:         12297        9255680  <instanceKlassKlass>
  10:        207389        8295560  java.lang.String
  11:         10132        7884064  <constantPoolCacheKlass>
  12:         30440        4963856  [Ljava.util.HashMap$Entry;
  13:         51435        4929296  [Ljava.lang.Object;
  14:         34969        3077272  java.util.regex.Matcher
  15:         12908        2375072  java.lang.Class
  16:         49215        2362320  java.util.HashMap$Entry
  17:         28460        1821440  java.util.TreeMap$Entry
  18:          3573        1757464  <methodDataKlass>
  19:         11206        1703312  java.util.GregorianCalendar
  20:         24740        1583360  java.util.LinkedHashMap$Entry
  21:         18624        1556456  [[I
  22:          8852        1345504  java.lang.reflect.Method
  23:         11208        1344960  sun.util.calendar.Gregorian$Date
  24:         20994        1283184  [Ljava.lang.String;
  25:         19925        1275200  java.util.HashMap
  26:         18654        1141584  [S
  27:         19260        1078560  java.util.HashMap$KeyIterator
  28:         12957        1036560  java.util.TreeMap
  29:         30828         986496  java.lang.StringBuffer
  30:         23888         955520  java.util.AbstractList$Itr
  31:         29220         935040  sun.text.normalizer.ReplaceableUCharacterIterator
  32:         11211         896880  sun.util.calendar.ZoneInfo
  33:         14996         839776  java.lang.ref.SoftReference
  34:          6417         821376  java.lang.reflect.Field
  35:         16885         810480  java.util.concurrent.locks.ReentrantLock$NonfairSync
  36:         11102         799344  hudson.plugins.global_build_stats.model.JobBuildResult
  37:          9982         798560  java.util.LinkedHashMap
  38:         18137         725480  java.util.ArrayList
  39:         15021         721008  java.util.Hashtable$Entry
  40:         29220         701280  sun.text.normalizer.ReplaceableString
  41:         14346         688608  java.util.concurrent.ConcurrentHashMap$Segment
  42:         20678         661696  java.util.concurrent.CopyOnWriteArrayList$COWIterator
  43:         19842         634944  java.util.Collections$UnmodifiableCollection$1
  44:         10041         562296  java.util.TreeMap$KeyIterator
  45:         11326         561528  [Z
  46:          3175         558800  java.io.ObjectStreamClass
  47:         10625         510000  java.lang.ref.WeakReference
  48:         14347         507368  [Ljava.util.concurrent.ConcurrentHashMap$HashEntry;
  49:          3823         458760  java.lang.reflect.Constructor
  50:          7794         436464  java.io.ObjectStreamClass$WeakClassKey
  51:         13575         434400  java.lang.StringBuilder
  52:          8743         419664  com.michelin.cio.hudson.plugins.rolestrategy.RoleMap$2
  53:          8424         404352  java.lang.StackTraceElement
  54:          5575         401400  java.util.WeakHashMap$Entry
  55:          9503         380120  java.util.Vector
  56:          1338         377168  [Ljava.util.Hashtable$Entry;
  57:          8743         349720  hudson.security.SidACL$1
  58:          5408         346112  jenkins.model.lazy.BuildReference
  59:           582         335232  <objArrayKlassKlass>
  60:          5918         331408  java.util.LinkedHashMap$ValueIterator
  61:          7187         287480  hudson.scm.CvsFile
  62:         11880         285120  java.util.HashSet
  63:          8745         279840  com.michelin.cio.hudson.plugins.rolestrategy.RoleMap
  64:           335         277240  [J
  65:          2628         273312  java.net.URL
  66:         10289         246936  java.util.HashMap$KeySet
  67:          1086         243264  hudson.model.FreeStyleBuild
  68:          6013         240520  sun.reflect.generics.tree.SimpleClassTypeSignature
  69:          9975         239400  java.util.Collections$UnmodifiableSet
  70:          5483         219320  org.jvnet.localizer.Localizable
  71:          3387         216768  java.lang.ref.Finalizer
  72:          7236         216192  [Ljava.lang.Class;
  73:          5483         216160  [Ljava.io.Serializable;
  74:          4477         214896  java.util.concurrent.ConcurrentHashMap$HashEntry
  75:          8745         209880  com.michelin.cio.hudson.plugins.rolestrategy.RoleMap$AclImpl
  76:          1903         182688  java.beans.MethodDescriptor
  77:           974         171424  [Lhudson.model.Computer;
  78:          5332         170624  com.trilead.ssh2.channel.FifoBuffer$Page
  79:          6531         156744  java.util.HashMap$Values
  80:          3262         156576  com.google.common.collect.MapMakerInternalMap$StrongEntry
  81:          4828         154496  java.io.ObjectInputStream$HandleTable$HandleList
  82:          6013         151520  [Lsun.reflect.generics.tree.TypeArgument;
  83:           193         145568  [Ljava.util.WeakHashMap$Entry;
  84:          2585         144760  java.io.ObjectStreamField
  85:           902         136416  [Ljava.util.concurrent.ConcurrentHashMap$Segment;
  86:          5282         126768  hudson.model.queue.CauseOfBlockage$1
  87:           672         123648  java.net.SocksSocketImpl
  88:          1102         114608  hudson.util.QuotedStringTokenizer
  89:          1750         112000  java.io.ObjectStreamClass$FieldReflectorKey
  90:          2773         110920  com.google.inject.TypeLiteral
  91:          2718         108720  com.thoughtworks.xstream.converters.reflection.FieldKey
  92:          1428         102816  net.java.sezpoz.IndexItem
  93:          1056         101376  org.codehaus.groovy.reflection.GeneratedMetaMethod$Proxy
  94:          2959          94688  hudson.ExtensionList$1
  95:           818          91616  java.util.logging.LogRecord
  96:           856          89024  com.google.common.collect.ComputingConcurrentHashMap$ComputingSegment
  97:          2743          87776  java.util.jar.Attributes$Name
  98:          3575          85800  java.lang.Integer
  99:          2612          83584  com.google.common.collect.RegularImmutableMap$TerminalEntry
 100:          2075          83000  sun.reflect.annotation.AnnotationInvocationHandler
 101:           861          82656  java.lang.Package
 102:           630          80640  java.beans.PropertyDescriptor
 103:          1249          79936  java.util.Hashtable
 104:           594          77896  [Ljava.lang.StackTraceElement;
 105:          1915          76600  com.google.inject.Key
 106:           120          76352  [Lcom.google.common.collect.RegularImmutableMap$LinkedEntry;
 107:          1165          74560  org.codehaus.groovy.util.ReferenceType$SoftRef
 108:          3093          74232  com.google.common.collect.MapMakerInternalMap$StrongValueReference
 109:             2          73776  [Lorg.apache.commons.collections.map.AbstractHashedMap$HashEntry;
 110:           834          73392  java.util.TreeMap$AscendingSubMap
 111:          3031          72744  java.util.HashMap$EntrySet
 112:          2959          71016  hudson.util.Iterators$5
 113:           679          70616  org.codehaus.groovy.runtime.metaclass.MetaMethodIndex$Entry
 114:          1090          69760  hudson.maven.ModuleDependency
 115:           866          69280  com.google.inject.internal.ConstructorBindingImpl
 116:          1428          68544  net.java.sezpoz.impl.SerAnnotatedElement
 117:          2788          66912  java.lang.Long
 118:           902          64944  java.util.concurrent.ConcurrentHashMap
 119:           624          64896  sun.reflect.DelegatingClassLoader
 120:           974          62336  sun.text.normalizer.NormalizerBase
 121:          3896          62336  java.lang.Object
 122:           974          62336  java.text.CollationElementIterator
 123:          1961          61152  [Ljava.lang.reflect.Type;
 124:          1087          60872  com.sonyericsson.rebuild.RebuildAction
 125:          1263          60624  com.google.inject.spi.InjectionPoint
 126:           895          57280  com.google.inject.internal.MembersInjectorImpl
 127:           525          54600  java.security.Provider$Service
 128:          1361          54440  com.google.inject.spi.Dependency
 129:           834          53376  java.util.TreeMap$NavigableSubMap$SubMapEntryIterator
 130:          1087          52176  org.jvnet.hudson.plugins.DownstreamBuildViewAction
 131:           205          50840  org.codehaus.groovy.ast.ClassNode
 132:          1574          50368  java.util.concurrent.CopyOnWriteArrayList
 133:          1005          48240  org.kohsuke.stapler.MetaClass$4
 134:           287          48232  [Ljava.lang.ThreadLocal$ThreadLocalMap$Entry;
 135:          1136          47944  [Ljava.io.ObjectStreamField;
 136:           823          46088  java.lang.ThreadLocal$ThreadLocalMap$Entry
 137:           194          45008  hudson.model.FreeStyleProject
 138:           795          44520  java.util.TreeMap$ValueIterator
 139:          1112          44480  java.security.Provider$ServiceKey
 140:           787          44072  org.codehaus.groovy.util.ListHashMap
 141:          1375          44000  org.kohsuke.stapler.Function$InstanceFunction
 142:          1099          43960  com.google.inject.Scopes$1$1
 143:          1372          43904  java.io.ObjectStreamClass$ClassDataSlot
 144:          1800          43200  sun.reflect.generics.tree.ClassTypeSignature
 145:          1072          42880  java.lang.ref.ReferenceQueue
 146:           381          42672  java.util.logging.Logger
 147:           351          42120  org.codehaus.groovy.reflection.ClassInfo
 148:          1314          42048  com.google.inject.internal.ProvisionListenerStackCallback
 149:           866          41568  com.google.inject.internal.ConstructorInjector
 150:           866          41568  com.google.inject.internal.ConstructorBindingImpl$Factory
 151:           517          41360  com.thoughtworks.xstream.core.util.OrderRetainingMap
 152:          1721          41304  hudson.util.CopyOnWriteList
 153:          1677          40248  java.util.concurrent.locks.ReentrantLock
 154:          1251          40032  hudson.util.DescribableList
 155:           100          39920  [Ljava.beans.MethodDescriptor;
 156:           991          39640  hudson.util.CopyOnWriteList$1
 157:           958          38320  com.google.inject.internal.InjectorImpl$3
 158:           337          37744  java.util.jar.JarFile$JarFileEntry
 159:           457          36560  com.google.inject.internal.ProviderInstanceBindingImpl
 160:           214          35952  com.google.common.collect.ComputingConcurrentHashMap$ComputingMapAdapter
 161:            96          35328  [Ljava.io.ObjectInputStream$HandleTable$HandleList;
 162:          1102          35264  hudson.model.Label$2
 163:          1099          35168  com.google.inject.internal.ProviderToInternalFactoryAdapter
 164:          1099          35168  com.google.inject.internal.InternalFactoryToProviderAdapter
 165:           488          35136  java.text.RuleBasedCollator
 166:           337          35048  org.codehaus.groovy.reflection.CachedMethod
 167:          1088          34816  hudson.model.CauseAction
 168:          1087          34784  hudson.plugins.disk_usage.BuildDiskUsageAction
 169:          1087          34784  hudson.plugins.disk_usage.DiskUsage
 170:           866          34640  com.google.inject.internal.cglib.reflect.$FastConstructor
 171:           866          34640  com.google.inject.internal.DefaultConstructionProxyFactory$1
 172:           607          33992  sun.reflect.generics.repository.ClassRepository
 173:           221          33592  hudson.plugins.plot.Plot
 174:           834          33360  java.util.TreeMap$AscendingSubMap$AscendingEntrySetView
 175:          1388          33312  java.util.jar.Attributes
 176:           378          33264  hudson.model.RunMap
 177:           828          33120  com.google.common.collect.RegularImmutableMap$NonTerminalEntry
 178:           585          32760  java.util.HashMap$ValueIterator
 179:          1364          32736  $Proxy7
 180:          1360          32640  java.util.TreeSet
 181:           389          31120  java.util.jar.JarFile
 182:          1279          30696  java.util.TreeMap$KeySet
 183:           948          30336  com.thoughtworks.xstream.core.util.PrioritizedList$PrioritizedItem
 184:           724          28960  sun.reflect.generics.reflectiveObjects.ParameterizedTypeImpl
 185:           733          28568  [Ljava.io.ObjectStreamClass$ClassDataSlot;
 186:           351          28080  org.codehaus.groovy.reflection.ClassInfo$LazyCachedClassRef
 187:           351          28080  org.codehaus.groovy.reflection.ClassInfo$LazyClassLoaderRef
 188:           852          27264  java.io.File
 189:           675          27000  jenkins.model.lazy.AbstractLazyLoadRunMap$Index
 190:           669          26760  java.net.Socket
 191:           814          26048  org.codehaus.groovy.util.ManagedReference
 192:           400          25600  com.google.inject.internal.Initializer$InjectableReference
 193:           643          25272  [Ljava.security.cert.Certificate;
 194:           787          25184  com.thoughtworks.xstream.core.util.FastField
 195:           348          25056  sun.misc.URLClassPath$JarLoader
 196:           780          24960  hudson.remoting.RemoteInvocationHandler
 197:          1035          24840  java.io.FileDescriptor
 198:           607          24280  sun.reflect.generics.tree.ClassSignature
 199:           601          24040  java.util.logging.LogManager$LogNode
 200:           737          23584  java.io.FileInputStream
 201:           417          23352  java.util.HashMap$EntryIterator
 202:           958          22992  java.util.concurrent.atomic.AtomicInteger
 203:           714          22848  net.java.sezpoz.IndexItem$AnnotationProxy
 204:           714          22848  hudson.ExtensionFinder$GuiceFinder$4$1
 205:           711          22752  com.google.common.collect.SingletonImmutableList
 206:           560          22400  org.sonatype.guice.bean.reflect.NamedClass
 207:           151          21744  org.codehaus.groovy.ast.MethodNode
 208:           448          21504  java.util.zip.Inflater
 209:           384          21504  hudson.remoting.Command$Source
 210:           448          21504  com.google.inject.internal.InternalFactoryToInitializableAdapter
 211:           379          21224  java.util.Collections$UnmodifiableSortedMap
 212:            52          21216  hudson.maven.MavenModuleSet
 213:           378          21168  com.sonyericsson.rebuild.RebuildLastCompletedBuildAction
 214:           620          21024  [Lorg.codehaus.groovy.reflection.CachedClass;
 215:           652          20864  sun.reflect.generics.factory.CoreReflectionFactory
 216:           866          20784  com.google.inject.internal.DefaultConstructionProxyFactory
 217:           517          20680  com.thoughtworks.xstream.core.util.OrderRetainingMap$ArraySet
 218:           856          20544  java.util.concurrent.atomic.AtomicReferenceArray
 219:           637          20384  sun.reflect.generics.scope.ClassScope
 220:           503          20120  java.util.LinkedList$Entry
 221:            93          20088  java.text.DecimalFormat
 222:           626          20032  hudson.ExtensionComponent
 223:            65          19736  [Lorg.codehaus.groovy.util.ComplexKeyHashMap$Entry;
 224:           351          19656  org.kohsuke.stapler.MetaClass$3
 225:           351          19656  org.codehaus.groovy.util.LockableObject
 226:           800          19200  java.util.TreeMap$EntrySet
 227:           595          19032  [Lcom.google.inject.spi.ProvisionListener;
 228:           395          18960  sun.misc.FloatingDecimal
 229:           390          18720  antlr.ANTLRHashString
 230:           449          17960  hudson.PluginWrapper$Dependency
 231:           607          17496  [Lsun.reflect.generics.tree.ClassTypeSignature;
 232:           546          17472  java.util.Date
 233:          1090          17440  hudson.triggers.TimerTrigger$TimerTriggerCause
 234:           430          17200  com.google.common.collect.SingletonImmutableSet
 235:          1074          17184  java.lang.ref.ReferenceQueue$Lock
 236:           714          17136  com.google.inject.internal.Scoping$6
 237:            50          16800  com.sun.org.apache.xerces.internal.impl.dv.xs.XSSimpleTypeDecl
 238:           294          16464  com.sun.org.apache.xerces.internal.impl.xpath.regex.RangeToken
 239:           623          16160  [Lsun.reflect.generics.tree.FormalTypeParameter;
 240:           224          16128  org.sonatype.guice.bean.reflect.MildValues$Soft
 241:           288          16128  java.security.ProtectionDomain
 242:           402          16080  org.sonatype.guice.plexus.binders.PlexusRequirements$RequirementProvider
 243:           287          16072  java.security.CodeSource
 244:           284          15904  java.nio.HeapByteBuffer
 245:           487          15584  jenkins.model.Jenkins$9
 246:           388          15520  jenkins.model.lazy.SortedIntList
 247:           100          15472  [Ljava.beans.PropertyDescriptor;
 248:           382          15280  com.google.inject.internal.MoreTypes$ParameterizedTypeImpl
 249:           316          15168  java.lang.management.MemoryUsage
 250:            52          14976  hudson.maven.MavenModule
 251:           266          14896  java.nio.HeapCharBuffer
 252:           372          14880  hudson.plugins.plot.PropertiesSeries
 253:           307          14736  java.util.Locale
 254:           199          14328  sun.java2d.loops.Blit
 255:           295          14160  org.codehaus.groovy.util.SingleKeyHashMap$Entry
 256:           438          14016  org.sonatype.guice.plexus.binders.ProvidedPropertyBinding
 257:           193          13896  java.util.WeakHashMap
 258:           416          13184  [Lsun.reflect.generics.tree.FieldTypeSignature;
 259:           549          13176  sun.reflect.BootstrapConstructorAccessorImpl
 260:           328          13120  sun.reflect.NativeMethodAccessorImpl
 261:           326          13040  hudson.model.DependencyGraph$DependencyGroup
 262:           121          12584  org.codehaus.groovy.ast.Parameter
 263:           388          12416  jenkins.model.lazy.SortedList
 264:           309          12360  sun.reflect.NativeConstructorAccessorImpl
 265:           193          12352  org.apache.commons.collections.map.AbstractLinkedMap$LinkEntry
 266:           256          12288  java.util.AbstractList$ListItr
 267:           381          12192  hudson.model.TimeSeries
 268:           378          12096  org.jvnet.hudson.plugins.shelveproject.ShelveProjectAction
 269:           378          12096  hudson.plugins.depgraph_view.DependencyGraphProjectActionFactory$DependencyGraphProjectAction
 270:           214          11984  [Lcom.google.common.collect.MapMakerInternalMap$Segment;
 271:           187          11968  com.google.common.collect.MapMakerInternalMap$SoftValueReference
 272:            71          11928  java.lang.Thread
 273:            99          11880  org.codehaus.groovy.reflection.CachedClass
 274:           163          11736  sun.java2d.loops.ScaledBlit
 275:            84          11424  hudson.ClassicPluginStrategy$DependencyClassLoader
 276:           472          11328  hudson.security.NotSerilizableSecurityContext
 277:           353          11296  org.bouncycastle.asn1.ASN1ObjectIdentifier
 278:           103          11296  [Lgroovy.lang.MetaMethod;
 279:            83          11288  java.net.URLClassLoader
 280:            64          11264  org.springframework.beans.GenericTypeAwarePropertyDescriptor
 281:           175          11200  org.codehaus.groovy.ast.VariableScope
 282:           278          11120  hudson.model.StringParameterDefinition
 283:           455          10920  $Proxy42
 284:           271          10840  org.apache.commons.beanutils.DynaProperty
 285:           338          10816  sun.reflect.UnsafeObjectFieldAccessorImpl
 286:           192          10752  java.io.ObjectOutputStream$HandleTable
 287:            95          10640  sun.net.www.protocol.jar.URLJarFile
 288:           132          10560  org.codehaus.groovy.reflection.CachedClass$1
 289:           132          10560  org.codehaus.groovy.reflection.CachedClass$2
 290:           132          10560  org.codehaus.groovy.reflection.CachedClass$3
 291:           132          10560  org.codehaus.groovy.reflection.CachedClass$4
 292:           132          10560  org.codehaus.groovy.reflection.CachedClass$5
 293:           132          10560  org.codehaus.groovy.reflection.CachedClass$6
 294:           132          10560  org.codehaus.groovy.reflection.CachedClass$7
 295:           132          10560  org.codehaus.groovy.reflection.CachedClass$8
 296:           219          10512  java.security.Permissions
 297:           217          10416  java.io.FilePermission
 298:           160          10240  java.util.concurrent.ConcurrentHashMap$ValueIterator
 299:           106          10176  java.text.DecimalFormatSymbols
 300:           317          10144  org.codehaus.groovy.util.FastArray
 301:           250          10000  hudson.tasks.LogRotator
 302:            40           9920  hudson.model.Executor
 303:           404           9696  java.util.LinkedHashSet
 304:           397           9528  $Proxy21
 305:            38           9424  hudson.matrix.MatrixConfiguration
 306:           196           9408  org.kohsuke.stapler.MetaClass$1
 307:           388           9312  sun.reflect.DelegatingMethodAccessorImpl
 308:            89           9256  java.text.SimpleDateFormat
 309:           289           9248  java.util.Arrays$ArrayList
 310:           384           9216  com.thoughtworks.xstream.converters.SingleValueConverterWrapper
 311:           286           9152  hudson.plugins.heavy_job.HeavyJobProperty
 312:           286           9152  org.jenkinsci.plugins.mavenrepocleaner.MavenRepoCleanerProperty
 313:           379           9096  java.util.AbstractMap$2
 314:           284           9088  java.lang.ThreadLocal$ThreadLocalMap
 315:           378           9072  hudson.plugins.copyProjectLink.CopyProjectAction
 316:           378           9072  org.jvnet.hudson.plugins.shelveproject.ShelveProjectProperty
 317:           378           9072  hudson.plugins.disk_usage.ProjectDiskUsageAction
 318:           378           9072  hudson.model.AbstractProject$1
 319:           188           9024  java.math.BigInteger
 320:            80           8960  hudson.remoting.MultiClassLoaderSerializer$Output
 321:           186           8928  org.sonatype.guice.plexus.annotations.RequirementImpl
 322:           139           8896  hudson.model.queue.MappingWorksheet$WorkChunk
 323:           221           8840  antlr.CommonToken
 324:            84           8736  hudson.PluginWrapper
 325:           311           8672  [Ljava.lang.reflect.TypeVariable;
 326:            89           8544  java.text.DateFormatSymbols
 327:           151           8456  sun.reflect.generics.reflectiveObjects.TypeVariableImpl
 328:           352           8448  sun.reflect.DelegatingConstructorAccessorImpl
 329:            36           8352  com.tikal.jenkins.plugins.multijob.MultiJobProject
 330:             4           8288  [Ljava.util.logging.LogRecord;
 331:           221           8280  [Lhudson.plugins.plot.Series;
 332:             3           8264  [Lorg.codehaus.groovy.runtime.metaclass.MetaMethodIndex$Entry;
 333:           129           8232  [Ljava.security.ProtectionDomain;
 334:           127           8128  hudson.model.MultiStageTimeSeries
 335:            78           8112  com.google.inject.internal.BytecodeGen$BridgeClassLoader
 336:           100           8000  java.beans.BeanDescriptor
 337:           139           7784  com.trilead.ssh2.crypto.digest.MD5
 338:           139           7784  java.net.SocketTimeoutException
 339:           108           7776  org.apache.commons.beanutils.converters.ArrayConverter
 340:            80           7680  hudson.remoting.UserRequest
 341:            96           7680  java.io.ObjectInputStream$BlockDataInputStream
 342:           316           7584  org.sonatype.guice.bean.reflect.BeanPropertyField
 343:           311           7464  hudson.scm.NullSCM
 344:           228           7296  <compiledICHolderKlass>
 345:           138           7280  [Lorg.sonatype.guice.bean.inject.PropertyBinding;
 346:           224           7168  hudson.remoting.UnexportCommand
 347:            99           7128  com.google.common.collect.MapMakerInternalMap$WeakEntry
 348:            89           7120  sun.nio.cs.UTF_8$Encoder
 349:            80           7040  hudson.remoting.MultiClassLoaderSerializer$Input
 350:           176           7040  java.util.LinkedList
 351:           125           7000  sun.misc.URLClassPath
 352:            67           6968  hudson.scm.CVSSCM
 353:            87           6960  java.util.ResourceBundle$CacheKey
 354:           217           6944  java.io.FilePermissionCollection
 355:           288           6912  [Ljava.security.Principal;
 356:           288           6912  org.jenkinsci.plugins.database.DatabaseConsole
 357:            41           6880  [[I
 358:           122           6832  sun.reflect.generics.reflectiveObjects.WildcardTypeImpl
 359:           140           6720  java.security.AccessControlContext
 360:           139           6672  hudson.util.Iterators$DuplicateFilterIterator
 361:           139           6672  com.tikal.jenkins.plugins.multijob.PhaseJobsConfig
 362:           139           6672  hudson.util.ConsistentHash
 363:           278           6672  [Lhudson.util.ConsistentHash$Point;
 364:           118           6608  org.codehaus.groovy.ast.stmt.ReturnStatement
 365:           137           6576  hudson.remoting.ExportTable$Entry
 366:           137           6576  java.lang.Exception
 367:           164           6560  java.util.Stack
 368:           136           6528  org.kohsuke.stapler.MetaClass$6
 369:            13           6448  [Ljavax.jmdns.impl.constants.DNSRecordType;
 370:            67           6432  sun.nio.cs.StreamEncoder
 371:           267           6408  java.lang.Short
 372:           100           6400  java.beans.GenericBeanInfo
 373:            88           6336  sun.java2d.loops.MaskBlit
 374:            66           6336  java.util.regex.Pattern
 375:           157           6280  sun.security.util.ObjectIdentifier
 376:           112           6272  com.thoughtworks.xstream.core.util.Pool
 377:           111           6216  org.codehaus.groovy.classgen.asm.MethodCaller
 378:            96           6144  java.io.ObjectOutputStream$BlockDataOutputStream
 379:            68           5984  java.util.concurrent.FutureTask$Sync
 380:             2           5968  [Lsun.java2d.loops.GraphicsPrimitive;
 381:            93           5952  java.text.DigitList
 382:           123           5904  java.util.regex.Pattern$Curly
 383:            61           5856  hudson.plugins.emailext.ExtendedEmailPublisher
 384:           182           5824  java.util.Collections$UnmodifiableRandomAccessList
 385:           241           5784  java.lang.Double
 386:           102           5712  com.thoughtworks.xstream.converters.reflection.SerializableConverter
 387:           142           5680  java.net.InetAddress
 388:           142           5680  java.util.regex.Pattern$6
 389:           100           5600  java.util.concurrent.SynchronousQueue$TransferStack$SNode
 390:           139           5560  hudson.model.queue.MappingWorksheet
 391:           139           5560  hudson.plugins.disk_usage.DiskUsageOvearallGraphGenerator$DiskUsageRecord
 392:           139           5560  hudson.plugins.disk_usage.DiskUsageOvearallGraphGenerator$DiskUsageRecord$1
 393:           139           5560  com.tikal.jenkins.plugins.multijob.MultiJobBuilder$1
 394:           139           5560  hudson.util.ConsistentHash$Table
 395:            96           5376  java.io.DataInputStream
 396:            67           5360  org.codehaus.groovy.ast.GenericsType
 397:           167           5344  java.util.concurrent.LinkedBlockingQueue$Node
 398:             8           5344  [[Ljava.lang.String;
 399:            23           5336  org.springframework.beans.factory.support.RootBeanDefinition
 400:            60           5280  hudson.plugins.copyartifact.CopyArtifact
 401:           132           5280  java.io.FileOutputStream
 402:           211           5064  org.apache.commons.beanutils.converters.ConverterFacade
 403:           207           4968  com.google.inject.Key$AnnotationInstanceStrategy
 404:           206           4944  com.google.inject.name.NamedImpl
 405:           205           4920  org.codehaus.groovy.ast.ClassNode$MapOfLists
 406:            68           4896  org.jvnet.localizer.ResourceBundleHolder$ResourceBundleImpl
 407:            87           4872  java.util.ResourceBundle$LoaderReference
 408:           151           4832  sun.reflect.generics.tree.FormalTypeParameter
 409:            67           4824  hudson.scm.CvsRepository
 410:           201           4824  org.kohsuke.stapler.CachingScriptLoader$1
 411:            67           4824  org.kohsuke.stapler.MetaClass
 412:            86           4816  java.util.Collections$SynchronizedMap
 413:           150           4800  hudson.model.ParametersDefinitionProperty
 414:           199           4776  hudson.tasks.Shell
 415:            85           4760  groovy.lang.MetaBeanProperty
 416:            99           4752  sun.reflect.UnsafeQualifiedStaticObjectFieldAccessorImpl
 417:           148           4736  org.sonatype.guice.plexus.annotations.ConfigurationImpl
 418:             8           4608  <typeArrayKlassKlass>
 419:            96           4608  java.io.DataOutputStream
 420:            96           4608  java.io.ObjectInputStream$HandleTable
 421:           190           4560  com.thoughtworks.xstream.converters.reflection.SerializableConverter$UnserializableParentsReflectionProvider
 422:            63           4536  java.io.BufferedWriter
 423:            81           4536  com.google.common.collect.MapMakerInternalMap$WeakValueReference
 424:           112           4480  com.thoughtworks.xstream.core.util.ThreadSafeSimpleDateFormat
 425:           112           4480  com.thoughtworks.xstream.core.util.ThreadSafeSimpleDateFormat$1
 426:           139           4448  hudson.model.queue.MappingWorksheet$Mapping
 427:           139           4448  [Lhudson.model.queue.MappingWorksheet$ExecutorChunk;
 428:           139           4448  hudson.util.ConsistentHash$2
 429:           139           4448  hudson.util.ConsistentHash$Table$1
 430:            92           4416  java.util.Collections$UnmodifiableMap
 431:            69           4336  [Lwinstone.FilterConfiguration;
 432:            90           4320  hudson.tasks.ArtifactArchiver
 433:           108           4320  com.tikal.jenkins.plugins.multijob.MultiJobBuilder
 434:           180           4320  org.sonatype.guice.bean.reflect.BeanPropertySetter
 435:           134           4288  org.sonatype.guice.plexus.scanners.PlexusXmlMetadata
 436:           105           4264  [[C
 437:           104           4160  hudson.scheduler.CronTab
 438:           128           4096  hudson.remoting.RemoteClassLoader$ClassLoaderProxy
 439:           144           4072  [Lorg.codehaus.groovy.ast.ClassNode;
 440:            63           4032  hudson.plugins.emailext.EmailType
 441:           124           3968  sun.reflect.generics.tree.Wildcard
 442:            98           3920  com.sun.org.apache.xerces.internal.util.SymbolHash$Entry
 443:            35           3920  hudson.model.ListView
 444:            97           3880  sun.reflect.UnsafeQualifiedObjectFieldAccessorImpl
 445:           160           3840  sun.reflect.generics.tree.TypeVariableSignature
 446:            80           3840  hudson.remoting.Response
 447:            60           3840  com.google.common.collect.RegularImmutableMap
 448:            53           3816  sun.net.www.MimeEntry
 449:            95           3800  sun.security.util.DerValue
 450:            95           3800  sun.security.util.DerInputBuffer
 451:            95           3800  hudson.plugins.ws_cleanup.PreBuildCleanup
 452:           118           3776  java.util.Collections$SynchronizedSet
 453:            92           3680  sun.security.x509.RDN
 454:            91           3640  hudson.triggers.TimerTrigger
 455:            90           3600  org.codehaus.groovy.reflection.CachedField
 456:            16           3584  hudson.remoting.Channel
 457:            28           3584  com.thoughtworks.xstream.mapper.AnnotationMapper
 458:           110           3520  hudson.maven.ModuleName
 459:            62           3472  java.io.PrintStream
 460:           144           3456  $Proxy37
 461:           144           3456  java.lang.Character
 462:            47           3384  sun.java2d.loops.MaskFill
 463:           141           3384  java.util.Collections$EmptySet$1
 464:            30           3360  org.codehaus.groovy.ast.FieldNode
 465:            70           3360  org.apache.maven.model.RepositoryPolicy
 466:           139           3336  hudson.model.LoadBalancer$1$1
 467:            16           3328  hudson.slaves.ChannelPinger$1
 468:            18           3312  hudson.slaves.SlaveComputer
 469:           138           3312  org.sonatype.guice.bean.inject.BeanInjector
 470:            10           3280  winstone.WinstoneRequest
 471:           102           3264  org.jfree.ui.about.Contributor
 472:            68           3264  hudson.scm.CvsModule
 473:            51           3264  java.awt.Color
 474:            67           3216  org.kohsuke.stapler.jelly.groovy.GroovyFacet$1
 475:            67           3216  org.kohsuke.stapler.jelly.JellyClassTearOff
 476:            80           3200  java.io.ByteArrayInputStream
 477:           200           3200  hudson.plugins.timestamper.TimestamperBuildWrapper
 478:            66           3168  hudson.node_monitors.DiskSpaceMonitorDescriptor$DiskSpace
 479:            66           3168  java.io.OutputStreamWriter
 480:             3           3144  [Ljava.util.TimerTask;
 481:            78           3120  java.util.concurrent.locks.AbstractQueuedSynchronizer$ConditionObject
 482:            65           3120  hudson.model.ChoiceParameterDefinition
 483:           130           3120  com.thoughtworks.xstream.converters.reflection.SerializationMethodInvoker
 484:            97           3104  org.apache.commons.logging.impl.Jdk14Logger
 485:            88           3080  [Lorg.codehaus.groovy.ast.Parameter;
 486:            16           3072  hudson.remoting.SynchronousCommandTransport$ReaderThread
 487:            96           3072  java.io.ObjectOutputStream$ReplaceTable
 488:            16           3072  hudson.util.StreamCopyThread
 489:            48           3072  java.util.ResourceBundle$BundleReference
 490:            96           3072  java.io.ObjectInputStream$PeekInputStream
 491:            95           3040  sun.security.util.DerInputStream
 492:            38           3040  hudson.matrix.Combination
 493:            20           3040  sun.font.CompositeFont
 494:            29           3016  java.util.concurrent.ThreadPoolExecutor
 495:            62           2976  hudson.plugins.translation.Locales$Entry
 496:            33           2960  [Lorg.apache.commons.beanutils.DynaProperty;
 497:            92           2944  sun.security.x509.AVA
 498:            92           2944  [Lsun.security.x509.AVA;
 499:            16           2944  org.kohsuke.stapler.jelly.groovy.GroovyClassLoaderTearOff$2
 500:            14           2912  hudson.util.XStream2
 501:           121           2904  $Proxy14
 502:           121           2904  groovyjarjarantlr.collections.impl.BitSet
 503:            60           2880  java.io.IOException
 504:            59           2832  javax.jmdns.impl.constants.DNSRecordType
 505:            16           2816  hudson.remoting.RemoteClassLoader
 506:            29           2784  org.springframework.beans.PropertyValue
 507:            38           2736  java.util.Properties
 508:            57           2736  com.robestone.hudson.compactcolumns.AllStatusesColumn
 509:            85           2720  java.util.jar.Manifest
 510:            56           2688  org.owasp.html.ElementAndAttributePolicies
 511:            84           2688  hudson.model.View$PropertyList
 512:            42           2688  hudson.ExtensionList
 513:            16           2688  com.trilead.ssh2.channel.Channel
 514:            67           2680  org.kohsuke.stapler.jelly.groovy.GroovyClassTearOff
 515:            67           2680  org.kohsuke.stapler.jelly.groovy.GroovyServerPageTearOff
 516:            67           2680  org.kohsuke.stapler.jelly.JellyFacet$1
 517:            37           2664  org.codehaus.groovy.antlr.GroovySourceAST
 518:            83           2656  java.io.ByteArrayOutputStream
 519:           110           2640  java.lang.Boolean
 520:            82           2624  sun.misc.URLClassPath$FileLoader
 521:            65           2600  java.text.FieldPosition
 522:            36           2592  org.apache.maven.model.Repository
 523:            36           2592  hudson.security.Permission
 524:             3           2584  [Ljava.util.Locale;
 525:            80           2560  hudson.remoting.UserResponse
 526:            64           2560  com.trilead.ssh2.channel.FifoBuffer$Pointer
 527:           158           2528  hudson.model.ComputerSet
 528:           105           2520  $Proxy44
 529:            78           2496  java.util.regex.Pattern$Single
 530:            44           2464  java.util.concurrent.locks.AbstractQueuedSynchronizer$Node
 531:            43           2408  sun.reflect.annotation.AnnotationType
 532:            33           2376  org.apache.commons.beanutils.WrapDynaClass
 533:            21           2368  [Lcom.sun.org.apache.xerces.internal.util.SymbolHash$Entry;
 534:            74           2368  java.util.regex.Pattern$GroupTail
 535:            37           2368  javax.swing.plaf.ColorUIResource
 536:            73           2336  java.util.regex.Pattern$GroupHead
 537:            97           2328  hudson.plugins.parameterizedtrigger.PredefinedBuildParameters
 538:            97           2328  hudson.util.Secret
 539:            58           2320  hudson.util.CopyOnWriteMap$Tree
 540:            58           2320  com.thoughtworks.xstream.core.util.WeakCache
 541:            12           2304  <klassKlass>
 542:            16           2304  com.trilead.ssh2.transport.TransportConnection
 543:            96           2304  java.io.ObjectInputStream$ValidationList
 544:            72           2304  hudson.plugins.plot.PlotAction
 545:            18           2304  hudson.slaves.DumbSlave
 546:            72           2304  hudson.plugins.plot.PlotPublisher
 547:            26           2288  hudson.plugins.nested_view.NestedView
 548:            10           2288  [Ljava.lang.Short;
 549:            10           2288  [Ljava.lang.Long;
 550:            10           2288  [Ljava.lang.Integer;
 551:            22           2288  java.security.SecureRandom
 552:            35           2240  java.io.ObjectStreamClass$FieldReflector
 553:            28           2240  hudson.model.labels.LabelAtom
 554:             3           2216  [Ljava.lang.Thread;
 555:            46           2208  hudson.model.Queue$JobOffer
 556:            12           2208  hudson.node_monitors.AbstractNodeMonitorDescriptor$Record
 557:            69           2208  org.jvnet.localizer.ResourceBundleHolder
 558:            69           2208  java.util.AbstractMap$2$1
 559:            91           2184  hudson.scheduler.CronTabList
 560:            68           2176  java.util.regex.Pattern$Slice
 561:            17           2176  org.codehaus.groovy.control.CompilerConfiguration
 562:            45           2160  sun.java2d.loops.SurfaceType
 563:            30           2160  sun.java2d.loops.DrawGlyphListAA
 564:            54           2160  hudson.plugins.textfinder.TextFinderPublisher
 565:            18           2160  hudson.plugins.sshslaves.SSHLauncher
 566:            67           2152  [Lhudson.scm.CvsModule;
 567:            67           2144  hudson.scm.CvsRepositoryItem
 568:            67           2144  [Lhudson.scm.ExcludedRegion;
 569:            67           2144  [Lhudson.scm.CvsRepositoryItem;
 570:            67           2144  [Lhudson.scm.CvsRepository;
 571:            67           2144  org.kohsuke.stapler.lang.Klass
 572:            66           2120  [Lorg.codehaus.groovy.ast.GenericsType;
 573:            22           2112  hudson.plugins.sectioned_view.TextSection
 574:            66           2112  hudson.ExtensionFinder$GuiceFinder$SezpozModule$1
 575:            65           2080  java.security.Provider$UString
 576:            26           2080  hudson.scheduler.CrontabParser
 577:            26           2080  hudson.scheduler.CrontabLexer
 578:             1           2072  [Lsun.text.normalizer.UnicodeSet;
 579:            41           2064  [Lcom.sun.org.apache.xerces.internal.impl.xs.traversers.OneAttr;
 580:             1           2064  [[Lorg.bouncycastle.asn1.ASN1ObjectIdentifier;
 581:            16           2048  com.trilead.ssh2.transport.KexManager
 582:            17           2040  javax.jmdns.impl.DNSRecord$Service
 583:            23           2024  hudson.plugins.sectioned_view.ListViewSection
 584:            50           2000  org.apache.commons.jexl.util.introspection.ClassMap
 585:            19           1976  [Ljava.text.Format;
 586:            49           1960  java.net.Inet4Address
 587:            61           1952  java.util.regex.Pattern$BitClass
 588:            27           1944  sun.java2d.loops.BlitBg
 589:            22           1936  org.codehaus.groovy.ast.expr.ConstantExpression
 590:            48           1920  com.sun.org.apache.xerces.internal.impl.xs.traversers.OneAttr
 591:            40           1920  org.jenkinsci.plugins.envinject.EnvInjectPluginAction
 592:            16           1920  com.trilead.ssh2.transport.TransportManager
 593:            48           1920  java.io.ObjectInputStream$CallbackContext
 594:            48           1920  hudson.remoting.Request$2
 595:            48           1920  hudson.remoting.InterceptingExecutorService$1
 596:            26           1872  java.awt.geom.AffineTransform
 597:            13           1872  org.codehaus.groovy.ast.ConstructorNode
 598:            58           1856  org.codehaus.groovy.util.SingleKeyHashMap
 599:            21           1848  com.google.inject.internal.InstanceBindingImpl
 600:            77           1848  java.util.concurrent.atomic.AtomicBoolean
 601:            32           1792  com.trilead.ssh2.crypto.digest.SHA1
 602:            32           1792  com.trilead.ssh2.crypto.cipher.CTRMode
 603:            32           1792  com.trilead.ssh2.crypto.digest.HMAC
 604:            32           1792  hudson.remoting.ExportTable$ExportList
 605:            56           1792  java.util.regex.Pattern$2
 606:            32           1792  com.trilead.ssh2.channel.FifoBuffer
 607:            20           1760  org.springframework.core.MethodParameter
 608:            22           1760  java.util.concurrent.LinkedBlockingQueue
 609:            31           1736  hudson.plugins.parameterizedtrigger.BuildTriggerConfig
 610:            54           1728  org.sonatype.guice.plexus.lifecycles.PlexusLifecycleManager$3
 611:            43           1720  hudson.scm.CvsRepositoryLocation$BranchRepositoryLocation
 612:            24           1720  [Ljava.lang.reflect.Field;
 613:            28           1712  [Ljava.util.logging.Handler;
 614:            42           1680  com.thoughtworks.xstream.converters.reflection.FieldDictionary
 615:            14           1680  org.apache.maven.model.Plugin
 616:            14           1680  org.codehaus.groovy.reflection.stdclasses.ArrayCachedClass
 617:            14           1680  com.thoughtworks.xstream.core.util.CompositeClassLoader
 618:            30           1680  [Ljavax.jmdns.impl.constants.DNSLabel;
 619:            10           1680  java.beans.IndexedPropertyDescriptor
 620:            30           1680  hudson.slaves.NodeProvisioner
 621:            19           1672  sun.security.x509.X500Name
 622:            19           1672  sun.java2d.loops.GraphicsPrimitiveProxy
 623:            16           1664  javax.jmdns.impl.DNSRecord$Text
 624:            52           1664  java.text.FieldPosition$Delegate
 625:            69           1656  com.google.inject.internal.Initializables$1
 626:            31           1648  [D
 627:            41           1640  hudson.model.BooleanParameterDefinition
 628:            68           1632  java.util.concurrent.atomic.AtomicLong
 629:            34           1632  hudson.node_monitors.SwapSpaceMonitor$MemoryUsage2
 630:            68           1632  java.util.concurrent.FutureTask
 631:            67           1608  hudson.scm.ExcludedRegion
 632:            50           1600  org.jvnet.jenkins.plugins.nodelabelparameter.parameterizedtrigger.NodeLabelBuildParameter
 633:            50           1600  org.apache.commons.jexl.util.introspection.ClassMap$MethodCache
 634:            50           1600  java.lang.ProcessEnvironment$Variable
 635:            50           1600  java.lang.ProcessEnvironment$Value
 636:            40           1600  sun.swing.SwingLazyValue
 637:            22           1584  hudson.plugins.parameterizedtrigger.BlockableBuildTriggerConfig
 638:            40           1576  [Ljava.lang.annotation.ElementType;
 639:            14           1568  com.thoughtworks.xstream.core.util.ClassLoaderReference
 640:            28           1568  com.thoughtworks.xstream.converters.reflection.Sun14ReflectionProvider
 641:            15           1560  org.codehaus.groovy.ast.expr.VariableExpression
 642:            13           1560  antlr.MismatchedTokenException
 643:            15           1560  javax.jmdns.impl.DNSRecord$Pointer
 644:            16           1536  com.trilead.ssh2.Connection
 645:            32           1536  com.trilead.ssh2.crypto.cipher.AES
 646:            48           1536  hudson.util.StreamTaskListener
 647:            16           1536  java.io.ObjectOutputStream
 648:            63           1512  hudson.Plugin$DummyImpl
 649:            27           1512  java.io.StringReader
 650:            47           1504  hudson.util.OneShotEvent
 651:            47           1504  java.util.regex.Pattern$Start
 652:            31           1488  java.util.regex.Pattern$Branch
 653:            62           1488  java.util.Collections$UnmodifiableCollection
 654:            37           1480  com.google.inject.internal.asm.$Type
 655:            37           1480  org.kohsuke.stapler.MetaClassLoader
 656:            61           1464  hudson.plugins.emailext.EmailExtTemplateAction
 657:            26           1456  antlr.LexerSharedInputState
 658:            36           1440  com.sun.org.apache.xerces.internal.impl.xs.traversers.SmallContainer
 659:            45           1440  com.google.inject.internal.cglib.core.$Signature
 660:            60           1440  hudson.plugins.copyartifact.StatusBuildSelector
 661:            30           1440  java.security.Provider$EngineDescription
 662:            20           1424  [Lsun.font.PhysicalFont;
 663:            31           1416  [Ljava.util.regex.Pattern$Node;
 664:            29           1392  hudson.model.Label$1
 665:            29           1392  sun.security.x509.AlgorithmId
 666:            57           1368  java.lang.ThreadLocal
 667:            57           1368  java.util.TreeMap$Values
 668:            57           1368  hudson.CloseProofOutputStream
 669:            17           1360  java.io.PrintWriter
 670:            24           1344  org.sonatype.guice.bean.reflect.MildElements$Weak
 671:            24           1344  org.sonatype.guice.bean.locators.LocatedBeans
 672:            28           1344  java.math.BigDecimal
 673:            21           1344  sun.nio.cs.UTF_8$Decoder
 674:            41           1312  com.sun.org.apache.xerces.internal.impl.xs.traversers.OneElement
 675:            54           1296  $Proxy10
 676:            27           1296  org.kohsuke.stapler.MetaClass$7
 677:            23           1288  java.util.concurrent.ThreadPoolExecutor$Worker
 678:            16           1280  com.trilead.ssh2.crypto.cipher.CipherInputStream
 679:            20           1280  org.jfree.chart.axis.CategoryLabelPosition
 680:            32           1280  sun.awt.SunHints$Value
 681:            32           1280  com.google.inject.spi.TypeConverterBinding
 682:            16           1280  com.trilead.ssh2.ConnectionInfo
 683:            16           1280  hudson.remoting.ObjectInputStreamEx
 684:            10           1280  org.apache.maven.model.Profile
 685:            20           1280  java.net.SocketInputStream
 686:            32           1280  hudson.remoting.Request$1
 687:            10           1280  winstone.WinstoneResponse
 688:            32           1280  hudson.remoting.Channel$4
 689:            16           1280  org.codehaus.groovy.reflection.ClassInfo$ClassInfoSet$Segment
 690:            80           1280  hudson.remoting.PingThread$Ping
 691:            10           1264  [Ljava.lang.Character;
 692:            26           1248  antlr.CharBuffer
 693:            26           1248  java.lang.Throwable
 694:            26           1248  antlr.TokenBuffer
 695:             4           1248  hudson.matrix.MatrixProject
 696:            31           1240  hudson.plugins.parameterizedtrigger.ParameterizedDependency
 697:            17           1224  sun.java2d.loops.DrawGlyphList
 698:            17           1224  sun.java2d.loops.FillRect
 699:            38           1216  com.sun.jna.Memory
 700:            19           1216  java.text.MessageFormat
 701:             7           1208  [Lsun.java2d.loops.RenderCache$Entry;
 702:            50           1200  org.apache.commons.jexl.util.introspection.MethodMap
 703:            50           1200  hudson.plugins.emailext.plugins.trigger.FailureTrigger
 704:            19           1192  [Lsun.security.x509.RDN;
 705:            29           1160  sun.reflect.generics.repository.FieldRepository
 706:            18           1152  java.util.IdentityHashMap
 707:            16           1152  sun.java2d.loops.DrawPath
 708:            16           1152  sun.java2d.loops.FillPath
 709:             8           1152  java.net.URI
 710:            16           1152  sun.java2d.loops.DrawLine
 711:            16           1152  com.trilead.ssh2.crypto.cipher.CipherOutputStream
 712:             9           1152  sun.security.x509.X509CertImpl
 713:            24           1152  org.sonatype.guice.bean.locators.BeanCache
 714:            16           1152  com.trilead.ssh2.channel.ChannelManager
 715:            16           1152  java.net.SocketOutputStream
 716:            16           1152  sun.java2d.loops.FillSpans
 717:            24           1152  sun.font.EAttribute
 718:            16           1152  sun.java2d.loops.DrawRect
 719:            16           1152  sun.java2d.loops.DrawPolygons
 720:            11           1144  javax.jmdns.impl.DNSRecord$IPv4Address
 721:            20           1120  org.sonatype.guice.bean.locators.RankedBindings
 722:            35           1120  java.util.regex.Pattern$Ctype
 723:            17           1088  org.apache.commons.beanutils.converters.ShortConverter
 724:            34           1088  org.sonatype.guice.plexus.binders.PlexusTypeBinder$PlexusBeanDescription
 725:            17           1088  org.apache.commons.beanutils.converters.ByteConverter
 726:            17           1088  org.apache.commons.beanutils.converters.DoubleConverter
 727:            17           1088  org.apache.commons.beanutils.converters.FloatConverter
 728:            17           1088  org.apache.commons.beanutils.converters.IntegerConverter
 729:            17           1088  org.apache.commons.beanutils.converters.LongConverter
 730:            45           1080  $Proxy1
 731:            22           1056  sun.security.x509.OIDMap$OIDInfo
 732:            13           1040  [Ljavax.jmdns.impl.constants.DNSRecordClass;
 733:            26           1040  antlr.CharQueue
 734:            26           1040  antlr.ParserSharedInputState
 735:            26           1040  antlr.TokenQueue
 736:            26           1040  [Lantlr.Token;
 737:            26           1040  com.google.inject.spi.ProviderLookup
 738:            32           1024  com.trilead.ssh2.channel.ChannelInputStream
 739:            16           1024  com.trilead.ssh2.crypto.KeyMaterial
 740:            16           1024  sun.reflect.generics.repository.MethodRepository
 741:            32           1024  com.trilead.ssh2.crypto.digest.MAC
 742:            16           1024  com.sun.org.apache.xerces.internal.impl.dv.xs.DecimalDV$XDecimal
 743:            16           1024  com.trilead.ssh2.crypto.CryptoWishList
 744:            12           1008  [Ljava.math.BigInteger;
 745:            14           1008  sun.java2d.loops.TransformHelper
 746:            42           1008  com.thoughtworks.xstream.converters.extended.JavaClassConverter
 747:            42           1008  $Proxy4
 748:            42           1008  org.sonatype.guice.bean.locators.RankedSequence
 749:            41            984  java.lang.Float
 750:            11            968  sun.security.provider.MD5
 751:            12            960  org.apache.commons.beanutils.converters.DateConverter
 752:            30            960  java.util.regex.Pattern$CharProperty$1
 753:            40            960  java.util.regex.Pattern$Dot
 754:            24            960  hudson.scm.CvsRepositoryLocation$HeadRepositoryLocation
 755:            20            960  org.sonatype.guice.bean.locators.LazyBeanEntry
 756:            10            960  org.apache.maven.artifact.repository.MavenArtifactRepository
 757:            20            960  org.sonatype.aether.repository.Authentication
 758:            17            952  org.apache.commons.beanutils.converters.BooleanConverter
 759:            39            936  java.util.regex.Pattern$CharPropertyNames$1
 760:            13            936  sun.java2d.loops.DrawGlyphListLCD
 761:             9            936  sun.security.x509.X509CertInfo
 762:            58            928  hudson.views.StatusColumn
 763:            58            928  hudson.views.JobColumn
 764:            58            928  hudson.views.BuildButtonColumn
 765:            58            928  org.jenkins.plugins.builton.BuiltOnColumn
 766:            17            928  [Lorg.codehaus.groovy.classgen.asm.MethodCaller;
 767:            58            928  de.fspengler.hudson.pview.ConsoleViewColumn
 768:            23            920  org.springframework.beans.MutablePropertyValues
 769:            19            912  org.jenkinsci.plugins.envinject.EnvInjectInfo
 770:            38            912  $Proxy2
 771:            14            896  com.thoughtworks.xstream.mapper.AttributeMapper
 772:            16            896  hudson.plugins.sshslaves.SSHLauncher$1
 773:            14            896  [Lcom.thoughtworks.xstream.core.util.ThreadSafeSimpleDateFormat;
 774:            16            896  com.trilead.ssh2.auth.AuthenticationManager
 775:            16            896  hudson.remoting.ClassicCommandTransport
 776:            16            896  com.trilead.ssh2.Session
 777:            22            880  java.lang.StringCoding$StringEncoder
 778:             9            864  java.awt.Font
 779:            12            864  sun.security.rsa.RSAPublicKeyImpl
 780:            12            864  hudson.plugins.sectioned_view.SectionedView
 781:             6            864  [Ljava.lang.reflect.Method;
 782:             2            864  [Lorg.jfree.ui.about.Contributor;
 783:            27            864  com.google.inject.internal.TypeConverterBindingProcessor$6
 784:            12            864  org.codehaus.groovy.runtime.metaclass.NewStaticMetaMethod
 785:            18            864  sun.reflect.UnsafeQualifiedStaticLongFieldAccessorImpl
 786:            12            864  sun.security.util.MemoryCache$SoftCacheEntry
 787:            18            864  hudson.util.io.ReopenableRotatingFileOutputStream
 788:             1            848  [[[C
 789:            21            840  com.google.inject.internal.TypeConverterBindingProcessor$5
 790:            21            840  sun.security.x509.AVAKeyword
 791:            15            840  com.thoughtworks.xstream.io.xml.XmlFriendlyNameCoder
 792:            13            832  java.util.Hashtable$Enumerator
 793:            26            832  antlr.ANTLRStringBuffer
 794:            26            832  com.google.inject.Key$AnnotationTypeStrategy
 795:            34            816  hudson.node_monitors.ResponseTimeMonitor$Data
 796:            51            816  hudson.plugins.parameterizedtrigger.CurrentBuildParameters
 797:            20            800  org.sonatype.guice.bean.reflect.MildElements
 798:            10            800  org.apache.commons.beanutils.WeakFastHashMap
 799:            20            800  org.apache.maven.artifact.repository.ArtifactRepositoryPolicy
 800:             4            800  sun.font.FileFontStrike
 801:            25            800  javax.jmdns.impl.DNSCache$_CacheEntry
 802:            25            800  org.kohsuke.stapler.jelly.JellyClassLoaderTearOff
 803:             9            792  [Lsun.awt.SunHints$Value;
 804:            33            792  hudson.util.ClockDifference
 805:             9            792  java.util.jar.JarVerifier
 806:            14            784  hudson.util.RobustReflectionConverter
 807:            14            784  java.security.MessageDigest$Delegate
 808:            14            784  hudson.model.BallColor
 809:            16            768  org.jruby.ext.posix.HeapStruct$Int64
 810:             8            768  org.apache.maven.settings.Server
 811:            16            768  javax.imageio.spi.DigraphNode
 812:            16            768  sun.reflect.generics.tree.MethodTypeSignature
 813:            16            768  hudson.remoting.ExportTable
 814:            32            768  [Lorg.codehaus.groovy.reflection.CachedMethod;
 815:            19            760  java.lang.StringCoding$StringDecoder
 816:            19            760  sun.java2d.loops.CompositeType
 817:            31            744  javax.swing.UIDefaults$LazyInputMap
 818:            31            744  java.util.regex.Pattern$BranchConn
 819:            23            736  org.kohsuke.stapler.Function$InterceptedFunction
 820:             4            736  org.codehaus.plexus.classworlds.realm.ClassRealm
 821:            23            736  org.springframework.beans.factory.config.ConstructorArgumentValues
 822:            13            728  [Ljava.lang.StringBuffer;
 823:            18            720  sun.swing.SwingUtilities2$2
 824:            18            720  sun.font.TrueTypeFont$DirectoryEntry
 825:            30            720  $Proxy0
 826:            10            720  winstone.SizeRestrictedHashtable
 827:             6            720  sun.nio.ch.EPollSelectorImpl
 828:            30            720  java.lang.Byte
 829:            22            704  java.util.concurrent.ConcurrentLinkedQueue
 830:             4            704  org.sonatype.aether.util.DefaultRepositorySystemSession
 831:            11            704  hudson.model.AllView
 832:            22            704  java.util.concurrent.ConcurrentLinkedQueue$Node
 833:            11            704  hudson.util.AtomicFileWriter
 834:            23            680  [Ljava.lang.Byte;
 835:            17            680  org.apache.commons.beanutils.converters.CharacterConverter
 836:            17            680  com.thoughtworks.xstream.converters.basic.BooleanConverter
 837:             5            680  winstone.FilterConfiguration
 838:            17            680  winstone.cmdline.Option$OBoolean
 839:            14            672  com.thoughtworks.xstream.converters.basic.DateConverter
 840:            42            672  com.thoughtworks.xstream.converters.reflection.ImmutableFieldKeySorter
 841:            21            672  com.sun.org.apache.xerces.internal.util.SymbolHash
 842:            14            672  com.thoughtworks.xstream.converters.extended.LookAndFeelConverter
 843:            14            672  com.thoughtworks.xstream.mapper.ClassAliasingMapper
 844:            14            672  com.thoughtworks.xstream.mapper.FieldAliasingMapper
 845:            12            672  net.sf.ezmorph.array.ObjectArrayMorpher
 846:            17            664  [Ljava.lang.Boolean;
 847:             9            648  org.codehaus.groovy.runtime.metaclass.NewInstanceMetaMethod
 848:             9            648  java.util.PropertyResourceBundle
 849:             3            648  groovy.lang.MetaClassImpl
 850:             9            648  com.google.inject.internal.LinkedBindingImpl
 851:             9            648  hudson.DescriptorExtensionList
 852:             3            648  [Lsun.font.EAttribute;
 853:            16            640  com.sun.org.apache.xerces.internal.impl.xpath.regex.Op$RangeOp
 854:            20            640  org.owasp.html.TagBalancingHtmlStreamEventReceiver$ElementContainmentRelationships$ElementGroup
 855:            10            640  org.apache.maven.model.Activation
 856:            16            640  com.trilead.ssh2.transport.ClientServerHello
 857:            16            640  net.sf.ezmorph.object.NumberMorpher
 858:             2            640  org.springframework.beans.factory.support.DefaultListableBeanFactory
 859:            16            640  sun.reflect.UnsafeQualifiedBooleanFieldAccessorImpl
 860:            16            640  org.kohsuke.stapler.jelly.groovy.GroovyClassLoaderTearOff
 861:             8            640  org.apache.commons.beanutils.converters.SqlDateConverter
 862:            16            640  org.sonatype.guice.plexus.binders.PlexusRequirements$RequirementListProvider
 863:             8            640  org.apache.commons.beanutils.converters.SqlTimeConverter
 864:             8            640  org.apache.commons.beanutils.converters.SqlTimestampConverter
 865:             8            640  sun.font.FontStrikeDisposer
 866:            16            640  com.trilead.ssh2.transport.TransportManager$HandlerEntry
 867:            16            640  winstone.cmdline.Option$OString
 868:            13            624  sun.font.FontManager$FontRegistrationInfo
 869:            26            624  $Proxy39
 870:            26            624  com.google.inject.spi.ProviderLookup$1
 871:             5            600  org.apache.mina.transport.socket.nio.NioProcessor
 872:            25            600  com.google.inject.util.Providers$1
 873:            25            600  org.jfree.chart.labels.ItemLabelAnchor
 874:             9            576  org.codehaus.groovy.ast.stmt.BlockStatement
 875:            24            576  com.google.inject.matcher.Matchers$IdenticalTo
 876:            24            576  org.sonatype.guice.plexus.locators.DefaultPlexusBeans
 877:             9            576  sun.security.x509.AuthorityKeyIdentifierExtension
 878:            24            576  org.sonatype.guice.plexus.locators.RealmFilter
 879:            12            576  javax.jmdns.impl.constants.DNSState
 880:            18            576  java.text.DateFormat$Field
 881:             9            576  org.apache.commons.jexl.parser.Token
 882:            14            560  com.thoughtworks.xstream.mapper.EnumMapper
 883:            14            560  com.sun.org.apache.xerces.internal.impl.xpath.regex.Op$ChildOp
 884:            14            560  com.thoughtworks.xstream.mapper.LocalConversionMapper
 885:             2            560  [Lorg.dom4j.tree.ConcurrentReaderHashMap$Entry;
 886:            10            560  javax.crypto.SunJCE_f
 887:            14            560  com.thoughtworks.xstream.mapper.PackageAliasingMapper
 888:            14            560  com.thoughtworks.xstream.mapper.AttributeAliasingMapper
 889:            14            560  com.thoughtworks.xstream.mapper.SystemAttributeAliasingMapper
 890:            14            560  hudson.util.XStream2$MapperInjectionPoint
 891:             2            560  org.apache.maven.model.Model
 892:             2            560  org.apache.maven.execution.DefaultMavenExecutionRequest
 893:            14            560  com.thoughtworks.xstream.core.JVM
 894:            14            560  org.sonatype.guice.plexus.binders.PlexusConfigurations$ConfigurationProvider
 895:            14            560  com.thoughtworks.xstream.converters.extended.TextAttributeConverter
 896:            14            560  com.thoughtworks.xstream.mapper.DefaultImplementationsMapper
 897:            23            552  java.awt.font.TextAttribute
 898:            23            552  org.kohsuke.stapler.interceptor.RequirePOST$Processor
 899:            23            552  org.springframework.beans.factory.support.MethodOverrides
 900:            23            552  org.netbeans.lib.cvsclient.request.CommandRequest
 901:            23            552  $Proxy17
 902:             3            552  java.util.TimerThread
 903:             6            552  [Lcom.sun.org.apache.xerces.internal.impl.xs.util.SimpleLocator;
 904:            11            528  hudson.model.User
 905:            11            528  hudson.model.MyViewsProperty
 906:            22            528  com.thoughtworks.xstream.io.xml.XmlFriendlyNameCoder$IntPair
 907:            11            528  java.util.regex.Pattern$BnM
 908:            22            528  $Proxy18
 909:             3            528  hudson.PluginFirstClassLoader
 910:             1            528  hudson.model.Hudson
 911:            13            520  org.apache.commons.jexl.parser.Parser$JJCalls
 912:             5            520  sun.security.rsa.RSAPrivateCrtKeyImpl
 913:            13            520  winstone.cmdline.Option$OFile
 914:             8            512  org.apache.commons.beanutils.converters.BigDecimalConverter
 915:            16            512  com.trilead.ssh2.DHGexParameters
 916:             8            512  org.apache.commons.beanutils.converters.BigIntegerConverter
 917:            16            512  hudson.remoting.Channel$1
 918:            16            512  com.trilead.ssh2.channel.ChannelOutputStream
 919:            16            512  sun.reflect.generics.scope.MethodScope
 920:            16            512  hudson.remoting.InterceptingExecutorService
 921:            16            512  hudson.remoting.ImportedClassLoaderTable
 922:             8            512  sun.font.StrikeCache$SoftDisposerRef
 923:            16            512  org.codehaus.groovy.classgen.asm.MethodCallerMultiAdapter
 924:             8            512  sun.java2d.pipe.PixelToParallelogramConverter
 925:            16            512  [Lsun.reflect.generics.tree.TypeSignature;
 926:            16            512  hudson.slaves.ChannelPinger$2
 927:            16            512  hudson.slaves.SlaveComputer$2
 928:            16            512  hudson.remoting.PipeWriter
 929:             7            504  org.jvnet.jenkins.plugins.nodelabelparameter.NodeParameterDefinition
 930:            21            504  com.google.inject.internal.ConstantFactory
 931:            21            504  sun.font.Font2DHandle
 932:             9            504  com.google.inject.internal.FactoryProxy
 933:             4            480  [[J
 934:             4            480  com.sun.org.apache.xerces.internal.impl.dv.xs.AbstractDateTimeDV$DateTimeData
 935:            12            480  java.lang.RuntimePermission
 936:            20            480  org.sonatype.guice.bean.locators.LazyBeanEntry$JsrNamed
 937:            10            480  java.awt.BasicStroke
 938:            12            480  java.util.Collections$SynchronizedList
 939:            20            480  hudson.slaves.SlaveComputer$1
 940:             4            480  [Lcom.sun.org.apache.xerces.internal.impl.xs.XSElementDecl;
 941:             5            480  jenkins.plugins.publish_over_ssh.BapSshHostConfiguration
 942:             6            480  com.tikal.jenkins.plugins.multijob.MultiJobBuild$SubBuild
 943:            10            480  org.codehaus.groovy.runtime.metaclass.MetaMethodIndex$Header
 944:            10            480  com.google.inject.internal.SingleFieldInjector
 945:             4            480  org.codehaus.groovy.ast.expr.MethodCallExpression
 946:            12            480  winstone.cmdline.Option$OInt
 947:            19            456  hudson.slaves.WorkspaceList
 948:            19            456  hudson.util.VersionNumber$IntegerItem
 949:            19            456  org.jenkinsci.plugins.envinject.EnvInjectBuilder
 950:            19            456  hudson.util.CopyOnWriteList$ConverterImpl
 951:            10            456  [Ljava.math.BigDecimal;
 952:             3            456  [Lcom.sun.org.apache.xerces.internal.impl.xs.XSComplexTypeDecl;
 953:            14            448  org.sonatype.guice.bean.locators.EntryListAdapter
 954:            14            448  com.thoughtworks.xstream.mapper.ImmutableTypesMapper
 955:            14            448  com.thoughtworks.xstream.mapper.DynamicProxyMapper
 956:            14            448  hudson.util.RobustCollectionConverter
 957:            14            448  com.thoughtworks.xstream.converters.extended.DynamicProxyConverter
 958:            14            448  hudson.util.xstream.ImmutableMapConverter
 959:            14            448  hudson.util.xstream.ImmutableSortedSetConverter
 960:            14            448  hudson.util.xstream.ImmutableSetConverter
 961:            14            448  com.thoughtworks.xstream.core.DefaultConverterLookup
 962:            14            448  hudson.util.xstream.ImmutableListConverter
 963:            14            448  com.thoughtworks.xstream.converters.reflection.ExternalizableConverter
 964:            14            448  hudson.util.XStream2$PluginClassOwnership
 965:             8            448  sun.misc.ProxyGenerator$PrimitiveTypeInfo
 966:            14            448  com.thoughtworks.xstream.core.util.PrioritizedList
 967:            14            448  hudson.util.ConcurrentHashMapConverter
 968:            14            448  hudson.util.XStream2$CompatibilityMapper
 969:            14            448  com.thoughtworks.xstream.converters.reflection.SelfStreamingInstanceChecker
 970:             8            448  sun.font.FontStrikeDesc
 971:            14            448  hudson.util.XStream2$1
 972:            14            448  hudson.util.DescribableList$ConverterImpl
 973:            14            448  com.thoughtworks.xstream.mapper.CachingMapper
 974:            14            448  com.thoughtworks.xstream.converters.collections.TreeSetConverter
 975:            28            448  hudson.util.CaseInsensitiveComparator
 976:            14            448  com.thoughtworks.xstream.mapper.ImplicitCollectionMapper
 977:            14            448  com.thoughtworks.xstream.converters.collections.TreeSetConverter$1
 978:            14            448  com.thoughtworks.xstream.mapper.OuterClassMapper
 979:            14            448  hudson.util.XStream2$AssociatedConverterImpl
 980:            14            448  org.slf4j.impl.JDK14LoggerAdapter
 981:            14            448  com.thoughtworks.xstream.converters.basic.StringConverter
 982:            11            440  hudson.util.DescriptorList
 983:            11            440  hudson.security.HudsonPrivateSecurityRealm$Details
 984:             9            432  sun.security.x509.SubjectKeyIdentifierExtension
 985:            18            432  sun.security.x509.KeyIdentifier
 986:            18            432  java.util.concurrent.Executors$FinalizableDelegatedExecutorService
 987:             9            432  sun.security.jca.ProviderConfig
 988:             6            432  [[S
 989:             9            432  java.lang.ClassLoader$NativeLibrary
 990:             2            432  com.sun.org.apache.xerces.internal.impl.xs.SchemaGrammar$BuiltinSchemaGrammar
 991:             6            432  sun.nio.ch.EPollArrayWrapper
 992:            13            416  sun.security.action.GetPropertyAction
 993:            13            416  sun.util.resources.LocaleData$1
 994:            17            408  groovy.lang.GroovyClassLoader$1
 995:             3            408  javax.jmdns.impl.ServiceInfoImpl
 996:            17            408  hudson.remoting.Capability
 997:            10            400  java.util.concurrent.Executors$DefaultThreadFactory
 998:             2            400  org.springframework.web.context.support.StaticWebApplicationContext
 999:             5            400  hudson.model.queue.WorkUnitContext
1000:            10            400  org.sonatype.guice.bean.locators.EntryMapAdapter
1001:            10            400  org.sonatype.guice.bean.locators.RankedSequence$Content
1002:            25            400  com.sun.org.apache.xerces.internal.jaxp.datatype.DatatypeFactoryImpl
1003:            10            400  com.trilead.ssh2.crypto.cipher.BlockCipherFactory$CipherEntry
1004:             5            400  org.codehaus.groovy.ast.expr.ArgumentListExpression
1005:            10            400  org.sonatype.guice.plexus.binders.PlexusRequirements$RequirementMapProvider
1006:            10            400  java.awt.AWTPermission
1007:             7            392  org.codehaus.groovy.reflection.CachedConstructor
1008:            16            384  hudson.remoting.$Proxy36
1009:            16            384  org.kohsuke.stapler.jelly.groovy.GroovyClassLoaderTearOff$1
1010:            16            384  hudson.remoting.Channel$3
1011:            16            384  hudson.remoting.Channel$2
1012:             6            384  hudson.model.Queue$BuildableItem
1013:            12            384  sun.security.util.BitArray
1014:             8            384  java.util.concurrent.atomic.AtomicReferenceFieldUpdater$AtomicReferenceFieldUpdaterImpl
1015:            16            384  hudson.plugins.parameterizedtrigger.TriggerBuilder
1016:            16            384  com.trilead.ssh2.transport.TransportManager$1
1017:            16            384  java.util.regex.Pattern$CharPropertyNames$4
1018:             8            384  sun.util.LocaleServiceProviderPool
1019:             8            384  sun.security.x509.URIName
1020:            12            384  sun.reflect.UnsafeBooleanFieldAccessorImpl
1021:             6            384  sun.font.FontFamily
1022:             6            384  hudson.plugins.copyartifact.SimpleBuildSelectorDescriptor
1023:             8            384  com.google.common.collect.RegularImmutableSet
1024:             6            384  hudson.model.queue.FutureImpl
1025:            12            384  sun.security.util.Cache$EqualByteArray
1026:            12            384  hudson.plugins.parameterizedtrigger.SubProjectsAction
1027:            12            384  org.springframework.beans.CachedIntrospectionResults
1028:             8            384  javax.jmdns.impl.JmDNSImpl$ServiceTypeEntry
1029:             8            384  java.lang.OutOfMemoryError
1030:             9            360  org.sonatype.guice.bean.scanners.asm.Type
1031:             9            360  java.util.logging.Level
1032:             9            360  groovyjarjarasm.asm.Type
1033:            15            360  org.acegisecurity.context.SecurityContextImpl
1034:             9            360  hudson.ClassicPluginStrategy$DetachedPlugin
1035:            15            360  hudson.plugins.nested_view.NestedViewColumns
1036:             9            360  hudson.util.VersionNumber
1037:             9            360  org.codehaus.groovy.control.CompilePhase
1038:            15            360  org.jfree.ui.TextAnchor
1039:             3            360  [Ljava.awt.Paint;
1040:             9            360  java.util.regex.Pattern$8
1041:             9            360  org.kohsuke.asm3.Type
1042:             5            360  sun.management.MemoryPoolImpl
1043:             9            360  hudson.util.VersionNumber$ListItem
1044:             9            360  sun.security.x509.CertificateExtensions
1045:            15            360  com.thoughtworks.xstream.io.xml.XppDriver
1046:             5            360  sun.java2d.loops.FillParallelogram
1047:             3            360  org.codehaus.groovy.runtime.callsite.CallSiteClassLoader
1048:             5            360  sun.java2d.loops.DrawParallelogram
1049:            11            352  org.jenkins.ci.plugins.keyboard_shortcuts.KeyboardShortcutsUserProperty
1050:            11            352  hudson.tasks.Mailer$UserProperty
1051:             2            352  java.awt.image.DirectColorModel
1052:            11            352  jenkins.security.ApiTokenProperty
1053:            13            352  [Ljava.io.File;
1054:             4            352  org.apache.commons.beanutils.ConvertUtilsBean
1055:            11            352  [Ljava.security.CodeSigner;
1056:            22            352  sun.security.provider.NativePRNG
1057:            11            352  com.cloudbees.plugins.credentials.UserCredentialsProvider$UserCredentialsProperty
1058:            11            352  hudson.model.MyViewsProperty$1
1059:            11            352  hudson.search.UserSearchProperty
1060:            11            352  com.sun.org.apache.xerces.internal.impl.xpath.regex.Token$CharToken
1061:             4            352  org.apache.commons.logging.impl.LogFactoryImpl
1062:             1            344  winstone.WebAppConfiguration
1063:            14            336  com.thoughtworks.xstream.converters.collections.ArrayConverter
1064:             6            336  hudson.node_monitors.AbstractNodeMonitorDescriptor$1
1065:             6            336  org.codehaus.groovy.transform.ASTTransformationVisitor
1066:            14            336  com.thoughtworks.xstream.converters.extended.SqlTimestampConverter
1067:            14            336  com.thoughtworks.xstream.converters.collections.CollectionConverter
1068:             7            336  hudson.model.HealthReport
1069:             7            336  javax.jmdns.impl.constants.DNSRecordClass
1070:             6            336  org.sonatype.guice.bean.reflect.MildKeys$Weak
1071:            14            336  com.thoughtworks.xstream.converters.collections.MapConverter
1072:            14            336  com.thoughtworks.xstream.converters.collections.TreeMapConverter
1073:             7            336  hudson.security.PermissionGroup
1074:             7            336  sun.security.x509.KeyUsageExtension
1075:            14            336  com.thoughtworks.xstream.converters.enums.EnumSetConverter
1076:            14            336  com.thoughtworks.xstream.converters.enums.EnumMapConverter
1077:            14            336  hudson.model.AsyncPeriodicWork$1
1078:             6            336  org.apache.maven.lifecycle.Schedule
1079:            14            336  java.util.Hashtable$EntrySet
1080:            14            336  hudson.util.CopyOnWriteMap$Tree$ConverterImpl
1081:             6            336  java.io.InvalidClassException
1082:            14            336  com.thoughtworks.xstream.converters.extended.JavaMethodConverter
1083:            14            336  com.thoughtworks.xstream.converters.extended.SubjectConverter
1084:            14            336  com.thoughtworks.xstream.converters.extended.ThrowableConverter
1085:            14            336  com.thoughtworks.xstream.converters.extended.JavaFieldConverter
1086:            14            336  com.thoughtworks.xstream.core.ReferenceByXPathMarshallingStrategy
1087:             7            336  winstone.Mapping
1088:             7            336  java.util.concurrent.SynchronousQueue
1089:            14            336  com.thoughtworks.xstream.converters.collections.SingletonCollectionConverter
1090:            14            336  java.util.WeakHashMap$KeySet
1091:            14            336  com.thoughtworks.xstream.converters.collections.SingletonMapConverter
1092:            14            336  com.thoughtworks.xstream.mapper.ArrayMapper
1093:            14            336  com.thoughtworks.xstream.mapper.DefaultMapper
1094:            14            336  com.thoughtworks.xstream.converters.collections.PropertiesConverter
1095:            14            336  com.thoughtworks.xstream.converters.extended.RegexPatternConverter
1096:            21            336  jenkins.mvn.DefaultGlobalSettingsProvider
1097:             2            336  [Ljava.text.DateFormat$Field;
1098:            14            336  com.thoughtworks.xstream.converters.extended.DurationConverter
1099:            21            336  jenkins.mvn.DefaultSettingsProvider
1100:             5            320  org.apache.mina.core.future.DefaultIoFuture
1101:             8            320  org.jenkinsci.plugins.conditionalbuildstep.singlestep.SingleConditionalBuilder
1102:             2            320  org.codehaus.plexus.DefaultPlexusContainer
1103:             8            320  org.apache.commons.beanutils.converters.StringConverter
1104:             8            320  org.apache.commons.beanutils.converters.ClassConverter
1105:            10            320  sun.misc.MetaIndex
1106:             4            320  org.apache.maven.model.PluginExecution
1107:             4            320  org.apache.commons.beanutils.converters.CalendarConverter
1108:             4            320  org.kohsuke.stapler.framework.adjunct.Adjunct
1109:             8            320  hudson.plugins.parameterizedtrigger.BlockingBehaviour
1110:             4            320  sun.font.CompositeStrike
1111:             5            320  sun.management.MemoryPoolImpl$PoolSensor
1112:             5            320  sun.management.MemoryPoolImpl$CollectionSensor
1113:            10            320  com.google.inject.internal.SingleParameterInjector
1114:            10            320  [Lcom.google.inject.internal.SingleParameterInjector;
1115:             8            320  java.math.RoundingMode
1116:             9            312  [Lorg.apache.commons.jexl.parser.Node;
1117:             3            312  com.sun.org.apache.xerces.internal.impl.xs.XSElementDecl
1118:             3            312  winstone.ServletConfiguration
1119:            13            312  hudson.plugins.parameterizedtrigger.BuildTrigger
1120:            13            312  com.sun.jna.Pointer
1121:            13            312  sun.security.x509.GeneralName
1122:            19            304  hudson.slaves.RetentionStrategy$Always
1123:             2            304  org.apache.maven.model.building.DefaultModelBuilder
1124:             3            296  [Lorg.codehaus.groovy.control.CompilePhase;
1125:             2            288  org.apache.maven.model.Build
1126:            12            288  org.apache.commons.lang.time.FastDateFormat$CharacterLiteral
1127:             9            288  sun.security.x509.CertificateIssuerName
1128:             9            288  sun.awt.SunHints$Key
1129:             3            288  com.google.inject.internal.InjectorImpl
1130:             3            288  hudson.logging.LogRecorder$1
1131:             9            288  hudson.maven.AbstractMavenProject$MavenModuleDependency
1132:             3            288  com.sun.org.apache.xerces.internal.impl.xs.XSComplexTypeDecl
1133:             9            288  sun.security.x509.CertificateValidity
1134:            12            288  java.awt.AlphaComposite
1135:             9            288  org.tomfolga.PomModulesVersionColumn
1136:             6            288  sun.security.x509.BasicConstraintsExtension
1137:             7            288  [Lorg.apache.sshd.common.NamedFactory;
1138:             4            288  com.sun.org.apache.xerces.internal.impl.xs.SchemaGrammar$BuiltinAttrDecl
1139:             2            288  sun.security.jgss.SunProvider
1140:             3            288  org.codehaus.groovy.ast.expr.GStringExpression
1141:             3            288  com.google.inject.internal.InheritingState
1142:             6            288  java.awt.Polygon
1143:             4            288  org.apache.maven.model.Resource
1144:             4            288  [Lcom.google.common.collect.MapMakerInternalMap$EntryFactory;
1145:             6            288  java.awt.font.FontRenderContext
1146:             9            288  sun.security.x509.CertificateSubjectName
1147:             3            288  com.sun.org.apache.xerces.internal.impl.xs.XSDDescription
1148:             4            288  javax.jmdns.impl.tasks.state.Renewer
1149:             3            288  javax.jmdns.impl.DNSIncoming
1150:             4            288  com.sun.org.apache.xerces.internal.impl.xs.XSAttributeDecl
1151:             2            288  org.apache.maven.execution.SettingsAdapter
1152:             7            280  hudson.plugins.ws_cleanup.WsCleanup
1153:             7            280  java.net.NetPermission
1154:             5            280  org.apache.commons.jexl.parser.ASTIdentifier
1155:             7            280  java.util.Random
1156:             5            280  [[Lsun.awt.FontDescriptor;
1157:             7            280  sun.reflect.UnsafeQualifiedIntegerFieldAccessorImpl
1158:             7            280  org.apache.commons.beanutils.converters.FileConverter
1159:             7            280  hudson.remoting.AsyncFutureImpl
1160:             7            280  com.google.inject.internal.cglib.reflect.$FastMethod
1161:             7            280  org.apache.commons.beanutils.converters.URLConverter
1162:             5            280  org.jfree.ui.RectangleInsets
1163:             7            280  com.michelin.cio.hudson.plugins.rolestrategy.Role
1164:             7            280  hudson.init.InitMilestone
1165:             7            280  com.google.inject.internal.SingleMethodInjector
1166:             1            272  org.apache.sshd.SshServer
1167:             2            272  org.codehaus.groovy.reflection.stdclasses.CachedClosureClass
1168:             2            272  [Lhudson.model.BallColor;
1169:             2            264  [Lorg.apache.commons.lang.time.FastDateFormat$Rule;
1170:            11            264  $Proxy15
1171:            11            264  java.util.regex.Pattern$Begin
1172:             1            264  [Lcom.sun.org.apache.xerces.internal.impl.dv.xs.TypeValidator;
1173:            11            264  java.text.NumberFormat$Field
1174:            11            264  com.sun.org.apache.xerces.internal.impl.xs.util.XInt
1175:             3            264  hudson.logging.WeakLogHandler
1176:             3            264  hudson.EnvVars
1177:             2            256  org.codehaus.groovy.reflection.stdclasses.IntegerCachedClass
1178:             2            256  org.codehaus.groovy.reflection.stdclasses.DoubleCachedClass
1179:             2            256  org.codehaus.groovy.reflection.stdclasses.LongCachedClass
1180:             2            256  org.codehaus.groovy.reflection.stdclasses.CharacterCachedClass
1181:             8            256  javax.jmdns.impl.DNSStatefulObject$DNSStatefulObjectSemaphore
1182:             8            256  java.lang.annotation.ElementType
1183:             4            256  org.codehaus.plexus.util.xml.Xpp3Dom
1184:             4            256  de.fspengler.hudson.pview.UserPersonalViewProperty
1185:             8            256  org.kohsuke.stapler.MetaClass$12
1186:             8            256  hudson.plugins.emailext.plugins.trigger.FirstFailureTrigger
1187:             8            256  javax.crypto.SunJCE_g
1188:             2            256  sun.util.calendar.ImmutableGregorianDate
1189:             8            256  hudson.model.FileParameterDefinition
1190:             2            256  org.codehaus.groovy.reflection.stdclasses.FloatCachedClass
1191:             4            256  org.sonatype.aether.util.repository.DefaultMirrorSelector$MirrorDef
1192:             2            256  org.codehaus.groovy.reflection.stdclasses.BooleanCachedClass
1193:             4            256  [Lsun.font.PhysicalStrike;
1194:             8            256  javax.swing.plaf.InsetsUIResource
1195:             1            248  com.cloudbees.plugins.flow.BuildFlow
1196:             1            248  org.codehaus.groovy.control.CompilationUnit
1197:             5            240  javax.imageio.spi.SubRegistry
1198:             5            240  org.jfree.chart.axis.CategoryLabelPositions
1199:             5            240  hudson.plugins.sectioned_view.TextSection$Style
1200:            10            240  sun.security.x509.SerialNumber
1201:            10            240  java.util.Formatter$Flags
1202:             6            240  winstone.cmdline.Option$OClass
1203:             6            240  java.security.CodeSigner
1204:            10            240  org.sonatype.guice.bean.locators.EntryMapAdapter$EntrySet
1205:             6            240  hudson.model.labels.LabelOperatorPrecedence
1206:             5            240  com.sun.org.apache.xerces.internal.impl.xs.XSParticleDecl
1207:             5            240  javax.jmdns.impl.constants.DNSOptionCode
1208:             2            240  sun.font.FontDesignMetrics
1209:             5            240  java.awt.geom.Rectangle2D$Double
1210:            10            240  java.util.logging.ErrorManager
1211:             1            240  com.tikal.jenkins.plugins.multijob.MultiJobBuild
1212:             6            240  groovy.lang.MetaClassImpl$MethodIndex
1213:             5            240  org.kohsuke.stapler.MetaClass$5
1214:            15            240  hudson.model.Label$ConverterImpl
1215:             3            240  com.sun.org.apache.xerces.internal.impl.xs.XSAttributeGroupDecl
1216:             2            240  org.apache.maven.project.DefaultProjectBuildingRequest
1217:             5            240  jenkins.plugins.publish_over_ssh.BapSshKeyInfo
1218:            15            240  com.thoughtworks.xstream.converters.basic.ByteConverter
1219:             5            240  sun.security.x509.NetscapeCertTypeExtension
1220:             1            232  com.barchart.jenkins.cascade.CascadeProject
1221:             7            224  sun.security.x509.NetscapeCertTypeExtension$MapEntry
1222:             4            224  org.codehaus.groovy.ast.stmt.ExpressionStatement
1223:             7            224  org.kohsuke.stapler.MetaClass$11
1224:            14            224  com.thoughtworks.xstream.converters.extended.FileConverter
1225:            14            224  com.thoughtworks.xstream.converters.collections.CharArrayConverter
1226:            14            224  com.thoughtworks.xstream.converters.extended.SqlTimeConverter
1227:            14            224  com.thoughtworks.xstream.converters.extended.SqlDateConverter
1228:             4            224  [Lorg.sonatype.aether.collection.DependencyGraphTransformer;
1229:            14            224  com.thoughtworks.xstream.converters.enums.EnumConverter
1230:             7            224  javax.swing.plaf.metal.MetalLookAndFeel$MetalLazyValue
1231:             2            224  org.sonatype.guice.plexus.scanners.CloningClassLoader
1232:             2            224  [Lcom.thoughtworks.xstream.io.xml.XmlFriendlyNameCoder$IntPair;
1233:             4            224  org.apache.commons.logging.impl.WeakHashtable$WeakKey
1234:             2            224  java.util.concurrent.ScheduledThreadPoolExecutor
1235:            14            224  com.thoughtworks.xstream.converters.extended.LocaleConverter
1236:             4            224  org.bouncycastle.jcajce.provider.config.ProviderConfigurationPermission
1237:            14            224  com.thoughtworks.xstream.converters.extended.GregorianCalendarConverter
1238:            14            224  com.thoughtworks.xstream.converters.basic.StringBuilderConverter
1239:            14            224  com.thoughtworks.xstream.converters.basic.UUIDConverter
1240:            14            224  com.thoughtworks.xstream.converters.basic.NullConverter
1241:             2            224  org.apache.maven.execution.MavenSession
1242:             7            224  org.apache.commons.discovery.log.SimpleLog
1243:            14            224  com.thoughtworks.xstream.converters.basic.IntConverter
1244:            14            224  com.thoughtworks.xstream.converters.basic.FloatConverter
1245:            14            224  com.thoughtworks.xstream.converters.basic.DoubleConverter
1246:            14            224  com.thoughtworks.xstream.converters.basic.LongConverter
1247:             7            224  com.google.inject.internal.SingleMethodInjector$1
1248:            14            224  com.thoughtworks.xstream.converters.extended.FontConverter
1249:            14            224  com.thoughtworks.xstream.converters.extended.StackTraceElementConverter
1250:             2            224  org.apache.maven.DefaultMaven
1251:            14            224  com.thoughtworks.xstream.converters.basic.ShortConverter
1252:             4            224  com.sun.jna.Function
1253:             4            224  hudson.util.IOException2
1254:            14            224  com.thoughtworks.xstream.converters.extended.ColorConverter
1255:             7            224  java.util.regex.Pattern$Category
1256:            14            224  com.thoughtworks.xstream.converters.basic.CharConverter
1257:            14            224  com.thoughtworks.xstream.converters.collections.BitSetConverter
1258:             4            224  hudson.plugins.sectioned_view.SectionedViewSection$Width
1259:            14            224  com.thoughtworks.xstream.converters.basic.URIConverter
1260:            14            224  com.thoughtworks.xstream.converters.extended.CurrencyConverter
1261:            14            224  com.thoughtworks.xstream.converters.basic.URLConverter
1262:             4            224  java.lang.reflect.UndeclaredThrowableException
1263:             2            224  hudson.util.MaskingClassLoader
1264:            14            224  com.thoughtworks.xstream.converters.basic.BigIntegerConverter
1265:            14            224  com.thoughtworks.xstream.converters.extended.CharsetConverter
1266:             7            224  javax.jmdns.impl.constants.DNSState$StateClass
1267:             4            224  org.sonatype.aether.util.graph.manager.ClassicDependencyManager
1268:            14            224  com.thoughtworks.xstream.converters.basic.BigDecimalConverter
1269:            14            224  com.thoughtworks.xstream.converters.basic.StringBufferConverter
1270:             4            224  sun.font.StrikeMetrics
1271:            14            224  com.thoughtworks.xstream.converters.extended.EncodedByteArrayConverter
1272:             9            216  sun.security.x509.CertificateSerialNumber
1273:             9            216  sun.security.x509.CertificateAlgorithmId
1274:             3            216  javax.jmdns.impl.ServiceInfoImpl$ServiceInfoState
1275:             9            216  org.jfree.ui.RectangleAnchor
1276:             9            216  org.jfree.text.TextBlockAnchor
1277:             9            216  [Ljava.net.URL;
1278:             1            216  com.sun.org.apache.xerces.internal.impl.xs.SchemaGrammar$Schema4Annotations
1279:             9            216  org.jenkins_ci.plugins.run_condition.core.BooleanCondition
1280:             9            216  java.util.concurrent.ConcurrentHashMap$Values
1281:             9            216  [Ljava.lang.Float;
1282:             9            216  [Ljava.lang.Double;
1283:             2            216  [[D
1284:             9            216  java.util.Hashtable$KeySet
1285:             1            216  org.apache.mina.transport.socket.nio.NioSocketAcceptor
1286:             3            216  com.cloudbees.jenkins.plugins.sshcredentials.impl.BasicSSHUserPrivateKey
1287:             3            216  java.lang.ThreadGroup
1288:             9            216  sun.security.x509.CertificateX509Key
1289:             9            216  $Proxy20
1290:             9            216  sun.security.x509.CertificateVersion
1291:             1            208  sun.font.TrueTypeFont
1292:             1            208  hudson.plugins.emailext.ExtendedEmailPublisherDescriptor
1293:             1            208  org.apache.mina.core.service.IoServiceStatistics
1294:             2            208  org.sonatype.aether.impl.internal.DefaultRepositorySystem
1295:             2            208  hudson.maven.MavenUtil$MaskingClassLoader
1296:             5            208  [Lhudson.model.Result;
1297:             2            208  [Ljava.util.LinkedList;
1298:             1            200  hudson.UDPBroadcastThread
1299:             5            200  hudson.model.Result
1300:             6            200  [Lwinstone.Mapping;
1301:             1            200  org.codehaus.plexus.archiver.zip.ZipArchiver
1302:             5            200  hudson.model.queue.WorkUnitContext$1
1303:             5            200  com.sun.org.apache.xerces.internal.impl.xs.traversers.LargeContainer
1304:             5            200  sun.security.x509.AccessDescription
1305:             5            200  hudson.model.queue.WorkUnit
1306:             5            200  org.codehaus.groovy.syntax.Token
1307:             6            192  sun.reflect.UnsafeLongFieldAccessorImpl
1308:             1            192  org.jruby.ext.posix.Linux64HeapFileStat
1309:             6            192  sun.nio.ch.AllocatedNativeObject
1310:             3            192  org.jvnet.hudson.plugins.backup.utils.compress.CompressionMethodEnum
1311:             4            192  java.lang.InterruptedException
1312:             6            192  net.java.sezpoz.impl.SerEnumConst
1313:             4            192  sun.security.x509.SubjectAlternativeNameExtension
1314:             6            192  hudson.scm.CvsLog$Status
1315:             6            192  org.owasp.html.HtmlTextEscapingMode
1316:             8            192  org.apache.commons.lang.time.FastDateFormat$TwoDigitNumberField
1317:             8            192  java.util.regex.Pattern$CharPropertyNames$3
1318:             6            192  javax.swing.plaf.metal.MetalLookAndFeel$FontActiveValue
1319:             2            192  org.apache.maven.project.DefaultProjectBuildingHelper
1320:             4            192  jp.ikedam.jenkins.plugins.extensible_choice_parameter.ExtensibleChoiceParameterDefinition
1321:             1            192  hudson.WebAppMain$2
1322:             4            192  com.sun.jna.Library$Handler$FunctionInfo
1323:             4            192  javax.jmdns.impl.constants.DNSLabel
1324:             8            192  sun.security.x509.DNSName
1325:             4            192  java.lang.Error
1326:             2            192  org.apache.commons.collections.map.LRUMap
1327:             4            192  jp.ikedam.jenkins.plugins.extensible_choice_parameter.AddEditedChoiceListProvider$WhenToAdd
1328:             1            192  groovy.lang.GroovyClassLoader$InnerLoader
1329:             8            192  sun.security.x509.GeneralNames
1330:             4            192  hudson.matrix.DefaultMatrixExecutionStrategyImpl
1331:             4            192  org.sonatype.aether.repository.Proxy
1332:             6            192  java.util.regex.Pattern$Dollar
1333:             2            192  org.codehaus.groovy.ast.expr.AttributeExpression
1334:             3            192  sun.security.provider.DSAPublicKeyImpl
1335:             8            192  javax.security.auth.x500.X500Principal
1336:             4            192  java.util.RandomAccessSubList
1337:             2            192  org.apache.maven.lifecycle.internal.LifecycleStarter
1338:             6            192  sun.security.provider.certpath.X509CertPath
1339:             4            192  org.apache.maven.artifact.repository.Authentication
1340:             3            192  [Lcom.sun.org.apache.xerces.internal.impl.xs.XSAttributeUseImpl;
1341:             8            192  [Ljava.util.Date;
1342:             8            192  [Ljava.util.Calendar;
1343:             8            192  [Ljava.sql.Date;
1344:             8            192  [Ljava.sql.Time;
1345:             2            192  org.codehaus.groovy.ast.expr.BinaryExpression
1346:             8            192  [Ljava.sql.Timestamp;
1347:             2            192  org.apache.maven.model.BuildBase
1348:             2            192  org.dom4j.tree.ConcurrentReaderHashMap
1349:             1            184  [Lorg.owasp.html.TagBalancingHtmlStreamEventReceiver$ElementContainmentRelationships$ElementGroup;
1350:             1            184  [Lsun.font.FileFont;
1351:             1            184  hudson.TcpSlaveAgentListener
1352:             1            184  [Lsun.font.CompositeFont;
1353:             1            184  [Lcom.sun.org.apache.xerces.internal.impl.xpath.regex.RegularExpression;
1354:             2            176  org.apache.maven.settings.Proxy
1355:            11            176  hudson.views.WeatherColumn
1356:             2            176  sun.security.provider.SHA2
1357:             2            176  java.net.PlainDatagramSocketImpl
1358:             2            176  java.io.ExpiringCache$1
1359:             1            176  winstone.ShutdownHook
1360:             2            176  sun.nio.ch.FileChannelImpl
1361:             2            176  org.apache.maven.artifact.resolver.DefaultArtifactResolver
1362:             1            176  java.util.logging.LogManager$Cleaner
1363:             1            176  javax.jmdns.impl.SocketListener
1364:             1            176  javax.jmdns.impl.JmDNSImpl
1365:             2            176  org.apache.maven.repository.legacy.LegacyRepositorySystem
1366:             3            168  org.apache.commons.jexl.parser.ASTReference
1367:             1            168  [Lsun.font.TrueTypeFont$DirectoryEntry;
1368:             7            168  java.awt.Dimension
1369:             3            168  sun.security.x509.CRLDistributionPointsExtension
1370:             1            168  sun.awt.motif.MFontConfiguration
1371:             1            168  hudson.model.ViewJob$ReloadThread
1372:             3            168  hudson.model.DownloadService$Downloadable
1373:             3            168  sun.security.x509.DistributionPoint
1374:             3            168  sun.misc.SoftCache
1375:             1            168  java.lang.ref.Reference$ReferenceHandler
1376:             3            168  winstone.jndi.WinstoneContext
1377:             1            168  java.lang.ref.Finalizer$FinalizerThread
1378:             3            168  org.springframework.beans.factory.support.ManagedList
1379:             1            168  [Lsun.security.util.ObjectIdentifier;
1380:             7            168  winstone.WinstoneResourceBundle
1381:             1            168  com.sun.imageio.plugins.bmp.BMPImageReaderSpi
1382:             1            168  [[Ljava.lang.Byte;
1383:             5            168  [Ljava.net.InetAddress;
1384:             1            168  com.sun.imageio.plugins.bmp.BMPImageWriterSpi
1385:             1            168  com.sun.imageio.plugins.wbmp.WBMPImageReaderSpi
1386:             1            168  com.sun.imageio.plugins.wbmp.WBMPImageWriterSpi
1387:             3            168  org.codehaus.groovy.classgen.BytecodeSequence
1388:             7            168  java.util.concurrent.atomic.AtomicReference
1389:             7            168  hudson.scm.CvsRevisionState
1390:             7            168  java.util.concurrent.SynchronousQueue$TransferStack
1391:             7            168  sun.java2d.loops.RenderCache
1392:             7            168  hudson.util.DaemonThreadFactory
1393:             4            160  org.sonatype.aether.util.graph.selector.ScopeDependencySelector
1394:             5            160  javax.imageio.spi.PartiallyOrderedSet
1395:             5            160  javax.jmdns.ServiceInfo$Fields
1396:             1            160  com.sun.imageio.plugins.jpeg.JPEGImageWriterSpi
1397:             1            160  com.sun.imageio.plugins.gif.GIFImageReaderSpi
1398:             5            160  org.sonatype.inject.BeanScanning
1399:             4            160  com.google.common.collect.RegularImmutableList
1400:             1            160  org.apache.commons.jexl.parser.Parser
1401:             5            160  java.security.KeyPair
1402:             4            160  java.util.Collections$SynchronizedRandomAccessList
1403:             4            160  jenkins.model.lazy.Boundary
1404:             5            160  org.springframework.context.support.MessageSourceAccessor
1405:             1            160  com.sun.imageio.plugins.gif.GIFImageWriterSpi
1406:             5            160  hudson.model.queue.Latch
1407:             4            160  java.util.regex.Pattern$Ques
1408:             4            160  jp.ikedam.jenkins.plugins.extensible_choice_parameter.TextareaChoiceListProvider
1409:             2            160  org.apache.maven.settings.Mirror
1410:             5            160  hudson.security.PermissionScope
1411:             2            160  org.apache.maven.plugin.internal.DefaultMavenPluginManager
1412:             2            160  java.net.Inet6Address
1413:             4            160  org.owasp.html.HtmlPolicyBuilder$AttributeBuilder
1414:             2            160  org.apache.tools.ant.types.Path
1415:             2            160  com.google.inject.multibindings.Multibinder$RealMultibinder
1416:             5            160  javax.jmdns.impl.JmDNSImpl$Operation
1417:             1            160  [Ljava.awt.geom.AffineTransform;
1418:             1            160  com.sun.imageio.plugins.png.PNGImageReaderSpi
1419:             2            160  org.apache.tools.ant.types.resources.Union
1420:             4            160  com.sun.org.apache.xerces.internal.impl.xs.XSAttributeUseImpl
1421:             2            160  java.net.MulticastSocket
1422:             2            160  [Lhudson.init.InitMilestone;
1423:             5            160  sun.security.jca.ServiceId
1424:             2            160  org.apache.maven.project.DefaultProjectBuilder
1425:             1            160  com.sun.imageio.plugins.png.PNGImageWriterSpi
1426:             4            160  hudson.matrix.AxisList
1427:             1            160  java.util.logging.FileHandler
1428:             1            160  com.sun.imageio.plugins.jpeg.JPEGImageReaderSpi
1429:             1            152  [Lorg.tmatesoft.svn.core.internal.util.SVNHashMap$TableEntry;
1430:             1            152  [[B
1431:             1            152  org.codehaus.groovy.ast.ModuleNode
1432:             1            152  sun.awt.X11.XToolkit
1433:             1            152  [Lorg.codehaus.groovy.util.AbstractConcurrentMapBase$Segment;
1434:             1            152  [[Z
1435:             3            144  org.apache.commons.beanutils.PropertyUtilsBean
1436:             3            144  org.tmatesoft.svn.core.internal.util.SVNHashMap$TableEntry
1437:             1            144  winstone.classLoader.WebappClassLoader
1438:             1            144  sun.security.provider.Sun
1439:             3            144  org.apache.tools.ant.util.VectorSet
1440:             3            144  org.jruby.ext.posix.HeapStruct$Int32
1441:             6            144  org.jenkinsci.plugins.envinject.EnvInjectBuilderContributionAction
1442:             6            144  org.codehaus.groovy.transform.ASTTransformationVisitor$2
1443:             2            144  [Lhudson.plugins.parameterizedtrigger.ResultCondition;
1444:             6            144  javax.swing.plaf.DimensionUIResource
1445:             3            144  javax.jmdns.impl.DNSIncoming$MessageInputStream
1446:             2            144  org.codehaus.groovy.ast.expr.ClassExpression
1447:             1            144  sun.nio.ch.ServerSocketChannelImpl
1448:             1            144  com.sun.net.ssl.internal.ssl.Provider
1449:             6            144  sun.java2d.pipe.DuctusShapeRenderer
1450:             1            144  org.bouncycastle.jce.provider.BouncyCastleProvider
1451:             2            144  hudson.plugins.disk_usage.DiskUsageThread
1452:             3            144  com.google.inject.internal.Errors
1453:             6            144  java.util.regex.Pattern$CharPropertyNames$2
1454:             2            144  [Ljavax.servlet.Filter;
1455:             3            144  java.security.AlgorithmParameters
1456:             6            144  java.util.Collections$SingletonSet
1457:             3            144  java.awt.geom.Ellipse2D$Double
1458:             2            144  sun.swing.PrintColorUIResource
1459:             1            144  sun.security.rsa.SunRsaSign
1460:             3            144  sun.security.x509.AuthorityInfoAccessExtension
1461:             2            144  org.apache.maven.project.artifact.DefaultMetadataSource
1462:             2            144  org.codehaus.plexus.interpolation.StringSearchInterpolator
1463:             2            144  org.sonatype.aether.impl.internal.DefaultDeployer
1464:             3            144  java.beans.PropertyChangeSupport
1465:             1            144  com.sun.security.sasl.Provider
1466:             1            144  hudson.scm.CVSSCM$DescriptorImpl
1467:             1            144  sun.font.AttributeValues
1468:             1            144  org.jcp.xml.dsig.internal.dom.XMLDSigRI
1469:             6            144  sun.nio.ch.Util$1
1470:             6            144  com.google.inject.internal.FailableCache$1
1471:             3            144  hudson.plugins.sectioned_view.SectionedViewSection$Positioning
1472:             1            144  sun.security.jca.ProviderList$1
1473:             3            144  java.util.concurrent.CountDownLatch$Sync
1474:             1            144  sun.misc.Launcher$ExtClassLoader
1475:             1            144  com.sun.crypto.provider.SunJCE
1476:             6            144  sun.java2d.pipe.TextRenderer
1477:             6            144  org.acegisecurity.util.PortMapperImpl
1478:             3            144  sun.security.x509.CertificatePoliciesExtension
1479:             1            144  sun.security.smartcardio.SunPCSC
1480:             2            144  sun.text.normalizer.CharTrie
1481:             2            144  org.sonatype.aether.impl.internal.DefaultArtifactResolver
1482:             9            144  org.jenkins_ci.plugins.run_condition.BuildStepRunner$Fail
1483:             1            136  hudson.remoting.RemoteClassLoader$ClassLoaderProxy$1
1484:             1            136  winstone.auth.SecurityConstraint
1485:             1            136  [Ljavax.imageio.ImageTypeSpecifier;
1486:             2            136  [Ljava.awt.Shape;
1487:             1            136  org.kohsuke.stapler.jelly.ReallyStaticTagLibrary$1
1488:             1            136  hudson.tasks.Mailer$DescriptorImpl
1489:             1            136  sun.misc.Launcher$AppClassLoader
1490:             1            136  org.apache.commons.jelly.tags.core.CoreTagLibrary$2
1491:             4            128  org.sonatype.guice.plexus.binders.OptionalPropertyBinding
1492:             4            128  javax.crypto.spec.SecretKeySpec
1493:             4            128  org.codehaus.groovy.util.ReferenceBundle
1494:             1            128  org.codehaus.groovy.reflection.stdclasses.BigDecimalCachedClass
1495:             2            128  sun.font.FontDesignMetrics$KeyReference
1496:             8            128  hudson.views.LastDurationColumn
1497:             2            128  sun.misc.SoftCache$ValueCell
1498:             2            128  com.sun.jna.NativeLibrary
1499:             2            128  org.codehaus.groovy.util.ReferenceManager$2
1500:             4            128  org.sonatype.aether.impl.internal.EnhancedLocalRepositoryManager
1501:             2            128  hudson.scm.CvsTagsParamDefinition
1502:             1            128  java.util.SimpleTimeZone
1503:             4            128  org.apache.commons.logging.impl.WeakHashtable$Referenced
1504:             4            128  org.owasp.html.HtmlLexer$State
1505:             1            128  [Lorg.apache.commons.jexl.parser.Parser$JJCalls;
1506:             4            128  org.codehaus.groovy.ast.DynamicVariable
1507:             2            128  org.apache.maven.lifecycle.internal.DefaultLifecycleExecutionPlanCalculator
1508:             1            128  hudson.PluginManager$UberClassLoader
1509:             4            128  javax.swing.UIManager$LookAndFeelInfo
1510:             4            128  org.codehaus.plexus.logging.console.ConsoleLogger
1511:             4            128  org.sonatype.aether.repository.LocalRepository
1512:             2            128  org.sonatype.guice.plexus.lifecycles.PlexusLifecycleManager
1513:             4            128  hudson.ExtensionListView$2
1514:             4            128  hudson.plugins.greenballs.ColorBlindProperty
1515:             2            128  org.codehaus.groovy.classgen.asm.BytecodeVariable
1516:             2            128  org.springframework.context.support.StaticMessageSource
1517:             4            128  java.util.Collections$SynchronizedCollection
1518:             4            128  java.text.EntryPair
1519:             4            128  java.awt.Queue
1520:             2            128  org.apache.maven.repository.internal.DefaultArtifactDescriptorReader
1521:             4            128  java.text.Normalizer$Form
1522:             4            128  org.jvnet.hudson.ProcMemInfo$Suffix
1523:             4            128  org.sonatype.aether.util.repository.DefaultProxySelector$ProxyDef
1524:             4            128  org.owasp.html.JoinedAttributePolicy
1525:             4            128  hudson.model.Run$State
1526:             4            128  org.jenkinsci.main.modules.cli.auth.ssh.UserPropertyImpl
1527:             2            128  [Lhudson.plugins.sectioned_view.TextSection$Style;
1528:             4            128  hudson.matrix.LabelAxis
1529:             2            128  com.sun.jna.Library$Handler
1530:             4            128  org.sonatype.guice.bean.reflect.URLClassSpace
1531:             4            128  sun.reflect.UnsafeIntegerFieldAccessorImpl
1532:             4            128  com.google.common.collect.AbstractIterator$State
1533:             4            128  javax.annotation.meta.When
1534:             2            128  [Lhudson.plugins.global_build_stats.model.BuildResult;
1535:             4            128  java.awt.AWTKeyStroke
1536:             4            128  [Ljava.awt.AWTKeyStroke;
1537:             4            128  java.awt.Insets
1538:             1            120  org.apache.commons.lang.builder.ToStringStyle$DefaultToStringStyle
1539:             3            120  org.apache.commons.beanutils.BeanUtilsBean
1540:             1            120  org.apache.commons.lang.builder.ToStringStyle$MultiLineToStringStyle
1541:             3            120  java.security.SecurityPermission
1542:             1            120  groovy.grape.GrabAnnotationTransformation
1543:             3            120  [Lcom.sun.org.apache.xerces.internal.impl.xs.XSGroupDecl;
1544:             1            120  [Ljavax.jmdns.impl.constants.DNSState;
1545:             1            120  java.util.logging.LogManager$RootLogger
1546:             3            120  org.codehaus.groovy.runtime.metaclass.MetaMethodIndex
1547:             1            120  org.apache.commons.lang.builder.ToStringStyle$NoFieldNameToStringStyle
1548:             1            120  sun.net.www.protocol.jar.URLJarFile$URLJarFileEntry
1549:             3            120  hudson.logging.LogRecorder
1550:             1            120  org.apache.commons.lang.builder.ToStringStyle$ShortPrefixToStringStyle
1551:             1            120  org.apache.commons.lang.builder.ToStringStyle$SimpleToStringStyle
1552:             3            120  com.sun.org.apache.xerces.internal.impl.xpath.regex.Token$ClosureToken
1553:             1            120  org.codehaus.groovy.reflection.stdclasses.BigIntegerCachedClass
1554:             5            120  com.trilead.ssh2.log.Logger
1555:             2            120  [Lsun.security.jca.ProviderConfig;
1556:             3            120  hudson.logging.LogRecorder$Target
1557:             3            120  hudson.security.SparseACL$Entry
1558:             3            120  sun.font.FontDesignMetrics$MetricsKey
1559:             5            120  org.jenkinsci.main.modules.instance_identity.InstanceIdentity
1560:             3            120  jenkins.security.HMACConfidentialKey
1561:             5            120  org.codehaus.plexus.archiver.zip.ZipLong
1562:             3            120  sun.security.provider.DSAParameters
1563:             1            120  java.awt.DefaultKeyboardFocusManager
1564:             3            120  [Lcom.sun.org.apache.xerces.internal.impl.xs.identity.IdentityConstraint;
1565:             3            120  sun.misc.JarIndex
1566:             1            120  org.codehaus.groovy.reflection.stdclasses.ObjectCachedClass
1567:             3            120  java.io.BufferedOutputStream
1568:             1            120  org.codehaus.groovy.reflection.stdclasses.StringCachedClass
1569:             5            120  org.acegisecurity.ui.AuthenticationDetailsSourceImpl
1570:             3            120  com.google.inject.internal.Initializer
1571:             3            120  hudson.model.MultiStageTimeSeries$TimeScale
1572:             3            120  java.util.Timer
1573:             5            120  $Proxy19
1574:             3            120  com.google.inject.internal.MembersInjectorStore
1575:             3            120  hudson.scm.CvsRepositoryLocationType
1576:             3            120  java.net.InetSocketAddress
1577:             3            120  hudson.model.Queue$ItemList
1578:             3            120  hudson.plugins.downstream_ext.MatrixTrigger
1579:             3            120  org.springframework.beans.BeanWrapperImpl$PropertyTokenHolder
1580:             5            120  $Proxy25
1581:             1            120  org.codehaus.groovy.reflection.stdclasses.NumberCachedClass
1582:             2            112  [Ljava.lang.ThreadGroup;
1583:             2            112  sun.java2d.loops.RenderCache$Entry
1584:             2            112  org.apache.maven.execution.DefaultMavenExecutionResult
1585:             2            112  java.awt.Toolkit$DesktopPropertyChangeSupport
1586:             1            112  sun.font.GlyphList
1587:             2            112  org.sonatype.aether.impl.internal.DefaultInstaller
1588:             2            112  org.sonatype.aether.impl.internal.DefaultMetadataResolver
1589:             2            112  org.apache.maven.lifecycle.internal.LifecycleWeaveBuilder
1590:             2            112  [Ljp.ikedam.jenkins.plugins.extensible_choice_parameter.AddEditedChoiceListProvider$WhenToAdd;
1591:             2            112  sun.util.calendar.Era
1592:             1            112  org.jfree.chart.JFreeChartInfo
1593:             1            112  org.codehaus.groovy.reflection.SunClassLoader
1594:             2            112  org.apache.maven.lifecycle.internal.MojoDescriptorCreator
1595:             1            112  org.jfree.JCommonInfo
1596:             2            112  org.tomfolga.PomModulesVersionColumn$DescriptorImpl
1597:             2            112  org.apache.commons.io.input.NullInputStream
1598:             2            112  [[Ljava.lang.Object;
1599:             1            112  sun.java2d.loops.RenderLoops
1600:             2            112  org.sonatype.guice.bean.locators.DefaultBeanLocator
1601:             2            112  org.tomfolga.PomModulesShortColumn$DescriptorImpl
1602:             2            112  [Lhudson.plugins.sectioned_view.SectionedViewSection$Width;
1603:             2            112  hudson.util.DoubleLaunchChecker$1
1604:             1            112  java.awt.color.ICC_ColorSpace
1605:             1            112  eu.markov.jenkins.plugin.mvnmeta.MavenMetadataParameterDefinition
1606:             2            112  org.apache.commons.lang.time.FastDateFormat
1607:             2            112  org.dom4j.io.OutputFormat
1608:             2            112  de.fspengler.hudson.pview.ConsoleViewColumn$DescriptorImpl
1609:             2            112  [Ljavax.annotation.meta.When;
1610:             2            112  org.apache.maven.model.Reporting
1611:             2            112  org.acegisecurity.ui.ExceptionTranslationFilter
1612:             2            104  [Lorg.codehaus.groovy.reflection.CachedConstructor;
1613:             1            104  hudson.model.Hudson$MasterComputer
1614:             1            104  [Lhudson.plugins.global_build_stats.xstream.migration.GlobalBuildStatsDataMigrator;
1615:             1            104  java.util.logging.ConsoleHandler
1616:             1            104  hudson.security.AuthenticationProcessingFilter2
1617:             1            104  [Lcom.sun.org.apache.xerces.internal.impl.xs.util.XInt;
1618:             1            104  [Ljava.lang.Runnable;
1619:             1            104  hudson.plugins.git.GitSCM$DescriptorImpl
1620:             1            104  java.util.ResourceBundle$RBClassLoader
1621:             1            104  hudson.model.Queue
1622:             1            104  hudson.scm.SubversionSCM$DescriptorImpl
1623:             1            104  jenkins.plugins.publish_over_ssh.BapSshPublisherPlugin$Descriptor
1624:             1            104  javax.swing.MultiUIDefaults
1625:             2             96  org.apache.commons.jexl.parser.ASTReferenceExpression
1626:             3             96  com.google.inject.internal.InjectorImpl$JitLimitation
1627:             4             96  org.jfree.chart.axis.AxisLocation
1628:             4             96  org.sonatype.aether.util.graph.selector.AndDependencySelector
1629:             2             96  java.net.DatagramPacket
1630:             3             96  com.google.inject.internal.MembersInjectorStore$1
1631:             2             96  org.jenkinsci.plugins.scriptler.share.CatalogInfo
1632:             3             96  sun.security.x509.PolicyInformation
1633:             2             96  org.dom4j.tree.ConcurrentReaderHashMap$Entry
1634:             2             96  java.io.ExpiringCache
1635:             3             96  com.google.inject.spi.InjectionPoint$Position
1636:             2             96  org.apache.maven.lifecycle.internal.BuilderCommon
1637:             4             96  org.jfree.ui.GradientPaintTransformType
1638:             3             96  org.xml.sax.helpers.AttributesImpl
1639:             1             96  org.acegisecurity.AcegiMessageSource
1640:             4             96  org.sonatype.aether.util.graph.selector.OptionalDependencySelector
1641:             2             96  com.sun.org.apache.xerces.internal.jaxp.SAXParserFactoryImpl
1642:             3             96  com.google.inject.internal.ProvisionListenerCallbackStore
1643:             3             96  java.lang.annotation.RetentionPolicy
1644:             2             96  [Lhudson.plugins.downstream_ext.DownstreamTrigger$Strategy;
1645:             1             96  java.awt.EventQueue
1646:             2             96  com.sun.org.apache.xerces.internal.impl.xs.XSWildcardDecl
1647:             2             96  [Ljava.lang.annotation.RetentionPolicy;
1648:             2             96  org.sonatype.guice.bean.reflect.MildConcurrentValues
1649:             2             96  [Lorg.apache.maven.model.building.ModelProblem$Severity;
1650:             3             96  hudson.model.CheckPoint
1651:             4             96  org.acegisecurity.GrantedAuthorityImpl
1652:             4             96  org.sonatype.aether.util.graph.selector.ExclusionDependencySelector
1653:             2             96  [Lorg.jvnet.hudson.plugins.backup.utils.compress.CompressionMethodEnum;
1654:             3             96  sun.misc.Signal
1655:             1             96  [Lhudson.ClassicPluginStrategy$DetachedPlugin;
1656:             4             96  org.sonatype.aether.util.graph.transformer.ChainedDependencyGraphTransformer
1657:             2             96  hudson.model.DependencyGraph
1658:             4             96  org.springframework.web.context.request.SessionScope
1659:             4             96  sun.security.x509.RFC822Name
1660:             1             96  com.sun.org.apache.xerces.internal.impl.xs.SchemaGrammar$XSAnyType
1661:             1             96  com.sun.org.apache.xerces.internal.impl.xpath.regex.RegularExpression
1662:             1             96  [[Lsun.awt.SunHints$Value;
1663:             2             96  hudson.maven.EmbedderLoggerImpl
1664:             4             96  org.sonatype.aether.util.graph.transformer.ConflictMarker
1665:             3             96  jenkins.YesNoMaybe
1666:             1             96  winstone.ObjectPool
1667:             2             96  [Ljenkins.YesNoMaybe;
1668:             3             96  org.apache.maven.model.building.ModelProblem$Severity
1669:             2             96  sun.java2d.pipe.Region$ImmutableRegion
1670:             2             96  org.apache.maven.repository.internal.DefaultVersionResolver
1671:             2             96  com.sun.org.apache.xerces.internal.impl.xs.XSModelGroupImpl
1672:             2             96  org.acegisecurity.providers.anonymous.AnonymousProcessingFilter
1673:             3             96  com.google.inject.Stage
1674:             4             96  org.sonatype.aether.impl.internal.TrackingFileManager
1675:             2             96  org.apache.commons.jelly.impl.ExpressionAttribute
1676:             3             96  java.net.Proxy$Type
1677:             1             96  org.codehaus.groovy.control.ResolveVisitor
1678:             2             96  hudson.diagnosis.MemoryUsageMonitor$MemoryGroup
1679:             3             96  com.google.inject.internal.InjectorImpl$1
1680:             2             96  org.apache.maven.repository.internal.DefaultVersionRangeResolver
1681:             3             96  com.google.inject.multibindings.RealElement
1682:             2             96  org.codehaus.groovy.classgen.asm.OptimizingStatementWriter$StatementMeta
1683:             2             96  [Lcom.cloudbees.plugins.credentials.CredentialsScope;
1684:             3             96  com.sun.org.apache.xerces.internal.impl.xs.util.XSObjectListImpl
1685:             4             96  org.jfree.ui.RectangleEdge
1686:             2             96  org.codehaus.plexus.DefaultPlexusContainer$DefaultsModule
1687:             3             96  org.apache.tools.ant.types.FilterSet$OnMissing
1688:             1             96  sun.security.provider.NativePRNG$RandomIO
1689:             2             96  org.apache.maven.settings.building.DefaultSettingsBuilder
1690:             4             96  org.sonatype.aether.util.repository.DefaultMirrorSelector
1691:             2             96  org.apache.maven.lifecycle.internal.MojoExecutor
1692:             2             96  [Lcom.robestone.hudson.compactcolumns.AbstractStatusesColumn$TimeAgoType;
1693:             2             96  org.apache.maven.lifecycle.internal.LifecycleDependencyResolver
1694:             3             96  com.google.inject.internal.InjectorShell$SLF4JLoggerFactory
1695:             3             96  groovy.lang.MetaArrayLengthProperty
1696:             1             96  [Lcom.sun.org.apache.xerces.internal.impl.dv.XSSimpleType;
1697:             2             96  org.apache.commons.jexl.parser.ASTJexlScript
1698:             3             96  com.robestone.hudson.compactcolumns.AbstractStatusesColumn$TimeAgoType
1699:             1             96  org.codehaus.groovy.ast.expr.PropertyExpression
1700:             4             96  org.sonatype.aether.util.repository.DefaultProxySelector
1701:             6             96  hudson.util.VersionNumber$WildCardItem
1702:             2             96  hudson.security.HudsonAuthenticationEntryPoint
1703:             3             96  org.apache.maven.settings.building.SettingsProblem$Severity
1704:             3             96  java.util.Currency
1705:             2             96  org.sonatype.aether.impl.internal.DefaultDependencyCollector
1706:             3             96  com.google.inject.internal.ConstructorInjectorStore
1707:             4             96  org.codehaus.plexus.classworlds.strategy.SelfFirstStrategy
1708:             4             96  org.sonatype.aether.util.DefaultSessionData
1709:             3             96  hudson.model.StreamBuildListener
1710:             3             96  com.google.inject.internal.InjectorImpl$InjectorOptions
1711:             4             96  org.apache.maven.RepositoryUtils$MavenArtifactTypeRegistry
1712:             1             96  org.codehaus.groovy.ast.expr.DeclarationExpression
1713:             2             96  [Lcom.tikal.jenkins.plugins.multijob.MultiJobBuilder$ContinuationCondition;
1714:             1             96  org.kohsuke.stapler.WebApp
1715:             2             96  org.apache.maven.plugin.prefix.internal.DefaultPluginPrefixResolver
1716:             3             96  com.google.inject.internal.ConstructorInjectorStore$1
1717:             2             96  [Lhudson.plugins.sectioned_view.SectionedViewSection$Positioning;
1718:             4             96  org.sonatype.aether.util.repository.DefaultAuthenticationSelector
1719:             1             96  javax.swing.UIDefaults
1720:             4             96  org.acegisecurity.util.PortResolverImpl
1721:             3             96  java.util.TaskQueue
1722:             3             96  jenkins.model.lazy.AbstractLazyLoadRunMap$Direction
1723:             3             96  java.net.InetAddress$CacheEntry
1724:             4             96  $Proxy5
1725:             1             96  jenkins.model.JenkinsLocationConfiguration
1726:             2             96  [Lhudson.scm.CvsRepositoryLocationType;
1727:             2             96  org.apache.maven.plugin.version.internal.DefaultPluginVersionResolver
1728:             2             96  org.springframework.ui.context.support.ResourceBundleThemeSource
1729:             1             96  sun.awt.X11GraphicsEnvironment
1730:             2             96  jenkins.ClassLoaderReflectionToolkit
1731:             4             96  org.apache.maven.LoggingRepositoryListener
1732:             3             96  org.apache.commons.io.IOCase
1733:             3             96  com.google.inject.internal.TypeConverterBindingProcessor
1734:             2             96  org.apache.maven.model.interpolation.StringSearchModelInterpolator
1735:             3             96  org.owasp.html.HtmlPolicyBuilder$AttributeBuilder$2
1736:             1             88  [Ljava.math.RoundingMode;
1737:             1             88  sun.awt.AppContext
1738:             1             88  org.jfree.chart.plot.DefaultDrawingSupplier
1739:             1             88  java.io.Console$3
1740:             1             88  org.apache.commons.io.output.DeferredFileOutputStream
1741:             1             88  hudson.util.RingBufferLogHandler
1742:             1             88  [Ljava.util.logging.Level;
1743:             1             88  [Lsun.font.FontStrike;
1744:             1             88  org.jvnet.hudson.plugins.m2release.M2ReleaseBuildWrapper$DescriptorImpl
1745:             1             88  hudson.plugins.groovy.Groovy$DescriptorImpl
1746:             1             88  sun.security.provider.SHA
1747:             1             88  org.apache.mina.transport.socket.DefaultSocketSessionConfig
1748:             1             88  org.jenkinsci.plugins.mavenrepocleaner.MavenRepoCleanerThread
1749:             1             88  javax.swing.UIManager$LAFState
1750:             1             88  org.apache.commons.jexl.parser.SimpleCharStream
1751:             1             88  org.codehaus.groovy.control.SourceUnit
1752:             1             80  com.mtvi.plateng.hudson.ldap.Configuration
1753:             1             80  [Lsun.security.x509.NetscapeCertTypeExtension$MapEntry;
1754:             1             80  hudson.node_monitors.DiskSpaceMonitor$1
1755:             2             80  org.apache.maven.model.ActivationProperty
1756:             2             80  org.sonatype.plexus.components.cipher.PBECipher
1757:             1             80  org.jenkinsci.plugins.periodicbackup.ZipStorage
1758:             2             80  org.acegisecurity.userdetails.memory.UserAttribute
1759:             1             80  hudson.plugins.mercurial.MercurialSCM$DescriptorImpl
1760:             2             80  hudson.Platform
1761:             2             80  org.sonatype.aether.impl.internal.DefaultRemoteRepositoryManager
1762:             1             80  hudson.plugins.locksandlatches.LockWrapper$DescriptorImpl
1763:             1             80  org.codehaus.groovy.runtime.dgm$565
1764:             2             80  [Lhudson.Platform;
1765:             2             80  org.apache.maven.repository.legacy.repository.DefaultArtifactRepositoryFactory
1766:             2             80  org.apache.maven.repository.legacy.DefaultWagonManager
1767:             1             80  winstone.Launcher
1768:             2             80  org.sonatype.guice.bean.reflect.MildValues
1769:             2             80  org.codehaus.plexus.interpolation.reflection.ClassMap
1770:             1             80  org.apache.commons.logging.impl.WeakHashtable
1771:             2             80  org.codehaus.plexus.context.ContextMapAdapter
1772:             1             80  org.codehaus.groovy.runtime.dgm$567
1773:             5             80  hudson.util.EnumConverter
1774:             2             80  com.sun.org.apache.xerces.internal.impl.xpath.regex.Token$ParenToken
1775:             1             80  hudson.maven.MavenModuleSet$DescriptorImpl
1776:             1             80  org.codehaus.groovy.antlr.AntlrParserPlugin
1777:             1             80  org.codehaus.groovy.runtime.dgm$568
1778:             1             80  com.google.common.collect.HashMultimap
1779:             1             80  org.codehaus.groovy.runtime.dgm$569
1780:             2             80  sun.security.jca.ProviderList
1781:             1             80  org.jenkinsci.plugins.periodicbackup.PeriodicBackupLink
1782:             1             80  java.net.SocketPermission
1783:             1             80  org.jenkinsci.main.modules.sshd.SSHD
1784:             1             80  org.codehaus.groovy.runtime.dgm$570
1785:             2             80  [Lsun.util.calendar.Era;
1786:             1             80  hudson.LocalPluginManager
1787:             1             80  [Lhudson.util.TimeUnit2;
1788:             2             80  javax.security.auth.AuthPermission
1789:             1             80  org.apache.mina.core.service.IoServiceListenerSupport
1790:             2             80  java.net.ServerSocket
1791:             2             80  org.apache.maven.artifact.resolver.DefaultArtifactCollector
1792:             2             80  java.net.InterfaceAddress
1793:             1             80  winstone.HostConfiguration
1794:             1             80  org.kohsuke.stapler.jelly.CustomJellyContext
1795:             2             80  sun.security.util.MemoryCache
1796:             2             80  org.springframework.context.support.AbstractApplicationContext$BeanPostProcessorChecker
1797:             2             80  org.apache.maven.artifact.repository.metadata.DefaultRepositoryMetadataManager
1798:             2             80  java.lang.ref.ReferenceQueue$Null
1799:             1             80  hudson.model.UsageStatistics
1800:             1             80  org.codehaus.groovy.ast.expr.TupleExpression
1801:             1             80  [Ljava.util.concurrent.TimeUnit;
1802:             2             80  java.lang.management.ManagementPermission
1803:             2             80  hudson.model.Node$Mode
1804:             1             80  java.io.Console
1805:             2             80  [Lhudson.model.Node$Mode;
1806:             2             80  hudson.remoting.Channel$Mode
1807:             2             80  eu.markov.jenkins.plugin.mvnmeta.MavenMetadataParameterDefinition$SortOrder
1808:             2             80  org.apache.maven.lifecycle.internal.DefaultLifecyclePluginAnalyzer
1809:             1             80  com.sun.org.apache.xerces.internal.util.URI
1810:             2             80  [Leu.markov.jenkins.plugin.mvnmeta.MavenMetadataParameterDefinition$SortOrder;
1811:             2             80  org.dom4j.Namespace
1812:             1             80  org.codehaus.groovy.ast.expr.BooleanExpression
1813:             2             80  org.apache.maven.lifecycle.internal.LifecycleModuleBuilder
1814:             1             80  hudson.node_monitors.SwapSpaceMonitor$1
1815:             1             80  hudson.node_monitors.TemporarySpaceMonitor$1
1816:             2             80  [Lorg.sonatype.guice.plexus.config.PlexusBeanSource;
1817:             2             80  org.codehaus.plexus.interpolation.PrefixAwareRecursionInterceptor
1818:             2             80  com.sun.jna.NativeMappedConverter
1819:             2             80  org.apache.maven.plugin.internal.DefaultPluginDependenciesResolver
1820:             2             80  java.util.concurrent.DelayQueue
1821:             2             80  [Ljava.security.cert.X509Certificate;
1822:             2             80  com.google.inject.internal.Annotations$AnnotationChecker
1823:             1             80  java.nio.DirectByteBuffer
1824:             1             80  hudson.node_monitors.ClockMonitor$1
1825:             1             80  org.codehaus.groovy.ast.expr.SpreadExpression
1826:             1             80  hudson.model.WorkspaceCleanupThread
1827:             1             80  hudson.slaves.ConnectionActivityMonitor
1828:             2             80  com.google.inject.spi.TypeListenerBinding
1829:             5             80  hudson.util.Secret$ConverterImpl
1830:             2             80  org.apache.maven.model.PluginManagement
1831:             1             80  sun.nio.cs.StreamDecoder
1832:             1             80  org.jenkinsci.plugins.envinject.EnvInjectJobPropertyInfo
1833:             2             80  com.google.inject.spi.ProvisionListenerBinding
1834:             2             80  [Lhudson.plugins.ws_cleanup.Pattern$PatternType;
1835:             2             80  java.lang.management.MemoryType
1836:             2             80  org.sonatype.aether.impl.internal.DefaultRepositoryEventDispatcher
1837:             1             80  org.apache.commons.jexl.parser.ParserTokenManager
1838:             1             80  hudson.node_monitors.ArchitectureMonitor$DescriptorImpl
1839:             2             80  org.apache.maven.classrealm.DefaultClassRealmManager
1840:             1             80  hudson.tasks.Maven
1841:             2             80  java.util.PriorityQueue
1842:             1             80  hudson.model.labels.LabelExpression$And
1843:             1             80  sun.font.CMap$CMapFormat4
1844:             1             80  hudson.plugins.translation.L10nDecorator
1845:             1             80  hudson.node_monitors.ResponseTimeMonitor$1
1846:             2             80  hudson.tasks.BuildTrigger$2
1847:             1             80  [Ljavax.jmdns.impl.constants.DNSState$StateClass;
1848:             3             72  hudson.plugins.emailext.plugins.trigger.UnstableTrigger
1849:             1             72  org.jvnet.hudson.plugins.backup.BackupConfig
1850:             1             72  hudson.security.csrf.DefaultCrumbIssuer$DescriptorImpl
1851:             3             72  jenkins.util.io.FileBoolean
1852:             1             72  sun.awt.HeadlessToolkit
1853:             1             72  org.codehaus.groovy.ast.CompileUnit
1854:             1             72  [Lsun.swing.SwingUtilities2$LSBCacheEntry;
1855:             1             72  org.codehaus.groovy.ast.stmt.IfStatement
1856:             3             72  java.lang.InheritableThreadLocal
1857:             1             72  de.fspengler.hudson.pview.PViewProjectProperty$DescriptorImpl
1858:             3             72  sun.security.x509.CertificatePolicyId
1859:             3             72  org.jfree.data.RangeType
1860:             1             72  java.util.EnumMap
1861:             1             72  hudson.diagnosis.MemoryUsageMonitor
1862:             1             72  hudson.markup.MyspacePolicy$2
1863:             3             72  org.codehaus.groovy.transform.ASTTransformationVisitor$3
1864:             1             72  hudson.model.FingerprintCleanupThread
1865:             1             72  com.sun.org.apache.xerces.internal.impl.xpath.regex.RegularExpression$Context
1866:             3             72  com.google.inject.internal.ProvisionListenerCallbackStore$1
1867:             1             72  hudson.tools.JDKInstaller$DescriptorImpl
1868:             3             72  $Proxy9
1869:             1             72  hudson.plugins.disk_usage.DiskUsageProjectActionFactory$DescriptorImpl
1870:             1             72  org.kohsuke.stapler.framework.adjunct.AdjunctManager
1871:             1             72  [Lhudson.scm.CvsLog$Status;
1872:             3             72  java.util.IdentityHashMap$Values
1873:             1             72  [Lhudson.model.labels.LabelOperatorPrecedence;
1874:             1             72  [Lorg.owasp.html.HtmlTextEscapingMode;
1875:             1             72  org.jenkinsci.main.modules.sshd.PortAdvertiser
1876:             3             72  com.sun.org.apache.xerces.internal.impl.dv.dtd.ListDatatypeValidator
1877:             1             72  sun.util.logging.resources.logging
1878:             1             72  org.apache.maven.artifact.handler.DefaultArtifactHandler$__plexus4
1879:             3             72  sun.text.normalizer.NormalizerBase$QuickCheckResult
1880:             1             72  java.net.NetworkInterface
1881:             1             72  hudson.scm.CvsProjectset$CvsProjectsetDescriptor
1882:             3             72  java.nio.charset.CodingErrorAction
1883:             1             72  hudson.plugins.timestamper.TimestamperConfig
1884:             2             72  [Ljava.lang.reflect.Constructor;
1885:             1             72  hudson.model.UpdateCenter
1886:             3             72  com.google.inject.internal.TypeConverterBindingProcessor$1
1887:             1             72  java.util.logging.LogManager
1888:             3             72  org.apache.mina.core.session.AttributeKey
1889:             2             72  [Lcom.sun.org.apache.xerces.internal.impl.xs.XSParticleDecl;
1890:             1             72  sun.awt.resources.awt
1891:             1             72  groovy.lang.Closure$1
1892:             3             72  com.google.inject.matcher.Matchers$SubclassesOf
1893:             3             72  org.jfree.chart.block.LengthConstraintType
1894:             3             72  com.google.inject.internal.TypeConverterBindingProcessor$2
1895:             3             72  com.google.inject.internal.InjectorShell$InjectorFactory
1896:             3             72  com.google.inject.internal.TypeConverterBindingProcessor$3
1897:             1             72  org.codehaus.groovy.ast.PackageNode
1898:             3             72  $Proxy35
1899:             1             72  org.jenkinsci.plugins.periodicbackup.PeriodicBackup
1900:             3             72  org.jfree.chart.axis.CategoryAnchor
1901:             3             72  com.google.inject.internal.TypeConverterBindingProcessor$4
1902:             1             72  hudson.plugins.depgraph_view.DependencyGraphProperty$DescriptorImpl
1903:             3             72  org.jfree.ui.HorizontalAlignment
1904:             3             72  java.util.concurrent.ConcurrentHashMap$EntrySet
1905:             3             72  com.google.inject.internal.InjectorImpl$BindingsMultimap
1906:             1             72  hudson.plugins.nextexecutions.NextBuilds$DescriptorImpl
1907:             3             72  org.jfree.ui.LengthAdjustmentType
1908:             3             72  org.jfree.ui.VerticalAlignment
1909:             1             72  [Ljavax.swing.plaf.FontUIResource;
1910:             1             72  org.codehaus.groovy.ast.expr.EmptyExpression
1911:             1             72  java.io.Console$LineReader
1912:             3             72  $Proxy45
1913:             1             72  hudson.plugins.mercurial.MercurialInstallation$DescriptorImpl
1914:             3             72  sun.java2d.pipe.PixelToShapeConverter
1915:             1             72  org.jenkinsci.plugins.mavenrepocleaner.MavenRepoCleanerProperty$DescriptorImpl
1916:             3             72  com.google.inject.internal.WeakKeySet
1917:             1             72  hudson.scm.NullSCM$DescriptorImpl
1918:             1             72  org.apache.maven.artifact.handler.DefaultArtifactHandler$__plexus4
1919:             3             72  java.util.concurrent.CountDownLatch
1920:             3             72  java.text.AttributedCharacterIterator$Attribute
1921:             1             72  org.jvnet.hudson.plugins.repositoryconnector.ArtifactResolver$DescriptorImpl
1922:             1             72  sun.text.resources.FormatData
1923:             3             72  $Proxy24
1924:             1             72  hudson.security.TokenBasedRememberMeServices2
1925:             3             72  org.jfree.chart.event.ChartChangeEventType
1926:             1             72  sun.text.resources.FormatData_en
1927:             3             72  java.util.Hashtable$ValueCollection
1928:             3             72  java.util.Timer$1
1929:             1             72  hudson.triggers.SCMTrigger$DescriptorImpl
1930:             1             72  hudson.model.UpdateSite
1931:             1             72  sun.text.resources.FormatData_en_US
1932:             1             72  org.codehaus.groovy.classgen.BytecodeExpression$1
1933:             3             72  sun.java2d.pipe.SpanClipRenderer
1934:             1             72  hudson.plugins.audit_trail.AuditTrailPlugin$RouteToJenkinsHandler
1935:             1             72  hudson.plugins.global_build_stats.GlobalBuildStatsPlugin
1936:             1             72  org.acegisecurity.providers.ProviderManager
1937:             1             64  org.jenkinsci.plugins.database.PerItemDatabaseConfiguration
1938:             1             64  hudson.plugins.groovy.SystemGroovy$DescriptorImpl
1939:             2             64  org.apache.tools.ant.types.Path$PathElement
1940:             1             64  hudson.maven.SplittableBuildListener
1941:             2             64  org.kohsuke.stapler.MetaClass$2
1942:             2             64  org.springframework.core.NamedThreadLocal
1943:             1             64  java.util.ResourceBundle$1
1944:             2             64  org.apache.maven.DefaultArtifactFilterManager
1945:             2             64  org.apache.maven.artifact.handler.manager.DefaultArtifactHandlerManager
1946:             2             64  org.codehaus.plexus.classworlds.ClassWorld
1947:             2             64  net.sf.ezmorph.object.BooleanObjectMorpher
1948:             1             64  org.jenkinsci.plugins.database.GlobalDatabaseConfiguration
1949:             2             64  org.apache.maven.lifecycle.Scheduling
1950:             1             64  hudson.tasks.Ant$DescriptorImpl
1951:             2             64  sun.awt.MostRecentKeyValue
1952:             2             64  hudson.plugins.ws_cleanup.Pattern
1953:             2             64  [Lorg.acegisecurity.GrantedAuthority;
1954:             2             64  [Lorg.apache.maven.execution.MavenSession;
1955:             1             64  [Ljavax.jmdns.ServiceInfo$Fields;
1956:             2             64  net.sf.ezmorph.object.CharacterObjectMorpher
1957:             1             64  org.apache.commons.beanutils.WrapDynaClass$2
1958:             1             64  hudson.scm.listtagsparameter.ListSubversionTagsParameterDefinition$DescriptorImpl
1959:             2             64  hudson.util.PersistedList$ConverterImpl
1960:             1             64  sun.awt.AWTAutoShutdown
1961:             2             64  [Ljava.awt.Stroke;
1962:             1             64  hudson.tasks.Ant$AntInstallation$DescriptorImpl
1963:             1             64  hudson.plugins.jira.JiraProjectProperty$DescriptorImpl
1964:             2             64  org.bouncycastle.jcajce.provider.asymmetric.ec.KeyFactorySpi$EC
1965:             2             64  org.apache.commons.jexl.util.introspection.Info
1966:             1             64  org.jenkinsci.plugins.database.mysql.MySQLDatabase$DescriptorImpl
1967:             2             64  org.apache.maven.model.superpom.DefaultSuperPomProvider
1968:             1             64  hudson.scm.CvsRepositoryLocation$HeadRepositoryLocation$HeadRepositoryLocationDescriptor
1969:             1             64  sun.awt.AWTAutoShutdown$PeerMap
1970:             1             64  com.barchart.jenkins.cascade.CascadeOptions
1971:             1             64  [Lorg.sonatype.inject.BeanScanning;
1972:             2             64  org.apache.maven.project.ProjectBuildingRequest$RepositoryMerging
1973:             1             64  hudson.scm.CvsRepositoryLocation$TagRepositoryLocation$TagRepositoryLocationDescriptor
1974:             1             64  com.barchart.jenkins.cascade.LayoutOptions$TheDescriptor
1975:             2             64  org.apache.maven.rtinfo.internal.DefaultRuntimeInformation
1976:             2             64  com.sun.org.apache.xerces.internal.impl.xpath.regex.Token$UnionToken
1977:             1             64  sun.nio.ch.SelectionKeyImpl
1978:             1             64  javax.jmdns.impl.HostInfo$HostInfoState
1979:             1             64  hudson.scm.CvsRepositoryLocation$BranchRepositoryLocation$BranchRepositoryLocationDescriptor
1980:             2             64  org.apache.maven.model.building.DefaultModelProcessor
1981:             2             64  org.springframework.web.context.support.ServletContextAwareProcessor
1982:             2             64  org.sonatype.guice.plexus.locators.DefaultPlexusBeanLocator
1983:             2             64  com.google.inject.internal.cglib.core.$AbstractClassGenerator$Source
1984:             2             64  org.apache.maven.model.plugin.DefaultLifecycleBindingsInjector
1985:             2             64  java.net.InetAddress$Cache
1986:             1             64  javax.imageio.ImageTypeSpecifier$Packed
1987:             1             64  org.kohsuke.stapler.Stapler
1988:             1             64  jp.ikedam.jenkins.plugins.extensible_choice_parameter.GlobalTextareaChoiceListProvider$DescriptorImpl
1989:             1             64  [[[S
1990:             2             64  java.net.InetAddress$Cache$Type
1991:             1             64  [[[I
1992:             1             64  [Ljavax.jmdns.impl.constants.DNSOptionCode;
1993:             1             64  org.jfree.chart.block.RectangleConstraint
1994:             1             64  [Ljava.lang.management.MemoryPoolMXBean;
1995:             2             64  org.springframework.web.context.support.ServletContextResourcePatternResolver
1996:             1             64  hudson.plugins.git.GitTool$DescriptorImpl
1997:             1             64  org.codehaus.groovy.runtime.metaclass.MetaClassRegistryImpl
1998:             1             64  [Lorg.sonatype.guice.bean.locators.QualifyingStrategy;
1999:             4             64  hudson.slaves.OfflineCause$LaunchFailed
2000:             1             64  [Lorg.apache.mina.core.service.IoProcessor;
2001:             1             64  [Lsun.font.FontDesignMetrics;
2002:             2             64  org.apache.sshd.common.Cipher$Mode
2003:             4             64  org.sonatype.aether.util.graph.transformer.JavaEffectiveScopeCalculator
2004:             1             64  hudson.slaves.ComputerRetentionWork
2005:             2             64  org.apache.maven.project.DefaultProjectDependenciesResolver
2006:             1             64  [[[Lsun.awt.FontDescriptor;
2007:             1             64  hudson.security.AbstractPasswordBasedSecurityRealm$Authenticator
2008:             1             64  org.jenkinsci.plugins.conditionalbuildstep.singlestep.SingleConditionalBuilder$SingleConditionalBuilderDescriptor
2009:             1             64  hudson.ProxyConfiguration
2010:             2             64  hudson.matrix.AxisList$ConverterImpl
2011:             1             64  sun.nio.ch.ServerSocketAdaptor
2012:             2             64  java.util.BitSet
2013:             1             64  org.jenkinsci.main.modules.instance_identity.PageDecoratorImpl
2014:             1             64  org.codehaus.groovy.control.StaticImportVisitor
2015:             1             64  [Lhudson.scheduler.CronTab$CalendarField;
2016:             1             64  org.apache.mina.core.service.DefaultTransportMetadata
2017:             1             64  java.text.RBCollationTables
2018:             2             64  org.kohsuke.stapler.ResponseImpl$OutputMode
2019:             1             64  org.jruby.ext.posix.POSIXFactory$1
2020:             1             64  hudson.plugins.groovy.GroovyInstallation$DescriptorImpl
2021:             1             64  hudson.model.JDK$DescriptorImpl
2022:             1             64  hudson.slaves.RetentionStrategy$1$DescriptorImpl
2023:             1             64  hudson.tasks.Shell$DescriptorImpl
2024:             1             64  hudson.tasks.Maven$DescriptorImpl
2025:             1             64  [Lsun.java2d.loops.RenderLoops;
2026:             1             64  winstone.HttpListener
2027:             1             64  [Lsun.java2d.loops.SurfaceType;
2028:             2             64  org.apache.maven.lifecycle.internal.ThreadConfigurationService
2029:             2             64  org.springframework.context.event.SimpleApplicationEventMulticaster
2030:             1             64  org.apache.mina.core.service.AbstractIoService$ServiceOperationFuture
2031:             4             64  org.sonatype.aether.util.graph.transformer.NearestVersionConflictResolver
2032:             1             64  java.awt.image.SinglePixelPackedSampleModel
2033:             2             64  hudson.ExtensionListView$1
2034:             2             64  org.sonatype.guice.plexus.binders.PlexusBeanBinder
2035:             2             64  javax.crypto.SunJCE_d
2036:             1             64  hudson.triggers.Trigger$Cron
2037:             4             64  sun.net.www.protocol.jar.Handler
2038:             2             64  hudson.slaves.EnvironmentVariablesNodeProperty
2039:             2             64  hudson.tasks.BuildTrigger
2040:             1             64  hudson.tasks.Maven$MavenInstallation$DescriptorImpl
2041:             1             64  [Ljavax.jmdns.impl.JmDNSImpl$Operation;
2042:             2             64  org.acegisecurity.AuthenticationTrustResolverImpl
2043:             2             64  org.apache.maven.eventspy.internal.EventSpyDispatcher
2044:             4             64  org.sonatype.aether.util.graph.transformer.JavaDependencyContextRefiner
2045:             1             64  javaposse.jobdsl.plugin.ExecuteDslScripts$DescriptorImpl
2046:             1             64  org.jenkinsci.plugins.database.GenericDatabase$DescriptorImpl
2047:             2             64  org.tomfolga.PomModulesShortColumn
2048:             2             64  org.codehaus.groovy.util.ReferenceType$HardRef
2049:             2             64  sun.security.jca.ProviderList$3
2050:             1             64  sun.java2d.NullSurfaceData
2051:             4             64  org.sonatype.aether.util.graph.traverser.FatArtifactTraverser
2052:             1             64  hudson.plugins.disk_usage.DiskUsageProperty$DiskUsageDescriptor
2053:             1             64  org.jenkinsci.plugins.envinject.EnvInjectNodeProperty$EnvInjectNodePropertyDescriptor
2054:             2             64  [Ljava.util.List;
2055:             1             64  sun.text.normalizer.IntTrie
2056:             1             64  [Lsun.security.jca.ServiceId;
2057:             2             64  hudson.plugins.ws_cleanup.Pattern$PatternType
2058:             1             64  [Lsun.font.CharToGlyphMapper;
2059:             2             64  org.sonatype.aether.impl.internal.DefaultLocalRepositoryProvider
2060:             2             64  org.apache.commons.lang.time.FastDateFormat$TextField
2061:             1             64  hudson.scm.CvsModuleLocation$HeadModuleLocation$HeadModuleLocationDescriptor
2062:             1             64  org.jvnet.hudson.plugins.repositoryconnector.Repository
2063:             1             64  org.jruby.ext.posix.LinuxPOSIX
2064:             1             64  hudson.scm.CvsModuleLocation$TagModuleLocation$TagModuleLocationDescriptor
2065:             2             64  org.sonatype.guice.bean.locators.InjectorPublisher
2066:             2             64  org.apache.maven.plugin.DefaultBuildPluginManager
2067:             1             64  com.barchart.jenkins.cascade.CascadeOptions$TheDescriptor
2068:             2             64  org.apache.maven.lifecycle.DefaultLifecycles
2069:             2             64  org.apache.maven.lifecycle.internal.LifecycleThreadedBuilder
2070:             2             64  org.apache.maven.lifecycle.internal.DefaultLifecycleTaskSegmentCalculator
2071:             1             64  hudson.scm.CvsModuleLocation$BranchModuleLocation$BranchModuleLocationDescriptor
2072:             2             64  sun.nio.ch.NativeThreadSet
2073:             1             56  de.fspengler.hudson.pview.UserPersonalViewProperty$UserPersonalViewPropertyDescriptor
2074:             1             56  hudson.tools.ToolLocationNodeProperty$DescriptorImpl
2075:             1             56  org.jenkins_ci.plugins.run_condition.core.NumericalComparisonCondition$LessThanOrEqualTo$LessThanOrEqualToDescriptor
2076:             1             56  hudson.plugins.sectioned_view.TestResultViewSection$DescriptorImpl
2077:             1             56  jenkins.model.DefaultUserCanonicalIdResolver$1
2078:             1             56  jenkins.model.GlobalQuietPeriodConfiguration
2079:             1             56  hudson.console.ModelHyperlinkNote$DescriptorImpl
2080:             1             56  hudson.plugins.git.browser.FisheyeGitRepositoryBrowser$FisheyeGitRepositoryBrowserDescriptor
2081:             1             56  com.tikal.jenkins.plugins.multijob.PhaseJobsConfig$DescriptorImpl
2082:             1             56  hudson.plugins.mercurial.browser.FishEye$DescriptorImpl
2083:             1             56  org.jenkinsci.plugins.scriptler.share.gh.CentralScriptJsonCatalog
2084:             1             56  org.jenkins.ci.plugins.column.console.LastUnsuccessfulBuildColumn$ConsoleColumnDescriptor
2085:             1             56  hudson.model.Queue$MaintainTask
2086:             1             56  org.codehaus.groovy.runtime.dgmimpl.NumberNumberMinus
2087:             1             56  jenkins.plugins.publish_over_ssh.options.SshOverrideTransferDefaults$SshOverrideTransferDefaultsDescriptor
2088:             1             56  org.jenkins_ci.plugins.run_condition.BuildStepRunner$Unstable$UnstableDescriptor
2089:             1             56  hudson.tasks._maven.MavenWarningNote$DescriptorImpl
2090:             1             56  org.acegisecurity.ui.basicauth.BasicProcessingFilter
2091:             1             56  jenkins.security.ApiTokenProperty$DescriptorImpl
2092:             1             56  hudson.matrix.DefaultMatrixExecutionStrategyImpl$DescriptorImpl
2093:             1             56  jp.ikedam.jenkins.plugins.extensible_choice_parameter.FilenameChoiceListProvider$DescriptorImpl
2094:             1             56  hudson.scm.browsers.OpenGrok$DescriptorImpl
2095:             1             56  org.jenkins_ci.plugins.run_condition.core.NumericalComparisonCondition$GreaterThanOrEqualTo$GreaterThanOrEqualToDescriptor
2096:             1             56  hudson.security.AuthorizationMatrixProperty$DescriptorImpl
2097:             1             56  hudson.ExtensionFinder$GuiceFinder
2098:             1             56  sun.nio.cs.StandardCharsets$Cache
2099:             1             56  hudson.tasks._ant.AntTargetNote$DescriptorImpl
2100:             1             56  hudson.plugins.sectioned_view.ListViewSection$DescriptorImpl
2101:             1             56  org.codehaus.groovy.runtime.dgmimpl.arrays.DoubleArrayPutAtMetaMethod
2102:             1             56  org.jenkins_ci.plugins.run_condition.BuildStepRunner$RunUnstable$RunUnstableDescriptor
2103:             1             56  hudson.plugins.git.browser.RhodeCode$RhodeCodeDescriptor
2104:             1             56  hudson.model.LoadStatistics$LoadStatisticsUpdater
2105:             1             56  hudson.os.solaris.ZFSProvisioner$DescriptorImpl
2106:             1             56  jenkins.model.Jenkins$DescriptorImpl
2107:             1             56  com.tikal.jenkins.plugins.multijob.views.JobColumn$DescriptorImpl
2108:             1             56  hudson.plugins.groovy.GroovyInstaller$DescriptorImpl
2109:             1             56  hudson.plugins.jira.JiraIssueUpdater$DescriptorImpl
2110:             1             56  hudson.plugins.active_directory.ActiveDirectorySecurityRealm$DescriptorImpl
2111:             1             56  javaposse.jobdsl.plugin.SeedJobsProperty$DescriptorImpl
2112:             1             56  hudson.scm.CvsAuthentication$CvsAuthenticationDescriptor
2113:             1             56  hudson.maven.RedeployPublisher$DescriptorImpl
2114:             1             56  hudson.model.ParametersDefinitionProperty$DescriptorImpl
2115:             1             56  org.codehaus.groovy.runtime.dgmimpl.NumberNumberDiv
2116:             1             56  hudson.tasks._ant.AntOutcomeNote$DescriptorImpl
2117:             1             56  jenkins.plugins.publish_over_ssh.descriptor.BapSshCredentialsDescriptor
2118:             1             56  hudson.tasks._maven.Maven3MojoNote$DescriptorImpl
2119:             1             56  hudson.plugins.git.UserMergeOptions$DescriptorImpl
2120:             1             56  org.jenkins_ci.plugins.run_condition.core.TimeCondition$TimeConditionDescriptor
2121:             1             56  org.jenkins_ci.plugins.run_condition.BuildStepRunner$Run$RunDescriptor
2122:             1             56  hudson.plugins.parameterizedtrigger.SubversionRevisionBuildParameters$DescriptorImpl
2123:             1             56  org.jenkins.ci.plugins.column.console.LastUnstableBuildColumn$ConsoleColumnDescriptor
2124:             1             56  hudson.security.PAMSecurityRealm$DescriptorImpl
2125:             1             56  com.tikal.jenkins.plugins.multijob.views.ConsoleColumn$DescriptorImpl
2126:             1             56  hudson.model.BooleanParameterDefinition$DescriptorImpl
2127:             1             56  jenkins.plugins.publish_over_ssh.descriptor.BapSshTransferDescriptor
2128:             1             56  com.barchart.jenkins.cascade.LayoutBuildWrapper$TheDescriptor
2129:             1             56  groovy.lang.GroovyClassLoader$ClassCollector
2130:             1             56  org.jenkins.ci.plugins.keyboard_shortcuts.KeyboardShortcutsPageDecorator
2131:             1             56  hudson.plugins.jira.JiraCreateReleaseNotes$Descriptor
2132:             1             56  org.acegisecurity.providers.anonymous.AnonymousAuthenticationToken
2133:             1             56  hudson.plugins.ws_cleanup.PreBuildCleanup$DescriptorImpl
2134:             1             56  hudson.security.LegacyAuthorizationStrategy$DescriptorImpl
2135:             1             56  hudson.scm.browsers.ViewSVN$DescriptorImpl
2136:             2             56  [Lcom.google.inject.internal.asm.$Type;
2137:             1             56  hudson.plugins.mercurial.browser.BitBucket$DescriptorImpl
2138:             1             56  jenkins.mvn.FilePathSettingsProvider$DescriptorImpl
2139:             1             56  hudson.plugins.parameterizedtrigger.FileBuildParameterFactory$DescriptorImpl
2140:             1             56  org.jenkins_ci.plugins.run_condition.BuildStepRunner$DontRun$DontRunDescriptor
2141:             1             56  hudson.os.windows.ManagedWindowsServiceConnector$DescriptorImpl
2142:             1             56  hudson.scm.CvsTagsParamDefinition$ListCvsTagsParameterDefinitionDescriptor
2143:             1             56  [Ljava.lang.ref.SoftReference;
2144:             1             56  hudson.maven.local_repo.PerExecutorLocalRepositoryLocator$DescriptorImpl
2145:             1             56  hudson.plugins.jira.versionparameter.JiraVersionParameterDefinition$DescriptorImpl
2146:             1             56  hudson.security.AuthorizationStrategy$Unsecured$DescriptorImpl
2147:             1             56  org.jenkinsci.plugins.envinject.EnvInjectPasswordWrapper$DescriptorImpl
2148:             1             56  hudson.plugins.git.util.InverseBuildChooser$DescriptorImpl
2149:             1             56  jp.ikedam.jenkins.plugins.extensible_choice_parameter.TextareaChoiceListProvider$DescriptorImpl
2150:             1             56  com.cloudbees.jenkins.plugins.sshcredentials.impl.BasicSSHUserPassword$DescriptorImpl
2151:             1             56  hudson.plugins.ws_cleanup.Pattern$DescriptorImpl
2152:             1             56  hudson.tasks.JavadocArchiver$DescriptorImpl
2153:             1             56  jenkins.mvn.FilePathGlobalSettingsProvider$DescriptorImpl
2154:             1             56  hudson.plugins.nested_view.NestedView$DescriptorImpl
2155:             1             56  jenkins.plugins.publish_over_ssh.options.SshOverrideParamPublishDefaults$SshOverrideParamPublishDefaultsDescriptor
2156:             1             56  hudson.plugins.view.dashboard.stats.StatBuilds$DescriptorImpl
2157:             1             56  hudson.tasks.LogRotator$LRDescriptor
2158:             1             56  hudson.plugins.parameterizedtrigger.matrix.MatrixSubsetBuildParameters$DescriptorImpl
2159:             1             56  hudson.plugins.groovy.FileScriptSource$DescriptorImpl
2160:             1             56  org.jenkins_ci.plugins.run_condition.core.NeverRun$NeverRunDescriptor
2161:             1             56  com.barchart.jenkins.cascade.PluginActivator$TheDescriptor
2162:             1             56  javax.crypto.SunJCE_k
2163:             1             56  hudson.maven.reporters.MavenFingerprinter$DescriptorImpl
2164:             1             56  eu.markov.jenkins.plugin.mvnmeta.MavenMetadataParameterDefinition$DescriptorImpl
2165:             1             56  hudson.scm.cvstagging.LegacyTagAction$LegacyTagActionDescriptor
2166:             1             56  org.jvnet.jenkins.plugins.nodelabelparameter.LabelParameterDefinition$DescriptorImpl
2167:             1             56  hudson.plugins.measurement_plots.TestDataPublisher$DescriptorImpl
2168:             1             56  hudson.model.MyViewsProperty$DescriptorImpl
2169:             1             56  javax.swing.plaf.metal.MetalLookAndFeel$AATextListener
2170:             1             56  hudson.slaves.NodeProvisioner$NodeProvisionerInvoker
2171:             1             56  hudson.plugins.timestamper.TimestamperBuildWrapper$DescriptorImpl
2172:             1             56  hudson.model.DownloadService
2173:             1             56  org.codehaus.groovy.runtime.dgmimpl.arrays.ObjectArrayGetAtMetaMethod
2174:             1             56  hudson.plugins.view.dashboard.core.UnstableJobsPortlet$DescriptorImpl
2175:             1             56  hudson.plugins.ws_cleanup.WsCleanup$DescriptorImpl
2176:             1             56  jenkins.plugins.publish_over_ssh.BapSshPostBuildWrapper$Descriptor
2177:             1             56  hudson.plugins.git.browser.GitBlitRepositoryBrowser$ViewGitWebDescriptor
2178:             1             56  hudson.tasks.BuildTrigger$DescriptorImpl
2179:             1             56  [Lcom.sun.org.apache.xerces.internal.impl.dv.xs.AbstractDateTimeDV$DateTimeData;
2180:             1             56  hudson.markup.RawHtmlMarkupFormatter$DescriptorImpl
2181:             1             56  org.jenkins_ci.plugins.run_condition.core.FileExistsCondition$FileExistsConditionDescriptor
2182:             1             56  sun.security.validator.SimpleValidator
2183:             1             56  org.jvnet.jenkins.plugins.nodelabelparameter.NodeParameterDefinition$DescriptorImpl
2184:             1             56  jenkins.plugins.publish_over_ssh.options.SshOverridePublisherLabelDefaults$SshOverridePublisherLabelDefaultsDescriptor
2185:             1             56  hudson.tasks._maven.MavenMojoNote$DescriptorImpl
2186:             1             56  hudson.slaves.DumbSlave$DescriptorImpl
2187:             1             56  hudson.plugins.parameterizedtrigger.CounterBuildParameterFactory$DescriptorImpl
2188:             1             56  java.util.regex.Pattern$GroupCurly
2189:             1             56  com.barchart.jenkins.cascade.CascadeProject$TheDescriptor
2190:             1             56  hudson.plugins.view.dashboard.core.HudsonStdJobsPortlet$DescriptorImpl
2191:             1             56  hudson.scm.browsers.ViewCVS$DescriptorImpl
2192:             1             56  hudson.scm.browsers.Sventon2$DescriptorImpl
2193:             1             56  hudson.model.StringParameterDefinition$DescriptorImpl
2194:             1             56  hudson.views.LastFailureColumn$DescriptorImpl
2195:             1             56  [Ljava.util.Set;
2196:             1             56  jenkins.mvn.DefaultSettingsProvider$DescriptorImpl
2197:             1             56  jenkins.model.GlobalSCMRetryCountConfiguration
2198:             1             56  org.jvnet.jenkins.plugins.nodelabelparameter.parameterizedtrigger.AllNodesForLabelBuildParameterFactory$DescriptorImpl
2199:             1             56  hudson.plugins.git.browser.Stash$StashDescriptor
2200:             1             56  com.cwctravel.hudson.plugins.extended_choice_parameter.ExtendedChoiceParameterDefinition$DescriptorImpl
2201:             1             56  jenkins.plugins.publish_over_ssh.BapSshRetry$BapSshRetryDescriptor
2202:             1             56  hudson.model.AllView$DescriptorImpl
2203:             1             56  org.jenkins_ci.plugins.run_condition.core.CauseCondition$CauseConditionDescriptor
2204:             1             56  jenkins.plugins.publish_over_ssh.BapSshBuilderPlugin$Descriptor
2205:             1             56  hudson.matrix.LabelAxis$DescriptorImpl
2206:             1             56  hudson.plugins.view.dashboard.core.ImagePortlet$DescriptorImpl
2207:             1             56  hudson.scm.browsers.CvsFacadeRepositoryBrowser$CvsFacadeRepositoryBrowserDescriptor
2208:             1             56  jp.ikedam.jenkins.plugins.extensible_choice_parameter.SystemGroovyChoiceListProvider$DescriptorImpl
2209:             1             56  hudson.scm.browsers.WebSVN$DescriptorImpl
2210:             1             56  hudson.plugins.setenv.SetEnvBuildWrapper$DescriptorImpl
2211:             1             56  hudson.scm.browsers.Assembla$DescriptorImpl
2212:             1             56  org.jenkinsci.plugins.conditionalbuildstep.LegacyBuildstepCondition$LegacyConditionDescriptor
2213:             1             56  hudson.triggers.TimerTrigger$DescriptorImpl
2214:             1             56  org.jvnet.jenkins.plugins.nodelabelparameter.parameterizedtrigger.AllNodesBuildParameterFactory$DescriptorImpl
2215:             1             56  hudson.plugins.git.util.DefaultBuildChooser$DescriptorImpl
2216:             1             56  org.codehaus.groovy.runtime.dgmimpl.arrays.ObjectArrayPutAtMetaMethod
2217:             1             56  jenkins.plugins.publish_over_ssh.descriptor.BapSshCommonConfigurationDescriptor
2218:             1             56  hudson.plugins.batch_task.BatchTaskInvoker$Config$DescriptorImpl
2219:             1             56  hudson.plugins.view.dashboard.test.TestStatisticsChart$DescriptorImpl
2220:             1             56  org.jenkins_ci.plugins.run_condition.core.BooleanCondition$BooleanConditionDescriptor
2221:             1             56  com.barchart.jenkins.cascade.ProjectIdentity$TheDescriptor
2222:             1             56  hudson.plugins.sectioned_view.ViewListingSection$DescriptorImpl
2223:             1             56  hudson.scm.browsers.CollabNetSVN$DescriptorImpl
2224:             1             56  jenkins.plugins.publish_over_ssh.options.SshOverridePublisherDefaults$SshOverridePublisherDefaultsDescriptor
2225:             1             56  au.com.centrumsystems.hudson.plugin.buildpipeline.dashboard.BuildPipelineDashboard$BuildPipelineDashboardDescriptor
2226:             1             56  org.jvnet.jenkins.plugins.nodelabelparameter.parameterizedtrigger.NodeLabelBuildParameter$DescriptorImpl
2227:             1             56  hudson.plugins.git.browser.GitoriousWeb$GitoriousWebDescriptor
2228:             1             56  hudson.scm.subversion.CheckoutUpdater$DescriptorImpl
2229:             1             56  jenkins.scm.DefaultSCMCheckoutStrategyImpl$DescriptorImpl
2230:             1             56  org.codehaus.groovy.runtime.dgmimpl.arrays.BooleanArrayGetAtMetaMethod
2231:             1             56  hudson.plugins.view.dashboard.core.JobsPortlet$DescriptorImpl
2232:             1             56  hudson.scm.browsers.SVNWeb$DescriptorImpl
2233:             1             56  hudson.plugins.batch_task.BatchTaskInvoker$DescriptorImpl
2234:             1             56  org.jenkins_ci.plugins.run_condition.contributed.BatchFileCondition$BatchFileConditionDescriptor
2235:             1             56  hudson.matrix.TextAxis$DescriptorImpl
2236:             1             56  hudson.plugins.copyartifact.PermalinkBuildSelector$DescriptorImpl
2237:             1             56  jenkins.plugins.publish_over_ssh.descriptor.BapSshPublisherDescriptor
2238:             1             56  org.jenkinsci.plugins.periodicbackup.PeriodicBackupLink$DescriptorImpl
2239:             1             56  org.jenkinsci.plugins.conditionalbuildstep.ConditionalBuilder$DescriptorImpl
2240:             1             56  hudson.scm.CvsRepository$DescriptorImpl
2241:             1             56  hudson.plugins.sectioned_view.SectionedViewPageDecorator
2242:             1             56  hudson.security.GlobalMatrixAuthorizationStrategy$DescriptorImpl
2243:             1             56  com.tikal.jenkins.plugins.multijob.views.LastSuccessColumn$DescriptorImpl
2244:             1             56  hudson.tools.JDKInstaller$JDKList
2245:             1             56  hudson.model.ExternalJob$DescriptorImpl
2246:             1             56  hudson.security.LegacySecurityRealm$1
2247:             1             56  hudson.tasks.Ant$AntInstaller$DescriptorImpl
2248:             1             56  com.barchart.jenkins.cascade.LayoutOptions
2249:             1             56  hudson.scm.subversion.UpdateWithCleanUpdater$DescriptorImpl
2250:             1             56  hudson.plugins.view.dashboard.stats.StatSlaves$DescriptorImpl
2251:             1             56  hudson.os.windows.ManagedWindowsServiceAccount$LocalSystem$DescriptorImpl
2252:             1             56  hudson.security.ProjectMatrixAuthorizationStrategy$1
2253:             1             56  org.jenkins_ci.plugins.run_condition.logic.And$AndDescriptor
2254:             1             56  jenkins.plugins.publish_over_ssh.options.SshPluginDefaults$SshPluginDefaultsDescriptor
2255:             1             56  org.codehaus.groovy.runtime.dgmimpl.arrays.BooleanArrayPutAtMetaMethod
2256:             1             56  hudson.scm.browsers.Sventon$DescriptorImpl
2257:             1             56  jenkins.model.GlobalPluginConfiguration
2258:             1             56  hudson.maven.reporters.BuildInfoRecorder$DescriptorImpl
2259:             1             56  org.jvnet.jenkins.plugins.nodelabelparameter.parameterizedtrigger.NodeListBuildParameterFactory$DescriptorImpl
2260:             1             56  hudson.tasks.test.AggregatedTestResultPublisher$DescriptorImpl
2261:             1             56  jenkins.plugins.publish_over_ssh.BapSshPreBuildWrapper$Descriptor
2262:             1             56  org.jenkinsci.plugins.conditionalbuildstep.lister.DefaultBuilderDescriptorLister$DescriptorImpl
2263:             1             56  com.michelin.cio.hudson.plugins.rolestrategy.RoleBasedAuthorizationStrategy$DescriptorImpl
2264:             1             56  hudson.scm.cvstagging.CvsTagActionDescriptor
2265:             1             56  hudson.plugins.sectioned_view.TextSection$DescriptorImpl
2266:             1             56  hudson.plugins.view.dashboard.stats.StatJobs$DescriptorImpl
2267:             1             56  au.com.centrumsystems.hudson.plugin.buildpipeline.trigger.BuildPipelineTrigger$DescriptorImpl
2268:             1             56  hudson.os.windows.ManagedWindowsServiceAccount$Administrator$DescriptorImpl
2269:             1             56  groovy.lang.MetaClassImpl$DummyMetaMethod
2270:             1             56  hudson.scm.SubversionTagAction$DescriptorImpl
2271:             1             56  [Ljenkins.model.lazy.Boundary;
2272:             1             56  hudson.console.ExpandableDetailsNote$DescriptorImpl
2273:             1             56  hudson.os.windows.ManagedWindowsServiceLauncher$AccountInfo$DescriptorImpl
2274:             1             56  hudson.scm.subversion.UpdateUpdater$DescriptorImpl
2275:             1             56  [Lorg.owasp.html.HtmlLexer$State;
2276:             1             56  org.jenkins_ci.plugins.run_condition.core.DayCondition$DayConditionDescriptor
2277:             1             56  hudson.plugins.git.browser.RedmineWeb$RedmineWebDescriptor
2278:             1             56  hudson.slaves.EnvironmentVariablesNodeProperty$DescriptorImpl
2279:             1             56  jenkins.plugins.publish_over_ssh.options.SshOverrideDefaults$SshOverrideDefaultsDescriptor
2280:             1             56  org.codehaus.groovy.runtime.dgmimpl.arrays.ByteArrayGetAtMetaMethod
2281:             1             56  org.jenkinsci.plugins.conditionalbuildstep.BuilderChain$DescriptorImpl
2282:             1             56  hudson.plugins.sectioned_view.SectionedView$DescriptorImpl
2283:             1             56  com.cloudbees.jenkins.plugins.sshcredentials.impl.BasicSSHUserPrivateKey$DescriptorImpl
2284:             1             56  hudson.model.PasswordParameterDefinition$ParameterDescriptorImpl
2285:             1             56  jenkins.model.Jenkins$6
2286:             1             56  jenkins.plugins.publish_over_ssh.options.SshOverrideInstanceConfigDefaults$SshOverrideInstanceConfigDefaultsDescriptor
2287:             1             56  hudson.os.windows.ManagedWindowsServiceAccount$AnotherUser$DescriptorImpl
2288:             1             56  hudson.plugins.view.dashboard.test.TestStatisticsPortlet$DescriptorImpl
2289:             1             56  hudson.scm.subversion.UpdateWithRevertUpdater$DescriptorImpl
2290:             1             56  hudson.scm.CvsRepositoryItem$CvsRepositoryItemDescriptor
2291:             1             56  hudson.os.windows.ManagedWindowsServiceLauncher$DescriptorImpl
2292:             1             56  hudson.plugins.textfinder.TextFinderPublisher$DescriptorImpl
2293:             1             56  hudson.plugins.downstream_ext.DownstreamTrigger$DescriptorImpl
2294:             1             56  hudson.tasks.Fingerprinter$DescriptorImpl
2295:             1             56  hudson.plugins.parameterizedtrigger.BuildTrigger$DescriptorImpl
2296:             1             56  hudson.plugins.jira.JiraReleaseVersionUpdater$DescriptorImpl
2297:             1             56  hudson.plugins.jquery.JQuery
2298:             1             56  org.jenkinsci.plugins.periodicbackup.LocalDirectory$DescriptorImpl
2299:             1             56  jp.ikedam.jenkins.plugins.extensible_choice_parameter.ExtensibleChoiceParameterDefinition$DescriptorImpl
2300:             1             56  hudson.views.MyViewsTabBar$GlobalConfigurationImpl
2301:             1             56  hudson.model.ChoiceParameterDefinition$DescriptorImpl
2302:             1             56  hudson.plugins.git.browser.GithubWeb$GithubWebDescriptor
2303:             1             56  hudson.plugins.view.dashboard.builds.LatestBuilds$DescriptorImpl
2304:             1             56  hudson.views.JobColumn$DescriptorImpl
2305:             1             56  hudson.views.WeatherColumn$DescriptorImpl
2306:             1             56  org.codehaus.groovy.runtime.dgmimpl.arrays.ByteArrayPutAtMetaMethod
2307:             1             56  org.jenkinsci.plugins.envinject.EnvInjectJobProperty$DescriptorImpl
2308:             1             56  hudson.plugins.jquery_ui.JQueryUI
2309:             1             56  org.jenkins_ci.plugins.run_condition.core.DayCondition$Weekday$WeekdayDescriptor
2310:             1             56  hudson.plugins.parameterizedtrigger.NodeParameters$DescriptorImpl
2311:             1             56  hudson.security.LDAPSecurityRealm$DescriptorImpl
2312:             1             56  hudson.plugins.batch_task.BatchTaskProperty$DescriptorImpl
2313:             1             56  jenkins.model.GlobalCloudConfiguration
2314:             1             56  hudson.scm.browsers.FishEyeSVN$DescriptorImpl
2315:             1             56  hudson.plugins.git.browser.ViewGitWeb$ViewGitWebDescriptor
2316:             1             56  hudson.plugins.greenballs.ColorBlindPropertyDescriptor
2317:             1             56  org.jvnet.hudson.plugins.shelveproject.ShelveProjectProperty$DescriptorImpl
2318:             1             56  org.codehaus.groovy.control.io.StringReaderSource
2319:             1             56  [Ljava.awt.Color;
2320:             1             56  hudson.plugins.view.dashboard.core.IframePortlet$DescriptorImpl
2321:             1             56  hudson.maven.reporters.MavenMailer$DescriptorImpl
2322:             1             56  [Lorg.codehaus.groovy.util.ReferenceType;
2323:             1             56  hudson.slaves.CommandLauncher$DescriptorImpl
2324:             1             56  org.jenkinsci.main.modules.cli.auth.ssh.UserPropertyImpl$DescriptorImpl
2325:             1             56  jp.ikedam.jenkins.plugins.extensible_choice_parameter.GlobalTextareaChoiceListEntry$DescriptorImpl
2326:             1             56  jenkins.plugins.publish_over_ssh.descriptor.BapSshHostConfigurationDescriptor
2327:             1             56  org.tomfolga.PomDependenciesWithinGroupIdColumn$DescriptorImpl
2328:             1             56  hudson.console.HudsonExceptionNote$DescriptorImpl
2329:             1             56  com.tikal.jenkins.plugins.multijob.MultiJobProject$DescriptorImpl
2330:             1             56  org.codehaus.groovy.runtime.dgmimpl.arrays.CharacterArrayGetAtMetaMethod
2331:             1             56  org.jenkins_ci.plugins.run_condition.core.DayCondition$Weekend$WeekendDescriptor
2332:             1             56  [Ljavax.swing.UIManager$LookAndFeelInfo;
2333:             1             56  hudson.plugins.git.GitTagAction$DescriptorImpl
2334:             1             56  com.barchart.jenkins.cascade.GraphViewColumn$TheDescriptor
2335:             1             56  hudson.plugins.git.UserRemoteConfig$DescriptorImpl
2336:             1             56  hudson.plugins.nextexecutions.columns.NextExecutionColumn$DescriptorImpl
2337:             1             56  hudson.plugins.view.dashboard.Dashboard$DescriptorImpl
2338:             1             56  hudson.views.DefaultViewsTabBar$DescriptorImpl
2339:             1             56  hudson.tools.CommandInstaller$DescriptorImpl
2340:             1             56  com.cloudbees.plugins.credentials.UserCredentialsProvider$UserCredentialsProperty$DescriptorImpl
2341:             1             56  hudson.matrix.JDKAxis$DescriptorImpl
2342:             1             56  com.cloudbees.jenkins.plugins.sshcredentials.impl.BasicSSHUserPrivateKey$DirectEntryPrivateKeySource$DescriptorImpl
2343:             1             56  javax.swing.LayoutFocusTraversalPolicy
2344:             1             56  hudson.views.LastDurationColumn$DescriptorImpl
2345:             1             56  jenkins.plugins.publish_over_ssh.BapSshParamPublish$BapSshParamPublishDescriptor
2346:             1             56  com.tikal.jenkins.plugins.multijob.views.LastDurationColumn$DescriptorImpl
2347:             1             56  hudson.util.DoubleLaunchChecker
2348:             1             56  com.seitenbau.jenkins.plugins.dynamicparameter.StringParameterDefinition$DescriptorImpl
2349:             1             56  hudson.plugins.view.dashboard.test.TestTrendChart$DescriptorImpl
2350:             1             56  org.codehaus.groovy.runtime.dgmimpl.arrays.CharacterArrayPutAtMetaMethod
2351:             1             56  org.jenkins_ci.plugins.run_condition.core.AlwaysRun$AlwaysRunDescriptor
2352:             1             56  hudson.search.UserSearchProperty$DescriptorImpl
2353:             1             56  hudson.model.ProxyView$DescriptorImpl
2354:             1             56  hudson.plugins.jira.JiraCreateIssueNotifier$DescriptorImpl
2355:             1             56  hudson.maven.reporters.MavenJavadocArchiver$DescriptorImpl
2356:             1             56  hudson.FileSystemProvisioner$Default$DescriptorImpl
2357:             1             56  org.jenkins_ci.plugins.run_condition.core.DayCondition$SelectDays$SelectDaysDescriptor
2358:             1             56  com.cloudbees.jenkins.plugins.sshcredentials.impl.BasicSSHUserPrivateKey$FileOnMasterPrivateKeySource$DescriptorImpl
2359:             1             56  org.jenkinsci.plugins.envinject.EnvInjectListener$JobSetupEnvironmentWrapper$JobSetupEnvironmentWrapperDescriptor
2360:             1             56  com.tikal.jenkins.plugins.multijob.FileBuildParameters$DescriptorImpl
2361:             1             56  jenkins.model.MasterBuildConfiguration
2362:             1             56  [Ljava.lang.OutOfMemoryError;
2363:             1             56  jenkins.plugins.publish_over_ssh.BapSshPublisherLabel$BapSshPublisherLabelDescriptor
2364:             1             56  hudson.plugins.parameterizedtrigger.BlockingBehaviour$DescriptorImpl
2365:             1             56  org.jvnet.hudson.plugins.m2release.LastReleaseListViewColumn$DescriptorImpl
2366:             1             56  hudson.plugins.jira.JiraIssueMigrator$DescriptorImpl
2367:             1             56  org.acegisecurity.providers.UsernamePasswordAuthenticationToken
2368:             1             56  org.jenkins_ci.plugins.run_condition.logic.ConditionContainer$ConditionContainerDescriptor
2369:             1             56  com.seitenbau.jenkins.plugins.dynamicparameter.scriptler.ScriptlerStringParameterDefinition$DescriptorImpl
2370:             1             56  org.codehaus.groovy.runtime.dgmimpl.arrays.ShortArrayGetAtMetaMethod
2371:             1             56  hudson.slaves.RetentionStrategy$Always$DescriptorImpl
2372:             1             56  hudson.plugins.git.GitPublisher$DescriptorImpl
2373:             1             56  com.cloudbees.jenkins.plugins.sshcredentials.impl.BasicSSHUserPrivateKey$UsersPrivateKeySource$DescriptorImpl
2374:             1             56  org.jenkins_ci.plugins.run_condition.core.DayCondition$Day$DayDescriptor
2375:             1             56  com.cloudbees.plugins.flow.BuildFlow$BuildFlowDescriptor
2376:             1             56  hudson.plugins.greenballs.GreenBallFilter
2377:             1             56  hudson.model.RunParameterDefinition$DescriptorImpl
2378:             1             56  com.tikal.jenkins.plugins.multijob.views.MultiJobView$DescriptorImpl
2379:             1             56  hudson.model.MyView$DescriptorImpl
2380:             1             56  org.tomfolga.PomModulesFullColumn$DescriptorImpl
2381:             1             56  org.jvnet.hudson.plugins.m2release.dashboard.RecentReleasesPortlet$DescriptorImpl
2382:             1             56  hudson.plugins.jira.listissuesparameter.JiraIssueParameterDefinition$DescriptorImpl
2383:             1             56  hudson.slaves.RetentionStrategy$Demand$DescriptorImpl
2384:             1             56  org.jenkinsci.plugins.envinject.EnvInjectGlobalPasswordWrapper$DescriptorImpl
2385:             1             56  au.com.centrumsystems.hudson.plugin.buildpipeline.BuildPipelineView$DescriptorImpl
2386:             1             56  com.cloudbees.jenkins.plugins.sshagent.SSHAgentBuildWrapper$DescriptorImpl
2387:             1             56  org.jenkins_ci.plugins.run_condition.core.ExpressionCondition$ExpressionConditionDescriptor
2388:             1             56  hudson.maven.reporters.MavenArtifactArchiver$DescriptorImpl
2389:             1             56  hudson.slaves.CommandConnector$DescriptorImpl
2390:             1             56  jenkins.plugins.publish_over_ssh.options.SshOverrideRetryDefaults$SshOverrideRetryDefaultsDescriptor
2391:             1             56  com.seitenbau.jenkins.plugins.dynamicparameter.scriptler.ScriptlerChoiceParameterDefinition$DescriptorImpl
2392:             1             56  hudson.views.StatusColumn$DescriptorImpl
2393:             1             56  java.awt.color.ICC_ProfileRGB
2394:             1             56  hudson.plugins.git.GitPublisher$BranchToPush$DescriptorImpl
2395:             1             56  org.codehaus.groovy.runtime.dgmimpl.arrays.ShortArrayPutAtMetaMethod
2396:             1             56  hudson.plugins.mercurial.browser.RhodeCodeLegacy$DescriptorImpl
2397:             1             56  org.jenkins_ci.plugins.run_condition.logic.Not$NotDescriptor
2398:             1             56  [Ljava.awt.Queue;
2399:             1             56  com.tikal.jenkins.plugins.multijob.views.LastFailureColumn$DescriptorImpl
2400:             1             56  hudson.slaves.SimpleScheduledRetentionStrategy$DescriptorImpl
2401:             1             56  hudson.plugins.envfile.EnvFileBuildWrapper$DescriptorImpl
2402:             1             56  winstone.auth.FormAuthenticationHandler
2403:             1             56  org.jenkins.plugins.builton.BuiltOnColumn$DescriptorImpl
2404:             1             56  hudson.plugins.parameterizedtrigger.BuildTriggerConfig$DescriptorImpl
2405:             1             56  com.seitenbau.jenkins.plugins.dynamicparameter.ChoiceParameterDefinition$DescriptorImpl
2406:             1             56  [Lcom.thoughtworks.xstream.core.util.FastField;
2407:             1             56  hudson.plugins.git.GitPublisher$TagToPush$DescriptorImpl
2408:             1             56  hudson.model.UpdateCenter$PageDecoratorImpl
2409:             1             56  hudson.views.ViewsTabBar$GlobalConfigurationImpl
2410:             1             56  hudson.model.ListView$DescriptorImpl
2411:             1             56  hudson.plugins.jira.JiraIssueUpdateBuilder$DescriptorImpl
2412:             1             56  jenkins.plugins.publish_over_ssh.BapSshPromotionPublisherPlugin$Descriptor
2413:             1             56  hudson.maven.local_repo.DefaultLocalRepositoryLocator$DescriptorImpl
2414:             1             56  org.jenkins_ci.plugins.run_condition.core.FilesMatchCondition$FilesMatchConditionDescriptor
2415:             1             56  hudson.plugins.parameterizedtrigger.BlockableBuildTriggerConfig$DescriptorImpl
2416:             1             56  org.tomfolga.PomDependenciesColumn$DescriptorImpl
2417:             1             56  org.codehaus.groovy.runtime.dgmimpl.arrays.IntegerArrayGetAtMetaMethod
2418:             1             56  org.jenkins_ci.plugins.run_condition.common.BaseDirectory$Workspace$WorkspaceDescriptor
2419:             1             56  com.tikal.jenkins.plugins.multijob.views.WeatherColumn$DescriptorImpl
2420:             1             56  jenkins.mvn.DefaultGlobalSettingsProvider$DescriptorImpl
2421:             1             56  [Ljava.text.Normalizer$Form;
2422:             1             56  org.jenkinsci.plugins.scriptler.builder.ScriptlerBuilder$DescriptorImpl
2423:             1             56  org.jenkinsci.plugins.periodicbackup.TarGzStorage$DescriptorImpl
2424:             1             56  org.jenkins.ci.plugins.column.console.LastSuccessfulBuildColumn$ConsoleColumnDescriptor
2425:             1             56  hudson.views.GlobalDefaultViewConfiguration
2426:             1             56  hudson.plugins.git.GitPublisher$NoteToPush$DescriptorImpl
2427:             1             56  javax.jmdns.impl.tasks.RecordReaper
2428:             1             56  org.jenkins.ci.plugins.ConfigureJobListViewColumn$ConfigureJobListViewColumnDescriptor
2429:             1             56  hudson.views.LastSuccessColumn$DescriptorImpl
2430:             1             56  hudson.plugins.dependencyanalyzer.DependencyAnalyzerPublisherDescriptor
2431:             1             56  com.cloudbees.plugins.credentials.SystemCredentialsProvider$DescriptorImpl
2432:             1             56  hudson.plugins.plot.PlotPublisher$DescriptorImpl
2433:             1             56  org.jfree.base.BaseBoot
2434:             1             56  hudson.maven.reporters.MavenSiteArchiver$DescriptorImpl
2435:             1             56  org.jenkins_ci.plugins.run_condition.core.StringsMatchCondition$StringsMatchDescriptor
2436:             1             56  hudson.maven.MavenTestDataPublisher$DescriptorImpl
2437:             1             56  hudson.matrix.DefaultAxisDescriptor
2438:             1             56  org.jenkins_ci.plugins.run_condition.common.BaseDirectory$ArtifactsDir$ArtifactsDirDescriptor
2439:             1             56  hudson.security.csrf.GlobalCrumbIssuerConfiguration
2440:             1             56  hudson.scm.CvsModule$DescriptorImpl
2441:             1             56  org.codehaus.groovy.runtime.dgmimpl.arrays.IntegerArrayPutAtMetaMethod
2442:             1             56  hudson.plugins.git.GitRevisionBuildParameters$DescriptorImpl
2443:             1             56  com.tikal.jenkins.plugins.multijob.MultiJobBuilder$DescriptorImpl
2444:             1             56  hudson.matrix.LabelExpAxis$DescriptorImpl
2445:             1             56  hudson.plugins.disk_usage.DiskUsageOvearallGraphGenerator
2446:             1             56  hudson.plugins.sshslaves.SSHLauncher$DescriptorImpl
2447:             1             56  hudson.plugins.copyartifact.CopyArtifact$DescriptorImpl
2448:             1             56  jenkins.model.GlobalProjectNamingStrategyConfiguration
2449:             1             56  hudson.tools.ZipExtractionInstaller$DescriptorImpl
2450:             1             56  hudson.plugins.audit_trail.AuditTrailPlugin
2451:             1             56  hudson.model.TextParameterDefinition$DescriptorImpl
2452:             1             56  hudson.plugins.parameterizedtrigger.BinaryFileParameterFactory$DescriptorImpl
2453:             1             56  org.jenkins_ci.plugins.run_condition.common.BaseDirectory$JenkinsHome$JenkinsHomeDescriptor
2454:             1             56  hudson.model.ComputerSet$DescriptorImpl
2455:             1             56  [Ljava.text.DateFormat;
2456:             1             56  hudson.plugins.copyartifact.BuildSelectorParameter$DescriptorImpl
2457:             1             56  com.tikal.jenkins.plugins.multijob.PredefinedBuildParameters$DescriptorImpl
2458:             1             56  org.jenkins_ci.plugins.run_condition.core.NumericalComparisonCondition$NumericalComparisonConditionDescriptor
2459:             1             56  sun.nio.cs.StandardCharsets$Aliases
2460:             1             56  com.robestone.hudson.compactcolumns.JobNameColumn$DescriptorImpl
2461:             1             56  org.jenkinsci.plugins.periodicbackup.NullStorage$DescriptorImpl
2462:             1             56  org.jenkins.ci.plugins.column.console.LastStableBuildColumn$ConsoleColumnDescriptor
2463:             1             56  hudson.plugins.git.browser.GitLab$GitLabDescriptor
2464:             1             56  org.codehaus.groovy.runtime.dgmimpl.arrays.LongArrayGetAtMetaMethod
2465:             1             56  hudson.scm.ExcludedRegion$DescriptorImpl
2466:             1             56  org.jenkinsci.plugins.mavenrepocleaner.MavenRepoCleanerPostBuildTask$DescriptorImpl
2467:             1             56  winstone.StaticResourceServlet
2468:             1             56  sun.nio.ch.FileChannelImpl$FileLockReference
2469:             1             56  hudson.views.LastStableColumn$DescriptorImpl
2470:             1             56  hudson.tasks.ArtifactArchiver$DescriptorImpl
2471:             1             56  hudson.plugins.parameterizedtrigger.PredefinedBuildParameters$DescriptorImpl
2472:             1             56  com.barchart.jenkins.cascade.CheckoutStrategySCM$TheDescriptor
2473:             1             56  hudson.model.FingerprintMap
2474:             1             56  hudson.maven.local_repo.PerJobLocalRepositoryLocator$DescriptorImpl
2475:             1             56  org.jenkins_ci.plugins.run_condition.contributed.ShellCondition$ShellConditionDescriptor
2476:             1             56  jenkins.plugins.publish_over_ssh.BapSshCommonConfiguration
2477:             1             56  hudson.tools.InstallSourceProperty$DescriptorImpl
2478:             1             56  com.tikal.jenkins.plugins.multijob.views.StatusColumn$DescriptorImpl
2479:             1             56  com.robestone.hudson.compactcolumns.LastSuccessAndFailedColumn$LastSuccessAndFailedColumnDescriptor
2480:             1             56  jenkins.model.ProjectNamingStrategy$DefaultProjectNamingStrategy$DescriptorImpl
2481:             1             56  hudson.matrix.MatrixProject$DescriptorImpl
2482:             1             56  hudson.slaves.JNLPLauncher$1
2483:             1             56  org.jenkinsci.plugins.periodicbackup.ZipStorage$DescriptorImpl
2484:             1             56  hudson.plugins.git.browser.BitbucketWeb$BitbucketWebDescriptor
2485:             1             56  hudson.plugins.mercurial.browser.GoogleCode$DescriptorImpl
2486:             1             56  hudson.tasks.junit.JUnitResultArchiver$DescriptorImpl
2487:             1             56  hudson.views.DefaultMyViewsTabBar$DescriptorImpl
2488:             1             56  hudson.security.HudsonPrivateSecurityRealm$Details$DescriptorImpl
2489:             1             56  hudson.plugins.parameterizedtrigger.FileBuildParameters$DescriptorImpl
2490:             1             56  org.codehaus.groovy.runtime.dgmimpl.arrays.LongArrayPutAtMetaMethod
2491:             1             56  hudson.maven.reporters.SurefireArchiver$DescriptorImpl
2492:             1             56  org.jenkins_ci.plugins.run_condition.logic.Or$OrDescriptor
2493:             1             56  hudson.plugins.groovy.StringScriptSource$DescriptorImpl
2494:             1             56  org.jenkins_ci.plugins.run_condition.core.NumericalComparisonCondition$LessThan$LessThanDescriptor
2495:             1             56  org.jenkinsci.plugins.periodicbackup.FullBackup$DescriptorImpl
2496:             1             56  hudson.scm.browsers.FishEyeCVS$DescriptorImpl
2497:             1             56  [Lcom.google.common.base.Predicates$ObjectPredicate;
2498:             1             56  com.robestone.hudson.compactcolumns.LastStableAndUnstableColumn$LastCompletedAndSuccessAndStableColumnDescriptor
2499:             1             56  sun.text.IntHashtable
2500:             1             56  org.jenkins.ci.plugins.column.console.LastFailedBuildColumn$ConsoleColumnDescriptor
2501:             1             56  hudson.views.BuildButtonColumn$DescriptorImpl
2502:             1             56  org.codehaus.groovy.runtime.dgmimpl.NumberNumberPlus
2503:             1             56  hudson.diagnosis.HudsonHomeDiskUsageChecker
2504:             1             56  sun.font.CompositeGlyphMapper
2505:             1             56  hudson.plugins.git.browser.CGit$CGITDescriptor
2506:             1             56  hudson.plugins.parameterizedtrigger.TriggerBuilder$DescriptorImpl
2507:             1             56  jenkins.model.ProjectNamingStrategy$PatternProjectNamingStrategy$DescriptorImpl
2508:             1             56  hudson.plugins.mercurial.browser.KilnHG$DescriptorImpl
2509:             1             56  org.jenkinsci.plugins.periodicbackup.ConfigOnly$DescriptorImpl
2510:             1             56  org.jenkinsci.plugins.envinject.EnvInjectBuilder$DescriptorImpl
2511:             1             56  org.jenkins_ci.plugins.run_condition.core.NumericalComparisonCondition$GreaterThan$GreaterThanDescriptor
2512:             1             56  org.codehaus.groovy.runtime.dgmimpl.arrays.FloatArrayGetAtMetaMethod
2513:             1             56  hudson.maven.reporters.MavenTestJavadocArchiver$DescriptorImpl
2514:             1             56  com.robestone.hudson.compactcolumns.JobNameColorColumn$DescriptorImpl
2515:             1             56  javax.jmdns.impl.HostInfo
2516:             1             56  hudson.model.FreeStyleProject$DescriptorImpl
2517:             1             56  hudson.plugins.sshslaves.SSHConnector$DescriptorImpl
2518:             1             56  hudson.plugins.parameterizedtrigger.BooleanParameterConfig$DescriptorImpl
2519:             1             56  org.jenkins_ci.plugins.run_condition.core.StatusCondition$StatusConditionDescriptor
2520:             1             56  [Lcom.google.common.collect.AbstractIterator$State;
2521:             1             56  hudson.model.FileParameterDefinition$DescriptorImpl
2522:             1             56  hudson.plugins.mercurial.browser.HgWeb$DescriptorImpl
2523:             1             56  [Lhudson.model.Run$State;
2524:             1             56  org.jenkins_ci.plugins.run_condition.core.NumericalComparisonCondition$EqualTo$EqualToDescriptor
2525:             1             56  hudson.security.HudsonPrivateSecurityRealm$DescriptorImpl
2526:             1             56  hudson.plugins.jira.JiraSite$DescriptorImpl
2527:             1             56  sun.text.UCompactIntArray
2528:             1             56  sun.dc.pr.Rasterizer
2529:             1             56  org.jenkinsci.plugins.conditionalbuildstep.ConditionalBuilder
2530:             1             56  org.codehaus.groovy.runtime.dgmimpl.arrays.FloatArrayPutAtMetaMethod
2531:             1             56  hudson.plugins.git.browser.GitWeb$GitWebDescriptor
2532:             1             56  org.jenkins.ci.plugins.column.console.LastBuildColumn$ConsoleColumnDescriptor
2533:             1             56  org.jenkinsci.plugins.envinject.EnvInjectBuildWrapper$DescriptorImpl
2534:             1             56  hudson.tasks._maven.MavenErrorNote$DescriptorImpl
2535:             1             56  com.robestone.hudson.compactcolumns.AllStatusesColumn$AllStatusesColumnDescriptor
2536:             1             56  hudson.ProxyConfiguration$DescriptorImpl
2537:             1             56  org.codehaus.groovy.runtime.dgmimpl.NumberNumberMultiply
2538:             1             56  [[Ljava.awt.AWTKeyStroke;
2539:             1             56  hudson.tasks.BatchFile$DescriptorImpl
2540:             1             56  hudson.plugins.parameterizedtrigger.CurrentBuildParameters$DescriptorImpl
2541:             1             56  hudson.plugins.heavy_job.HeavyJobProperty$DescriptorImpl
2542:             1             56  hudson.plugins.sectioned_view.JobGraphsSection$DescriptorImpl
2543:             1             56  org.jenkins.ci.plugins.keyboard_shortcuts.KeyboardShortcutsUserProperty$DescriptorImpl
2544:             1             56  hudson.security.FullControlOnceLoggedInAuthorizationStrategy$1
2545:             1             56  org.jenkins_ci.plugins.run_condition.core.NumericalComparisonCondition$NotEqualTo$NotEqualToDescriptor
2546:             1             56  org.tmatesoft.svn.core.internal.util.SVNHashMap
2547:             1             56  jenkins.model.GlobalNodePropertiesConfiguration
2548:             1             56  hudson.plugins.mercurial.browser.RhodeCode$DescriptorImpl
2549:             1             56  sun.nio.cs.StandardCharsets$Classes
2550:             1             56  hudson.tasks.Mailer$UserProperty$DescriptorImpl
2551:             1             56  join.JoinTrigger$DescriptorImpl
2552:             1             56  hudson.plugins.parameterizedtrigger.BooleanParameters$DescriptorImpl
2553:             1             56  hudson.tasks.Maven$MavenInstaller$DescriptorImpl
2554:             1             56  org.jenkins_ci.plugins.run_condition.BuildStepRunner$Fail$FailDescriptor
2555:             1             56  jenkins.security.RekeySecretAdminMonitor
2556:             1             56  org.codehaus.groovy.runtime.dgmimpl.arrays.DoubleArrayGetAtMetaMethod
2557:             1             56  org.jvnet.hudson.plugins.repositoryconnector.ArtifactDeployer$DescriptorImpl
2558:             1             56  hudson.console.HyperlinkNote$DescriptorImpl
2559:             1             56  hudson.matrix.NoopMatrixConfigurationSorter$DescriptorImpl
2560:             1             48  [Lsun.text.normalizer.NormalizerBase$Mode;
2561:             2             48  org.sonatype.aether.impl.internal.DefaultLocalRepositoryProvider$$FastClassByGuice$$6e9b1776
2562:             2             48  sun.text.normalizer.CharTrie$FriendAgent
2563:             2             48  [Ljava.lang.annotation.Annotation;
2564:             2             48  org.apache.maven.lifecycle.DefaultLifecycles$$FastClassByGuice$$57b45f0d
2565:             1             48  hudson.slaves.NodeList
2566:             1             48  [Lcom.google.inject.internal.InjectorImpl$JitLimitation;
2567:             2             48  org.apache.commons.jelly.expression.ConstantExpression
2568:             2             48  org.sonatype.aether.impl.internal.PlexusLogger
2569:             2             48  org.sonatype.aether.impl.internal.EnhancedLocalRepositoryManagerFactory$$FastClassByGuice$$4a6bfb4b
2570:             1             48  java.util.logging.SimpleFormatter
2571:             2             48  com.google.common.base.Joiner
2572:             2             48  org.apache.maven.plugin.internal.DefaultLegacySupport$$FastClassByGuice$$88a186d4
2573:             1             48  ColorFormatter
2574:             2             48  org.apache.maven.artifact.factory.DefaultArtifactFactory$$FastClassByGuice$$2fc52e3e
2575:             2             48  org.apache.maven.artifact.resolver.DefaultArtifactResolver$$FastClassByGuice$$38fbf7f4
2576:             2             48  org.sonatype.aether.impl.internal.DefaultRepositoryEventDispatcher$$FastClassByGuice$$b4aa0187
2577:             2             48  org.apache.maven.settings.io.DefaultSettingsReader$$FastClassByGuice$$1ae503f1
2578:             2             48  org.apache.maven.model.management.DefaultPluginManagementInjector$$FastClassByGuice$$884917be
2579:             1             48  org.sonatype.guice.plexus.annotations.ComponentImpl
2580:             2             48  org.apache.maven.model.path.DefaultModelPathTranslator$$FastClassByGuice$$9eae6cf2
2581:             1             48  org.jenkinsci.plugins.scriptler.git.GitScriptlerRepository
2582:             2             48  org.apache.maven.lifecycle.internal.DefaultLifecycleTaskSegmentCalculator$$FastClassByGuice$$e7014d73
2583:             2             48  org.apache.maven.lifecycle.internal.LifecycleDebugLogger$$FastClassByGuice$$8dc111ed
2584:             1             48  org.apache.commons.io.output.ByteArrayOutputStream
2585:             3             48  com.tikal.jenkins.plugins.multijob.views.LastDurationColumn
2586:             2             48  org.apache.maven.plugin.version.internal.DefaultPluginVersionResolver$$FastClassByGuice$$4ebdfbc3
2587:             1             48  com.sun.org.apache.xerces.internal.impl.xpath.regex.Op$ModifierOp
2588:             1             48  hudson.plugins.copyartifact.FingerprintingCopyMethod
2589:             2             48  $Proxy12
2590:             2             48  org.apache.maven.model.composition.DefaultDependencyManagementImporter$$FastClassByGuice$$cac0fd5f
2591:             2             48  org.sonatype.aether.impl.internal.PlexusLogger$$FastClassByGuice$$b4fa2d8e
2592:             2             48  org.apache.maven.lifecycle.internal.LifecycleDependencyResolver$$FastClassByGuice$$3eec7107
2593:             1             48  java.lang.ref.Reference
2594:             2             48  org.apache.maven.model.path.DefaultModelUrlNormalizer
2595:             2             48  antlr.collections.impl.BitSet
2596:             1             48  [Lorg.sonatype.guice.bean.reflect.DeclaredMembers$View;
2597:             1             48  java.security.cert.PolicyQualifierInfo
2598:             1             48  java.io.BufferedInputStream
2599:             2             48  org.apache.maven.plugin.DefaultBuildPluginManager$$FastClassByGuice$$6a02c14b
2600:             1             48  [Lcom.google.inject.spi.InjectionPoint$Position;
2601:             1             48  [Lorg.apache.maven.settings.building.SettingsProblem$Severity;
2602:             2             48  org.apache.maven.repository.legacy.DefaultUpdateCheckManager$$FastClassByGuice$$2b949075
2603:             1             48  org.codehaus.groovy.ast.stmt.EmptyStatement
2604:             2             48  org.codehaus.plexus.context.DefaultContext
2605:             2             48  org.apache.maven.classrealm.DefaultClassRealmManager$$FastClassByGuice$$6c5f5bd3
2606:             2             48  org.apache.maven.model.management.DefaultDependencyManagementInjector
2607:             1             48  [Lcom.google.common.collect.MapMakerInternalMap$Strength;
2608:             2             48  org.apache.maven.settings.RuntimeInfo
2609:             2             48  org.apache.maven.lifecycle.internal.LifecyclePluginResolver$$FastClassByGuice$$20ce5fef
2610:             2             48  org.sonatype.plexus.components.cipher.DefaultPlexusCipher$$FastClassByGuice$$f9038c08
2611:             2             48  $Proxy13
2612:             2             48  org.apache.maven.DefaultArtifactFilterManager$$FastClassByGuice$$4e2acc5b
2613:             1             48  org.sonatype.plexus.components.sec.dispatcher.DefaultSecDispatcher$__plexus3
2614:             2             48  org.apache.maven.plugin.internal.DefaultMavenPluginManager$$FastClassByGuice$$5e2262e1
2615:             1             48  org.jfree.base.Library
2616:             1             48  winstone.BoundedExecutorService
2617:             2             48  hudson.plugins.emailext.plugins.trigger.FixedTrigger
2618:             2             48  org.apache.maven.model.plugin.DefaultReportConfigurationExpander$$FastClassByGuice$$4f301c05
2619:             2             48  org.codehaus.groovy.util.ReferenceManager
2620:             2             48  org.apache.maven.artifact.handler.manager.DefaultArtifactHandlerManager$$FastClassByGuice$$cc76f00e
2621:             2             48  org.apache.maven.model.path.DefaultModelUrlNormalizer$$FastClassByGuice$$8fc1e2a1
2622:             1             48  org.apache.commons.jexl.parser.ASTMethod
2623:             2             48  org.apache.maven.lifecycle.internal.LifecycleModuleBuilder$$FastClassByGuice$$d0f79139
2624:             1             48  java.lang.ref.PhantomReference
2625:             2             48  org.apache.maven.settings.io.DefaultSettingsWriter$$FastClassByGuice$$24284fa1
2626:             2             48  org.apache.commons.lang.time.FastDateFormat$PaddedNumberField
2627:             2             48  org.apache.maven.project.DefaultProjectBuilder$$FastClassByGuice$$2dd54135
2628:             2             48  org.sonatype.aether.impl.internal.DefaultArtifactResolver$$FastClassByGuice$$44c888a8
2629:             2             48  org.apache.maven.lifecycle.DefaultSchedules
2630:             2             48  org.apache.maven.plugin.DefaultPluginArtifactsCache
2631:             2             48  hudson.util.ExceptionCatchingThreadFactory
2632:             1             48  hudson.plugins.global_build_stats.model.JobBuildResultSharder
2633:             2             48  org.apache.maven.project.artifact.DefaultMetadataSource$$FastClassByGuice$$2514eb5d
2634:             2             48  org.apache.maven.artifact.resolver.DefaultResolutionErrorHandler$$FastClassByGuice$$618745ea
2635:             2             48  org.apache.maven.model.building.DefaultModelBuilder$$FastClassByGuice$$a531ac37
2636:             2             48  org.apache.maven.lifecycle.internal.BuilderCommon$$FastClassByGuice$$3a3325f2
2637:             2             48  org.apache.maven.repository.legacy.repository.DefaultArtifactRepositoryFactory$$FastClassByGuice$$7a50cbb7
2638:             2             48  org.apache.maven.artifact.repository.metadata.io.DefaultMetadataReader$$FastClassByGuice$$d51407e9
2639:             1             48  hudson.plugins.disk_usage.DiskUsageProjectActionFactory$DescriptorImpl$1
2640:             2             48  $Proxy28
2641:             1             48  java.lang.ArrayIndexOutOfBoundsException
2642:             2             48  java.util.concurrent.CopyOnWriteArraySet
2643:             1             48  hudson.scheduler.CronTab$CalendarField$1
2644:             1             48  java.util.regex.Pattern$Loop
2645:             2             48  sun.misc.NativeSignalHandler
2646:             2             48  org.apache.maven.model.management.DefaultDependencyManagementInjector$$FastClassByGuice$$d8d53bd6
2647:             2             48  org.apache.maven.plugin.DefaultPluginDescriptorCache
2648:             1             48  sun.nio.cs.StandardCharsets
2649:             2             48  com.sun.jna.Library$Handler$FunctionNameMap
2650:             2             48  org.apache.maven.project.artifact.DefaultMavenMetadataCache
2651:             2             48  org.codehaus.groovy.util.ReferenceManager$1
2652:             2             48  org.sonatype.aether.impl.internal.DefaultRemoteRepositoryManager$$FastClassByGuice$$1bb386ad
2653:             1             48  org.apache.commons.jexl.ExpressionImpl
2654:             1             48  hudson.scheduler.CronTab$CalendarField$2
2655:             2             48  org.jfree.util.LogContext
2656:             2             48  org.apache.maven.model.superpom.DefaultSuperPomProvider$$FastClassByGuice$$644baea8
2657:             1             48  [Ljava.nio.channels.SelectionKey;
2658:             1             48  java.util.Formatter
2659:             1             48  hudson.scheduler.CronTab$CalendarField$3
2660:             1             48  org.apache.commons.jexl.parser.ASTExpression
2661:             1             48  [Lhudson.model.MultiStageTimeSeries$TimeScale;
2662:             2             48  org.apache.maven.lifecycle.internal.MojoExecutor$$FastClassByGuice$$8c957e4e
2663:             2             48  org.sonatype.aether.impl.internal.DefaultInstaller$$FastClassByGuice$$180dc8d8
2664:             2             48  org.codehaus.plexus.interpolation.reflection.MethodMap
2665:             1             48  sun.security.provider.SecureRandom
2666:             1             48  org.apache.mina.core.service.SimpleIoProcessorPool
2667:             2             48  org.apache.maven.rtinfo.internal.DefaultRuntimeInformation$$FastClassByGuice$$e2bc7409
2668:             1             48  hudson.scheduler.CronTab$CalendarField$4
2669:             1             48  org.apache.commons.jexl.parser.Parser$LookaheadSuccess
2670:             2             48  org.apache.maven.plugin.DefaultPluginArtifactsCache$$FastClassByGuice$$bc733593
2671:             2             48  org.apache.maven.model.plugin.DefaultReportingConverter$$FastClassByGuice$$227ac296
2672:             2             48  org.jfree.chart.plot.PlotOrientation
2673:             1             48  org.apache.commons.jexl.util.introspection.Introspector
2674:             2             48  java.nio.ByteOrder
2675:             2             48  org.apache.commons.lang.time.FastDateFormat$TimeZoneNumberRule
2676:             1             48  javax.swing.UIDefaults$ProxyLazyValue
2677:             2             48  org.apache.maven.model.profile.DefaultProfileSelector
2678:             2             48  org.apache.maven.model.normalization.DefaultModelNormalizer$$FastClassByGuice$$c457059c
2679:             2             48  org.apache.maven.plugin.DefaultPluginDescriptorCache$$FastClassByGuice$$ea064121
2680:             2             48  org.apache.maven.settings.validation.DefaultSettingsValidator$$FastClassByGuice$$3ee15371
2681:             2             48  org.sonatype.aether.impl.internal.DefaultFileProcessor$$FastClassByGuice$$34c14bc6
2682:             3             48  org.apache.commons.beanutils.expression.DefaultResolver
2683:             2             48  org.apache.maven.model.building.DefaultModelProcessor$$FastClassByGuice$$31b0522e
2684:             1             48  hudson.model.OverallLoadStatistics
2685:             2             48  org.sonatype.aether.impl.internal.DefaultUpdateCheckManager
2686:             2             48  org.apache.maven.lifecycle.internal.LifecycleDebugLogger
2687:             2             48  org.apache.maven.lifecycle.internal.ThreadConfigurationService$$FastClassByGuice$$a37224fd
2688:             2             48  $Proxy41
2689:             1             48  org.bouncycastle.jce.provider.BouncyCastleProviderConfiguration
2690:             2             48  org.apache.maven.repository.DefaultMirrorSelector$$FastClassByGuice$$4dc3e4b4
2691:             2             48  org.apache.maven.plugin.DefaultExtensionRealmCache
2692:             2             48  $Proxy23
2693:             2             48  org.apache.maven.execution.DefaultMavenExecutionRequestPopulator
2694:             2             48  org.sonatype.guice.bean.locators.ImplicitBindings
2695:             1             48  [Lcom.google.inject.Stage;
2696:             2             48  org.apache.maven.project.artifact.DefaultMavenMetadataCache$$FastClassByGuice$$65dafb7b
2697:             2             48  org.apache.maven.model.interpolation.StringSearchModelInterpolator$$FastClassByGuice$$9c4c124f
2698:             2             48  org.codehaus.plexus.DefaultPlexusContainer$$FastClassByGuice$$bf3ba334
2699:             1             48  [Ljava.net.Proxy$Type;
2700:             2             48  org.apache.maven.plugin.DefaultPluginRealmCache
2701:             2             48  org.sonatype.guice.bean.locators.DefaultRankingFunction
2702:             2             48  org.codehaus.plexus.DefaultPlexusContainer$ContainerModule
2703:             1             48  hudson.tools.ToolLocationNodeProperty$ToolLocation
2704:             2             48  org.apache.maven.artifact.repository.layout.DefaultRepositoryLayout$$FastClassByGuice$$3915dd72
2705:             2             48  org.apache.maven.model.profile.DefaultProfileSelector$$FastClassByGuice$$de3f982a
2706:             2             48  org.apache.maven.model.validation.DefaultModelValidator$$FastClassByGuice$$ca7eed73
2707:             2             48  hudson.security.ChainedServletFilter
2708:             2             48  org.jfree.chart.axis.CategoryLabelWidthType
2709:             2             48  org.apache.maven.model.profile.activation.OperatingSystemProfileActivator$$FastClassByGuice$$fb25e9c7
2710:             2             48  org.apache.maven.model.locator.DefaultModelLocator$$FastClassByGuice$$ea777358
2711:             2             48  org.apache.maven.model.plugin.DefaultLifecycleBindingsInjector$$FastClassByGuice$$8e76bf68
2712:             2             48  org.apache.maven.settings.crypto.DefaultSettingsDecrypter
2713:             1             48  java.lang.NullPointerException
2714:             2             48  org.apache.maven.lifecycle.internal.LifecycleThreadedBuilder$$FastClassByGuice$$4f33b65c
2715:             2             48  org.sonatype.guice.plexus.binders.PlexusXmlBeanModule$PlexusXmlBeanSource
2716:             2             48  org.springframework.beans.factory.annotation.QualifierAnnotationAutowireCandidateResolver
2717:             1             48  hudson.scheduler.CronTab$CalendarField$5
2718:             2             48  org.apache.maven.model.profile.DefaultProfileInjector
2719:             1             48  java.lang.ArithmeticException
2720:             2             48  org.apache.maven.DefaultMaven$$FastClassByGuice$$f49f6983
2721:             2             48  java.util.regex.Pattern$CharPropertyNames$9
2722:             2             48  $Proxy43
2723:             2             48  org.sonatype.guice.plexus.binders.PlexusAnnotatedBeanModule$PlexusAnnotatedBeanSource
2724:             2             48  org.apache.maven.execution.DefaultMavenExecutionRequestPopulator$$FastClassByGuice$$fb5f740e
2725:             3             48  com.google.inject.internal.InjectorShell$LoggerFactory
2726:             2             48  org.apache.maven.model.normalization.DefaultModelNormalizer
2727:             1             48  com.google.inject.internal.cglib.core.$ClassNameReader$EarlyExitException
2728:             2             48  java.util.concurrent.ScheduledThreadPoolExecutor$DelayedWorkQueue
2729:             2             48  org.codehaus.plexus.DefaultPlexusContainer$LoggerProvider
2730:             2             48  org.apache.maven.plugin.DefaultExtensionRealmCache$$FastClassByGuice$$8ce8f393
2731:             2             48  org.sonatype.guice.plexus.scanners.PlexusAnnotatedMetadata
2732:             2             48  hudson.maven.MavenModuleSetBuild$SimpleTransferListener
2733:             2             48  sun.java2d.pipe.SpanShapeRenderer$Composite
2734:             2             48  org.codehaus.plexus.DefaultPlexusContainer$LoggerManagerProvider
2735:             2             48  org.apache.maven.plugin.DefaultPluginRealmCache$$FastClassByGuice$$9b8f75a5
2736:             2             48  org.springframework.util.AntPathMatcher
2737:             1             48  java.util.concurrent.Semaphore$NonfairSync
2738:             2             48  org.apache.maven.project.DefaultProjectBuildingHelper$$FastClassByGuice$$b15bc4a8
2739:             1             48  java.lang.RuntimeException
2740:             2             48  org.apache.maven.lifecycle.internal.DefaultLifecycleExecutionPlanCalculator$$FastClassByGuice$$3ea2b966
2741:             2             48  org.sonatype.aether.impl.internal.DefaultMetadataResolver$$FastClassByGuice$$fbcb5105
2742:             2             48  org.apache.maven.project.DefaultProjectRealmCache
2743:             2             48  org.sonatype.guice.bean.locators.DefaultBeanLocator$$FastClassByGuice$$75ecea44
2744:             2             48  org.apache.maven.settings.crypto.DefaultSettingsDecrypter$$FastClassByGuice$$60fc0ed1
2745:             2             48  org.jfree.ui.Layer
2746:             2             48  org.apache.maven.project.DefaultProjectDependenciesResolver$$FastClassByGuice$$57f77cf5
2747:             2             48  org.apache.maven.repository.internal.DefaultVersionRangeResolver$$FastClassByGuice$$57bab666
2748:             2             48  org.apache.maven.lifecycle.internal.MojoDescriptorCreator$$FastClassByGuice$$c460cea2
2749:             2             48  org.apache.maven.model.io.DefaultModelReader$$FastClassByGuice$$42558e75
2750:             3             48  hudson.util.AlternativeUiTextProvider$Message
2751:             2             48  com.sun.org.apache.xerces.internal.impl.xpath.regex.Token
2752:             2             48  [Ljava.lang.Enum;
2753:             1             48  org.sonatype.plexus.components.sec.dispatcher.DefaultSecDispatcher$__plexus3
2754:             2             48  org.apache.maven.model.profile.DefaultProfileInjector$$FastClassByGuice$$a8223b7f
2755:             2             48  org.apache.maven.model.profile.activation.JdkVersionProfileActivator$$FastClassByGuice$$216b2068
2756:             1             48  [Ljava.lang.ThreadLocal;
2757:             2             48  org.apache.maven.project.DefaultProjectRealmCache$$FastClassByGuice$$726c3659
2758:             2             48  org.apache.maven.eventspy.internal.EventSpyDispatcher$$FastClassByGuice$$b0516387
2759:             1             48  org.jfree.base.modules.PackageManager
2760:             2             48  org.sonatype.aether.impl.internal.DefaultSyncContextFactory$$FastClassByGuice$$53594486
2761:             2             48  org.apache.maven.lifecycle.internal.LifecyclePluginResolver
2762:             1             48  org.xmlpull.mxp1.MXParserFactory
2763:             2             48  java.util.Collections$UnmodifiableMap$UnmodifiableEntrySet
2764:             1             48  [Lhudson.remoting.Channel$Mode;
2765:             2             48  org.sonatype.guice.bean.inject.BeanListener
2766:             2             48  org.apache.maven.lifecycle.internal.DefaultLifecyclePluginAnalyzer$$FastClassByGuice$$9d816076
2767:             1             48  javax.swing.plaf.metal.MetalLookAndFeel
2768:             1             48  java.text.DontCareFieldPosition
2769:             1             48  [Lorg.jvnet.hudson.ProcMemInfo$Suffix;
2770:             2             48  org.codehaus.plexus.DefaultPlexusContainer$SLF4JLoggerFactoryProvider
2771:             2             48  org.apache.maven.lifecycle.internal.BuildListCalculator$$FastClassByGuice$$1a6ebda
2772:             2             48  java.nio.charset.CoderResult
2773:             2             48  org.apache.maven.repository.legacy.DefaultWagonManager$$FastClassByGuice$$32cc7f58
2774:             2             48  org.apache.maven.model.profile.activation.FileProfileActivator
2775:             2             48  org.sonatype.guice.plexus.converters.PlexusXmlBeanConverter$$FastClassByGuice$$fd6c46cc
2776:             2             48  java.util.regex.Pattern$CharPropertyNames$19
2777:             1             48  sun.font.TrueTypeGlyphMapper
2778:             2             48  org.apache.maven.model.inheritance.DefaultInheritanceAssembler
2779:             1             48  [[Lcom.google.common.collect.MapMakerInternalMap$EntryFactory;
2780:             1             48  sun.security.x509.ExtendedKeyUsageExtension
2781:             2             48  org.apache.maven.model.path.DefaultPathTranslator$$FastClassByGuice$$10ee9895
2782:             2             48  org.sonatype.plexus.components.cipher.DefaultPlexusCipher
2783:             2             48  org.sonatype.aether.impl.internal.DefaultDeployer$$FastClassByGuice$$f7de484
2784:             2             48  org.apache.maven.repository.legacy.LegacyRepositorySystem$$FastClassByGuice$$87cf4e5c
2785:             2             48  org.apache.maven.repository.internal.DefaultArtifactDescriptorReader$$FastClassByGuice$$830fb17f
2786:             2             48  org.apache.maven.artifact.resolver.DefaultArtifactCollector$$FastClassByGuice$$cd770e5f
2787:             2             48  com.google.inject.internal.Annotations$AnnotationChecker$1
2788:             2             48  org.apache.maven.artifact.repository.metadata.DefaultRepositoryMetadataManager$$FastClassByGuice$$22c07911
2789:             2             48  org.springframework.beans.support.ResourceEditorRegistrar
2790:             2             48  org.sonatype.aether.impl.internal.SimpleLocalRepositoryManagerFactory
2791:             2             48  org.jfree.util.UnitType
2792:             1             48  org.apache.commons.jexl.parser.JJTParserState
2793:             2             48  org.sonatype.guice.plexus.converters.PlexusXmlBeanConverter
2794:             1             48  org.codehaus.groovy.control.OptimizerVisitor
2795:             2             48  org.apache.maven.lifecycle.DefaultSchedules$$FastClassByGuice$$1bc93f78
2796:             2             48  hudson.maven.ProcessCache$PerChannel
2797:             2             48  hudson.util.LRUStringConverter
2798:             2             48  org.apache.maven.model.profile.activation.FileProfileActivator$$FastClassByGuice$$611ace7d
2799:             2             48  org.springframework.context.support.ApplicationContextAwareProcessor
2800:             1             48  java.security.BasicPermissionCollection
2801:             2             48  org.apache.maven.model.plugin.DefaultPluginConfigurationExpander$$FastClassByGuice$$db838766
2802:             2             48  $Proxy3
2803:             2             48  org.apache.maven.lifecycle.internal.DefaultExecutionEventCatapult$$FastClassByGuice$$7cce8c7
2804:             2             48  org.kohsuke.stapler.export.ModelBuilder
2805:             2             48  org.jfree.chart.axis.TickType
2806:             1             48  hudson.model.JDK
2807:             2             48  hudson.markup.RawHtmlMarkupFormatter
2808:             2             48  org.sonatype.aether.impl.internal.DefaultUpdateCheckManager$$FastClassByGuice$$ca37199e
2809:             1             48  hudson.tasks.Maven$MavenInstallation
2810:             2             48  org.sonatype.aether.impl.internal.SimpleLocalRepositoryManagerFactory$$FastClassByGuice$$1dff8e4f
2811:             1             48  [Ljenkins.model.lazy.AbstractLazyLoadRunMap$Direction;
2812:             2             48  org.apache.maven.settings.building.DefaultSettingsBuilder$$FastClassByGuice$$d4ee725f
2813:             2             48  org.jfree.chart.plot.DatasetRenderingOrder
2814:             2             48  org.apache.maven.lifecycle.Lifecycle$$FastClassByGuice$$ca8cfe0d
2815:             2             48  org.apache.maven.model.management.DefaultPluginManagementInjector
2816:             2             48  org.apache.maven.model.path.DefaultUrlNormalizer$$FastClassByGuice$$fecc369e
2817:             2             48  org.apache.maven.lifecycle.internal.LifecycleWeaveBuilder$$FastClassByGuice$$8626490f
2818:             2             48  org.apache.maven.plugin.prefix.internal.DefaultPluginPrefixResolver$$FastClassByGuice$$5b621955
2819:             2             48  org.sonatype.aether.util.DefaultRepositoryCache
2820:             1             48  [Lhudson.tasks.BuildStepMonitor;
2821:             2             48  org.sonatype.aether.impl.internal.DefaultRepositorySystem$$FastClassByGuice$$5bb6ec9
2822:             2             48  org.apache.maven.repository.legacy.resolver.conflict.NearestConflictResolver$$FastClassByGuice$$30bea0a8
2823:             2             48  org.apache.maven.artifact.factory.DefaultArtifactFactory
2824:             1             48  java.lang.ClassCastException
2825:             2             48  org.apache.maven.repository.internal.DefaultVersionResolver$$FastClassByGuice$$70695c23
2826:             2             48  org.jfree.util.SortOrder
2827:             1             48  org.sonatype.guice.bean.reflect.MildConcurrentKeys
2828:             1             48  java.lang.ArrayStoreException
2829:             2             48  org.sonatype.aether.impl.internal.EnhancedLocalRepositoryManagerFactory
2830:             2             48  org.apache.maven.model.inheritance.DefaultInheritanceAssembler$$FastClassByGuice$$29e48b95
2831:             2             48  org.apache.maven.plugin.internal.DefaultPluginDependenciesResolver$$FastClassByGuice$$b5c1cfd4
2832:             1             48  sun.management.VMManagementImpl
2833:             1             48  java.lang.VirtualMachineError
2834:             2             48  org.apache.maven.repository.legacy.DefaultUpdateCheckManager
2835:             2             48  org.apache.maven.model.path.DefaultModelPathTranslator
2836:             2             48  org.apache.maven.model.profile.activation.PropertyProfileActivator$$FastClassByGuice$$30b12256
2837:             2             48  org.apache.maven.lifecycle.internal.LifecycleStarter$$FastClassByGuice$$da3ec9b9
2838:             2             48  org.sonatype.aether.impl.internal.DefaultDependencyCollector$$FastClassByGuice$$4751cad2
2839:             1             48  java.io.UnixFileSystem
2840:             1             48  [Lhudson.plugins.downstream_ext.MatrixTrigger;
2841:             1             40  hudson.tasks._maven.MavenConsoleAnnotator
2842:             1             40  hudson.PluginManager$PluginCycleDependenciesMonitor
2843:             1             40  java.io.RandomAccessFile
2844:             1             40  hudson.plugins.parameterizedtrigger.ResultCondition$5
2845:             1             40  org.codehaus.groovy.util.ManagedLinkedList
2846:             1             40  org.netbeans.lib.cvsclient.connection.ConnectionIdentity
2847:             1             40  hudson.plugins.downstream_ext.DownstreamTrigger$Strategy$1
2848:             1             40  hudson.plugins.downstream_ext.DownstreamTrigger$Strategy$2
2849:             1             40  hudson.ExtensionFinder$GuiceFinder$SezpozModule
2850:             1             40  org.apache.commons.beanutils.WrapDynaClass$1
2851:             1             40  java.lang.reflect.ReflectPermission
2852:             1             40  hudson.plugins.downstream_ext.DownstreamTrigger$Strategy$3
2853:             1             40  com.sun.org.apache.xerces.internal.impl.xpath.regex.Op$CharOp
2854:             1             40  hudson.maven.SplittableBuildListener$2
2855:             1             40  hudson.WebAppMain
2856:             1             40  hudson.plugins.audit_trail.AuditTrailPlugin$AuditTrailRunListener
2857:             1             40  org.jfree.util.Log
2858:             1             40  hudson.plugins.parameterizedtrigger.ResultCondition$6
2859:             1             40  hudson.scm.CvsAuthentication
2860:             1             40  com.sun.imageio.spi.FileImageInputStreamSpi
2861:             1             40  hudson.security.HttpSessionContextIntegrationFilter2
2862:             1             40  com.sun.imageio.spi.FileImageOutputStreamSpi
2863:             1             40  hudson.ClassicPluginStrategy
2864:             1             40  com.sun.imageio.spi.InputStreamImageInputStreamSpi
2865:             1             40  sun.nio.cs.UTF_16
2866:             1             40  [Ljava.net.InterfaceAddress;
2867:             1             40  [Lorg.apache.maven.project.ProjectBuildingRequest$RepositoryMerging;
2868:             1             40  com.sun.jna.NativeLong
2869:             1             40  com.sun.imageio.spi.OutputStreamImageOutputStreamSpi
2870:             1             40  sun.dc.pr.Rasterizer$ConsumerDisposer
2871:             1             40  hudson.diagnosis.OldDataMonitor
2872:             1             40  com.sun.imageio.spi.RAFImageInputStreamSpi
2873:             1             40  sun.nio.cs.UTF_8
2874:             1             40  org.dom4j.tree.QNameCache
2875:             1             40  com.google.common.base.Joiner$1
2876:             1             40  com.sun.imageio.spi.RAFImageOutputStreamSpi
2877:             1             40  org.apache.mina.core.write.DefaultWriteRequest
2878:             1             40  javax.crypto.spec.RC5ParameterSpec
2879:             1             40  [Ljava.net.InetAddress$Cache$Type;
2880:             1             40  sun.reflect.UnsafeQualifiedLongFieldAccessorImpl
2881:             1             40  [Lorg.acegisecurity.acls.sid.Sid;
2882:             1             40  sun.nio.cs.UTF_16BE
2883:             1             40  [Lorg.apache.sshd.common.Cipher$Mode;
2884:             1             40  org.codehaus.groovy.classgen.Verifier$2
2885:             1             40  sun.nio.cs.UTF_16LE
2886:             1             40  org.apache.commons.beanutils.BeanUtilsBean$1
2887:             1             40  org.bouncycastle.asn1.DERSet
2888:             1             40  com.thoughtworks.xstream.io.path.Path
2889:             1             40  hudson.security.SecurityRealm$SecurityComponents
2890:             1             40  hudson.plugins.greenballs.PluginImpl
2891:             1             40  sun.nio.cs.US_ASCII
2892:             1             40  sun.awt.color.ProfileDeferralInfo
2893:             1             40  hudson.security.HudsonPrivateSecurityRealm
2894:             1             40  javax.jmdns.impl.DNSCache
2895:             1             40  javax.imageio.ImageIO$CacheInfo
2896:             1             40  org.codehaus.groovy.reflection.ClassInfo$ClassInfoSet
2897:             1             40  org.acegisecurity.ui.rememberme.RememberMeProcessingFilter
2898:             1             40  [Lorg.kohsuke.stapler.ResponseImpl$OutputMode;
2899:             1             40  org.jruby.ext.posix.JavaLibCHelper
2900:             1             40  org.apache.tools.ant.util.FileUtils
2901:             1             40  javax.jmdns.impl.DNSCache$_EmptyCache
2902:             1             40  hudson.remoting.Channel$Mode$1
2903:             1             40  sun.nio.cs.ISO_8859_1
2904:             1             40  jenkins.model.UnlabeledLoadStatistics
2905:             1             40  org.codehaus.groovy.control.ErrorCollector
2906:             1             40  com.google.inject.internal.cglib.core.$MethodWrapper$MethodWrapperKey$$$KeyFactoryByCGLIB$$e23ecb5d
2907:             1             40  com.tikal.jenkins.plugins.multijob.MultiJobBuilder$ContinuationCondition$1
2908:             1             40  [Lhudson.FilePath$TarCompression;
2909:             1             40  java.util.logging.LoggingPermission
2910:             1             40  sun.awt.PostEventQueue
2911:             1             40  java.lang.ProcessEnvironment$StringEnvironment
2912:             1             40  com.tikal.jenkins.plugins.multijob.MultiJobBuilder$ContinuationCondition$2
2913:             1             40  com.tikal.jenkins.plugins.multijob.MultiJobBuilder$ContinuationCondition$3
2914:             1             40  hudson.util.SequentialExecutionQueue
2915:             1             40  sun.reflect.UnsafeStaticObjectFieldAccessorImpl
2916:             1             40  jenkins.security.HexStringConfidentialKey
2917:             1             40  [Ljava.util.Properties;
2918:             1             40  org.bouncycastle.util.encoders.Base64Encoder
2919:             1             40  hudson.plugins.global_build_stats.model.BuildResult$1
2920:             1             40  [Ljavax.swing.UIDefaults;
2921:             1             40  hudson.plugins.global_build_stats.model.BuildResult$2
2922:             1             40  org.jfree.chart.axis.NumberTickUnit
2923:             1             40  java.util.logging.FileHandler$MeteredStream
2924:             1             40  jenkins.model.Jenkins$4
2925:             1             40  hudson.plugins.global_build_stats.model.BuildResult$3
2926:             1             40  [Ljava.text.SimpleDateFormat;
2927:             1             40  hudson.plugins.parameterizedtrigger.ResultCondition$1
2928:             1             40  com.google.inject.internal.cglib.core.$EmitUtils$ArrayDelimiters
2929:             1             40  java.util.regex.Pattern$7
2930:             1             40  hudson.plugins.global_build_stats.model.BuildResult$4
2931:             1             40  [Ljava.lang.management.MemoryType;
2932:             1             40  javax.jmdns.impl.DNSTaskStarter$DNSTaskStarterImpl
2933:             1             40  hudson.plugins.parameterizedtrigger.ResultCondition$2
2934:             1             40  hudson.plugins.global_build_stats.model.BuildResult$5
2935:             1             40  hudson.plugins.git.GitTool
2936:             1             40  hudson.plugins.parameterizedtrigger.ResultCondition$3
2937:             1             40  [Lorg.bouncycastle.asn1.ASN1ObjectIdentifier;
2938:             1             40  jenkins.security.DefaultConfidentialStore
2939:             1             40  org.codehaus.groovy.control.io.NullWriter
2940:             1             40  hudson.plugins.parameterizedtrigger.ResultCondition$4
2941:             1             40  [Lcom.google.inject.internal.BytecodeGen$Visibility;
2942:             1             40  hudson.model.Queue$CachedItemList
2943:             1             32  hudson.triggers.SCMTrigger$AdministrativeMonitorImpl
2944:             1             32  net.sf.ezmorph.array.DoubleArrayMorpher
2945:             1             32  com.google.common.collect.MapMakerInternalMap$Strength$1
2946:             1             32  org.apache.tools.ant.types.selectors.TokenizedPath
2947:             1             32  hudson.util.TimeUnit2$2
2948:             1             32  hudson.plugins.disk_usage.DiskUsagePlugin
2949:             2             32  org.apache.maven.model.composition.DefaultDependencyManagementImporter
2950:             1             32  org.owasp.html.HtmlPolicyBuilder$AttributeBuilder$1
2951:             2             32  org.dom4j.tree.ConcurrentReaderHashMap$BarrierLock
2952:             1             32  org.jfree.base.config.SystemPropertyConfiguration
2953:             1             32  hudson.util.RingBufferLogHandler$1
2954:             1             32  com.google.common.collect.MapMakerInternalMap$Strength$2
2955:             1             32  net.sf.ezmorph.primitive.ShortMorpher
2956:             2             32  com.thoughtworks.xstream.core.util.Base64Encoder
2957:             2             32  org.apache.maven.plugin.descriptor.PluginDescriptorBuilder
2958:             1             32  hudson.maven.SplittableBuildListener$1
2959:             1             32  org.codehaus.groovy.tools.GroovyClass
2960:             2             32  hudson.util.NullStream
2961:             1             32  com.google.inject.Key$NullAnnotationStrategy
2962:             1             32  hudson.util.TimeUnit2$3
2963:             1             32  hudson.PluginManager$PluginUpdateMonitor
2964:             1             32  com.google.common.collect.MapMakerInternalMap$Strength$3
2965:             1             32  org.jenkinsci.main.modules.sshd.SSHD$2
2966:             1             32  [Lhudson.plugins.git.GitTool;
2967:             1             32  org.acegisecurity.providers.rememberme.RememberMeAuthenticationProvider
2968:             2             32  org.apache.maven.artifact.resolver.DefaultArtifactResolver$DaemonThreadCreator
2969:             1             32  [Lcom.google.inject.Key$NullAnnotationStrategy;
2970:             2             32  org.apache.maven.artifact.resolver.DefaultResolutionErrorHandler
2971:             1             32  net.sf.ezmorph.primitive.IntMorpher
2972:             2             32  org.apache.maven.model.plugin.DefaultReportConfigurationExpander
2973:             2             32  org.apache.maven.settings.io.DefaultSettingsWriter
2974:             1             32  org.owasp.html.PolicyFactory
2975:             2             32  org.apache.maven.model.validation.DefaultModelValidator
2976:             1             32  hudson.util.TimeUnit2$4
2977:             1             32  org.sonatype.guice.bean.reflect.DeclaredMembers$View$1
2978:             1             32  hudson.node_monitors.NodeMonitorUpdater
2979:             1             32  sun.nio.cs.ThreadLocalCoders$1
2980:             1             32  org.kohsuke.stapler.Function$StaticFunction
2981:             2             32  com.cloudbees.jenkins.plugins.sshcredentials.impl.BasicSSHUserPrivateKey$UsersPrivateKeySource
2982:             2             32  org.apache.maven.artifact.repository.metadata.io.DefaultMetadataReader
2983:             1             32  org.codehaus.groovy.runtime.GroovyCategorySupport$MyThreadLocal
2984:             1             32  [Lhudson.tasks.Maven$MavenInstallation;
2985:             1             32  org.sonatype.guice.bean.reflect.DeclaredMembers$View$2
2986:             2             32  com.sun.org.apache.xerces.internal.impl.dv.xs.QNameDV
2987:             1             32  net.sf.ezmorph.primitive.LongMorpher
2988:             2             32  org.apache.maven.lifecycle.internal.BuildListCalculator
2989:             1             32  hudson.plugins.global_build_stats.business.GlobalBuildStatsPluginSaver
2990:             1             32  sun.nio.cs.ThreadLocalCoders$2
2991:             1             32  org.sonatype.guice.bean.reflect.DeclaredMembers$View$3
2992:             1             32  hudson.util.TimeUnit2$5
2993:             1             32  com.sun.org.apache.xerces.internal.impl.Constants$ArrayEnumeration
2994:             2             32  org.apache.maven.model.management.DefaultDependencyManagementInjector$ManagementModelMerger
2995:             1             32  hudson.plugins.translation.ResourceBundleFactoryImpl
2996:             1             32  winstone.HostGroup
2997:             1             32  [Lhudson.scm.CvsAuthentication;
2998:             2             32  org.springframework.web.context.request.RequestScope
2999:             1             32  net.sf.json.JSONArray
3000:             1             32  sun.dc.pr.PathStroker
3001:             1             32  com.google.common.base.Joiner$MapJoiner
3002:             1             32  hudson.util.ByteArrayOutputStream2
3003:             1             32  org.kohsuke.stapler.jelly.ThisTagLibrary
3004:             1             32  java.util.concurrent.Executors$DelegatedScheduledExecutorService
3005:             1             32  org.apache.tools.ant.types.selectors.TokenizedPattern
3006:             1             32  hudson.util.TimeUnit2$6
3007:             1             32  com.google.common.collect.EmptyImmutableSortedSet
3008:             1             32  [Lwinstone.auth.SecurityConstraint;
3009:             1             32  sun.net.www.MimeTable
3010:             1             32  net.sf.ezmorph.primitive.FloatMorpher
3011:             1             32  java.util.concurrent.TimeUnit$1
3012:             2             32  org.springframework.beans.factory.support.CglibSubclassingInstantiationStrategy
3013:             1             32  hudson.diagnosis.NullIdDescriptorMonitor
3014:             2             32  org.apache.maven.model.plugin.DefaultReportingConverter
3015:             1             32  hudson.util.ProcessTree$2
3016:             1             32  org.dom4j.util.SimpleSingleton
3017:             1             32  hudson.node_monitors.MonitorMarkedNodeOffline
3018:             1             32  org.jvnet.hudson.plugins.DownstreamBuildViewUpdateListener
3019:             1             32  hudson.util.TimeUnit2$7
3020:             2             32  org.sonatype.aether.impl.internal.DefaultFileProcessor
3021:             2             32  org.apache.maven.model.normalization.DefaultModelNormalizer$DuplicateMerger
3022:             1             32  org.sonatype.guice.bean.locators.QualifyingStrategy$1
3023:             1             32  java.util.regex.Pattern$Prolog
3024:             1             32  java.util.concurrent.TimeUnit$2
3025:             1             32  org.codehaus.groovy.util.TripleKeyHashMap
3026:             1             32  net.sf.ezmorph.primitive.DoubleMorpher
3027:             2             32  org.apache.maven.settings.validation.DefaultSettingsValidator
3028:             1             32  sun.dc.pr.PathDasher
3029:             1             32  org.bouncycastle.jcajce.provider.asymmetric.ec.KeyFactorySpi$ECMQV
3030:             1             32  [Ljava.beans.PropertyChangeListener;
3031:             1             32  org.sonatype.guice.bean.locators.QualifyingStrategy$2
3032:             1             32  org.acegisecurity.providers.encoding.ShaPasswordEncoder
3033:             1             32  jenkins.model.Jenkins$1
3034:             2             32  org.apache.maven.repository.DefaultMirrorSelector
3035:             1             32  sun.reflect.UnsafeByteFieldAccessorImpl
3036:             1             32  [Ljavax.servlet.ServletContextListener;
3037:             1             32  com.google.common.collect.MapMakerInternalMap$EntryFactory$1
3038:             2             32  org.apache.maven.model.profile.activation.OperatingSystemProfileActivator
3039:             2             32  com.sun.org.apache.xerces.internal.impl.dv.dtd.ENTITYDatatypeValidator
3040:             1             32  java.util.concurrent.TimeUnit$3
3041:             1             32  org.sonatype.guice.bean.locators.QualifyingStrategy$3
3042:             1             32  javax.crypto.spec.RC2ParameterSpec
3043:             1             32  org.jvnet.hudson.plugins.DownstreamBuildViewRunListener
3044:             1             32  jenkins.model.Jenkins$2
3045:             1             32  hudson.remoting.ChannelProperty
3046:             1             32  hudson.security.HudsonFilter
3047:             1             32  sun.security.validator.EndEntityChecker
3048:             1             32  com.google.common.collect.MapMakerInternalMap$EntryFactory$2
3049:             1             32  hudson.util.PersistedList
3050:             2             32  org.apache.maven.artifact.repository.layout.DefaultRepositoryLayout
3051:             1             32  org.sonatype.guice.bean.locators.QualifyingStrategy$4
3052:             1             32  org.codehaus.groovy.util.ReferenceType$1
3053:             1             32  java.security.AllPermissionCollection
3054:             1             32  java.util.concurrent.TimeUnit$4
3055:             1             32  org.sonatype.guice.bean.locators.QualifyingStrategy$5
3056:             1             32  sun.awt.SunHints$LCDContrastKey
3057:             2             32  org.apache.maven.model.plugin.DefaultLifecycleBindingsInjector$LifecycleBindingsMerger
3058:             1             32  com.google.common.collect.MapMakerInternalMap$EntryFactory$3
3059:             1             32  org.codehaus.groovy.util.ReferenceType$2
3060:             1             32  com.cloudbees.plugins.credentials.CredentialsScope$1
3061:             1             32  hudson.tools.ToolLocationNodeProperty
3062:             1             32  hudson.diagnosis.HudsonHomeDiskUsageMonitor
3063:             1             32  java.net.Proxy
3064:             2             32  org.apache.maven.model.locator.DefaultModelLocator
3065:             1             32  org.codehaus.groovy.util.ReferenceType$3
3066:             1             32  com.google.common.collect.MapMakerInternalMap$EntryFactory$4
3067:             1             32  java.util.concurrent.TimeUnit$5
3068:             1             32  net.sf.ezmorph.array.BooleanArrayMorpher
3069:             1             32  com.cloudbees.plugins.credentials.CredentialsScope$2
3070:             1             32  org.kohsuke.stapler.jelly.JellyFacet
3071:             1             32  hudson.model.Hudson$CloudList
3072:             1             32  org.codehaus.groovy.util.ReferenceType$4
3073:             1             32  org.jenkinsci.plugins.periodicbackup.LocalDirectory
3074:             1             32  jenkins.model.Jenkins$3
3075:             1             32  java.util.Collections$EmptyMap
3076:             1             32  com.google.common.collect.MapMakerInternalMap$EntryFactory$5
3077:             1             32  com.cloudbees.plugins.credentials.CredentialsScope$3
3078:             1             32  org.bouncycastle.asn1.DERSequence
3079:             1             32  sun.java2d.HeadlessGraphicsEnvironment
3080:             1             32  sun.net.www.protocol.http.Handler
3081:             1             32  java.util.regex.Pattern$Pos
3082:             1             32  java.util.concurrent.TimeUnit$6
3083:             2             32  org.apache.maven.project.ExtensionDescriptorBuilder
3084:             1             32  org.jfree.base.BasicProjectInfo$OptionalLibraryHolder
3085:             1             32  com.google.common.collect.MapMakerInternalMap$EntryFactory$6
3086:             1             32  com.google.common.base.Joiner$MapJoiner
3087:             1             32  net.sf.json.JSONObject
3088:             1             32  org.dom4j.DocumentFactory
3089:             1             32  net.sf.ezmorph.array.CharArrayMorpher
3090:             1             32  com.google.common.collect.MapMakerInternalMap$EntryFactory$7
3091:             1             32  org.codehaus.groovy.classgen.Verifier$12
3092:             1             32  hudson.node_monitors.TemporarySpaceMonitor
3093:             1             32  java.util.concurrent.TimeUnit$7
3094:             1             32  java.net.Inet6AddressImpl
3095:             2             32  jenkins.plugins.publish_over_ssh.options.SshPluginDefaults
3096:             1             32  java.security.Policy$UnsupportedEmptyCollection
3097:             2             32  org.apache.maven.model.io.DefaultModelReader
3098:             1             32  com.google.common.collect.MapMakerInternalMap$EntryFactory$8
3099:             1             32  hudson.plugins.locksandlatches.LockWrapper$LockConfig
3100:             1             32  org.codehaus.plexus.logging.console.ConsoleLogger
3101:             1             32  hudson.FilePath$TarCompression$1
3102:             2             32  org.apache.maven.model.profile.activation.JdkVersionProfileActivator
3103:             1             32  com.google.common.collect.MapMakerInternalMap$EntryFactory$9
3104:             1             32  net.sf.ezmorph.array.ByteArrayMorpher
3105:             1             32  org.apache.tools.ant.PropertyHelper$1
3106:             2             32  org.apache.maven.model.profile.DefaultProfileInjector$ProfileModelMerger
3107:             2             32  org.sonatype.guice.plexus.converters.PlexusDateTypeConverter
3108:             1             32  org.acegisecurity.providers.anonymous.AnonymousAuthenticationProvider
3109:             1             32  java.math.MutableBigInteger
3110:             1             32  hudson.FilePath$TarCompression$2
3111:             1             32  com.google.common.collect.MapMakerInternalMap$EntryFactory$10
3112:             1             32  winstone.realm.ArgumentsRealm
3113:             1             32  hudson.maven.ProcessCache
3114:             1             32  hudson.model.LoadBalancer$2
3115:             1             32  jenkins.security.CryptoConfidentialKey
3116:             2             32  org.sonatype.aether.impl.internal.DefaultSyncContextFactory
3117:             1             32  org.jvnet.hudson.plugins.backup.BackupPluginImpl
3118:             1             32  hudson.plugins.git.RemoteConfigConverter
3119:             1             32  org.codehaus.groovy.util.LazyReference$1
3120:             1             32  com.google.common.collect.MapMakerInternalMap$EntryFactory$11
3121:             1             32  sun.font.FileFont$FileFontDisposer
3122:             2             32  org.springframework.core.task.SyncTaskExecutor
3123:             1             32  net.sf.ezmorph.array.ShortArrayMorpher
3124:             1             32  sun.management.RuntimeImpl
3125:             1             32  hudson.plugins.global_build_stats.business.GlobalBuildStatsBusiness
3126:             1             32  org.apache.tools.ant.PropertyHelper$4
3127:             1             32  com.google.common.collect.MapMakerInternalMap$EntryFactory$12
3128:             2             32  hudson.security.UnwrapSecurityExceptionFilter
3129:             1             32  org.codehaus.groovy.util.LazyReference$2
3130:             2             32  org.apache.maven.lifecycle.internal.DefaultExecutionEventCatapult
3131:             1             32  com.mtvi.plateng.hudson.ldap.PluginImpl
3132:             1             32  sun.nio.ch.FileChannelImpl$SharedFileLockTable
3133:             1             32  org.kohsuke.stapler.Stapler$1
3134:             1             32  hudson.slaves.NodeList$ConverterImpl
3135:             1             32  org.codehaus.groovy.classgen.Verifier
3136:             2             32  org.apache.maven.model.path.DefaultPathTranslator
3137:             1             32  org.apache.sshd.common.random.SingletonRandomFactory
3138:             1             32  org.kohsuke.stapler.Stapler$2
3139:             1             32  com.google.common.base.Predicates$ObjectPredicate$1
3140:             1             32  net.sf.ezmorph.array.IntArrayMorpher
3141:             1             32  hudson.security.SecurityRealm$None
3142:             2             32  org.apache.maven.settings.merge.MavenSettingsMerger
3143:             1             32  sun.nio.ch.FileKey
3144:             1             32  com.google.common.base.Predicates$ObjectPredicate$2
3145:             2             32  org.apache.maven.model.plugin.DefaultPluginConfigurationExpander
3146:             1             32  org.apache.sshd.server.filesystem.NativeFileSystemFactory
3147:             1             32  com.google.common.base.Predicates$ObjectPredicate$3
3148:             1             32  hudson.plugins.audit_trail.AuditTrailPlugin$2
3149:             1             32  hudson.util.CopyOnWriteMap$Hash
3150:             1             32  org.apache.sshd.server.session.SessionFactory
3151:             1             32  hudson.model.labels.LabelAtom$LabelAtomConverter
3152:             1             32  com.google.common.base.Predicates$ObjectPredicate$4
3153:             1             32  net.sf.ezmorph.primitive.BooleanMorpher
3154:             1             32  sun.misc.PerformanceLogger$TimeData
3155:             2             32  hudson.security.AccessDeniedHandlerImpl
3156:             2             32  java.lang.Shutdown$Lock
3157:             1             32  hudson.tasks.BuildStepMonitor$1
3158:             1             32  org.jvnet.hudson.plugins.backup.BackupLink
3159:             2             32  org.apache.maven.model.path.DefaultUrlNormalizer
3160:             1             32  net.sf.ezmorph.array.LongArrayMorpher
3161:             2             32  org.apache.maven.repository.legacy.resolver.conflict.NearestConflictResolver
3162:             1             32  hudson.model.ResourceList
3163:             1             32  org.apache.mina.util.NamePreservingRunnable
3164:             2             32  org.apache.maven.model.inheritance.DefaultInheritanceAssembler$InheritanceModelMerger
3165:             1             32  hudson.tasks.BuildStepMonitor$2
3166:             1             32  hudson.tasks.BuildStepMonitor$3
3167:             1             32  com.robestone.hudson.compactcolumns.JobNameColorColumn
3168:             1             32  net.sf.ezmorph.primitive.CharMorpher
3169:             1             32  com.google.inject.internal.BytecodeGen$Visibility$1
3170:             1             32  com.google.common.collect.GenericMapMaker$NullListener
3171:             2             32  org.apache.maven.model.profile.activation.PropertyProfileActivator
3172:             1             32  org.bouncycastle.crypto.prng.VMPCRandomGenerator
3173:             1             32  org.jfree.base.config.HierarchicalConfiguration
3174:             1             32  org.jenkinsci.main.modules.sshd.UserAuthNamedFactory
3175:             1             32  sun.net.ProgressMonitor
3176:             1             32  com.google.inject.internal.BytecodeGen$Visibility$2
3177:             1             32  net.sf.ezmorph.array.FloatArrayMorpher
3178:             1             32  [Lcom.google.common.collect.GenericMapMaker$NullListener;
3179:             1             32  hudson.security.SparseACL
3180:             1             32  org.jfree.data.Range
3181:             1             32  winstone.ObjectPool$1
3182:             1             32  org.jfree.chart.block.BlockBorder
3183:             1             32  hudson.util.TimeUnit2$1
3184:             1             32  org.apache.tools.ant.Location
3185:             2             32  org.apache.maven.plugin.internal.DefaultLegacySupport
3186:             2             32  org.apache.maven.model.management.DefaultPluginManagementInjector$ManagementModelMerger
3187:             1             32  org.jfree.base.config.PropertyFileConfiguration
3188:             1             32  org.apache.commons.collections.map.ListOrderedMap
3189:             2             32  org.apache.maven.settings.io.DefaultSettingsReader
3190:             1             32  java.util.Collections$1
3191:             1             32  java.awt.geom.Line2D$Float
3192:             1             32  net.sf.ezmorph.primitive.ByteMorpher
3193:             1             32  org.codehaus.groovy.classgen.Verifier$16
3194:             1             32  hudson.node_monitors.DiskSpaceMonitor
3195:             1             32  org.jfree.base.modules.PackageManager$PackageConfiguration
3196:             1             24  org.kohsuke.stapler.JRebelFacet
3197:             1             24  hudson.diagnosis.ReverseProxySetupMonitor$$FastClassByGuice$$37562cf9
3198:             1             24  org.codehaus.groovy.control.CompilationUnit$9
3199:             1             24  hudson.views.LastStableColumn$DescriptorImpl$$FastClassByGuice$$8342259
3200:             1             24  de.fspengler.hudson.pview.PluginImpl
3201:             1             24  hudson.plugins.emailext.plugins.trigger.FixedTrigger$DescriptorImpl
3202:             1             24  hudson.scm.CvsModuleLocation$TagModuleLocation$TagModuleLocationDescriptor$$FastClassByGuice$$765ea59a
3203:             1             24  hudson.plugins.copyartifact.PermalinkBuildSelector$DescriptorImpl$$FastClassByGuice$$1f44dd0b
3204:             1             24  hudson.scm.CvsRepositoryItem$CvsRepositoryItemDescriptor$$FastClassByGuice$$27ddece1
3205:             1             24  $Proxy22
3206:             1             24  hudson.plugins.sectioned_view.SectionedView$DescriptorImpl$$FastClassByGuice$$104c2257
3207:             1             24  hudson.scm.NullSCM$DescriptorImpl$$FastClassByGuice$$92ac9d41
3208:             1             24  org.jenkins_ci.plugins.run_condition.core.StringsMatchCondition$StringsMatchDescriptor$$FastClassByGuice$$afc19163
3209:             1             24  $Proxy11
3210:             1             24  org.jenkinsci.plugins.envinject.EnvInjectBuildWrapper
3211:             1             24  hudson.plugins.disk_usage.DiskUsagePlugin$DiskUsageManagementLink
3212:             1             24  hudson.plugins.view.dashboard.core.UnstableJobsPortlet$DescriptorImpl$$FastClassByGuice$$407439f0
3213:             1             24  hudson.matrix.DefaultMatrixExecutionStrategyImpl$DescriptorImpl$$FastClassByGuice$$ce3ec170
3214:             1             24  hudson.model.UpdateCenter$2
3215:             1             24  jp.ikedam.jenkins.plugins.extensible_choice_parameter.GlobalTextareaChoiceListProvider$DescriptorImpl$$FastClassByGuice$$10b22528
3216:             1             24  org.jenkinsci.plugins.scriptler.ScriptlerManagment$$FastClassByGuice$$cf67ea1a
3217:             1             24  configurationslicing.executeshell.MavenTargetsSlicer$$FastClassByGuice$$caf10835
3218:             1             24  hudson.triggers.SCMTrigger$AdministrativeMonitorImpl$$FastClassByGuice$$734ed4e3
3219:             1             24  hudson.scm.subversion.UpdateWithCleanUpdater$DescriptorImpl$$FastClassByGuice$$320fb012
3220:             1             24  jenkins.security.ApiTokenProperty$DescriptorImpl$$FastClassByGuice$$36ae8169
3221:             1             24  org.jenkinsci.plugins.scriptler.ScritplerPluginImpl
3222:             1             24  hudson.plugins.git.UserMergeOptions$DescriptorImpl$$FastClassByGuice$$3fb542e5
3223:             1             24  org.codehaus.groovy.control.CompilationUnit$10
3224:             1             24  com.tikal.jenkins.plugins.multijob.views.LastDurationColumn$DescriptorImpl$$FastClassByGuice$$ccc5de69
3225:             1             24  org.jenkinsci.plugins.envinject.EnvInjectListener$$FastClassByGuice$$aa013a38
3226:             1             24  org.jenkinsci.plugins.periodicbackup.LocalDirectory$DescriptorImpl$$FastClassByGuice$$d183d0aa
3227:             1             24  hudson.plugins.global_build_stats.GlobalBuildStatsPlugin$GlobalBuildStatsItemListener$$FastClassByGuice$$34cd1a5d
3228:             1             24  hudson.plugins.emailext.plugins.trigger.AbortedTrigger$DescriptorImpl
3229:             1             24  sun.awt.SunDisplayChanger
3230:             1             24  hudson.security.LegacyAuthorizationStrategy$DescriptorImpl$$FastClassByGuice$$36b290ab
3231:             1             24  org.jenkins.ci.plugins.keyboard_shortcuts.KeyboardShortcutsPageDecorator$$FastClassByGuice$$938dc28b
3232:             1             24  hudson.security.HudsonPrivateSecurityRealm$Details$DescriptorImpl$$FastClassByGuice$$4bd1bf53
3233:             1             24  hudson.plugins.sshslaves.SSHConnector$DescriptorImpl$$FastClassByGuice$$7551bce3
3234:             1             24  java.util.concurrent.ConcurrentHashMap$KeySet
3235:             1             24  org.apache.commons.jexl.util.introspection.UberspectImpl
3236:             1             24  jenkins.plugins.publish_over_ssh.descriptor.BapSshTransferDescriptor$$FastClassByGuice$$181b13b5
3237:             1             24  hudson.console.HyperlinkNote$DescriptorImpl$$FastClassByGuice$$af6d1925
3238:             1             24  hudson.plugins.depgraph_view.model.graph.DependencyGraphEdgeProvider$$FastClassByGuice$$1505b02
3239:             1             24  hudson.plugins.git.browser.RedmineWeb$RedmineWebDescriptor$$FastClassByGuice$$4ba5c050
3240:             1             24  configurationslicing.logrotator.LogRotationSlicer$Count$$FastClassByGuice$$a0f6773d
3241:             1             24  hudson.views.LastSuccessColumn$DescriptorImpl$$FastClassByGuice$$c9384e83
3242:             1             24  org.jenkinsci.plugins.database.PerItemDatabaseConfiguration$$FastClassByGuice$$adc0b54
3243:             1             24  hudson.diagnosis.ReverseProxySetupMonitor
3244:             1             24  hudson.maven.reporters.BuildInfoRecorder$DescriptorImpl$$FastClassByGuice$$f6e8ca8b
3245:             1             24  org.jenkinsci.plugins.conditionalbuildstep.lister.DefaultBuilderDescriptorLister$DescriptorImpl$$FastClassByGuice$$72a22c
3246:             1             24  org.jvnet.hudson.plugins.m2release.M2ReleaseBuildWrapper$DescriptorImpl$$FastClassByGuice$$5497d92
3247:             1             24  org.codehaus.groovy.control.CompilationUnit$11
3248:             1             24  org.jenkins_ci.plugins.run_condition.core.StatusCondition$StatusConditionDescriptor$$FastClassByGuice$$c70ad118
3249:             1             24  hudson.plugins.disk_usage.DiskUsagePlugin$DiskUsageManagementLink$$FastClassByGuice$$d939dda6
3250:             1             24  hudson.plugins.ws_cleanup.Pattern$DescriptorImpl$$FastClassByGuice$$7ab0368f
3251:             1             24  hudson.model.MyViewsProperty$GlobalAction$$FastClassByGuice$$e4dde19e
3252:             1             24  hudson.plugins.emailext.plugins.trigger.NotBuiltTrigger$DescriptorImpl
3253:             1             24  hudson.tasks.BatchFile$DescriptorImpl$$FastClassByGuice$$b52dba70
3254:             1             24  org.jenkinsci.plugins.tokenmacro.impl.PropertyFromFileMacro$$FastClassByGuice$$3c89e794
3255:             1             24  jenkins.model.GlobalCloudConfiguration$$FastClassByGuice$$927dc141
3256:             1             24  hudson.tasks.Ant$AntInstaller$DescriptorImpl$$FastClassByGuice$$f2a599a2
3257:             1             24  jenkins.slaves.StandardOutputSwapper$$FastClassByGuice$$f9f6b5d2
3258:             1             24  hudson.model.BooleanParameterDefinition$DescriptorImpl$$FastClassByGuice$$d84aa507
3259:             1             24  org.jenkinsci.plugins.envinject.EnvInjectBuildWrapper$DescriptorImpl$$FastClassByGuice$$bfb83a8a
3260:             1             24  org.tmatesoft.svn.core.internal.io.dav.DAVRepositoryFactory
3261:             1             24  org.jenkins_ci.plugins.run_condition.core.NumericalComparisonCondition$GreaterThanOrEqualTo$GreaterThanOrEqualToDescriptor$$FastClassByGuice$$f693660e
3262:             1             24  [Lorg.codehaus.groovy.tools.GroovyClass;
3263:             1             24  hudson.scm.CvsRepositoryLocation$TagRepositoryLocation$TagRepositoryLocationDescriptor$$FastClassByGuice$$6e503db4
3264:             1             24  hudson.cli.WhoAmICommand$$FastClassByGuice$$8ba542eb
3265:             1             24  hudson.plugins.active_directory.ActiveDirectorySecurityRealm$DescriptorImpl$$FastClassByGuice$$49a693d2
3266:             1             24  com.barchart.jenkins.cascade.ProjectListener$$FastClassByGuice$$d0bbd9e5
3267:             1             24  javax.swing.plaf.basic.BasicLookAndFeel$2
3268:             1             24  hudson.plugins.jira.JiraCreateReleaseNotes$Descriptor$$FastClassByGuice$$67b35290
3269:             1             24  hudson.plugins.textfinder.TextFinderPublisher$DescriptorImpl$$FastClassByGuice$$a7fbee4
3270:             1             24  configurationslicing.prioritysorter.PrioritySorterSlicerWrapper$$FastClassByGuice$$a643eda
3271:             1             24  hudson.plugins.sectioned_view.JobGraphsSection$DescriptorImpl$$FastClassByGuice$$4fa7b763
3272:             1             24  jenkins.management.NodesLink$$FastClassByGuice$$9ce82078
3273:             1             24  hudson.security.GlobalSecurityConfiguration$$FastClassByGuice$$14b710b8
3274:             1             24  hudson.maven.reporters.MavenSiteArchiver$DescriptorImpl$$FastClassByGuice$$3e633523
3275:             1             24  hudson.plugins.git.GitSCM$DescriptorImpl$$FastClassByGuice$$c9865b2b
3276:             1             24  hudson.slaves.RetentionStrategy$Demand$DescriptorImpl$$FastClassByGuice$$4a3ec476
3277:             1             24  org.jenkinsci.modules.launchd_slave_installer.SlaveInstallerFactoryImpl
3278:             1             24  hudson.plugins.groovy.GroovyInstaller$DescriptorImpl$$FastClassByGuice$$53c617d8
3279:             1             24  hudson.plugins.mercurial.browser.HgWeb$DescriptorImpl$$FastClassByGuice$$a56b16c5
3280:             1             24  org.jenkins_ci.plugins.run_condition.core.DayCondition$Weekday$WeekdayDescriptor$$FastClassByGuice$$24b4591b
3281:             1             24  hudson.plugins.emailext.plugins.trigger.ImprovementTrigger$DescriptorImpl
3282:             1             24  hudson.plugins.disk_usage.DiskUsageBuildListener
3283:             1             24  hudson.plugins.parameterizedtrigger.BuildTrigger$DescriptorImpl$$FastClassByGuice$$f97831fb
3284:             1             24  com.tikal.jenkins.plugins.multijob.views.StatusColumn$DescriptorImpl$$FastClassByGuice$$5de91641
3285:             1             24  sun.nio.ch.SocketOptsImpl$IP$TCP
3286:             1             24  hudson.console.HudsonExceptionNote$DescriptorImpl$$FastClassByGuice$$d4a745f7
3287:             1             24  hudson.model.RestartListener$Default$$FastClassByGuice$$92017508
3288:             1             24  hudson.plugins.parameterizedtrigger.SubversionRevisionBuildParameters$DescriptorImpl$$FastClassByGuice$$250480fc
3289:             1             24  sun.text.normalizer.NormalizerBase$Mode
3290:             1             24  hudson.views.DefaultViewsTabBar$DescriptorImpl$$FastClassByGuice$$372feb75
3291:             1             24  com.cloudbees.plugins.credentials.UserCredentialsProvider$$FastClassByGuice$$d26efc2d
3292:             1             24  hudson.plugins.parameterizedtrigger.BuildTriggerConfig$DescriptorImpl$$FastClassByGuice$$6ab2cc59
3293:             1             24  org.jenkinsci.plugins.scriptler.share.scriptlerweb.ScritplerWebCatalog$$FastClassByGuice$$be4b486c
3294:             1             24  hudson.cli.HelpCommand$$FastClassByGuice$$cf135629
3295:             1             24  hudson.scm.listtagsparameter.ListSubversionTagsParameterDefinition$DescriptorImpl$$FastClassByGuice$$27f2fc6
3296:             1             24  hudson.tasks.PluginImpl
3297:             1             24  configurationslicing.buildtimeout.BuildTimeoutSlicer2$$FastClassByGuice$$f3e7e059
3298:             1             24  org.codehaus.groovy.control.CompilationUnit$12
3299:             1             24  sun.dc.pr.PathFiller
3300:             1             24  org.jenkins_ci.plugins.run_condition.core.FileExistsCondition$FileExistsConditionDescriptor$$FastClassByGuice$$c483b50c
3301:             1             24  hudson.plugins.git.GitRevisionBuildParameters$DescriptorImpl$$FastClassByGuice$$c69cf52b
3302:             1             24  de.fspengler.hudson.pview.UserPersonalViewProperty$UserPersonalViewPropertyDescriptor$$FastClassByGuice$$2386c204
3303:             1             24  hudson.plugins.global_build_stats.GlobalBuildStatsPlugin$GlobalBuildStatsManagementLink$$FastClassByGuice$$4dc176d3
3304:             1             24  [Ljava.awt.Component;
3305:             1             24  au.com.centrumsystems.hudson.plugin.buildpipeline.BuildPipelineView$DescriptorImpl$$FastClassByGuice$$e05a7189
3306:             1             24  java.util.regex.Pattern$Node
3307:             1             24  sun.jkernel.DownloadManager$1
3308:             1             24  hudson.ExtensionFinder$GuiceFinder$2
3309:             1             24  hudson.plugins.emailext.plugins.trigger.RegressionTrigger$DescriptorImpl
3310:             1             24  hudson.model.Fingerprint$RangeSet$ConverterImpl
3311:             1             24  hudson.plugins.depgraph_view.model.graph.CopyArtifactEdgeProvider$$FastClassByGuice$$44a96a4
3312:             1             24  hudson.plugins.view.dashboard.test.TestStatisticsPortlet$DescriptorImpl$$FastClassByGuice$$56d70128
3313:             1             24  hudson.tasks.Mailer$UserProperty$DescriptorImpl$$FastClassByGuice$$5e88e266
3314:             1             24  jenkins.mvn.DefaultSettingsProvider$DescriptorImpl$$FastClassByGuice$$17c8d5bf
3315:             1             24  hudson.FileSystemProvisioner$Default$DescriptorImpl$$FastClassByGuice$$fb5e0bf2
3316:             1             24  org.jenkinsci.plugins.periodicbackup.PeriodicBackup$$FastClassByGuice$$d10830a4
3317:             1             24  com.cloudbees.jenkins.plugins.sshcredentials.impl.BasicSSHUserPrivateKey$DescriptorImpl$$FastClassByGuice$$387f0883
3318:             1             24  java.util.regex.Pattern$5
3319:             1             24  org.jenkinsci.main.modules.sshd.SSHD$$FastClassByGuice$$c0b3a86e
3320:             1             24  hudson.tasks._maven.MavenMojoNote$DescriptorImpl$$FastClassByGuice$$2f8fa83e
3321:             1             24  hudson.plugins.copyartifact.CopyArtifact$ConverterImpl
3322:             1             24  hudson.model.EnvironmentContributor$EnvVarsHtml$$FastClassByGuice$$f72c7260
3323:             1             24  sun.util.CoreResourceBundleControl
3324:             1             24  hudson.security.HudsonPrivateSecurityRealm$ManageUserLinks$$FastClassByGuice$$4a6fc2a7
3325:             1             24  jenkins.management.ConsoleLink$$FastClassByGuice$$794558de
3326:             1             24  hudson.tasks._maven.MavenErrorNote$DescriptorImpl$$FastClassByGuice$$7a5375b5
3327:             1             24  hudson.diagnosis.TooManyJobsButNoView$$FastClassByGuice$$4978452e
3328:             1             24  com.barchart.jenkins.cascade.PluginActivator
3329:             1             24  org.jenkins_ci.plugins.run_condition.core.ExpressionCondition$ExpressionConditionDescriptor$$FastClassByGuice$$9001e9cc
3330:             1             24  hudson.diagnosis.TooManyJobsButNoView
3331:             1             24  jenkins.plugins.publish_over_ssh.options.SshOverrideInstanceConfigDefaults$SshOverrideInstanceConfigDefaultsDescriptor$$FastClassByGuice$$2ecb737a
3332:             1             24  configurationslicing.logrotator.LogRotationSlicer$ArtifactDays$$FastClassByGuice$$ccd75b5b
3333:             1             24  hudson.tools.ToolLocationNodeProperty$DescriptorImpl$$FastClassByGuice$$403bba49
3334:             1             24  org.jenkinsci.plugins.scriptler.share.gh.GHCatalog$$FastClassByGuice$$6ac2cc44
3335:             1             24  jenkins.slaves.JnlpSlaveAgentProtocol2$$FastClassByGuice$$b470638a
3336:             1             24  hudson.scm.CvsModuleLocation$BranchModuleLocation$BranchModuleLocationDescriptor$$FastClassByGuice$$c99ac60c
3337:             1             24  hudson.security.RememberMeServicesProxy
3338:             1             24  hudson.model.Fingerprint$3
3339:             1             24  org.jenkinsci.plugins.tokenmacro.PluginImpl
3340:             1             24  org.jenkinsci.plugins.envinject.EnvInjectBuildVariableContributor$$FastClassByGuice$$6835cf5
3341:             1             24  java.util.regex.Pattern$LastNode
3342:             1             24  hudson.plugins.copyartifact.BuildSelectorParameter$DescriptorImpl$$FastClassByGuice$$a5ac0751
3343:             1             24  sun.text.normalizer.NormalizerBase$NFDMode
3344:             1             24  org.codehaus.groovy.control.CompilationUnit$13
3345:             1             24  org.jvnet.jenkins.plugins.nodelabelparameter.LabelParameterDefinition$DescriptorImpl$$FastClassByGuice$$6dfee121
3346:             1             24  hudson.plugins.jquery.JQuery$$FastClassByGuice$$737cf9ad
3347:             1             24  org.apache.mina.core.service.AbstractIoService$1
3348:             1             24  com.barchart.jenkins.cascade.CheckoutStrategySCM$$FastClassByGuice$$fa2ec97c
3349:             1             24  org.jenkins_ci.plugins.run_condition.core.NumericalComparisonCondition$NumericalComparisonConditionDescriptor$$FastClassByGuice$$dc9de8e
3350:             1             24  hudson.search.UserSearchProperty$DescriptorImpl$$FastClassByGuice$$539c2698
3351:             1             24  hudson.plugins.active_directory.ActiveDirectoryMailAddressResolverImpl$$FastClassByGuice$$c73999f5
3352:             1             24  hudson.plugins.disk_usage.DiskUsagePlugin$DiskUsageRootLink$$FastClassByGuice$$a0af8985
3353:             1             24  org.jenkinsci.plugins.envinject.EnvInjectListener$JobSetupEnvironmentWrapper$JobSetupEnvironmentWrapperDescriptor$$FastClassByGuice$$f3d1f347
3354:             1             24  hudson.DNSMultiCast
3355:             1             24  hudson.tasks.junit.XMLEntityResolver$$FastClassByGuice$$f4c1f80d
3356:             1             24  hudson.security.HudsonPrivateSecurityRealm$2
3357:             1             24  hudson.scm.SubversionTagAction$DescriptorImpl$$FastClassByGuice$$9f49855f
3358:             1             24  com.tikal.jenkins.plugins.multijob.FileBuildParameters$DescriptorImpl$$FastClassByGuice$$67f9a3a1
3359:             1             24  jp.ikedam.jenkins.plugins.extensible_choice_parameter.ExtensibleChoiceParameterDefinition$DescriptorImpl$$FastClassByGuice$$5788e351
3360:             1             24  hudson.plugins.greenballs.ColorBlindPropertyDescriptor$$FastClassByGuice$$4c829d32
3361:             1             24  configurationslicing.maven.MavenGoals$$FastClassByGuice$$bbffa68d
3362:             1             24  org.codehaus.groovy.transform.ASTTransformationVisitor$1
3363:             1             24  hudson.plugins.git.util.InverseBuildChooser$DescriptorImpl$$FastClassByGuice$$6644c485
3364:             1             24  jenkins.plugins.publish_over_ssh.BapSshPublisherPlugin$Descriptor$$FastClassByGuice$$c0ccaf36
3365:             1             24  org.jenkinsci.plugins.mavenrepocleaner.MavenRepoCleanerThread$$FastClassByGuice$$2b6877ae
3366:             1             24  hudson.plugins.emailext.plugins.trigger.FirstFailureTrigger$DescriptorImpl
3367:             1             24  sun.awt.image.PixelConverter
3368:             1             24  hudson.plugins.heavy_job.HeavyJobProperty$DescriptorImpl$$FastClassByGuice$$82ce1e1e
3369:             1             24  java.lang.ProcessEnvironment$StringKeySet
3370:             1             24  hudson.maven.PluginImpl
3371:             1             24  hudson.plugins.git.browser.GithubWeb$GithubWebDescriptor$$FastClassByGuice$$7cc995aa
3372:             1             24  org.acegisecurity.providers.dao.AbstractUserDetailsAuthenticationProvider$DefaultPostAuthenticationChecks
3373:             1             24  sun.util.calendar.JulianCalendar
3374:             1             24  hudson.model.DownloadService$$FastClassByGuice$$63e97b5
3375:             1             24  org.slf4j.helpers.SubstituteLoggerFactory
3376:             1             24  hudson.model.Fingerprint$ProjectRenameListener$$FastClassByGuice$$8eb63e53
3377:             1             24  org.codehaus.groovy.runtime.metaclass.MetaClassRegistryImpl$1
3378:             1             24  hudson.plugins.nested_view.NestedView$DescriptorImpl$$FastClassByGuice$$828c9a95
3379:             1             24  jenkins.model.GlobalProjectNamingStrategyConfiguration$$FastClassByGuice$$c9cbba42
3380:             1             24  com.tikal.jenkins.plugins.multijob.Plugin$RenameListener$$FastClassByGuice$$b14fddf9
3381:             1             24  jp.ikedam.jenkins.plugins.extensible_choice_parameter.ChoiceWatchRunListener
3382:             1             24  org.jenkins.plugins.builton.BuiltOnColumn$DescriptorImpl$$FastClassByGuice$$ae0ffc81
3383:             1             24  org.jenkinsci.plugins.conditionalbuildstep.BuilderChain$DescriptorImpl$$FastClassByGuice$$e889981d
3384:             1             24  hudson.cli.ListPluginsCommand$$FastClassByGuice$$9650998a
3385:             1             24  configurationslicing.ConfigurationSlicing$$FastClassByGuice$$25fa22ce
3386:             1             24  hudson.scm.SubversionStatus$$FastClassByGuice$$d51f994e
3387:             1             24  hudson.plugins.depgraph_view.model.graph.ParameterizedTriggerSubProjectProvider$$FastClassByGuice$$dd8baa78
3388:             1             24  hudson.model.PasswordParameterDefinition$ParameterDescriptorImpl$$FastClassByGuice$$e63d05d
3389:             1             24  jenkins.plugins.publish_over_ssh.options.SshOverrideParamPublishDefaults$SshOverrideParamPublishDefaultsDescriptor$$FastClassByGuice$$d6374bd0
3390:             1             24  hudson.maven.reporters.MavenMailer$DescriptorImpl$$FastClassByGuice$$1d1e2e76
3391:             1             24  sun.text.normalizer.NormalizerBase$NFKDMode
3392:             1             24  org.jenkins_ci.plugins.run_condition.BuildStepRunner$Fail$FailDescriptor$$FastClassByGuice$$7fb2512f
3393:             1             24  sun.awt.SunToolkit$ModalityListenerList
3394:             1             24  hudson.plugins.emailext.plugins.trigger.SecondFailureTrigger$DescriptorImpl
3395:             1             24  hudson.tasks.Maven$DescriptorImpl$$FastClassByGuice$$dc4bed9b
3396:             1             24  hudson.maven.reporters.MavenArtifactArchiver$DescriptorImpl$$FastClassByGuice$$584f16b8
3397:             1             24  hudson.console.ExpandableDetailsNote$DescriptorImpl$$FastClassByGuice$$1fbb79dd
3398:             1             24  hudson.plugins.ws_cleanup.WsCleanup$DescriptorImpl$$FastClassByGuice$$e46f33f7
3399:             1             24  hudson.plugins.global_build_stats.GlobalBuildStatsPlugin$GlobalBuildStatsRunListener$$FastClassByGuice$$4d63e829
3400:             1             24  org.jenkinsci.plugins.database.GlobalDatabaseConfiguration$$FastClassByGuice$$f3e53e2f
3401:             1             24  hudson.model.FingerprintCleanupThread$2
3402:             1             24  hudson.scm.CVSSCM$DescriptorImpl$$FastClassByGuice$$b5b45212
3403:             1             24  org.tomfolga.PomModulesVersionColumn$DescriptorImpl$$FastClassByGuice$$99b266f7
3404:             1             24  hudson.security.AuthorizationStrategy$Unsecured$DescriptorImpl$$FastClassByGuice$$625e0972
3405:             1             24  org.sonatype.plexus.components.sec.dispatcher.DefaultSecDispatcher$__plexus3$$FastClassByGuice$$a7a2111
3406:             1             24  sun.awt.image.PixelConverter$Xrgb
3407:             1             24  [Lorg.jfree.util.LogTarget;
3408:             1             24  com.michelin.cio.hudson.plugins.rolestrategy.RoleStrategyConfig$$FastClassByGuice$$5d0784c8
3409:             1             24  jenkins.model.GlobalSCMRetryCountConfiguration$$FastClassByGuice$$90cd9492
3410:             1             24  hudson.security.LDAPSecurityRealm$MailAdressResolverImpl$$FastClassByGuice$$30985d6a
3411:             1             24  hudson.slaves.RetentionStrategy$1
3412:             1             24  hudson.tools.CommandInstaller$DescriptorImpl$$FastClassByGuice$$8bded2b0
3413:             1             24  hudson.scm.CvsRepositoryLocation$BranchRepositoryLocation$BranchRepositoryLocationDescriptor$$FastClassByGuice$$7ea8e22a
3414:             1             24  org.jenkins_ci.plugins.run_condition.core.TimeCondition$TimeConditionDescriptor$$FastClassByGuice$$1ebf19a2
3415:             1             24  org.apache.mina.util.IdentityHashSet
3416:             1             24  [Lhudson.plugins.mercurial.MercurialInstallation;
3417:             1             24  org.codehaus.groovy.control.CompilationUnit$14
3418:             1             24  java.awt.MutableBoolean
3419:             1             24  hudson.plugins.jira.versionparameter.JiraVersionParameterDefinition$DescriptorImpl$$FastClassByGuice$$6622fa43
3420:             1             24  hudson.plugins.view.dashboard.core.HudsonStdJobsPortlet$DescriptorImpl$$FastClassByGuice$$e44e6b4a
3421:             1             24  hudson.model.FingerprintCleanupThread$$FastClassByGuice$$7672f1a2
3422:             1             24  org.jenkinsci.main.modules.cli.auth.ssh.SshCliAuthenticator$$FastClassByGuice$$cbfe5f5d
3423:             1             24  hudson.plugins.sectioned_view.TestResultViewSection$DescriptorImpl$$FastClassByGuice$$c403ddaf
3424:             1             24  org.jenkins_ci.plugins.run_condition.core.DayCondition$Weekend$WeekendDescriptor$$FastClassByGuice$$3150ef19
3425:             1             24  hudson.model.ListView$DescriptorImpl$$FastClassByGuice$$ba680758
3426:             1             24  jenkins.plugins.publish_over_ssh.options.SshOverridePublisherLabelDefaults$SshOverridePublisherLabelDefaultsDescriptor$$FastClassByGuice$$1cdc02fc
3427:             1             24  hudson.plugins.mercurial.browser.RhodeCode$DescriptorImpl$$FastClassByGuice$$992e3a93
3428:             1             24  configurationslicing.logrotator.LogRotationSlicer$ArtifactBuilds$$FastClassByGuice$$f216c1c9
3429:             1             24  hudson.model.FileParameterDefinition$DescriptorImpl$$FastClassByGuice$$76c3890b
3430:             1             24  hudson.maven.reporters.SurefireArchiver$DescriptorImpl$$FastClassByGuice$$e9750b86
3431:             1             24  hudson.plugins.parameterizedtrigger.NodeParameters$DescriptorImpl$$FastClassByGuice$$265ee319
3432:             1             24  com.michelin.cio.hudson.plugins.rolestrategy.RoleBasedAuthorizationStrategy
3433:             1             24  sun.awt.image.PixelConverter$Argb
3434:             1             24  com.cloudbees.plugins.credentials.UserCredentialsProvider$UserCredentialsProperty$DescriptorImpl$$FastClassByGuice$$d3381004
3435:             1             24  hudson.plugins.depgraph_view.DependencyGraphViewActionFactory$$FastClassByGuice$$3f33bb96
3436:             1             24  hudson.plugins.parameterizedtrigger.FileBuildParameterFactory$DescriptorImpl$$FastClassByGuice$$f565f18e
3437:             1             24  hudson.tasks.BuildTrigger$DescriptorImpl$$FastClassByGuice$$5c8c7c56
3438:             1             24  org.codehaus.groovy.control.CompilationUnit$15
3439:             1             24  hudson.plugins.parameterizedtrigger.FileBuildParameters$DescriptorImpl$$FastClassByGuice$$adb66ea5
3440:             1             24  com.barchart.jenkins.cascade.MavenTokenMacro$$FastClassByGuice$$deee6036
3441:             1             24  hudson.tasks.Maven$MavenInstallation$ConverterImpl
3442:             1             24  [Lcom.google.inject.TypeLiteral;
3443:             1             24  sun.text.normalizer.NormalizerBase$NFCMode
3444:             1             24  org.jvnet.hudson.reactor.TaskBuilder$1
3445:             1             24  org.jenkins_ci.plugins.run_condition.core.CauseCondition$CauseConditionDescriptor$$FastClassByGuice$$9d23478e
3446:             1             24  $Proxy26
3447:             1             24  hudson.plugins.emailext.plugins.trigger.ScriptTrigger$DescriptorImpl
3448:             1             24  hudson.os.windows.ManagedWindowsServiceLauncher$AccountInfo$DescriptorImpl$$FastClassByGuice$$1b79080d
3449:             1             24  org.jenkinsci.plugins.periodicbackup.TarGzStorage$DescriptorImpl$$FastClassByGuice$$a3f0ac29
3450:             1             24  configurationslicing.jobdisabled.JobDisabledBoolSlicer$$FastClassByGuice$$24909339
3451:             1             24  hudson.plugins.git.browser.GitLab$GitLabDescriptor$$FastClassByGuice$$2a088cf0
3452:             1             24  hudson.plugins.disk_usage.DiskUsageBuildListener$$FastClassByGuice$$ee95604c
3453:             1             24  hudson.plugins.view.dashboard.builds.LatestBuilds$DescriptorImpl$$FastClassByGuice$$47b86580
3454:             1             24  winstone.ErrorServlet
3455:             1             24  com.robestone.hudson.compactcolumns.JobNameColumn$DescriptorImpl$$FastClassByGuice$$5a33850c
3456:             1             24  org.codehaus.groovy.control.CompilationUnit$1
3457:             1             24  hudson.model.JDK$DescriptorImpl$$FastClassByGuice$$f9ca53a
3458:             1             24  sun.awt.image.PixelConverter$ArgbPre
3459:             1             24  jenkins.mvn.DefaultGlobalSettingsProvider$DescriptorImpl$$FastClassByGuice$$3e57159c
3460:             1             24  groovyjarjarantlr.Token
3461:             1             24  org.kohsuke.stapler.jelly.ReallyStaticTagLibrary
3462:             1             24  hudson.slaves.CommandConnector$DescriptorImpl$$FastClassByGuice$$3a396d72
3463:             1             24  com.cloudbees.jenkins.plugins.sshcredentials.impl.BasicSSHUserPrivateKey$DirectEntryPrivateKeySource$DescriptorImpl$$FastClassByGuice$$e89a1287
3464:             1             24  hudson.security.HudsonPrivateSecurityRealm$DescriptorImpl$$FastClassByGuice$$60a58291
3465:             1             24  hudson.markup.RawHtmlMarkupFormatter$DescriptorImpl$$FastClassByGuice$$5a5a2ef1
3466:             1             24  jenkins.scm.DefaultSCMCheckoutStrategyImpl$DescriptorImpl$$FastClassByGuice$$ee410695
3467:             1             24  hudson.model.RunParameterDefinition$DescriptorImpl$$FastClassByGuice$$abee2eaa
3468:             1             24  org.jvnet.hudson.plugins.DownStreamProjectActionFactory$$FastClassByGuice$$d252c917
3469:             1             24  [Ljava.net.NetworkInterface;
3470:             1             24  hudson.os.solaris.ZFSProvisioner$DescriptorImpl$$FastClassByGuice$$37ff99be
3471:             1             24  org.jenkins_ci.plugins.run_condition.common.BaseDirectory$Workspace$WorkspaceDescriptor$$FastClassByGuice$$43456954
3472:             1             24  sun.awt.EventListenerAggregate
3473:             1             24  jenkins.management.ShutdownLink$$FastClassByGuice$$a3149a23
3474:             1             24  org.jenkinsci.plugins.envinject.EnvInjectPasswordWrapper$DescriptorImpl$$FastClassByGuice$$e8e57f
3475:             1             24  hudson.cli.ListJobsCommand$$FastClassByGuice$$50fd9876
3476:             1             24  hudson.slaves.ComputerRetentionWork$$FastClassByGuice$$ad6d68b5
3477:             1             24  configurationslicing.maven.MavenVersionSlicer$$FastClassByGuice$$2342a1e5
3478:             1             24  hudson.plugins.emailext.plugins.trigger.PreBuildScriptTrigger$DescriptorImpl
3479:             1             24  jenkins.model.MasterBuildConfiguration$$FastClassByGuice$$570852a7
3480:             1             24  hudson.tasks.test.AggregatedTestResultPublisher$TestResultAction$RunListenerImpl
3481:             1             24  $Proxy33
3482:             1             24  org.jenkinsci.modules.slave_installer.impl.ComputerListenerImpl$$FastClassByGuice$$f4dcee0c
3483:             1             24  hudson.scm.browsers.OpenGrok$DescriptorImpl$$FastClassByGuice$$90e3cfa3
3484:             1             24  sun.awt.image.PixelConverter$Xbgr
3485:             1             24  hudson.plugins.mercurial.MercurialStatus$$FastClassByGuice$$d2a6779f
3486:             1             24  org.jvnet.hudson.plugins.m2release.PluginImpl
3487:             1             24  hudson.model.StringParameterDefinition$DescriptorImpl$$FastClassByGuice$$83015860
3488:             1             24  hudson.slaves.NodeProvisioner$NodeProvisionerInvoker$$FastClassByGuice$$39f93bd
3489:             1             24  org.codehaus.groovy.control.CompilationUnit$2
3490:             1             24  org.jvnet.jenkins.plugins.nodelabelparameter.NodeParameterDefinition$DescriptorImpl$$FastClassByGuice$$ec694c03
3491:             1             24  sun.text.normalizer.NormalizerBase$NFKCMode
3492:             1             24  java.awt.ImageCapabilities
3493:             1             24  org.jenkinsci.plugins.envinject.EnvInjectListener
3494:             1             24  hudson.plugins.jquery_ui.JQueryUI$$FastClassByGuice$$e3c3b14c
3495:             1             24  hudson.cli.SessionIdCommand$$FastClassByGuice$$25f85bb
3496:             1             24  jenkins.plugins.publish_over_ssh.descriptor.BapSshHostConfigurationDescriptor$$FastClassByGuice$$822a2
3497:             1             24  com.seitenbau.jenkins.plugins.dynamicparameter.StringParameterDefinition$DescriptorImpl$$FastClassByGuice$$baf9e6db
3498:             1             24  hudson.plugins.downstream_ext.DownstreamTrigger$DescriptorImpl$$FastClassByGuice$$b1f1bc6
3499:             1             24  org.jenkins_ci.plugins.run_condition.core.NumericalComparisonCondition$LessThan$LessThanDescriptor$$FastClassByGuice$$cd7469ae
3500:             1             24  org.jenkinsci.plugins.mavenrepocleaner.MavenRepoCleanerPostBuildTask$DescriptorImpl$$FastClassByGuice$$a1499964
3501:             1             24  com.cloudbees.plugins.flow.FlowListener$$FastClassByGuice$$2866a81f
3502:             1             24  hudson.scm.subversion.UpdateWithRevertUpdater$DescriptorImpl$$FastClassByGuice$$41ceb8f
3503:             1             24  $Proxy27
3504:             1             24  [Ljavax.servlet.ServletContextAttributeListener;
3505:             1             24  java.text.MessageFormat$Field
3506:             1             24  hudson.plugins.nextexecutions.columns.NextExecutionColumn$DescriptorImpl$$FastClassByGuice$$6220ce68
3507:             1             24  jp.ikedam.jenkins.plugins.extensible_choice_parameter.GlobalTextareaChoiceListEntry$DescriptorImpl$$FastClassByGuice$$46f20ebb
3508:             1             24  hudson.model.Cause$UpstreamCause$ConverterImpl
3509:             1             24  jenkins.model.PeepholePermalink$RunListenerImpl
3510:             1             24  org.apache.commons.lang.time.FastDateFormat$StringLiteral
3511:             1             24  com.tikal.jenkins.plugins.multijob.views.MultiJobView$DescriptorImpl$$FastClassByGuice$$9c9a6d80
3512:             1             24  hudson.plugins.git.browser.GitBlitRepositoryBrowser$ViewGitWebDescriptor$$FastClassByGuice$$7375bb00
3513:             1             24  sun.awt.image.PixelConverter$Rgba
3514:             1             24  com.google.common.base.Joiner
3515:             1             24  org.jenkinsci.plugins.envinject.EnvInjectGlobalPasswordWrapper$DescriptorImpl$$FastClassByGuice$$ef0fc302
3516:             1             24  java.nio.channels.spi.AbstractInterruptibleChannel$1
3517:             1             24  jenkins.plugins.publish_over_ssh.options.SshOverrideTransferDefaults$SshOverrideTransferDefaultsDescriptor$$FastClassByGuice$$f9b65722
3518:             1             24  hudson.console.UrlAnnotator$$FastClassByGuice$$96f4f57
3519:             1             24  org.codehaus.groovy.control.CompilationUnit$3
3520:             1             24  configurationslicing.timer.SCMTimerSliceStringSlicer$$FastClassByGuice$$fac99b9d
3521:             1             24  hudson.plugins.parameterizedtrigger.matrix.MatrixBuildListenerImpl$$FastClassByGuice$$e096b4e2
3522:             1             24  hudson.scm.browsers.Assembla$DescriptorImpl$$FastClassByGuice$$1de79da6
3523:             1             24  [Ljavax.servlet.ServletRequestListener;
3524:             1             24  hudson.plugins.git.UserRemoteConfig$DescriptorImpl$$FastClassByGuice$$c9ca72c3
3525:             1             24  hudson.plugins.disk_usage.DiskUsageProjectActionFactory$$FastClassByGuice$$c5199911
3526:             1             24  hudson.views.LastFailureColumn$DescriptorImpl$$FastClassByGuice$$dfa7675c
3527:             1             24  org.jenkinsci.plugins.scriptler.builder.ScriptlerBuilder$DescriptorImpl$$FastClassByGuice$$a6e7c5e9
3528:             1             24  [Ljavax.servlet.ServletRequestAttributeListener;
3529:             1             24  hudson.security.AuthorizationMatrixProperty$DescriptorImpl$$FastClassByGuice$$d235d45f
3530:             1             24  hudson.WebAppMain$1
3531:             1             24  hudson.plugins.dependencyanalyzer.DependencyAnalyzerPublisherDescriptor$$FastClassByGuice$$4320173e
3532:             1             24  com.cloudbees.plugins.flow.BuildFlowPlugin
3533:             1             24  [Lorg.codehaus.groovy.ast.MixinNode;
3534:             1             24  com.tikal.jenkins.plugins.multijob.PhaseJobsConfig$DescriptorImpl$$FastClassByGuice$$2f2c968a
3535:             1             24  hudson.cli.GroovyshCommand$$FastClassByGuice$$2407dcc7
3536:             1             24  org.jenkinsci.main.modules.sshd.ItemListenerImpl
3537:             1             24  org.jenkins_ci.plugins.run_condition.BuildStepRunner$Unstable$UnstableDescriptor$$FastClassByGuice$$594f76ef
3538:             1             24  com.barchart.jenkins.cascade.LayoutOptions$$FastClassByGuice$$45bd0d0c
3539:             1             24  com.cloudbees.plugins.credentials.SystemCredentialsProvider$$FastClassByGuice$$ed8ee489
3540:             1             24  jenkins.plugins.publish_over_ssh.BapSshPostBuildWrapper$Descriptor$$FastClassByGuice$$4c4749c
3541:             1             24  hudson.security.LDAPSecurityRealm$DescriptorImpl$$FastClassByGuice$$9c6faba6
3542:             1             24  jp.ikedam.jenkins.plugins.extensible_choice_parameter.FilenameChoiceListProvider$DescriptorImpl$$FastClassByGuice$$5ab909de
3543:             1             24  org.jenkinsci.plugins.periodicbackup.PeriodicBackupRestartListener$$FastClassByGuice$$159cf29f
3544:             1             24  configurationslicing.maven.MavenOptsSlicer$$FastClassByGuice$$4e8d66b3
3545:             1             24  sun.awt.image.PixelConverter$RgbaPre
3546:             1             24  [Ljavax.servlet.http.HttpSessionActivationListener;
3547:             1             24  org.codehaus.groovy.control.CompilationUnit$4
3548:             1             24  hudson.tasks.BuildTrigger$DescriptorImpl$ItemListenerImpl$$FastClassByGuice$$3bc06255
3549:             1             24  hudson.scm.browsers.ViewCVS$DescriptorImpl$$FastClassByGuice$$a265eeb7
3550:             1             24  com.google.common.collect.EmptyImmutableList
3551:             1             24  hudson.slaves.ConnectionActivityMonitor$$FastClassByGuice$$e18ff4ce
3552:             1             24  org.tomfolga.PomDependenciesWithinGroupIdColumn$DescriptorImpl$$FastClassByGuice$$7e5b54c
3553:             1             24  org.apache.commons.jelly.tags.core.ArgTag$1
3554:             1             24  com.google.common.collect.ImmutableCollection$EmptyImmutableCollection
3555:             1             24  hudson.maven.reporters.MavenJavadocArchiver$DescriptorImpl$$FastClassByGuice$$85e0a086
3556:             1             24  org.jenkinsci.main.modules.cli.auth.ssh.UserPropertyImpl$DescriptorImpl$$FastClassByGuice$$21ae1075
3557:             1             24  jenkins.management.CliLink$$FastClassByGuice$$70eb66a7
3558:             1             24  hudson.maven.reporters.MavenTestJavadocArchiver$DescriptorImpl$$FastClassByGuice$$69a82138
3559:             1             24  [Ljavax.servlet.http.HttpSessionAttributeListener;
3560:             1             24  hudson.plugins.jira.listissuesparameter.JiraIssueParameterDefinition$DescriptorImpl$$FastClassByGuice$$4c25a1a6
3561:             1             24  hudson.model.AllView$DescriptorImpl$$FastClassByGuice$$df772725
3562:             1             24  jenkins.management.SystemLogLink$$FastClassByGuice$$fd7b73dc
3563:             1             24  org.jenkinsci.plugins.database.mysql.MySQLDatabase$DescriptorImpl$$FastClassByGuice$$8f74e8cb
3564:             1             24  hudson.plugins.measurement_plots.TestDataPublisher$DescriptorImpl$$FastClassByGuice$$51b617d3
3565:             1             24  hudson.cli.CliProtocol2$$FastClassByGuice$$b81c29db
3566:             1             24  hudson.plugins.view.dashboard.core.ImagePortlet$DescriptorImpl$$FastClassByGuice$$85826887
3567:             1             24  org.codehaus.groovy.util.ManagedReference$1
3568:             1             24  org.jvnet.hudson.plugins.DownstreamBuildViewUpdateListener$$FastClassByGuice$$292ba294
3569:             1             24  [Ljavax.servlet.http.HttpSessionListener;
3570:             1             24  hudson.plugins.sectioned_view.ListViewSection$DescriptorImpl$$FastClassByGuice$$6d803fe
3571:             1             24  org.jenkinsci.plugins.conditionalbuildstep.singlestep.SingleConditionalBuilder$SingleConditionalBuilderDescriptor$$FastClassByGuice$$406d209
3572:             1             24  hudson.scm.CvsModule$DescriptorImpl$$FastClassByGuice$$4590c9ab
3573:             1             24  org.apache.commons.jelly.expression.CompositeExpression
3574:             1             24  hudson.cli.LogoutCommand$$FastClassByGuice$$d4e24000
3575:             1             24  org.codehaus.groovy.control.CompilationUnit$5
3576:             1             24  sun.awt.image.PixelConverter$Ushort565Rgb
3577:             1             24  hudson.cli.DeleteBuildsCommand$$FastClassByGuice$$72ddea3a
3578:             1             24  hudson.scm.CvsProjectset$CvsProjectsetDescriptor$$FastClassByGuice$$77234b9
3579:             1             24  hudson.Lookup
3580:             1             24  com.barchart.jenkins.cascade.GraphModule
3581:             1             24  org.jenkins_ci.plugins.run_condition.core.DayCondition$SelectDays$SelectDaysDescriptor$$FastClassByGuice$$547476f3
3582:             1             24  hudson.plugins.mercurial.browser.FishEye$DescriptorImpl$$FastClassByGuice$$14d171a1
3583:             1             24  java.util.Collections$EmptyList
3584:             1             24  org.jenkinsci.main.modules.instance_identity.InstanceIdentity$$FastClassByGuice$$af33f6d9
3585:             1             24  org.apache.commons.jelly.tags.core.ArgTag$2
3586:             1             24  hudson.matrix.NoopMatrixConfigurationSorter$DescriptorImpl$$FastClassByGuice$$eb53bf0f
3587:             1             24  com.sonyericsson.rebuild.RebuildProjectActionFactory$$FastClassByGuice$$64d8bd6f
3588:             1             24  configurationslicing.executeshell.ExecuteWindowsBatchSlicer$$FastClassByGuice$$4d32a1ce
3589:             1             24  hudson.tools.InstallerTranslator$$FastClassByGuice$$5de39c1c
3590:             1             24  jenkins.plugins.publish_over_ssh.BapSshBuilderPlugin$Descriptor$$FastClassByGuice$$f47cd7f7
3591:             1             24  hudson.plugins.parameterizedtrigger.matrix.MatrixSubsetBuildParameters$DescriptorImpl$$FastClassByGuice$$ba9505dd
3592:             1             24  hudson.tasks.Maven$MavenInstallation$DescriptorImpl$$FastClassByGuice$$5b31b5da
3593:             1             24  hudson.cli.CopyJobCommand$$FastClassByGuice$$7f3c8064
3594:             1             24  jenkins.management.StatisticsLink$$FastClassByGuice$$c2b535b0
3595:             1             24  org.apache.maven.artifact.handler.DefaultArtifactHandler$__plexus4$$FastClassByGuice$$72df9881
3596:             1             24  hudson.tasks._ant.AntTargetNote$DescriptorImpl$$FastClassByGuice$$8dadd2dc
3597:             1             24  sun.misc.FloatingDecimal$1
3598:             1             24  com.sun.org.apache.xerces.internal.impl.dv.xs.YearMonthDurationDV
3599:             1             24  hudson.slaves.ChannelPinger$$FastClassByGuice$$21f05e43
3600:             1             24  org.jenkinsci.plugins.artifactdiff.ArtifactDifference$ActionFactory$$FastClassByGuice$$ad18234c
3601:             1             24  hudson.plugins.depgraph_view.DependencyGraphProperty$DescriptorImpl$$FastClassByGuice$$3ced3405
3602:             1             24  hudson.plugins.parameterizedtrigger.TriggerBuilder$DescriptorImpl$$FastClassByGuice$$705ccd02
3603:             1             24  org.apache.mina.core.filterchain.DefaultIoFilterChainBuilder
3604:             1             24  org.apache.commons.collections.collection.UnmodifiableCollection
3605:             1             24  org.jenkins_ci.plugins.run_condition.core.BooleanCondition$BooleanConditionDescriptor$$FastClassByGuice$$26a83ae
3606:             1             24  hudson.plugins.copyartifact.FilePathCopyMethod$$FastClassByGuice$$9d06b47d
3607:             1             24  org.codehaus.groovy.control.CompilationUnit$6
3608:             1             24  hudson.model.WorkspaceCleanupThread$$FastClassByGuice$$d6cdeb91
3609:             1             24  sun.awt.image.PixelConverter$Ushort555Rgb
3610:             1             24  javax.swing.plaf.metal.OceanTheme
3611:             1             24  hudson.plugins.view.dashboard.core.IframePortlet$DescriptorImpl$$FastClassByGuice$$33f7d14a
3612:             1             24  com.cloudbees.jenkins.plugins.sshagent.mina.MinaRemoteAgentFactory$$FastClassByGuice$$4b326763
3613:             1             24  org.apache.commons.jelly.tags.core.ArgTag$3
3614:             1             24  net.sf.ezmorph.MorpherRegistry
3615:             1             24  hudson.plugins.git.browser.BitbucketWeb$BitbucketWebDescriptor$$FastClassByGuice$$621f89f0
3616:             1             24  hudson.plugins.git.GitStatus$$FastClassByGuice$$7c5d70e7
3617:             1             24  hudson.cli.UpdateJobCommand$$FastClassByGuice$$fc80e478
3618:             1             24  hudson.plugins.downstream_ext.DownstreamTrigger$DescriptorImpl$ItemListenerImpl$$FastClassByGuice$$deb290e5
3619:             1             24  hudson.plugins.disk_usage.DiskUsageOvearallGraphGenerator$$FastClassByGuice$$1b94d92d
3620:             1             24  com.robestone.hudson.compactcolumns.LastSuccessAndFailedColumn$LastSuccessAndFailedColumnDescriptor$$FastClassByGuice$$7d13a19c
3621:             1             24  java.util.regex.Pattern$CharPropertyNames$6
3622:             1             24  hudson.views.DefaultMyViewsTabBar$DescriptorImpl$$FastClassByGuice$$8ed95ac1
3623:             1             24  com.cloudbees.jenkins.plugins.sshcredentials.impl.BasicSSHUserPrivateKey$FileOnMasterPrivateKeySource$DescriptorImpl$$FastClassByGuice$$8b171d2b
3624:             1             24  com.barchart.jenkins.cascade.GraphProjectActionFatory$$FastClassByGuice$$67e4ca6
3625:             1             24  hudson.os.windows.ManagedWindowsServiceLauncher$DescriptorImpl$$FastClassByGuice$$39d9fc24
3626:             1             24  configurationslicing.executeshell.ExecuteShellSlicer$$FastClassByGuice$$8eb907f9
3627:             1             24  javax.swing.plaf.metal.OceanTheme$1
3628:             1             24  hudson.diagnosis.OldDataMonitor$$FastClassByGuice$$a877c3b9
3629:             1             24  org.jenkins_ci.plugins.run_condition.common.BaseDirectory$ArtifactsDir$ArtifactsDirDescriptor$$FastClassByGuice$$d9f7b32
3630:             1             24  $Proxy6
3631:             1             24  hudson.plugins.setenv.SetEnvBuildWrapper$DescriptorImpl$$FastClassByGuice$$ff316941
3632:             1             24  com.sun.org.apache.xerces.internal.impl.dv.xs.DayTimeDurationDV
3633:             1             24  hudson.matrix.LabelAxis$DescriptorImpl$$FastClassByGuice$$dc256318
3634:             1             24  jenkins.model.DefaultUserCanonicalIdResolver$$FastClassByGuice$$ed7432c6
3635:             1             24  sun.awt.image.PixelConverter$Ushort555Rgbx
3636:             1             24  hudson.plugins.mercurial.browser.RhodeCodeLegacy$DescriptorImpl$$FastClassByGuice$$6b48938a
3637:             1             24  jp.ikedam.jenkins.plugins.extensible_choice_parameter.ChoiceWatchQueueDecisionHandler$$FastClassByGuice$$42321c6d
3638:             1             24  hudson.cli.ConsoleCommand$$FastClassByGuice$$bbf09835
3639:             1             24  org.apache.commons.jelly.tags.core.ArgTag$4
3640:             1             24  hudson.model.RunnerStack
3641:             1             24  org.sonatype.aether.util.graph.traverser.StaticDependencyTraverser
3642:             1             24  jenkins.model.GlobalPluginConfiguration$$FastClassByGuice$$76c8d403
3643:             1             24  hudson.scm.CvsAuthentication$CvsAuthenticationDescriptor$$FastClassByGuice$$ce16d297
3644:             1             24  hudson.security.AuthenticationManagerProxy
3645:             1             24  configurationslicing.email.CoreEmailSlicer$$FastClassByGuice$$a3d7e836
3646:             1             24  javax.swing.plaf.metal.OceanTheme$2
3647:             1             24  [Lcom.sun.org.apache.xerces.internal.impl.xs.SubstitutionGroupHandler$OneSubGroup;
3648:             1             24  net.sf.json.AbstractJSON$CycleSet
3649:             1             24  org.jvnet.jenkins.plugins.nodelabelparameter.parameterizedtrigger.AllNodesForLabelBuildParameterFactory$DescriptorImpl$$FastClassByGuice$$e0f28744
3650:             1             24  org.slf4j.impl.StaticLoggerBinder
3651:             1             24  hudson.cli.VersionCommand$$FastClassByGuice$$f70e1d94
3652:             1             24  hudson.model.MyView$DescriptorImpl$$FastClassByGuice$$3465cd8a
3653:             1             24  org.jenkins_ci.plugins.run_condition.core.NumericalComparisonCondition$GreaterThan$GreaterThanDescriptor$$FastClassByGuice$$d4c7dc9c
3654:             1             24  com.tikal.jenkins.plugins.multijob.Plugin
3655:             1             24  com.seitenbau.jenkins.plugins.dynamicparameter.scriptler.ScriptlerStringParameterDefinition$DescriptorImpl$$FastClassByGuice$$c43b8163
3656:             1             24  jenkins.plugins.publish_over_ssh.BapSshParamPublish$BapSshParamPublishDescriptor$$FastClassByGuice$$ba9c9938
3657:             1             24  com.google.inject.internal.MoreTypes$GenericArrayTypeImpl
3658:             1             24  hudson.scm.browsers.FishEyeSVN$DescriptorImpl$$FastClassByGuice$$571503c2
3659:             1             24  hudson.model.ManageJenkinsAction$$FastClassByGuice$$1726b3cf
3660:             1             24  hudson.security.HudsonPrivateSecurityRealm$Details$ConverterImpl
3661:             1             24  sun.awt.image.PixelConverter$Ushort4444Argb
3662:             1             24  hudson.maven.MavenComputerListener$$FastClassByGuice$$9098aa24
3663:             1             24  hudson.plugins.global_build_stats.GlobalBuildStatsPlugin$GlobalBuildStatsRunListener
3664:             1             24  org.jenkinsci.modules.upstart_slave_installer.SlaveInstallerFactoryImpl$$FastClassByGuice$$1c265090
3665:             1             24  org.apache.commons.jelly.tags.core.ArgTag$5
3666:             1             24  hudson.plugins.parameterizedtrigger.BlockingBehaviour$DescriptorImpl$$FastClassByGuice$$f283279
3667:             1             24  com.cloudbees.jenkins.plugins.sshcredentials.impl.BasicSSHUserPrivateKey$DirectEntryPrivateKeySource
3668:             1             24  java.util.regex.Pattern$CharPropertyNames$7
3669:             1             24  hudson.model.queue.LoadPredictor$CurrentlyRunningTasks$$FastClassByGuice$$eff18732
3670:             1             24  com.tikal.jenkins.plugins.multijob.views.LastFailureColumn$DescriptorImpl$$FastClassByGuice$$3ed213b3
3671:             1             24  com.sun.jna.Native$3
3672:             1             24  hudson.plugins.git.browser.Stash$StashDescriptor$$FastClassByGuice$$a56ffc32
3673:             1             24  hudson.plugins.envfile.EnvFileBuildWrapper$DescriptorImpl$$FastClassByGuice$$2af723ab
3674:             1             24  hudson.model.JDK$ConverterImpl
3675:             1             24  org.jvnet.hudson.plugins.DownstreamBuildViewRunListener$$FastClassByGuice$$779a29c8
3676:             1             24  hudson.model.ParametersDefinitionProperty$DescriptorImpl$$FastClassByGuice$$83a6cc09
3677:             1             24  hudson.plugins.nextexecutions.NextBuilds$DescriptorImpl$$FastClassByGuice$$30a67c3c
3678:             1             24  com.sonyericsson.rebuild.Rebuilder$$FastClassByGuice$$cb4873a1
3679:             1             24  hudson.security.csrf.GlobalCrumbIssuerConfiguration$$FastClassByGuice$$ed62b254
3680:             1             24  hudson.node_monitors.MonitorMarkedNodeOffline$$FastClassByGuice$$87353aa6
3681:             1             24  hudson.scm.browsers.CollabNetSVN$DescriptorImpl$$FastClassByGuice$$3c31d59
3682:             1             24  javax.swing.plaf.metal.OceanTheme$3
3683:             1             24  hudson.diagnosis.OldDataMonitor$3
3684:             1             24  configurationslicing.buildtimeout.BuildTimeoutSlicer$$FastClassByGuice$$ef17fef9
3685:             1             24  jenkins.plugins.publish_over_ssh.descriptor.BapSshCredentialsDescriptor$$FastClassByGuice$$59ceebb0
3686:             1             24  hudson.plugins.depgraph_view.DependencyGraphProjectActionFactory$$FastClassByGuice$$3ae92db4
3687:             1             24  com.cloudbees.plugins.credentials.SystemCredentialsProvider$DescriptorImpl$$FastClassByGuice$$b1806fca
3688:             1             24  org.jenkinsci.plugins.periodicbackup.NullStorage$DescriptorImpl$$FastClassByGuice$$844ba7e6
3689:             1             24  org.netbeans.lib.cvsclient.connection.StandardScrambler
3690:             1             24  sun.misc.Launcher
3691:             1             24  org.slf4j.impl.JDK14LoggerFactory
3692:             1             24  hudson.cli.SetBuildResultCommand$$FastClassByGuice$$2d9ab341
3693:             1             24  hudson.os.windows.ManagedWindowsServiceAccount$LocalSystem$DescriptorImpl$$FastClassByGuice$$cef196bf
3694:             1             24  java.util.regex.Pattern$CharPropertyNames$8
3695:             1             24  org.jenkins_ci.plugins.run_condition.BuildStepRunner$RunUnstable$RunUnstableDescriptor$$FastClassByGuice$$c4704fe5
3696:             1             24  com.tikal.jenkins.plugins.multijob.views.JobColumn$DescriptorImpl$$FastClassByGuice$$7f8637aa
3697:             1             24  org.apache.commons.jelly.tags.core.ArgTag$6
3698:             1             24  sun.awt.image.PixelConverter$ByteGray
3699:             1             24  hudson.plugins.git.GitPublisher$DescriptorImpl$$FastClassByGuice$$6855ebac
3700:             1             24  hudson.AboutJenkins$$FastClassByGuice$$cbb5c65c
3701:             1             24  hudson.scm.browsers.CvsFacadeRepositoryBrowser$CvsFacadeRepositoryBrowserDescriptor$$FastClassByGuice$$b5ec9414
3702:             1             24  hudson.views.GlobalDefaultViewConfiguration$$FastClassByGuice$$d1d0c946
3703:             1             24  jenkins.mvn.FilePathSettingsProvider$DescriptorImpl$$FastClassByGuice$$467c0f5d
3704:             1             24  org.tomfolga.PomModulesFullColumn$DescriptorImpl$$FastClassByGuice$$b5f3c3bc
3705:             1             24  $javaposse.jobdsl.plugin.ExecuteDslScripts$DescriptorImpl$$FastClassByGuice$$fd4bde6a
3706:             1             24  javax.swing.plaf.metal.OceanTheme$4
3707:             1             24  hudson.tasks.JavadocArchiver$DescriptorImpl$$FastClassByGuice$$479d3c20
3708:             1             24  jenkins.plugins.publish_over_ssh.BapSshRetry$BapSshRetryDescriptor$$FastClassByGuice$$ace763f2
3709:             1             24  hudson.model.UpdateCenter$1
3710:             1             24  java.util.concurrent.Semaphore
3711:             1             24  hudson.diagnosis.OldDataMonitor$ManagementLinkImpl$$FastClassByGuice$$adcba588
3712:             1             24  hudson.plugins.view.dashboard.test.TestStatisticsChart$DescriptorImpl$$FastClassByGuice$$ad1a4284
3713:             1             24  org.jenkinsci.main.modules.instance_identity.PageDecoratorImpl$$FastClassByGuice$$68618106
3714:             1             24  [Lcom.google.inject.Module;
3715:             1             24  hudson.plugins.batch_task.BatchTaskInvoker$Config$DescriptorImpl$$FastClassByGuice$$b1b9c36b
3716:             1             24  [Lorg.apache.commons.jelly.expression.Expression;
3717:             1             24  jenkins.slaves.JnlpSlaveAgentProtocol$$FastClassByGuice$$e4c9d1a8
3718:             1             24  configurationslicing.email.ExtEmailSlicer$$FastClassByGuice$$f441262
3719:             1             24  com.google.common.collect.EmptyImmutableSet
3720:             1             24  org.sonatype.aether.util.graph.selector.StaticDependencySelector
3721:             1             24  hudson.matrix.LabelExpAxis$DescriptorImpl$$FastClassByGuice$$a5b7552f
3722:             1             24  [Lhudson.plugins.groovy.Groovy$GroovyInstallation;
3723:             1             24  hudson.slaves.DumbSlave$DescriptorImpl$$FastClassByGuice$$b8fbaf61
3724:             1             24  hudson.maven.RedeployPublisher$DescriptorImpl$$FastClassByGuice$$5d9a927
3725:             1             24  com.barchart.jenkins.cascade.CascadeOptions$$FastClassByGuice$$13a39752
3726:             1             24  hudson.plugins.jira.JiraIssueUpdateBuilder$DescriptorImpl$$FastClassByGuice$$ef4cba4d
3727:             1             24  com.google.inject.internal.Errors$2
3728:             1             24  hudson.model.Node$InternalComputerListener$$FastClassByGuice$$e5dc62f6
3729:             1             24  org.kohsuke.stapler.jelly.JellyClassLoaderTearOff$2
3730:             1             24  hudson.plugins.sectioned_view.ViewListingSection$DescriptorImpl$$FastClassByGuice$$37810000
3731:             1             24  hudson.scm.ExcludedRegion$DescriptorImpl$$FastClassByGuice$$c7f95031
3732:             1             24  javax.imageio.spi.IIORegistry
3733:             1             24  com.cwctravel.hudson.plugins.extended_choice_parameter.ExtendedChoiceParameterDefinition$DescriptorImpl$$FastClassByGuice$$622ed0dd
3734:             1             24  jenkins.model.ProjectNamingStrategy$DefaultProjectNamingStrategy$DescriptorImpl$$FastClassByGuice$$196f7733
3735:             1             24  $Proxy16
3736:             1             24  javax.swing.plaf.metal.OceanTheme$5
3737:             1             24  sun.awt.image.PixelConverter$UshortGray
3738:             1             24  org.jenkinsci.plugins.periodicbackup.ZipStorage$DescriptorImpl$$FastClassByGuice$$56b6552
3739:             1             24  org.jenkins_ci.plugins.run_condition.core.DayCondition$Day$DayDescriptor$$FastClassByGuice$$eee2f803
3740:             1             24  com.sun.org.apache.xerces.internal.impl.dv.xs.DateTimeDV
3741:             1             24  hudson.scm.SubversionSCM$DescriptorImpl$RemotableSVNAuthenticationProviderImpl
3742:             1             24  java.util.regex.Pattern$CharPropertyNames$10
3743:             1             24  org.jenkinsci.plugins.envinject.migration.EnvInjectMigrationListener$$FastClassByGuice$$fa75333e
3744:             1             24  hudson.tasks.Shell$DescriptorImpl$$FastClassByGuice$$4d90f256
3745:             1             24  configurationslicing.blockbuild.BlockBuildWhenDownstreamBuildingBoolSlicer$$FastClassByGuice$$361da933
3746:             1             24  [Lorg.jenkinsci.plugins.envinject.EnvInjectGlobalPasswordEntry;
3747:             1             24  hudson.tasks._maven.MavenWarningNote$DescriptorImpl$$FastClassByGuice$$91ff0a1
3748:             1             24  hudson.plugins.mercurial.MercurialSCM$DescriptorImpl$$FastClassByGuice$$7aa30de3
3749:             1             24  groovy.lang.MetaClassRegistry$MetaClassCreationHandle
3750:             1             24  org.jenkinsci.modules.windows_slave_installer.SlaveInstallerFactoryImpl$$FastClassByGuice$$1fac16c
3751:             1             24  jenkins.plugins.publish_over_ssh.options.SshOverridePublisherDefaults$SshOverridePublisherDefaultsDescriptor$$FastClassByGuice$$9efa6a48
3752:             1             24  hudson.plugins.parameterizedtrigger.CounterBuildParameterFactory$DescriptorImpl$$FastClassByGuice$$5a1cc332
3753:             1             24  hudson.plugins.parameterizedtrigger.BooleanParameterConfig$DescriptorImpl$$FastClassByGuice$$a2e44ec2
3754:             1             24  hudson.plugins.git.GitTool$DescriptorImpl$$FastClassByGuice$$71e0a006
3755:             1             24  hudson.tasks.Maven$MavenInstaller$DescriptorImpl$$FastClassByGuice$$8b9c5aaa
3756:             1             24  hudson.plugins.git.browser.GitWeb$GitWebDescriptor$$FastClassByGuice$$b30e2710
3757:             1             24  com.cloudbees.jenkins.plugins.sshagent.SSHAgentBuildWrapper$DescriptorImpl$$FastClassByGuice$$803d66bb
3758:             1             24  hudson.cli.GroovyCommand$$FastClassByGuice$$8637f4fc
3759:             1             24  com.sonyericsson.rebuild.RebuildActionFactory$$FastClassByGuice$$3636aa60
3760:             1             24  org.jenkins_ci.plugins.run_condition.contributed.BatchFileCondition$BatchFileConditionDescriptor$$FastClassByGuice$$8019ee92
3761:             1             24  hudson.scm.browsers.Sventon2$DescriptorImpl$$FastClassByGuice$$2fe5d849
3762:             1             24  hudson.plugins.copyartifact.CopyArtifact$DescriptorImpl$$FastClassByGuice$$49d88dc6
3763:             1             24  hudson.tasks._ant.AntOutcomeNote$DescriptorImpl$$FastClassByGuice$$ecdb4323
3764:             1             24  com.google.inject.internal.Errors$3
3765:             1             24  hudson.plugins.git.ObjectIdConverter
3766:             1             24  hudson.plugins.depgraph_view.model.graph.DependencyGraphModule$$FastClassByGuice$$23526da0
3767:             1             24  sun.awt.image.PixelConverter$Rgbx
3768:             1             24  hudson.tasks.test.AggregatedTestResultPublisher$TestResultAction$RunListenerImpl$$FastClassByGuice$$9f332105
3769:             1             24  java.util.regex.Pattern$CharPropertyNames$11
3770:             1             24  javax.swing.plaf.metal.DefaultMetalTheme$FontDelegate
3771:             1             24  hudson.plugins.nextexecutions.NextExecutionsWidget$$FastClassByGuice$$278dda91
3772:             1             24  hudson.plugins.view.dashboard.Dashboard$DescriptorImpl$$FastClassByGuice$$237e0581
3773:             1             24  com.robestone.hudson.compactcolumns.LastStableAndUnstableColumn$LastCompletedAndSuccessAndStableColumnDescriptor$$FastClassByGuice$$25af4541
3774:             1             24  hudson.plugins.translation.L10nDecorator$$FastClassByGuice$$c5f76fda
3775:             1             24  com.cloudbees.jenkins.plugins.sshcredentials.impl.BasicSSHUserPrivateKey$UsersPrivateKeySource$DescriptorImpl$$FastClassByGuice$$bbac99a8
3776:             1             24  jenkins.management.PluginsLink$$FastClassByGuice$$22209ea7
3777:             1             24  com.google.inject.multibindings.Multibinder$RealMultibinder$$FastClassByGuice$$94efefc8
3778:             1             24  hudson.plugins.parameterizedtrigger.Plugin
3779:             1             24  org.jenkinsci.plugins.scriptler.share.scriptlerweb.CatalogManager
3780:             1             24  hudson.cli.ListChangesCommand$$FastClassByGuice$$bd667107
3781:             1             24  hudson.views.WeatherColumn$DescriptorImpl$$FastClassByGuice$$db51aefc
3782:             1             24  jenkins.model.GlobalQuietPeriodConfiguration$$FastClassByGuice$$923eda61
3783:             1             24  hudson.os.windows.ManagedWindowsServiceConnector$DescriptorImpl$$FastClassByGuice$$ea9e4155
3784:             1             24  org.jvnet.hudson.plugins.shelveproject.ItemListenerImpl$$FastClassByGuice$$e1f07e21
3785:             1             24  org.jenkins_ci.plugins.run_condition.common.BaseDirectory$JenkinsHome$JenkinsHomeDescriptor$$FastClassByGuice$$1545bdd4
3786:             1             24  hudson.plugins.git.browser.CGit$CGITDescriptor$$FastClassByGuice$$c56da30
3787:             1             24  hudson.plugins.timestamper.action.TimestampsActionFactory$$FastClassByGuice$$9f640ab
3788:             1             24  jp.ikedam.jenkins.plugins.extensible_choice_parameter.TextareaChoiceListProvider$DescriptorImpl$$FastClassByGuice$$5c4e570b
3789:             1             24  hudson.plugins.disk_usage.DiskUsageProperty$DiskUsageDescriptor$$FastClassByGuice$$1c4a0eda
3790:             1             24  configurationslicing.tools.GradleSlicerWrapper$$FastClassByGuice$$8779804
3791:             1             24  hudson.util.PackedMap$ConverterImpl
3792:             1             24  hudson.diagnosis.NullIdDescriptorMonitor$$FastClassByGuice$$56c2fdf9
3793:             1             24  org.jenkinsci.plugins.envinject.EnvInjectComputerListener$$FastClassByGuice$$7d720e73
3794:             1             24  javax.swing.plaf.metal.OceanTheme$6
3795:             1             24  com.sun.jna.Structure$1
3796:             1             24  java.util.regex.Pattern$CharPropertyNames$12
3797:             1             24  hudson.ExpressionFactory2$JexlExpression
3798:             1             24  sun.awt.image.PixelConverter$Bgrx
3799:             1             24  javax.swing.SwingContainerOrderFocusTraversalPolicy
3800:             1             24  com.cloudbees.plugins.credentials.SystemCredentialsProvider$ProviderImpl$$FastClassByGuice$$ebad3c0c
3801:             1             24  hudson.model.UpdateCenter$CoreUpdateMonitor
3802:             1             24  com.google.inject.internal.Errors$4
3803:             1             24  hudson.matrix.DefaultAxisDescriptor$$FastClassByGuice$$7c6663d7
3804:             1             24  com.sun.org.apache.xerces.internal.impl.dv.xs.TimeDV
3805:             1             24  com.barchart.jenkins.cascade.MemberActionFactory$$FastClassByGuice$$a1728472
3806:             1             24  $javaposse.jobdsl.plugin.MonitorTemplateJobs$$FastClassByGuice$$eff4b433
3807:             1             24  org.jvnet.jenkins.plugins.nodelabelparameter.parameterizedtrigger.AllNodesBuildParameterFactory$DescriptorImpl$$FastClassByGuice$$6d0b19f9
3808:             1             24  hudson.scm.CvsTagsParamDefinition$ListCvsTagsParameterDefinitionDescriptor$$FastClassByGuice$$b5e7ad29
3809:             1             24  jenkins.model.GlobalConfigurationCategory$Unclassified$$FastClassByGuice$$3cc7b89c
3810:             1             24  hudson.node_monitors.SwapSpaceMonitor
3811:             1             24  hudson.ExtensionList$3
3812:             1             24  org.jenkins_ci.plugins.run_condition.core.NumericalComparisonCondition$EqualTo$EqualToDescriptor$$FastClassByGuice$$aba89d44
3813:             1             24  hudson.plugins.mercurial.MercurialInstallation$DescriptorImpl$$FastClassByGuice$$9e0146c
3814:             1             24  javax.swing.SwingDefaultFocusTraversalPolicy
3815:             1             24  hudson.maven.MavenTestDataPublisher$DescriptorImpl$$FastClassByGuice$$5289e0a8
3816:             1             24  com.sun.jna.Structure$2
3817:             1             24  jenkins.plugins.publish_over_ssh.BapSshPublisherLabel$BapSshPublisherLabelDescriptor$$FastClassByGuice$$91f8b9b8
3818:             1             24  java.util.regex.Pattern$CharPropertyNames$13
3819:             1             24  hudson.slaves.EnvironmentVariablesNodeProperty$DescriptorImpl$$FastClassByGuice$$298ca6d9
3820:             1             24  sun.awt.image.PixelConverter$ArgbBm
3821:             1             24  configurationslicing.wscleanup.CleanupBeforeSlicer$$FastClassByGuice$$b18ed868
3822:             1             24  antlr.Token
3823:             1             24  org.jenkinsci.modules.launchd_slave_installer.SlaveInstallerFactoryImpl$$FastClassByGuice$$9385e07a
3824:             1             24  hudson.slaves.SimpleScheduledRetentionStrategy$DescriptorImpl$$FastClassByGuice$$a8163f5e
3825:             1             24  hudson.plugins.git.util.DefaultBuildChooser$DescriptorImpl$$FastClassByGuice$$ee7f66d4
3826:             1             24  com.tikal.jenkins.plugins.multijob.views.WeatherColumn$DescriptorImpl$$FastClassByGuice$$44761ed3
3827:             1             24  org.acegisecurity.ui.basicauth.BasicProcessingFilterEntryPoint
3828:             1             24  hudson.scm.browsers.SVNWeb$DescriptorImpl$$FastClassByGuice$$8251e16b
3829:             1             24  com.sun.naming.internal.VersionHelper12
3830:             1             24  hudson.plugins.parameterizedtrigger.BlockableBuildTriggerConfig$DescriptorImpl$$FastClassByGuice$$6e1b568e
3831:             1             24  com.seitenbau.jenkins.plugins.dynamicparameter.scriptler.ScriptlerChoiceParameterDefinition$DescriptorImpl$$FastClassByGuice$$f5f01af3
3832:             1             24  hudson.plugins.sshslaves.PluginImpl
3833:             1             24  org.sonatype.guice.plexus.lifecycles.PlexusLifecycleManager$1
3834:             1             24  configurationslicing.executeshell.ExecutePythonSlicerWrapper$$FastClassByGuice$$71d6fb60
3835:             1             24  java.util.regex.Pattern$CharPropertyNames$14
3836:             1             24  javax.jmdns.impl.DNSTaskStarter$Factory
3837:             1             24  hudson.cli.CliProtocol$$FastClassByGuice$$92537d37
3838:             1             24  org.kohsuke.stapler.Stapler$3
3839:             1             24  hudson.triggers.Trigger$Cron$$FastClassByGuice$$a62b0b1a
3840:             1             24  org.jenkinsci.plugins.periodicbackup.FullBackup$DescriptorImpl$$FastClassByGuice$$168d035b
3841:             1             24  com.cloudbees.jenkins.plugins.sshagent.jna.JNRRemoteAgentFactory$$FastClassByGuice$$93e97b32
3842:             1             24  hudson.views.StatusColumn$DescriptorImpl$$FastClassByGuice$$20b65cf8
3843:             1             24  hudson.os.windows.ManagedWindowsServiceAccount$Administrator$DescriptorImpl$$FastClassByGuice$$ba807b8c
3844:             1             24  org.jenkins_ci.plugins.run_condition.BuildStepRunner$Run$RunDescriptor$$FastClassByGuice$$a779b67d
3845:             1             24  hudson.plugins.nextexecutions.NextExecutionsComputerWidget$$FastClassByGuice$$683ea88c
3846:             1             24  com.tikal.jenkins.plugins.multijob.views.ConsoleColumn$DescriptorImpl$$FastClassByGuice$$5bc0bd50
3847:             1             24  hudson.cli.BuildCommand$$FastClassByGuice$$556e3b7e
3848:             1             24  hudson.security.UserDetailsServiceProxy
3849:             1             24  com.google.inject.internal.util.SourceProvider
3850:             1             24  com.cloudbees.jenkins.plugins.sshcredentials.impl.JSchSSHPasswordAuthenticator$Factory$$FastClassByGuice$$1d051233
3851:             1             24  hudson.cli.InstallPluginCommand$$FastClassByGuice$$d495483e
3852:             1             24  javax.swing.LayoutComparator
3853:             1             24  hudson.plugins.git.GitPublisher$BranchToPush$DescriptorImpl$$FastClassByGuice$$7751efbf
3854:             1             24  org.tomfolga.PomDependenciesColumn$DescriptorImpl$$FastClassByGuice$$5bc376df
3855:             1             24  sun.nio.ch.OptionAdaptor
3856:             1             24  [Ljava.lang.reflect.Member;
3857:             1             24  hudson.cli.SetBuildDisplayNameCommand$$FastClassByGuice$$310592b
3858:             1             24  com.sun.org.apache.xerces.internal.impl.dv.xs.DateDV
3859:             1             24  java.security.AllPermission
3860:             1             24  java.util.regex.Pattern$CharPropertyNames$15
3861:             1             24  hudson.tools.ZipExtractionInstaller$DescriptorImpl$$FastClassByGuice$$7c5c1ecd
3862:             1             24  jenkins.plugins.publish_over_ssh.descriptor.BapSshCommonConfigurationDescriptor$$FastClassByGuice$$ac2c4dbf
3863:             1             24  hudson.plugins.copyartifact.CopyArtifact$ListenerImpl$$FastClassByGuice$$e5724e4b
3864:             1             24  hudson.plugins.view.dashboard.core.JobsPortlet$DescriptorImpl$$FastClassByGuice$$32f68bc
3865:             1             24  com.cloudbees.plugins.flow.FlowListener
3866:             1             24  com.cloudbees.jenkins.plugins.sshcredentials.impl.TrileadSSHPasswordAuthenticator$Factory$$FastClassByGuice$$3c523dee
3867:             1             24  com.cloudbees.plugins.credentials.SystemCredentialsProvider
3868:             1             24  hudson.slaves.ChannelPinger
3869:             1             24  hudson.plugins.batch_task.BatchTaskInvoker$DescriptorImpl$$FastClassByGuice$$f4d893f5
3870:             1             24  hudson.model.ProxyView$DescriptorImpl$$FastClassByGuice$$730ecb38
3871:             1             24  configurationslicing.executeshell.ExecuteJythonSlicerWrapper$$FastClassByGuice$$9fd8b0da
3872:             1             24  hudson.maven.local_repo.PerExecutorLocalRepositoryLocator$DescriptorImpl$$FastClassByGuice$$2a428bd4
3873:             1             24  hudson.tools.JDKInstaller$DescriptorImpl$$FastClassByGuice$$e1bbb4d6
3874:             1             24  hudson.model.DisplayNameListener$$FastClassByGuice$$9fb8d8e9
3875:             1             24  hudson.scm.browsers.FishEyeCVS$DescriptorImpl$$FastClassByGuice$$75d0372d
3876:             1             24  jenkins.model.GlobalConfigurationCategory$Security$$FastClassByGuice$$4e68ca70
3877:             1             24  hudson.model.UsageStatistics$$FastClassByGuice$$a7df604c
3878:             1             24  hudson.diagnosis.HudsonHomeDiskUsageMonitor$$FastClassByGuice$$4f1c91a0
3879:             1             24  java.awt.color.ICC_Profile$1
3880:             1             24  hudson.model.UpdateCenter$CoreUpdateMonitor$$FastClassByGuice$$81c2c284
3881:             1             24  hudson.plugins.jira.JiraChangeLogAnnotator$$FastClassByGuice$$66fcccf5
3882:             1             24  hudson.tools.InstallSourceProperty$DescriptorImpl$$FastClassByGuice$$c288716e
3883:             1             24  hudson.plugins.sectioned_view.SectionedViewPageDecorator$$FastClassByGuice$$eee00a30
3884:             1             24  java.util.regex.Pattern$CharPropertyNames$16
3885:             1             24  hudson.triggers.TimerTrigger$DescriptorImpl$$FastClassByGuice$$29412b60
3886:             1             24  hudson.plugins.disk_usage.DiskUsageThread$$FastClassByGuice$$dc20c640
3887:             1             24  jenkins.model.ProjectNamingStrategy$PatternProjectNamingStrategy$DescriptorImpl$$FastClassByGuice$$24d85102
3888:             1             24  au.com.centrumsystems.hudson.plugin.buildpipeline.dashboard.BuildPipelineDashboard$BuildPipelineDashboardDescriptor$$FastClassByGuice$$6bbb32ae
3889:             1             24  jp.ikedam.jenkins.plugins.extensible_choice_parameter.ChoiceWatchRunListener$$FastClassByGuice$$cc69c86f
3890:             1             24  hudson.scm.CvsRepository$DescriptorImpl$$FastClassByGuice$$7bd1cb0d
3891:             1             24  com.barchart.jenkins.cascade.LayoutBuildWrapper$$FastClassByGuice$$9a6f2c97
3892:             1             24  com.barchart.jenkins.cascade.PluginConfigurator$$FastClassByGuice$$d363d810
3893:             1             24  org.jenkins_ci.plugins.run_condition.logic.Not$NotDescriptor$$FastClassByGuice$$85c81817
3894:             1             24  hudson.plugins.parameterizedtrigger.CurrentBuildParameters$DescriptorImpl$$FastClassByGuice$$5f143a06
3895:             1             24  hudson.tasks.ArtifactArchiver$DescriptorImpl$$FastClassByGuice$$ce25ee5e
3896:             1             24  com.tikal.jenkins.plugins.multijob.MultiJobChangeLogSet
3897:             1             24  hudson.node_monitors.ClockMonitor
3898:             1             24  jenkins.plugins.publish_over_ssh.options.SshPluginDefaults$SshPluginDefaultsDescriptor$$FastClassByGuice$$436ac59a
3899:             1             24  hudson.plugins.mercurial.browser.BitBucket$DescriptorImpl$$FastClassByGuice$$bceae383
3900:             1             24  java.math.BigDecimal$1
3901:             1             24  org.jenkinsci.main.modules.sshd.CLICommandAdapter$$FastClassByGuice$$24d652d2
3902:             1             24  org.jvnet.hudson.plugins.repositoryconnector.ArtifactResolver$DescriptorImpl$$FastClassByGuice$$fcd89736
3903:             1             24  hudson.plugins.emailext.EmailExtensionPlugin
3904:             1             24  hudson.remoting.LocalChannel
3905:             1             24  org.jenkins_ci.plugins.run_condition.logic.And$AndDescriptor$$FastClassByGuice$$7b3b2a1f
3906:             1             24  hudson.scm.browsers.WebSVN$DescriptorImpl$$FastClassByGuice$$ece00a1d
3907:             1             24  org.jenkinsci.plugins.envinject.EnvInjectJobProperty$DescriptorImpl$$FastClassByGuice$$b13d2905
3908:             1             24  java.util.regex.Pattern$CharPropertyNames$17
3909:             1             24  hudson.plugins.git.browser.FisheyeGitRepositoryBrowser$FisheyeGitRepositoryBrowserDescriptor$$FastClassByGuice$$f8aac392
3910:             1             24  hudson.ProxyConfiguration$DescriptorImpl$$FastClassByGuice$$3d330538
3911:             1             24  org.jenkinsci.plugins.periodicbackup.PeriodicBackupLink$$FastClassByGuice$$ba9b62be
3912:             1             24  hudson.plugins.git.browser.ViewGitWeb$ViewGitWebDescriptor$$FastClassByGuice$$92031bf0
3913:             1             24  com.sun.org.apache.xerces.internal.impl.dv.xs.YearMonthDV
3914:             1             24  hudson.plugins.timestamper.TimestamperBuildWrapper$DescriptorImpl$$FastClassByGuice$$fe618617
3915:             1             24  org.jenkinsci.plugins.tokenmacro.impl.EnvironmentVariableMacro$$FastClassByGuice$$d2f1c83a
3916:             1             24  jenkins.management.ConfigureLink$$FastClassByGuice$$e38b6fad
3917:             1             24  configurationslicing.tools.AntSlicer$$FastClassByGuice$$f4e6d9f
3918:             1             24  hudson.plugins.view.dashboard.test.TestTrendChart$DescriptorImpl$$FastClassByGuice$$afbf24a6
3919:             1             24  sun.nio.ch.ServerSocketChannelImpl$1
3920:             1             24  hudson.tasks._maven.Maven3MojoNote$DescriptorImpl$$FastClassByGuice$$7f98c523
3921:             1             24  jenkins.management.ReloadLink$$FastClassByGuice$$392acca6
3922:             1             24  hudson.cli.InstallToolCommand$$FastClassByGuice$$4373b9
3923:             1             24  hudson.tasks.test.AggregatedTestResultPublisher$DescriptorImpl$$FastClassByGuice$$cef383b4
3924:             1             24  org.jenkinsci.plugins.conditionalbuildstep.LegacyBuildstepCondition$LegacyConditionDescriptor$$FastClassByGuice$$538d2077
3925:             1             24  hudson.tasks.Ant$DescriptorImpl$$FastClassByGuice$$dae3ba7f
3926:             1             24  com.robestone.hudson.compactcolumns.JobNameColorColumn$DescriptorImpl$$FastClassByGuice$$4942776b
3927:             1             24  join.JoinTrigger$$FastClassByGuice$$6b8b9a4a
3928:             1             24  org.jvnet.hudson.plugins.shelveproject.ShelveProjectProperty$DescriptorImpl$$FastClassByGuice$$e598cf6a
3929:             1             24  [Lorg.codehaus.plexus.util.xml.Xpp3Dom;
3930:             1             24  org.acegisecurity.providers.dao.AbstractUserDetailsAuthenticationProvider$DefaultPreAuthenticationChecks
3931:             1             24  configurationslicing.label.LabelSlicer$$FastClassByGuice$$116a7e85
3932:             1             24  hudson.model.CauseAction$ConverterImpl
3933:             1             24  org.jenkins_ci.plugins.run_condition.contributed.ShellCondition$ShellConditionDescriptor$$FastClassByGuice$$41b95c52
3934:             1             24  java.util.regex.Pattern$CharPropertyNames$18
3935:             1             24  hudson.cli.MailCommand$$FastClassByGuice$$8a130ef3
3936:             1             24  com.sonyericsson.rebuild.Rebuilder
3937:             1             24  org.kohsuke.stapler.Optional
3938:             1             24  hudson.model.ResourceController$1
3939:             1             24  org.jenkinsci.plugins.envinject.EnvInjectNodeProperty$EnvInjectNodePropertyDescriptor$$FastClassByGuice$$f13d67fb
3940:             1             24  $javaposse.jobdsl.plugin.SeedJobsProperty$DescriptorImpl$$FastClassByGuice$$574a6ee0
3941:             1             24  hudson.model.ComputerSet$DescriptorImpl$$FastClassByGuice$$c95b1a4
3942:             1             24  org.jenkinsci.plugins.scriptler.git.GitScriptlerRepository$$FastClassByGuice$$497c154c
3943:             1             24  hudson.plugins.git.GitBranchTokenMacro$$FastClassByGuice$$1abcd74a
3944:             1             24  [Ljava.text.FieldPosition;
3945:             1             24  org.jvnet.jenkins.plugins.nodelabelparameter.parameterizedtrigger.NodeLabelBuildParameter$DescriptorImpl$$FastClassByGuice$$70dfe46b
3946:             1             24  org.sonatype.plexus.components.sec.dispatcher.DefaultSecDispatcher$__plexus3$$FastClassByGuice$$a7a2111
3947:             1             24  hudson.scm.cvstagging.LegacyTagAction$LegacyTagActionDescriptor$$FastClassByGuice$$ca0f93a4
3948:             1             24  org.jenkins_ci.plugins.run_condition.core.NumericalComparisonCondition$NotEqualTo$NotEqualToDescriptor$$FastClassByGuice$$a4d8186e
3949:             1             24  hudson.security.BasicAuthenticationFilter
3950:             1             24  configurationslicing.jdk.JdkSlicer$$FastClassByGuice$$fbaf1a7f
3951:             1             24  java.text.DontCareFieldPosition$1
3952:             1             24  org.jenkinsci.modules.upstart_slave_installer.SlaveInstallerFactoryImpl
3953:             1             24  org.apache.mina.core.polling.AbstractPollingIoAcceptor$Acceptor
3954:             1             24  hudson.maven.local_repo.PerJobLocalRepositoryLocator$DescriptorImpl$$FastClassByGuice$$395c6760
3955:             1             24  hudson.plugins.mercurial.browser.GoogleCode$DescriptorImpl$$FastClassByGuice$$cc72e586
3956:             1             24  hudson.security.csrf.DefaultCrumbIssuer$DescriptorImpl$$FastClassByGuice$$78f5251
3957:             1             24  hudson.scm.SubversionSCM$DescriptorImpl$$FastClassByGuice$$7f042112
3958:             1             24  hudson.plugins.copyartifact.CopyArtifact$CopyArtifactRunListener$$FastClassByGuice$$f74febc1
3959:             1             24  javax.crypto.SunJCE_h
3960:             1             24  com.barchart.jenkins.cascade.GraphModule$$FastClassByGuice$$cb116c52
3961:             1             24  jenkins.plugins.publish_over_ssh.options.SshOverrideRetryDefaults$SshOverrideRetryDefaultsDescriptor$$FastClassByGuice$$9530cdc8
3962:             1             24  join.JoinTrigger$DescriptorImpl$RunListenerImpl
3963:             1             24  com.sun.org.apache.xerces.internal.impl.dv.xs.YearDV
3964:             1             24  hudson.PluginManager$PluginCycleDependenciesMonitor$$FastClassByGuice$$a1ab827b
3965:             1             24  hudson.diagnosis.HudsonHomeDiskUsageChecker$$FastClassByGuice$$31aaa3fb
3966:             1             24  configurationslicing.blockbuild.BlockBuildWhenUpstreamBuildingBoolSlicer$$FastClassByGuice$$38b8f8ec
3967:             1             24  hudson.tasks.LogRotator$LRDescriptor$$FastClassByGuice$$eebb369d
3968:             1             24  hudson.scm.browsers.Sventon$DescriptorImpl$$FastClassByGuice$$c281232b
3969:             1             24  com.tikal.jenkins.plugins.multijob.MultiJobBuilder$DescriptorImpl$$FastClassByGuice$$728799e6
3970:             1             24  java.util.regex.Pattern$CharPropertyNames$20
3971:             1             24  hudson.plugins.git.browser.GitoriousWeb$GitoriousWebDescriptor$$FastClassByGuice$$77c8a6b0
3972:             1             24  hudson.plugins.parameterizedtrigger.BinaryFileParameterFactory$DescriptorImpl$$FastClassByGuice$$d6020f07
3973:             1             24  [Ljava.security.Provider;
3974:             1             24  hudson.cli.LoginCommand$$FastClassByGuice$$8e6e1223
3975:             1             24  hudson.node_monitors.ResponseTimeMonitor
3976:             1             24  com.seitenbau.jenkins.plugins.dynamicparameter.ChoiceParameterDefinition$DescriptorImpl$$FastClassByGuice$$ecae806b
3977:             1             24  hudson.plugins.sshslaves.SSHLauncher$DescriptorImpl$$FastClassByGuice$$7821d6d6
3978:             1             24  org.jenkinsci.plugins.periodicbackup.ConfigOnly$DescriptorImpl$$FastClassByGuice$$bcda04de
3979:             1             24  org.apache.sshd.common.random.BouncyCastleRandom
3980:             1             24  hudson.os.windows.ManagedWindowsServiceAccount$AnotherUser$DescriptorImpl$$FastClassByGuice$$84b9444b
3981:             1             24  jenkins.model.PeepholePermalink$RunListenerImpl$$FastClassByGuice$$26189229
3982:             1             24  org.jenkins_ci.plugins.run_condition.BuildStepRunner$DontRun$DontRunDescriptor$$FastClassByGuice$$c6e61fdb
3983:             1             24  org.jenkinsci.plugins.database.GenericDatabase$DescriptorImpl$$FastClassByGuice$$c7f47e8a
3984:             1             24  hudson.tools.JDKInstaller$JDKList$$FastClassByGuice$$f5cb5de8
3985:             1             24  java.lang.ProcessEnvironment$StringEntrySet
3986:             1             24  sun.font.TrueTypeFont$TTDisposerRecord
3987:             1             24  org.apache.commons.jelly.tags.core.CoreTagLibrary
3988:             1             24  hudson.plugins.git.GitPublisher$TagToPush$DescriptorImpl$$FastClassByGuice$$3ac7d861
3989:             1             24  hudson.views.ViewsTabBar$GlobalConfigurationImpl$$FastClassByGuice$$5cbbc5c8
3990:             1             24  hudson.views.MyViewsTabBar$GlobalConfigurationImpl$$FastClassByGuice$$a2de593c
3991:             1             24  hudson.model.Run$IDFormatterProvider
3992:             1             24  java.util.regex.Pattern$CharPropertyNames$21
3993:             1             24  org.tomfolga.PomModulesShortColumn$DescriptorImpl$$FastClassByGuice$$80d6aa53
3994:             1             24  org.codehaus.plexus.archiver.zip.ZipShort
3995:             1             24  org.apache.maven.artifact.versioning.ComparableVersion$IntegerItem
3996:             1             24  com.seitenbau.jenkins.plugins.dynamicparameter.config.DynamicParameterManagement
3997:             1             24  org.jenkinsci.plugins.tokenmacro.impl.BuildUrlMacro$$FastClassByGuice$$c24aab6e
3998:             1             24  hudson.views.JobColumn$DescriptorImpl$$FastClassByGuice$$bdfa4453
3999:             1             24  hudson.plugins.emailext.plugins.trigger.PreBuildTrigger$DescriptorImpl
4000:             1             24  com.cloudbees.jenkins.plugins.sshcredentials.impl.BasicSSHUserPassword$DescriptorImpl$$FastClassByGuice$$221f70e4
4001:             1             24  hudson.plugins.timestamper.annotator.TimestampAnnotatorFactory$$FastClassByGuice$$f2a0a8e6
4002:             1             24  configurationslicing.timer.TimerSliceStringSlicer$$FastClassByGuice$$4dd7bd1c
4003:             1             24  hudson.plugins.view.dashboard.stats.StatSlaves$DescriptorImpl$$FastClassByGuice$$a23be292
4004:             1             24  org.jvnet.hudson.plugins.backup.BackupLink$$FastClassByGuice$$bca4f2ae
4005:             1             24  hudson.plugins.groovy.GroovyInstallation$DescriptorImpl$$FastClassByGuice$$8c67c1ec
4006:             1             24  hudson.diagnosis.MemoryUsageMonitor$$FastClassByGuice$$f0a6862a
4007:             1             24  jenkins.plugins.publish_over_ssh.descriptor.BapSshPublisherDescriptor$$FastClassByGuice$$887d6ff0
4008:             1             24  java.nio.charset.CoderResult$1
4009:             1             24  hudson.views.LastDurationColumn$DescriptorImpl$$FastClassByGuice$$469affe0
4010:             1             24  hudson.plugins.depgraph_view.model.graph.DependencyGraphModule
4011:             1             24  hudson.tasks.junit.JUnitResultArchiver$DescriptorImpl$$FastClassByGuice$$bb2522cb
4012:             1             24  hudson.model.ChoiceParameterDefinition$DescriptorImpl$$FastClassByGuice$$b4b5f1f0
4013:             1             24  hudson.model.TextParameterDefinition$DescriptorImpl$$FastClassByGuice$$f452ac7c
4014:             1             24  org.jenkinsci.plugins.gitserver.ssh.SshCommandFactoryImpl$$FastClassByGuice$$f4f9e55e
4015:             1             24  org.jenkins_ci.plugins.run_condition.core.AlwaysRun$AlwaysRunDescriptor$$FastClassByGuice$$a56e777e
4016:             1             24  java.util.regex.Pattern$All
4017:             1             24  configurationslicing.customworkspace.CustomWorkspaceStringSlicer$$FastClassByGuice$$7c1b1b6
4018:             1             24  join.JoinTrigger$DescriptorImpl$RunListenerImpl$$FastClassByGuice$$725f1044
4019:             1             24  hudson.plugins.jira.JiraSite$DescriptorImpl$$FastClassByGuice$$4798dcbf
4020:             1             24  hudson.model.UpdateCenter$PageDecoratorImpl$$FastClassByGuice$$4af4763e
4021:             1             24  jp.ikedam.jenkins.plugins.extensible_choice_parameter.SystemGroovyChoiceListProvider$DescriptorImpl$$FastClassByGuice$$42a1b288
4022:             1             24  org.jenkinsci.plugins.scriptler.git.GitScriptlerRepositorySSHAccess$$FastClassByGuice$$4397f5a0
4023:             1             24  hudson.maven.reporters.MavenFingerprinter$DescriptorImpl$$FastClassByGuice$$18fdd8bb
4024:             1             24  com.sun.org.apache.xerces.internal.impl.dv.xs.MonthDayDV
4025:             1             24  hudson.ExtensionFinder$DefaultGuiceExtensionAnnotation$$FastClassByGuice$$c50e37c0
4026:             1             24  org.acegisecurity.acls.sid.PrincipalSid
4027:             1             24  hudson.plugins.sectioned_view.TextSection$DescriptorImpl$$FastClassByGuice$$8f0343c8
4028:             1             24  org.jenkins.ci.plugins.keyboard_shortcuts.KeyboardShortcutsUserProperty$DescriptorImpl$$FastClassByGuice$$af1b4692
4029:             1             24  hudson.scm.cvstagging.CvsTagActionDescriptor$$FastClassByGuice$$86c66754
4030:             1             24  jenkins.model.GlobalNodePropertiesConfiguration$$FastClassByGuice$$e6707da1
4031:             1             24  hudson.plugins.emailext.plugins.trigger.FailureTrigger$DescriptorImpl
4032:             1             24  $Proxy46
4033:             1             24  hudson.scm.CvsModuleLocation$HeadModuleLocation$HeadModuleLocationDescriptor$$FastClassByGuice$$598f2a0c
4034:             1             24  hudson.ExtensionFinder$DefaultGuiceExtensionAnnotation
4035:             1             24  jenkins.security.RekeySecretAdminMonitor$$FastClassByGuice$$34f483b1
4036:             1             24  org.jenkinsci.main.modules.sshd.PortAdvertiser$$FastClassByGuice$$e6662f3e
4037:             1             24  hudson.plugins.parameterizedtrigger.BooleanParameters$DescriptorImpl$$FastClassByGuice$$5a98d90f
4038:             1             24  java.nio.charset.CoderResult$2
4039:             1             24  org.jenkins_ci.plugins.run_condition.core.FilesMatchCondition$FilesMatchConditionDescriptor$$FastClassByGuice$$6f65c360
4040:             1             24  au.com.centrumsystems.hudson.plugin.buildpipeline.trigger.BuildPipelineTrigger$DescriptorImpl$$FastClassByGuice$$6dbddb4a
4041:             1             24  [Lhudson.tasks.Ant$AntInstallation;
4042:             1             24  org.apache.sshd.common.forward.DefaultForwardingAcceptorFactory
4043:             1             24  hudson.tasks.MailMessageIdAction
4044:             1             24  hudson.plugins.view.dashboard.stats.StatBuilds$DescriptorImpl$$FastClassByGuice$$5fba7929
4045:             1             24  hudson.plugins.copyartifact.FingerprintingCopyMethod$$FastClassByGuice$$564b5c7a
4046:             1             24  configurationslicing.timestamper.TimestamperSlicer$$FastClassByGuice$$bc35b723
4047:             1             24  [Ljava.beans.EventSetDescriptor;
4048:             1             24  hudson.model.ComputerPinger$BuiltInComputerPinger$$FastClassByGuice$$d3d1d96b
4049:             1             24  jenkins.plugins.publish_over_ssh.options.SshOverrideDefaults$SshOverrideDefaultsDescriptor$$FastClassByGuice$$e49b7b0c
4050:             1             24  hudson.scm.subversion.CheckoutUpdater$DescriptorImpl$$FastClassByGuice$$40ddb2a2
4051:             1             24  org.jvnet.hudson.plugins.repositoryconnector.ArtifactDeployer$DescriptorImpl$$FastClassByGuice$$c8269da8
4052:             1             24  hudson.model.User$FullNameIdResolver$$FastClassByGuice$$7b913fdc
4053:             1             24  com.tikal.jenkins.plugins.multijob.views.LastSuccessColumn$DescriptorImpl$$FastClassByGuice$$2862fada
4054:             1             24  hudson.plugins.git.GitTagAction$DescriptorImpl$$FastClassByGuice$$d43408b8
4055:             1             24  java.nio.channels.spi.AbstractSelector$1
4056:             1             24  org.jenkinsci.plugins.periodicbackup.PeriodicBackupLink$DescriptorImpl$$FastClassByGuice$$295b20f5
4057:             1             24  hudson.plugins.git.browser.RhodeCode$RhodeCodeDescriptor$$FastClassByGuice$$cfdaad6
4058:             1             24  com.barchart.jenkins.cascade.RunDecider$$FastClassByGuice$$6531e307
4059:             1             24  org.jenkins_ci.plugins.run_condition.RunConditionPlugin
4060:             1             24  org.jvnet.hudson.plugins.m2release.LastReleaseListViewColumn$DescriptorImpl$$FastClassByGuice$$70fb5ef
4061:             1             24  hudson.console.ModelHyperlinkNote$DescriptorImpl$$FastClassByGuice$$427416da
4062:             1             24  hudson.PluginManager$PluginInstanceStore
4063:             1             24  hudson.matrix.TextAxis$DescriptorImpl$$FastClassByGuice$$c7d3b70b
4064:             1             24  hudson.plugins.emailext.plugins.trigger.StillFailingTrigger$DescriptorImpl
4065:             1             24  hudson.maven.ProcessCache$RedirectableOutputStream
4066:             1             24  org.jvnet.hudson.plugins.shelveproject.ShelvedProjectsAction$$FastClassByGuice$$818829cf
4067:             1             24  configurationslicing.wscleanup.CleanupAfterSlicer$$FastClassByGuice$$d8d9fe13
4068:             1             24  hudson.PluginManager$PluginUpdateMonitor$$FastClassByGuice$$e5f43901
4069:             1             24  hudson.cli.CreateJobCommand$$FastClassByGuice$$b5d3e8eb
4070:             1             24  hudson.plugins.copyartifact.CopyArtifact$CopyArtifactRunListener
4071:             1             24  org.jenkinsci.plugins.database.DatabaseConsole$Factory$$FastClassByGuice$$fb6405f9
4072:             1             24  org.jenkins_ci.plugins.run_condition.logic.Or$OrDescriptor$$FastClassByGuice$$ad40ea19
4073:             1             24  com.robestone.hudson.compactcolumns.AllStatusesColumn$AllStatusesColumnDescriptor$$FastClassByGuice$$fdbda0e2
4074:             1             24  hudson.views.BuildButtonColumn$DescriptorImpl$$FastClassByGuice$$3e340db0
4075:             1             24  hudson.tasks.Fingerprinter$DescriptorImpl$$FastClassByGuice$$b08092d5
4076:             1             24  jenkins.model.JenkinsLocationConfiguration$$FastClassByGuice$$a6785528
4077:             1             24  hudson.plugins.sshslaves.SSHLauncher$DefaultJavaProvider$$FastClassByGuice$$a136f6cd
4078:             1             24  org.jenkinsci.plugins.conditionalbuildstep.ConditionalBuilder$DescriptorImpl$$FastClassByGuice$$de53edee
4079:             1             24  org.apache.maven.artifact.handler.DefaultArtifactHandler$__plexus4$$FastClassByGuice$$72df9881
4080:             1             24  hudson.plugins.git.GitRevisionTokenMacro$$FastClassByGuice$$413ddd03
4081:             1             24  hudson.tasks.Ant$AntInstallation$DescriptorImpl$$FastClassByGuice$$c82873e2
4082:             1             24  hudson.security.WhoAmI$$FastClassByGuice$$d28820da
4083:             1             24  org.jenkinsci.plugins.periodicbackup.ConfigOnly
4084:             1             24  com.cloudbees.jenkins.plugins.sshcredentials.impl.TrileadSSHPublicKeyAuthenticator$Factory$$FastClassByGuice$$716cec13
4085:             1             24  hudson.logging.LogRecorderManager
4086:             1             24  hudson.plugins.ws_cleanup.PreBuildCleanup$DescriptorImpl$$FastClassByGuice$$7528c866
4087:             1             24  com.mtvi.plateng.hudson.ldap.LdapMailAddressResolver
4088:             1             24  com.sun.org.apache.xerces.internal.impl.dv.xs.DayDV
4089:             1             24  hudson.node_monitors.ArchitectureMonitor
4090:             1             24  hudson.triggers.SCMTrigger$DescriptorImpl$$FastClassByGuice$$924bea38
4091:             1             24  org.jenkinsci.plugins.envinject.EnvInjectBuilder$DescriptorImpl$$FastClassByGuice$$30ec1cfc
4092:             1             24  hudson.slaves.RetentionStrategy$Always$DescriptorImpl$$FastClassByGuice$$31611c32
4093:             1             24  org.jenkinsci.plugins.tokenmacro.impl.BuildNumberMacro$$FastClassByGuice$$bedf6092
4094:             1             24  hudson.plugins.emailext.plugins.trigger.UnstableTrigger$DescriptorImpl
4095:             1             24  org.jenkins_ci.plugins.run_condition.core.NumericalComparisonCondition$LessThanOrEqualTo$LessThanOrEqualToDescriptor$$FastClassByGuice$$c7dd138a
4096:             1             24  org.jvnet.jenkins.plugins.nodelabelparameter.parameterizedtrigger.NodeListBuildParameterFactory$DescriptorImpl$$FastClassByGuice$$d4243e29
4097:             1             24  hudson.scm.CvsRepositoryLocation$HeadRepositoryLocation$HeadRepositoryLocationDescriptor$$FastClassByGuice$$6369c4aa
4098:             1             24  configurationslicing.parameters.ParametersSlicer$$FastClassByGuice$$db21cef9
4099:             1             24  hudson.maven.local_repo.DefaultLocalRepositoryLocator$DescriptorImpl$$FastClassByGuice$$83a0fa43
4100:             1             24  hudson.model.LoadStatistics$LoadStatisticsUpdater$$FastClassByGuice$$b39fa05d
4101:             1             24  org.jenkinsci.plugins.scriptler.share.gh.CentralScriptJsonCatalog$$FastClassByGuice$$2d3191a5
4102:             1             24  hudson.node_monitors.NodeMonitorUpdater$$FastClassByGuice$$af82341c
4103:             1             24  com.seitenbau.jenkins.plugins.dynamicparameter.config.DynamicParameterManagement$$FastClassByGuice$$447adb06
4104:             1             24  sun.font.CMap$NullCMapClass
4105:             1             24  hudson.plugins.groovy.GroovyTokenMacro$$FastClassByGuice$$895af100
4106:             1             24  hudson.plugins.mercurial.browser.KilnHG$DescriptorImpl$$FastClassByGuice$$b71a844d
4107:             1             24  hudson.scm.browsers.ViewSVN$DescriptorImpl$$FastClassByGuice$$83aabb4c
4108:             1             24  $Proxy47
4109:             1             24  join.JoinTrigger$DescriptorImpl$ItemListenerImpl$$FastClassByGuice$$8c78b722
4110:             1             24  jenkins.plugins.publish_over_ssh.BapSshPromotionPublisherPlugin$Descriptor$$FastClassByGuice$$8809c215
4111:             1             24  org.jenkins_ci.plugins.run_condition.core.DayCondition$DayConditionDescriptor$$FastClassByGuice$$2f3c92ae
4112:             1             24  hudson.tasks.junit.JUnitParser$$FastClassByGuice$$d26d9f9a
4113:             1             24  sun.net.spi.DefaultProxySelector
4114:             1             24  hudson.plugins.jira.JiraMailAddressResolver$$FastClassByGuice$$21b330d6
4115:             1             24  hudson.scm.subversion.UpdateUpdater$DescriptorImpl$$FastClassByGuice$$3369ae65
4116:             1             24  com.tikal.jenkins.plugins.multijob.PredefinedBuildParameters$DescriptorImpl$$FastClassByGuice$$125ecf2b
4117:             1             24  hudson.plugins.emailext.plugins.trigger.StillUnstableTrigger$DescriptorImpl
4118:             1             24  configurationslicing.logrotator.LogRotationSlicer$Days$$FastClassByGuice$$ec6b4c69
4119:             1             24  hudson.plugins.parameterizedtrigger.PredefinedBuildParameters$DescriptorImpl$$FastClassByGuice$$7fb0472f
4120:             1             24  org.jenkinsci.modules.windows_slave_installer.SlaveInstallerFactoryImpl
4121:             1             24  hudson.cli.SetBuildDescriptionCommand$$FastClassByGuice$$36021cbc
4122:             1             24  org.apache.commons.jelly.impl.ScriptBlock
4123:             1             24  jenkins.mvn.FilePathGlobalSettingsProvider$DescriptorImpl$$FastClassByGuice$$441420ba
4124:             1             24  hudson.cli.declarative.CLIRegisterer$$FastClassByGuice$$eb1e1e4b
4125:             1             24  de.fspengler.hudson.pview.ConsoleViewColumn$DescriptorImpl$$FastClassByGuice$$7ed4d930
4126:             1             24  hudson.tasks.Mailer$DescriptorImpl$$FastClassByGuice$$cc493d9c
4127:             1             24  org.jenkins_ci.plugins.run_condition.core.NeverRun$NeverRunDescriptor$$FastClassByGuice$$263eb82e
4128:             1             24  hudson.plugins.parameterizedtrigger.Plugin$RenameListener$$FastClassByGuice$$d7117c75
4129:             1             24  org.jenkinsci.main.modules.sshd.ItemListenerImpl$$FastClassByGuice$$387d1d9
4130:             1             24  configurationslicing.jobdisabled.JobDisabledStringSlicer$$FastClassByGuice$$95419760
4131:             1             24  hudson.plugins.git.GitPublisher$NoteToPush$DescriptorImpl$$FastClassByGuice$$b6dc042f
4132:             1             24  org.jenkinsci.plugins.periodicbackup.PeriodicBackupPlugin
4133:             1             24  au.com.centrumsystems.hudson.plugin.buildpipeline.trigger.BuildPipelineTrigger$DescriptorImpl$ItemListenerImpl$$FastClassByGuice$$7ec249e1
4134:             1             24  jenkins.management.SystemInfoLink$$FastClassByGuice$$4594630a
4135:             1             24  sun.util.calendar.Gregorian
4136:             1             24  hudson.model.MyViewsProperty$DescriptorImpl$$FastClassByGuice$$b7026ed4
4137:             1             24  hudson.model.Items$1
4138:             1             24  hudson.ExtensionFinder$GuiceFinder$$FastClassByGuice$$b996da11
4139:             1             24  hudson.plugins.copyartifact.CopyArtifactPlugin
4140:             1             24  $Proxy51
4141:             1             24  com.sun.org.apache.xerces.internal.impl.dv.xs.MonthDV
4142:             1             24  hudson.slaves.CommandLauncher$DescriptorImpl$$FastClassByGuice$$b84a5867
4143:             1             24  hudson.plugins.emailext.plugins.trigger.SuccessTrigger$DescriptorImpl
4144:             1             24  hudson.cli.GetJobCommand$$FastClassByGuice$$58f2a263
4145:             1             24  jenkins.model.CoreEnvironmentContributor$$FastClassByGuice$$ab827b84
4146:             1             24  hudson.plugins.view.dashboard.stats.StatJobs$DescriptorImpl$$FastClassByGuice$$de1c1b38
4147:             1             24  com.cloudbees.jenkins.plugins.sshcredentials.impl.JSchSSHPublicKeyAuthenticator$Factory$$FastClassByGuice$$a714a06e
4148:             1             24  hudson.node_monitors.ArchitectureMonitor$DescriptorImpl$$FastClassByGuice$$47e80d77
4149:             1             24  hudson.matrix.JDKAxis$DescriptorImpl$$FastClassByGuice$$84e68efb
4150:             1             24  hudson.DescriptorExtensionList$1
4151:             1             24  hudson.ExtensionFinder$Sezpoz
4152:             1             24  hudson.plugins.translation.ContributedL10nStore
4153:             1             24  hudson.plugins.copyProjectLink.CopyProjectActionFactory$$FastClassByGuice$$9b47561
4154:             1             24  eu.markov.jenkins.plugin.mvnmeta.MavenMetadataParameterDefinition$DescriptorImpl$$FastClassByGuice$$d6450666
4155:             1             24  com.barchart.jenkins.cascade.PluginActivator$$FastClassByGuice$$d8c8741a
4156:             1             24  configurationslicing.tools.GroovySlicerWrapper$$FastClassByGuice$$4aec2b9d
4157:             1             24  jenkins.plugins.publish_over_ssh.BapSshPreBuildWrapper$Descriptor$$FastClassByGuice$$7b6b095d
4158:             1             24  com.sun.org.apache.xerces.internal.impl.dv.xs.DurationDV
4159:             1             24  hudson.plugins.timestamper.TimestamperConfig$$FastClassByGuice$$3a538019
4160:             1             24  org.jenkins_ci.plugins.run_condition.logic.ConditionContainer$ConditionContainerDescriptor$$FastClassByGuice$$f3b6b339
4161:             1             16  com.sun.org.apache.xerces.internal.parsers.SecuritySupport
4162:             1             16  hudson.model.PermalinkProjectAction$Permalink$6
4163:             1             16  sun.reflect.GeneratedSerializationConstructorAccessor164
4164:             1             16  org.apache.sshd.server.auth.UserAuthNone$Factory
4165:             1             16  sun.reflect.GeneratedMethodAccessor19
4166:             1             16  sun.reflect.GeneratedSerializationConstructorAccessor184
4167:             1             16  sun.reflect.GeneratedSerializationConstructorAccessor64
4168:             1             16  sun.reflect.GeneratedSerializationConstructorAccessor73
4169:             1             16  sun.reflect.generics.tree.VoidDescriptor
4170:             1             16  sun.reflect.GeneratedSerializationConstructorAccessor172
4171:             1             16  sun.reflect.GeneratedConstructorAccessor79
4172:             1             16  sun.reflect.GeneratedMethodAccessor73
4173:             1             16  org.jenkinsci.plugins.conditionalbuildstep.lister.DefaultBuilderDescriptorLister
4174:             1             16  sun.reflect.GeneratedConstructorAccessor25
4175:             1             16  sun.reflect.GeneratedSerializationConstructorAccessor53
4176:             1             16  com.sun.org.apache.xalan.internal.xsltc.dom.SecuritySupport12
4177:             1             16  sun.reflect.GeneratedSerializationConstructorAccessor923
4178:             1             16  hudson.model.ItemGroupMixIn$2
4179:             1             16  hudson.security.Permission$1
4180:             1             16  sun.reflect.generics.tree.IntSignature
4181:             1             16  sun.reflect.GeneratedSerializationConstructorAccessor105
4182:             1             16  com.sun.org.apache.xerces.internal.impl.dv.xs.HexBinaryDV
4183:             1             16  sun.reflect.GeneratedSerializationConstructorAccessor181
4184:             1             16  sun.reflect.GeneratedSerializationConstructorAccessor204
4185:             1             16  sun.reflect.GeneratedMethodAccessor12
4186:             1             16  sun.reflect.GeneratedMethodAccessor10
4187:             1             16  sun.reflect.GeneratedSerializationConstructorAccessor85
4188:             1             16  sun.reflect.GeneratedSerializationConstructorAccessor70
4189:             1             16  com.michelin.cio.hudson.plugins.rolestrategy.RoleBasedAuthorizationStrategy$ConverterImpl
4190:             1             16  hudson.maven.MavenProcessFactory$1
4191:             1             16  sun.awt.X11.XToolkit$1
4192:             1             16  sun.java2d.SunGraphicsEnvironment$TTFilter
4193:             1             16  sun.reflect.GeneratedMethodAccessor6
4194:             1             16  com.google.common.base.Equivalences$Identity
4195:             1             16  org.sonatype.aether.impl.internal.DefaultLocalRepositoryProvider$1
4196:             1             16  sun.reflect.GeneratedSerializationConstructorAccessor65
4197:             1             16  hudson.plugins.parameterizedtrigger.Plugin$RenameListener
4198:             1             16  sun.reflect.GeneratedSerializationConstructorAccessor173
4199:             1             16  sun.java2d.loops.GraphicsPrimitiveMgr$1
4200:             1             16  hudson.plugins.disk_usage.DiskUsagePlugin$DiskUsageRootLink
4201:             1             16  sun.reflect.GeneratedSerializationConstructorAccessor924
4202:             1             16  com.sun.org.apache.xerces.internal.impl.dv.xs.Base64BinaryDV
4203:             1             16  sun.reflect.GeneratedSerializationConstructorAccessor159
4204:             1             16  hudson.AboutJenkins
4205:             1             16  hudson.maven.local_repo.DefaultLocalRepositoryLocator
4206:             1             16  com.sun.org.apache.xerces.internal.impl.dv.SecuritySupport
4207:             1             16  com.google.inject.internal.cglib.core.$KeyFactory$1
4208:             1             16  org.apache.maven.model.building.ModelBuildingEventCatapult$1
4209:             1             16  org.tmatesoft.svn.core.internal.wc.admin.SVNAdminAreaFactory$DefaultSelector
4210:             1             16  sun.java2d.SunGraphicsEnvironment$T1Filter
4211:             1             16  sun.reflect.GeneratedSerializationConstructorAccessor6
4212:             1             16  sun.reflect.GeneratedSerializationConstructorAccessor106
4213:             1             16  sun.reflect.GeneratedSerializationConstructorAccessor39
4214:             1             16  com.google.common.base.Equivalences$Equals
4215:             1             16  sun.java2d.loops.GraphicsPrimitiveMgr$2
4216:             1             16  org.jfree.ui.about.Licences
4217:             1             16  jenkins.management.ConsoleLink
4218:             1             16  org.jruby.ext.posix.BaseNativePOSIX$1
4219:             1             16  hudson.util.HexBinaryConverter
4220:             1             16  org.netbeans.lib.cvsclient.admin.DateComparator
4221:             1             16  sun.reflect.GeneratedSerializationConstructorAccessor54
4222:             1             16  sun.awt.X11.XToolkit$5
4223:             1             16  sun.reflect.GeneratedMethodAccessor27
4224:             1             16  org.jenkinsci.plugins.envinject.EnvInjectBuildVariableContributor
4225:             1             16  sun.reflect.GeneratedMethodAccessor75
4226:             1             16  net.sf.json.util.JavaIdentifierTransformer$CamelCaseJavaIdentifierTransformer
4227:             1             16  sun.reflect.GeneratedSerializationConstructorAccessor66
4228:             1             16  hudson.util.CharacterEncodingFilter
4229:             1             16  sun.reflect.GeneratedMethodAccessor127
4230:             1             16  java.lang.System$2
4231:             1             16  com.google.inject.internal.cglib.core.$KeyFactory$2
4232:             1             16  java.util.concurrent.ThreadPoolExecutor$AbortPolicy
4233:             1             16  jenkins.management.NodesLink
4234:             1             16  org.tmatesoft.svn.core.internal.io.fs.FSRepositoryFactory
4235:             1             16  jp.ikedam.jenkins.plugins.extensible_choice_parameter.ChoiceWatchQueueDecisionHandler
4236:             1             16  sun.reflect.GeneratedSerializationConstructorAccessor925
4237:             1             16  org.kohsuke.stapler.Stapler$5
4238:             1             16  hudson.plugins.global_build_stats.xstream.migration.v9.V8ToV9Migrator
4239:             1             16  com.google.inject.spi.Elements$1
4240:             1             16  sun.reflect.GeneratedSerializationConstructorAccessor163
4241:             1             16  sun.reflect.GeneratedSerializationConstructorAccessor160
4242:             1             16  com.sun.org.apache.xerces.internal.impl.dv.xs.AnyURIDV
4243:             1             16  org.bouncycastle.jcajce.provider.asymmetric.elgamal.KeyFactorySpi
4244:             1             16  org.apache.commons.io.filefilter.DirectoryFileFilter
4245:             1             16  net.sf.json.util.JavaIdentifierTransformer$NoopJavaIdentifierTransformer
4246:             1             16  com.google.inject.internal.cglib.core.$DefaultNamingPolicy
4247:             1             16  java.net.URLClassLoader$7
4248:             1             16  hudson.model.View$3
4249:             1             16  sun.reflect.GeneratedSerializationConstructorAccessor28
4250:             1             16  sun.reflect.GeneratedSerializationConstructorAccessor21
4251:             1             16  org.apache.commons.jelly.expression.Expression$1
4252:             1             16  sun.reflect.GeneratedMethodAccessor18
4253:             1             16  sun.reflect.GeneratedSerializationConstructorAccessor40
4254:             1             16  com.google.inject.internal.BytecodeGen$1
4255:             1             16  org.kohsuke.stapler.HttpResponseRenderer$Default
4256:             1             16  org.jenkinsci.main.modules.sshd.CommandFactoryImpl
4257:             1             16  sun.reflect.GeneratedSerializationConstructorAccessor141
4258:             1             16  sun.reflect.GeneratedSerializationConstructorAccessor67
4259:             1             16  sun.reflect.GeneratedMethodAccessor2
4260:             1             16  sun.reflect.GeneratedSerializationConstructorAccessor926
4261:             1             16  sun.reflect.GeneratedSerializationConstructorAccessor116
4262:             1             16  net.sf.json.util.JavaIdentifierTransformer$StrictJavaIdentifierTransformer
4263:             1             16  hudson.plugins.disk_usage.DiskUsageProjectActionFactory
4264:             1             16  sun.reflect.GeneratedSerializationConstructorAccessor55
4265:             1             16  sun.reflect.GeneratedConstructorAccessor27
4266:             1             16  sun.reflect.GeneratedSerializationConstructorAccessor185
4267:             1             16  sun.reflect.GeneratedSerializationConstructorAccessor821
4268:             1             16  java.lang.Terminator$1
4269:             1             16  sun.reflect.GeneratedSerializationConstructorAccessor362
4270:             1             16  sun.reflect.GeneratedSerializationConstructorAccessor95
4271:             1             16  javax.xml.datatype.SecuritySupport
4272:             1             16  org.acegisecurity.context.ThreadLocalSecurityContextHolderStrategy
4273:             1             16  java.util.ResourceBundle$Control
4274:             1             16  org.apache.tools.ant.types.selectors.SelectorUtils
4275:             1             16  com.google.inject.internal.BytecodeGen$2
4276:             1             16  hudson.ExtensionFinder$GuiceFinder$4
4277:             1             16  sun.reflect.GeneratedMethodAccessor77
4278:             1             16  sun.reflect.GeneratedSerializationConstructorAccessor86
4279:             1             16  org.apache.sshd.common.cipher.AES128CBC$Factory
4280:             1             16  sun.reflect.GeneratedSerializationConstructorAccessor41
4281:             1             16  sun.reflect.GeneratedSerializationConstructorAccessor150
4282:             1             16  sun.reflect.GeneratedSerializationConstructorAccessor26
4283:             1             16  org.netbeans.lib.cvsclient.util.BugLog
4284:             1             16  sun.reflect.GeneratedSerializationConstructorAccessor126
4285:             1             16  sun.reflect.GeneratedMethodAccessor42
4286:             1             16  org.jenkinsci.plugins.periodicbackup.OverwriteRestorePolicy
4287:             1             16  org.sonatype.guice.bean.reflect.Logs$SLF4JSink
4288:             1             16  net.sf.json.util.JavaIdentifierTransformer$UnderscoreJavaIdentifierTransformer
4289:             1             16  hudson.ClassicPluginStrategy$1
4290:             1             16  sun.reflect.GeneratedSerializationConstructorAccessor142
4291:             1             16  sun.reflect.GeneratedSerializationConstructorAccessor68
4292:             1             16  sun.reflect.GeneratedMethodAccessor29
4293:             1             16  sun.reflect.GeneratedConstructorAccessor61
4294:             1             16  hudson.plugins.global_build_stats.JobBuildResultFactory
4295:             1             16  org.kohsuke.stapler.Stapler$6
4296:             1             16  sun.reflect.GeneratedSerializationConstructorAccessor17
4297:             1             16  org.jenkinsci.main.modules.sshd.PublicKeyAuthenticatorImpl
4298:             1             16  jenkins.management.SystemInfoLink
4299:             1             16  hudson.util.PluginServletFilter
4300:             1             16  hudson.plugins.downstream_ext.DownstreamTrigger$DescriptorImpl$ItemListenerImpl
4301:             1             16  sun.reflect.GeneratedSerializationConstructorAccessor822
4302:             1             16  hudson.model.FingerprintCleanupThread$1
4303:             1             16  sun.reflect.GeneratedMethodAccessor28
4304:             1             16  sun.reflect.GeneratedConstructorAccessor21
4305:             1             16  hudson.security.AuthorizationStrategy$Unsecured
4306:             1             16  com.google.inject.internal.BytecodeGen$3
4307:             1             16  sun.reflect.GeneratedSerializationConstructorAccessor927
4308:             1             16  hudson.model.Label$3
4309:             1             16  sun.reflect.GeneratedSerializationConstructorAccessor363
4310:             1             16  org.apache.sshd.common.cipher.TripleDESCBC$Factory
4311:             1             16  org.owasp.html.StandardUrlAttributePolicy
4312:             1             16  com.cloudbees.jenkins.plugins.sshcredentials.impl.TrileadSSHPublicKeyAuthenticator$Factory
4313:             1             16  com.cloudbees.plugins.flow.FlowIcon
4314:             1             16  com.google.inject.matcher.Matchers$Any
4315:             1             16  org.kohsuke.stapler.Function$1
4316:             1             16  net.sf.json.util.JavaIdentifierTransformer$WhiteSpaceJavaIdentifierTransformer
4317:             1             16  sun.reflect.GeneratedMethodAccessor17
4318:             1             16  com.sun.org.apache.xerces.internal.impl.dv.xs.PrecisionDecimalDV
4319:             1             16  hudson.ExpressionFactory2
4320:             1             16  org.jvnet.hudson.plugins.DownStreamProjectActionFactory
4321:             1             16  hudson.model.ComputerSet$1
4322:             1             16  sun.reflect.GeneratedSerializationConstructorAccessor928
4323:             1             16  hudson.views.DefaultViewsTabBar
4324:             1             16  sun.reflect.GeneratedSerializationConstructorAccessor192
4325:             1             16  org.apache.commons.discovery.jdk.JDK12Hooks
4326:             1             16  sun.reflect.GeneratedConstructorAccessor80
4327:             1             16  sun.reflect.GeneratedSerializationConstructorAccessor143
4328:             1             16  sun.reflect.GeneratedSerializationConstructorAccessor3
4329:             1             16  sun.reflect.GeneratedSerializationConstructorAccessor165
4330:             1             16  sun.reflect.GeneratedSerializationConstructorAccessor119
4331:             1             16  com.sun.org.apache.xerces.internal.impl.dv.dtd.StringDatatypeValidator
4332:             1             16  sun.reflect.GeneratedSerializationConstructorAccessor823
4333:             1             16  javax.swing.SwingPaintEventDispatcher
4334:             1             16  sun.reflect.GeneratedSerializationConstructorAccessor186
4335:             1             16  org.apache.sshd.common.cipher.BlowfishCBC$Factory
4336:             1             16  org.jruby.ext.posix.LinuxPOSIX$1
4337:             1             16  sun.reflect.GeneratedSerializationConstructorAccessor75
4338:             1             16  org.kohsuke.stapler.BindInterceptor
4339:             1             16  com.sun.org.apache.xerces.internal.impl.dv.xs.IDDV
4340:             1             16  hudson.scm.SubversionStatus
4341:             1             16  sun.reflect.GeneratedSerializationConstructorAccessor127
4342:             1             16  net.sf.ezmorph.object.StringMorpher
4343:             1             16  sun.reflect.GeneratedMethodAccessor131
4344:             1             16  sun.reflect.GeneratedConstructorAccessor2
4345:             1             16  org.codehaus.plexus.interpolation.reflection.ClassMap$CacheMiss
4346:             1             16  sun.reflect.GeneratedSerializationConstructorAccessor148
4347:             1             16  sun.reflect.GeneratedMethodAccessor13
4348:             1             16  sun.reflect.GeneratedSerializationConstructorAccessor364
4349:             1             16  org.tmatesoft.svn.core.internal.wc.SVNFileUtil$1
4350:             1             16  org.apache.commons.lang.time.FastDateFormat$TwoDigitMonthField
4351:             1             16  com.sun.imageio.stream.StreamCloser$1
4352:             1             16  sun.reflect.GeneratedSerializationConstructorAccessor235
4353:             1             16  sun.reflect.GeneratedSerializationConstructorAccessor42
4354:             1             16  sun.reflect.GeneratedSerializationConstructorAccessor905
4355:             1             16  sun.reflect.GeneratedSerializationConstructorAccessor118
4356:             1             16  org.codehaus.groovy.reflection.CachedClass$CachedMethodComparatorWithString
4357:             1             16  net.sf.json.processors.DefaultDefaultValueProcessor
4358:             1             16  com.sun.org.apache.xerces.internal.impl.dv.dtd.IDDatatypeValidator
4359:             1             16  sun.reflect.GeneratedSerializationConstructorAccessor144
4360:             1             16  sun.reflect.GeneratedSerializationConstructorAccessor929
4361:             1             16  sun.reflect.GeneratedSerializationConstructorAccessor4
4362:             1             16  javax.swing.UIManager$2
4363:             1             16  sun.reflect.GeneratedConstructorAccessor81
4364:             1             16  hudson.views.DefaultMyViewsTabBar
4365:             1             16  sun.reflect.GeneratedMethodAccessor7
4366:             1             16  com.sun.org.apache.xerces.internal.impl.dv.xs.IDREFDV
4367:             1             16  hudson.plugins.global_build_stats.validation.GlobalBuildStatsValidator
4368:             1             16  org.tmatesoft.svn.core.internal.wc.SVNFileUtil$2
4369:             1             16  sun.reflect.GeneratedSerializationConstructorAccessor824
4370:             1             16  sun.reflect.GeneratedSerializationConstructorAccessor120
4371:             1             16  jenkins.management.StatisticsLink
4372:             1             16  sun.reflect.GeneratedSerializationConstructorAccessor16
4373:             1             16  sun.reflect.GeneratedSerializationConstructorAccessor137
4374:             1             16  sun.reflect.GeneratedSerializationConstructorAccessor187
4375:             1             16  hudson.plugins.global_build_stats.xstream.GlobalBuildStatsXStreamConverter
4376:             1             16  sun.reflect.GeneratedMethodAccessor26
4377:             1             16  jenkins.security.ApiTokenFilter
4378:             1             16  com.sun.org.apache.xerces.internal.impl.dv.dtd.IDREFDatatypeValidator
4379:             1             16  sun.reflect.GeneratedSerializationConstructorAccessor683
4380:             1             16  sun.reflect.GeneratedSerializationConstructorAccessor5
4381:             1             16  sun.reflect.GeneratedSerializationConstructorAccessor166
4382:             1             16  sun.reflect.GeneratedMethodAccessor78
4383:             1             16  de.fspengler.hudson.pview.PViewLinkAction
4384:             1             16  sun.reflect.GeneratedSerializationConstructorAccessor365
4385:             1             16  jenkins.model.CoreEnvironmentContributor
4386:             1             16  sun.reflect.GeneratedSerializationConstructorAccessor236
4387:             1             16  sun.reflect.GeneratedSerializationConstructorAccessor56
4388:             1             16  sun.reflect.GeneratedSerializationConstructorAccessor906
4389:             1             16  sun.reflect.GeneratedMethodAccessor94
4390:             1             16  sun.reflect.GeneratedConstructorAccessor3
4391:             1             16  sun.reflect.GeneratedSerializationConstructorAccessor19
4392:             1             16  com.sun.org.apache.xerces.internal.impl.dv.xs.EntityDV
4393:             1             16  javax.net.DefaultSocketFactory
4394:             1             16  jenkins.model.ProjectNamingStrategy$DefaultProjectNamingStrategy
4395:             1             16  sun.reflect.GeneratedSerializationConstructorAccessor930
4396:             1             16  sun.reflect.GeneratedSerializationConstructorAccessor153
4397:             1             16  com.cloudbees.jenkins.plugins.sshcredentials.impl.JSchSSHPublicKeyAuthenticator$Factory
4398:             1             16  hudson.model.ManageJenkinsAction
4399:             1             16  sun.reflect.GeneratedSerializationConstructorAccessor825
4400:             1             16  sun.reflect.GeneratedSerializationConstructorAccessor149
4401:             1             16  java.lang.Runtime
4402:             1             16  hudson.model.DependencyGraph$1
4403:             1             16  sun.reflect.GeneratedSerializationConstructorAccessor174
4404:             1             16  sun.java2d.pipe.LoopPipe
4405:             1             16  com.sun.org.apache.xerces.internal.dom.CharacterDataImpl$1
4406:             1             16  sun.awt.KeyboardFocusManagerPeerImpl
4407:             1             16  sun.reflect.GeneratedSerializationConstructorAccessor121
4408:             1             16  sun.nio.ch.SocketDispatcher
4409:             1             16  hudson.plugins.audit_trail.AuditTrailFilter
4410:             1             16  hudson.tasks.BuildTrigger$DescriptorImpl$ItemListenerImpl
4411:             1             16  com.sun.org.apache.xerces.internal.impl.dv.xs.IntegerDV
4412:             1             16  sun.reflect.GeneratedConstructorAccessor63
4413:             1             16  sun.reflect.GeneratedConstructorAccessor62
4414:             1             16  sun.reflect.GeneratedSerializationConstructorAccessor684
4415:             1             16  org.sonatype.aether.impl.internal.DefaultRemoteRepositoryManager$1
4416:             1             16  sun.reflect.GeneratedMethodAccessor1
4417:             1             16  org.kohsuke.stapler.CaptureParameterNameTransformation
4418:             1             16  com.thoughtworks.xstream.mapper.PackageAliasingMapper$1
4419:             1             16  org.apache.mina.core.session.AbstractIoSession$1
4420:             1             16  com.cloudbees.plugins.credentials.UserCredentialsProvider
4421:             1             16  sun.reflect.GeneratedSerializationConstructorAccessor71
4422:             1             16  sun.reflect.GeneratedSerializationConstructorAccessor2
4423:             1             16  sun.reflect.GeneratedMethodAccessor5
4424:             1             16  sun.reflect.GeneratedSerializationConstructorAccessor907
4425:             1             16  sun.reflect.GeneratedMethodAccessor35
4426:             1             16  sun.reflect.GeneratedSerializationConstructorAccessor366
4427:             1             16  javax.swing.JComponent$1
4428:             1             16  sun.reflect.GeneratedConstructorAccessor90
4429:             1             16  sun.reflect.GeneratedSerializationConstructorAccessor237
4430:             1             16  java.util.regex.Pattern$CharPropertyNames$5
4431:             1             16  sun.reflect.GeneratedConstructorAccessor23
4432:             1             16  sun.reflect.GeneratedSerializationConstructorAccessor931
4433:             1             16  sun.reflect.GeneratedSerializationConstructorAccessor188
4434:             1             16  com.thoughtworks.xstream.converters.extended.DynamicProxyConverter$1
4435:             1             16  java.util.Collections$EmptySet
4436:             1             16  sun.reflect.GeneratedSerializationConstructorAccessor57
4437:             1             16  sun.reflect.GeneratedSerializationConstructorAccessor107
4438:             1             16  jenkins.slaves.StandardOutputSwapper
4439:             1             16  org.codehaus.groovy.ast.builder.AstBuilderTransformation
4440:             1             16  com.sun.org.apache.xerces.internal.impl.dv.xs.ListDV
4441:             1             16  sun.reflect.GeneratedSerializationConstructorAccessor826
4442:             1             16  org.jenkinsci.plugins.envinject.migration.EnvInjectMigrationListener
4443:             1             16  sun.reflect.GeneratedSerializationConstructorAccessor145
4444:             1             16  sun.net.www.protocol.file.Handler
4445:             1             16  sun.reflect.GeneratedSerializationConstructorAccessor122
4446:             1             16  com.google.common.collect.Iterators$1
4447:             1             16  sun.reflect.GeneratedSerializationConstructorAccessor96
4448:             1             16  net.sf.json.processors.DefaultValueProcessorMatcher$DefaultDefaultValueProcessorMatcher
4449:             1             16  sun.reflect.GeneratedSerializationConstructorAccessor175
4450:             1             16  java.awt.Image$1
4451:             1             16  sun.reflect.GeneratedConstructorAccessor36
4452:             1             16  com.sun.org.apache.xerces.internal.impl.dv.dtd.NOTATIONDatatypeValidator
4453:             1             16  hudson.scm.NullChangeLogParser
4454:             1             16  sun.security.util.ByteArrayLexOrder
4455:             1             16  sun.reflect.GeneratedSerializationConstructorAccessor128
4456:             1             16  com.barchart.jenkins.cascade.MemberActionFactory
4457:             1             16  org.apache.sshd.common.compression.CompressionNone$Factory
4458:             1             16  java.util.jar.JavaUtilJarAccessImpl
4459:             1             16  hudson.security.HudsonPrivateSecurityRealm$3
4460:             1             16  sun.reflect.GeneratedSerializationConstructorAccessor76
4461:             1             16  org.kohsuke.stapler.jelly.groovy.GroovyFacet
4462:             1             16  sun.reflect.GeneratedSerializationConstructorAccessor151
4463:             1             16  hudson.model.EnvironmentContributor$EnvVarsHtml
4464:             1             16  com.sun.org.apache.xerces.internal.impl.dv.xs.UnionDV
4465:             1             16  sun.reflect.GeneratedSerializationConstructorAccessor201
4466:             1             16  hudson.model.Run$1
4467:             1             16  sun.reflect.GeneratedSerializationConstructorAccessor908
4468:             1             16  sun.reflect.GeneratedMethodAccessor14
4469:             1             16  hudson.os.PosixAPI$1
4470:             1             16  sun.reflect.GeneratedMethodAccessor34
4471:             1             16  sun.reflect.GeneratedSerializationConstructorAccessor367
4472:             1             16  sun.java2d.Disposer
4473:             1             16  sun.reflect.GeneratedSerializationConstructorAccessor238
4474:             1             16  sun.reflect.GeneratedSerializationConstructorAccessor932
4475:             1             16  sun.security.util.ByteArrayTagOrder
4476:             1             16  sun.reflect.GeneratedMethodAccessor8
4477:             1             16  com.sun.org.apache.xerces.internal.impl.dv.dtd.NMTOKENDatatypeValidator
4478:             1             16  sun.java2d.pipe.OutlineTextRenderer
4479:             1             16  sun.reflect.GeneratedSerializationConstructorAccessor155
4480:             1             16  sun.reflect.GeneratedSerializationConstructorAccessor43
4481:             1             16  hudson.model.MyViewsProperty$GlobalAction
4482:             1             16  sun.reflect.GeneratedSerializationConstructorAccessor524
4483:             1             16  sun.reflect.GeneratedSerializationConstructorAccessor108
4484:             1             16  sun.reflect.GeneratedSerializationConstructorAccessor87
4485:             1             16  sun.reflect.GeneratedConstructorAccessor92
4486:             1             16  sun.reflect.ReflectionFactory
4487:             1             16  org.slf4j.helpers.NOPLoggerFactory
4488:             1             16  hudson.plugins.global_build_stats.GlobalBuildStatsPlugin$GlobalBuildStatsItemListener
4489:             1             16  sun.reflect.GeneratedMethodAccessor24
4490:             1             16  hudson.security.csrf.CrumbFilter
4491:             1             16  com.google.inject.Scopes$1
4492:             1             16  org.apache.sshd.common.mac.HMACMD5$Factory
4493:             1             16  sun.reflect.GeneratedSerializationConstructorAccessor154
4494:             1             16  sun.reflect.GeneratedSerializationConstructorAccessor97
4495:             1             16  hudson.security.HudsonPrivateSecurityRealm$4
4496:             1             16  sun.reflect.GeneratedSerializationConstructorAccessor123
4497:             1             16  org.jvnet.hudson.plugins.shelveproject.ItemListenerImpl
4498:             1             16  org.apache.commons.collections.comparators.ComparableComparator
4499:             1             16  sun.text.normalizer.NormalizerImpl
4500:             1             16  com.google.common.collect.NaturalOrdering
4501:             1             16  org.bouncycastle.jcajce.provider.asymmetric.gost.KeyFactorySpi
4502:             1             16  com.google.common.collect.Iterators$2
4503:             1             16  hudson.security.WhoAmI
4504:             1             16  org.jvnet.tiger_types.Types$1
4505:             1             16  sun.reflect.GeneratedSerializationConstructorAccessor909
4506:             1             16  sun.reflect.GeneratedConstructorAccessor22
4507:             1             16  net.sf.json.processors.JsonBeanProcessorMatcher$DefaultJsonBeanProcessorMatcher
4508:             1             16  com.thoughtworks.xstream.converters.collections.TreeMapConverter$NullComparator
4509:             1             16  sun.reflect.GeneratedSerializationConstructorAccessor368
4510:             1             16  sun.reflect.GeneratedSerializationConstructorAccessor129
4511:             1             16  sun.reflect.GeneratedMethodAccessor49
4512:             1             16  com.google.inject.Scopes$2
4513:             1             16  sun.reflect.GeneratedSerializationConstructorAccessor933
4514:             1             16  org.apache.mina.util.DefaultExceptionMonitor
4515:             1             16  sun.reflect.GeneratedSerializationConstructorAccessor239
4516:             1             16  sun.reflect.GeneratedSerializationConstructorAccessor44
4517:             1             16  org.jvnet.localizer.LocaleProvider$1
4518:             1             16  com.sun.org.apache.xerces.internal.impl.xs.util.XIntPool
4519:             1             16  com.barchart.jenkins.cascade.PluginConfigurator
4520:             1             16  sun.reflect.GeneratedConstructorAccessor40
4521:             1             16  hudson.plugins.timestamper.TimestamperConfig$1
4522:             1             16  sun.nio.ch.EPollSelectorProvider
4523:             1             16  java.util.concurrent.ThreadPoolExecutor$CallerRunsPolicy
4524:             1             16  sun.reflect.GeneratedSerializationConstructorAccessor146
4525:             1             16  org.jenkinsci.plugins.scriptler.ScriptlerManagment
4526:             1             16  sun.reflect.GeneratedSerializationConstructorAccessor109
4527:             1             16  hudson.security.AuthorizationStrategy$Unsecured$1
4528:             1             16  sun.reflect.GeneratedMethodAccessor128
4529:             1             16  hudson.plugins.global_build_stats.GlobalBuildStatsPlugin$GlobalBuildStatsManagementLink
4530:             1             16  java.lang.ref.Reference$Lock
4531:             1             16  sun.reflect.GeneratedSerializationConstructorAccessor525
4532:             1             16  sun.reflect.GeneratedMethodAccessor25
4533:             1             16  sun.reflect.GeneratedConstructorAccessor10
4534:             1             16  sun.reflect.GeneratedMethodAccessor105
4535:             1             16  hudson.model.Run$DefaultFeedAdapter
4536:             1             16  hudson.diagnosis.OldDataMonitor$1
4537:             1             16  sun.reflect.GeneratedSerializationConstructorAccessor98
4538:             1             16  hudson.security.HudsonPrivateSecurityRealm$5
4539:             1             16  sun.reflect.GeneratedMethodAccessor121
4540:             1             16  sun.reflect.GeneratedSerializationConstructorAccessor135
4541:             1             16  org.apache.sshd.common.mac.HMACSHA1$Factory
4542:             1             16  org.jenkinsci.modules.slave_installer.impl.ComputerListenerImpl
4543:             1             16  sun.java2d.pipe.AlphaPaintPipe
4544:             1             16  sun.reflect.GeneratedSerializationConstructorAccessor910
4545:             1             16  hudson.plugins.global_build_stats.xstream.migration.v0.InitialMigrator
4546:             1             16  hudson.cli.declarative.CLIRegisterer
4547:             1             16  java.net.UnknownContentHandler
4548:             1             16  sun.reflect.GeneratedSerializationConstructorAccessor934
4549:             1             16  sun.reflect.GeneratedSerializationConstructorAccessor61
4550:             1             16  hudson.diagnosis.OldDataMonitor$2
4551:             1             16  sun.reflect.GeneratedSerializationConstructorAccessor45
4552:             1             16  com.sun.org.apache.xerces.internal.impl.dv.xs.AnySimpleDV
4553:             1             16  jenkins.model.lazy.AbstractLazyLoadRunMap$1
4554:             1             16  sun.reflect.GeneratedSerializationConstructorAccessor189
4555:             1             16  hudson.model.Queue$2
4556:             1             16  sun.reflect.GeneratedSerializationConstructorAccessor240
4557:             1             16  com.michelin.cio.hudson.plugins.rolestrategy.RoleStrategyConfig
4558:             1             16  net.sf.ezmorph.object.ClassMorpher
4559:             1             16  sun.reflect.GeneratedSerializationConstructorAccessor13
4560:             1             16  com.sun.org.apache.xerces.internal.impl.dv.xs.AnyAtomicDV
4561:             1             16  sun.reflect.GeneratedMethodAccessor129
4562:             1             16  hudson.BulkChange$1
4563:             1             16  net.sf.json.processors.JsonValueProcessorMatcher$DefaultJsonValueProcessorMatcher
4564:             1             16  sun.reflect.GeneratedSerializationConstructorAccessor147
4565:             1             16  sun.reflect.GeneratedSerializationConstructorAccessor22
4566:             1             16  sun.reflect.GeneratedSerializationConstructorAccessor58
4567:             1             16  org.jvnet.hudson.ProcMemInfo
4568:             1             16  org.apache.mina.core.write.DefaultWriteRequest$1
4569:             1             16  sun.reflect.GeneratedSerializationConstructorAccessor110
4570:             1             16  sun.reflect.GeneratedConstructorAccessor76
4571:             1             16  org.apache.sshd.common.mac.HMACMD596$Factory
4572:             1             16  sun.reflect.GeneratedSerializationConstructorAccessor88
4573:             1             16  hudson.model.Run$2
4574:             1             16  org.sonatype.aether.util.graph.manager.NoopDependencyManager
4575:             1             16  com.sun.org.apache.xerces.internal.impl.dv.xs.StringDV
4576:             1             16  org.apache.commons.jexl.util.introspection.ClassMap$MethodCache$CacheMiss
4577:             1             16  sun.reflect.GeneratedSerializationConstructorAccessor29
4578:             1             16  sun.reflect.GeneratedSerializationConstructorAccessor156
4579:             1             16  org.jvnet.tiger_types.Types$2
4580:             1             16  net.sf.json.AbstractJSON$1
4581:             1             16  sun.java2d.pipe.SolidTextRenderer
4582:             1             16  sun.reflect.GeneratedSerializationConstructorAccessor911
4583:             1             16  org.acegisecurity.providers.dao.cache.NullUserCache
4584:             1             16  java.util.Collections$ReverseComparator
4585:             1             16  sun.reflect.GeneratedMethodAccessor30
4586:             1             16  org.kohsuke.stapler.compression.CompressionFilter
4587:             1             16  sun.reflect.GeneratedSerializationConstructorAccessor935
4588:             1             16  hudson.util.VersionNumber$1
4589:             1             16  sun.reflect.GeneratedMethodAccessor130
4590:             1             16  sun.reflect.GeneratedSerializationConstructorAccessor190
4591:             1             16  org.apache.mina.core.session.DefaultIoSessionDataStructureFactory
4592:             1             16  sun.reflect.GeneratedConstructorAccessor64
4593:             1             16  hudson.model.DisplayNameListener
4594:             1             16  org.sonatype.guice.bean.inject.PropertyBinder$1
4595:             1             16  sun.reflect.GeneratedSerializationConstructorAccessor369
4596:             1             16  com.sun.org.apache.xerces.internal.impl.xs.util.XSObjectListImpl$1
4597:             1             16  hudson.tools.InstallerTranslator
4598:             1             16  sun.reflect.GeneratedConstructorAccessor65
4599:             1             16  com.google.inject.internal.cglib.core.$DefaultGeneratorStrategy
4600:             1             16  org.apache.sshd.common.mac.HMACSHA196$Factory
4601:             1             16  sun.reflect.GeneratedMethodAccessor107
4602:             1             16  com.sun.org.apache.xerces.internal.impl.dv.xs.XSSimpleTypeDecl$1
4603:             1             16  sun.reflect.GeneratedSerializationConstructorAccessor59
4604:             1             16  sun.reflect.GeneratedSerializationConstructorAccessor648
4605:             1             16  sun.reflect.GeneratedSerializationConstructorAccessor111
4606:             1             16  com.sun.org.apache.xerces.internal.impl.dv.xs.BooleanDV
4607:             1             16  sun.reflect.GeneratedConstructorAccessor77
4608:             1             16  sun.reflect.GeneratedSerializationConstructorAccessor23
4609:             1             16  net.sf.json.AbstractJSON$2
4610:             1             16  hudson.model.Queue$3
4611:             1             16  sun.reflect.GeneratedSerializationConstructorAccessor46
4612:             1             16  org.kohsuke.stapler.jelly.DefaultScriptInvoker
4613:             1             16  sun.reflect.GeneratedSerializationConstructorAccessor30
4614:             1             16  sun.reflect.GeneratedSerializationConstructorAccessor89
4615:             1             16  sun.java2d.pipe.AATextRenderer
4616:             1             16  sun.reflect.GeneratedSerializationConstructorAccessor670
4617:             1             16  sun.reflect.GeneratedSerializationConstructorAccessor912
4618:             1             16  sun.reflect.GeneratedSerializationConstructorAccessor124
4619:             1             16  com.barchart.jenkins.cascade.RunDecider
4620:             1             16  sun.reflect.GeneratedConstructorAccessor86
4621:             1             16  sun.reflect.GeneratedSerializationConstructorAccessor176
4622:             1             16  hudson.model.RunMap$2
4623:             1             16  hudson.diagnosis.OldDataMonitor$ManagementLinkImpl
4624:             1             16  org.apache.sshd.server.channel.ChannelSession$Factory
4625:             1             16  hudson.plugins.global_build_stats.xstream.migration.v1.V0ToV1Migrator
4626:             1             16  sun.reflect.GeneratedSerializationConstructorAccessor130
4627:             1             16  org.apache.sshd.server.kex.DHG14$Factory
4628:             1             16  net.sf.json.util.NewBeanInstanceStrategy$DefaultNewBeanInstanceStrategy
4629:             1             16  org.bouncycastle.jcajce.provider.asymmetric.ecgost.KeyFactorySpi
4630:             1             16  sun.reflect.GeneratedSerializationConstructorAccessor370
4631:             1             16  org.sonatype.aether.util.graph.transformer.NoopDependencyGraphTransformer
4632:             1             16  org.tmatesoft.svn.core.internal.io.svn.ISVNConnectorFactory$1
4633:             1             16  org.tmatesoft.svn.core.internal.wc.admin.SVNAdminArea14Factory
4634:             1             16  sun.java2d.pipe.LCDTextRenderer
4635:             1             16  com.sun.org.apache.xerces.internal.impl.dv.xs.DecimalDV
4636:             1             16  sun.reflect.GeneratedSerializationConstructorAccessor35
4637:             1             16  sun.reflect.GeneratedMethodAccessor15
4638:             1             16  sun.reflect.GeneratedSerializationConstructorAccessor136
4639:             1             16  sun.reflect.GeneratedSerializationConstructorAccessor24
4640:             1             16  au.com.centrumsystems.hudson.plugin.buildpipeline.trigger.BuildPipelineTrigger$DescriptorImpl$ItemListenerImpl
4641:             1             16  hudson.model.Queue$4
4642:             1             16  sun.misc.Unsafe
4643:             1             16  org.tmatesoft.svn.core.internal.wc.admin.SVNAdminArea16Factory
4644:             1             16  com.sun.org.apache.xerces.internal.impl.dv.xs.XSSimpleTypeDecl$4
4645:             1             16  sun.misc.Launcher$Factory
4646:             1             16  sun.reflect.GeneratedMethodAccessor3
4647:             1             16  org.jvnet.tiger_types.Types$3
4648:             1             16  sun.reflect.GeneratedSerializationConstructorAccessor1
4649:             1             16  sun.reflect.GeneratedSerializationConstructorAccessor31
4650:             1             16  java.io.DeleteOnExitHook$1
4651:             1             16  sun.reflect.GeneratedSerializationConstructorAccessor671
4652:             1             16  sun.reflect.GeneratedSerializationConstructorAccessor913
4653:             1             16  sun.reflect.GeneratedMethodAccessor62
4654:             1             16  org.sonatype.aether.util.DefaultRepositorySystemSession$NullMirrorSelector
4655:             1             16  hudson.plugins.mercurial.MercurialStatus
4656:             1             16  sun.reflect.GeneratedSerializationConstructorAccessor177
4657:             1             16  sun.reflect.GeneratedMethodAccessor22
4658:             1             16  hudson.security.GlobalSecurityConfiguration
4659:             1             16  sun.reflect.GeneratedSerializationConstructorAccessor167
4660:             1             16  java.net.InetAddress$1
4661:             1             16  sun.reflect.GeneratedSerializationConstructorAccessor161
4662:             1             16  com.sun.jna.Native$2
4663:             1             16  sun.reflect.GeneratedConstructorAccessor4
4664:             1             16  hudson.plugins.global_build_stats.xstream.migration.v2.V1ToV2Migrator
4665:             1             16  hudson.plugins.depgraph_view.DependencyGraphProjectActionFactory
4666:             1             16  sun.reflect.GeneratedMethodAccessor4
4667:             1             16  sun.reflect.GeneratedSerializationConstructorAccessor90
4668:             1             16  sun.reflect.GeneratedSerializationConstructorAccessor371
4669:             1             16  org.kohsuke.stapler.lang.KlassNavigator$1
4670:             1             16  com.sun.org.apache.xerces.internal.impl.dv.xs.FloatDV
4671:             1             16  org.jvnet.hudson.plugins.shelveproject.ShelvedProjectsAction
4672:             1             16  hudson.model.queue.LoadPredictor$CurrentlyRunningTasks
4673:             1             16  com.sun.jna.Native$1
4674:             1             16  sun.reflect.GeneratedSerializationConstructorAccessor18
4675:             1             16  org.tmatesoft.svn.core.internal.wc.admin.SVNAdminArea15Factory
4676:             1             16  hudson.model.WorkspaceCleanupThread$DirectoryFilter
4677:             1             16  sun.reflect.GeneratedSerializationConstructorAccessor47
4678:             1             16  net.sf.json.util.PropertyExclusionClassMatcher$DefaultPropertyExclusionClassMatcher
4679:             1             16  org.sonatype.aether.util.DefaultRepositorySystemSession$NullProxySelector
4680:             1             16  java.util.Hashtable$EmptyEnumerator
4681:             1             16  org.springframework.util.ReflectionUtils$3
4682:             1             16  hudson.security.ACL$1
4683:             1             16  sun.reflect.GeneratedSerializationConstructorAccessor25
4684:             1             16  sun.reflect.GeneratedSerializationConstructorAccessor32
4685:             1             16  hudson.FileSystemProvisioner$Default
4686:             1             16  sun.reflect.GeneratedSerializationConstructorAccessor191
4687:             1             16  hudson.model.UpdateCenter$UpdateCenterConfiguration
4688:             1             16  com.sun.jna.Native$8
4689:             1             16  java.awt.Component$AWTTreeLock
4690:             1             16  sun.reflect.GeneratedSerializationConstructorAccessor914
4691:             1             16  hudson.model.Saveable$1
4692:             1             16  sun.reflect.GeneratedSerializationConstructorAccessor198
4693:             1             16  sun.reflect.GeneratedSerializationConstructorAccessor138
4694:             1             16  org.jenkinsci.plugins.mavenrepocleaner.MavenRepoCleanerThread$DirectoryFilter
4695:             1             16  sun.reflect.GeneratedSerializationConstructorAccessor672
4696:             1             16  org.apache.tools.ant.PropertyHelper$2
4697:             1             16  sun.reflect.GeneratedConstructorAccessor31
4698:             1             16  org.jruby.ext.posix.POSIXTypeMapper
4699:             1             16  org.tmatesoft.svn.core.internal.io.dav.http.IHTTPConnectionFactory$1
4700:             1             16  sun.reflect.GeneratedSerializationConstructorAccessor178
4701:             1             16  sun.java2d.pipe.AlphaColorPipe
4702:             1             16  sun.reflect.GeneratedSerializationConstructorAccessor168
4703:             1             16  org.apache.sshd.server.channel.ChannelDirectTcpip$Factory
4704:             1             16  org.sonatype.aether.util.DefaultRepositorySystemSession$NullAuthenticationSelector
4705:             1             16  sun.reflect.GeneratedSerializationConstructorAccessor27
4706:             1             16  org.acegisecurity.concurrent.NullConcurrentSessionController
4707:             1             16  sun.reflect.GeneratedConstructorAccessor48
4708:             1             16  hudson.security.GlobalSecurityConfiguration$1
4709:             1             16  sun.reflect.GeneratedSerializationConstructorAccessor131
4710:             1             16  sun.reflect.GeneratedMethodAccessor67
4711:             1             16  com.sun.org.apache.xerces.internal.impl.dv.xs.DoubleDV
4712:             1             16  hudson.security.csrf.CrumbIssuer$1
4713:             1             16  hudson.plugins.global_build_stats.xstream.migration.v3.V2ToV3Migrator
4714:             1             16  com.cloudbees.jenkins.plugins.sshcredentials.impl.JSchSSHPasswordAuthenticator$Factory
4715:             1             16  sun.reflect.GeneratedSerializationConstructorAccessor36
4716:             1             16  sun.misc.ASCIICaseInsensitiveComparator
4717:             1             16  sun.java2d.pipe.GeneralCompositePipe
4718:             1             16  org.owasp.html.AttributePolicy$1
4719:             1             16  sun.reflect.GeneratedSerializationConstructorAccessor60
4720:             1             16  sun.reflect.GeneratedSerializationConstructorAccessor91
4721:             1             16  sun.reflect.GeneratedMethodAccessor21
4722:             1             16  org.jvnet.hudson.reactor.Executable$1
4723:             1             16  org.apache.tools.ant.PropertyHelper$3
4724:             1             16  sun.reflect.GeneratedSerializationConstructorAccessor48
4725:             1             16  org.codehaus.groovy.vmplugin.v6.Java6
4726:             1             16  hudson.maven.reporters.MavenAbstractArtifactRecord$2
4727:             1             16  sun.text.normalizer.NormalizerImpl$FCDTrieImpl
4728:             1             16  sun.reflect.GeneratedSerializationConstructorAccessor33
4729:             1             16  jenkins.management.SystemLogLink
4730:             1             16  org.kohsuke.stapler.AnnotationHandler$1
4731:             1             16  sun.reflect.GeneratedSerializationConstructorAccessor915
4732:             1             16  java.util.Hashtable$EmptyIterator
4733:             1             16  net.sf.json.JSONNull
4734:             1             16  hudson.maven.MavenComputerListener
4735:             1             16  org.apache.sshd.server.kex.DHG1$Factory
4736:             1             16  sun.reflect.GeneratedSerializationConstructorAccessor139
4737:             1             16  sun.reflect.generics.tree.BottomSignature
4738:             1             16  org.sonatype.aether.util.DefaultRepositorySystemSession$NullArtifactTypeRegistry
4739:             1             16  net.sf.json.processors.PropertyNameProcessorMatcher$DefaultPropertyNameProcessorMatcher
4740:             1             16  jenkins.management.CliLink
4741:             1             16  sun.reflect.GeneratedConstructorAccessor53
4742:             1             16  sun.reflect.GeneratedSerializationConstructorAccessor372
4743:             1             16  org.apache.sshd.common.signature.SignatureDSA$Factory
4744:             1             16  sun.reflect.GeneratedSerializationConstructorAccessor193
4745:             1             16  org.owasp.html.AttributePolicy$2
4746:             1             16  org.codehaus.groovy.antlr.AntlrParserPluginFactory
4747:             1             16  sun.reflect.GeneratedMethodAccessor68
4748:             1             16  sun.reflect.GeneratedSerializationConstructorAccessor195
4749:             1             16  sun.reflect.GeneratedSerializationConstructorAccessor673
4750:             1             16  sun.reflect.GeneratedSerializationConstructorAccessor830
4751:             1             16  sun.text.normalizer.NormalizerImpl$NormTrieImpl
4752:             1             16  javax.xml.transform.SecuritySupport
4753:             1             16  sun.java2d.pipe.ValidatePipe
4754:             1             16  org.apache.tools.ant.util.SymbolicLinkUtils
4755:             1             16  sun.reflect.GeneratedSerializationConstructorAccessor157
4756:             1             16  sun.reflect.GeneratedSerializationConstructorAccessor132
4757:             1             16  sun.reflect.GeneratedMethodAccessor63
4758:             1             16  sun.reflect.GeneratedSerializationConstructorAccessor99
4759:             1             16  com.barchart.jenkins.cascade.ProjectListener
4760:             1             16  sun.reflect.GeneratedConstructorAccessor56
4761:             1             16  org.tmatesoft.svn.core.internal.wc.admin.SVNXMLAdminAreaFactory
4762:             1             16  hudson.plugins.copyartifact.FilePathCopyMethod
4763:             1             16  hudson.plugins.global_build_stats.xstream.migration.v4.V3ToV4Migrator
4764:             1             16  org.apache.commons.io.output.NullOutputStream
4765:             1             16  sun.reflect.GeneratedConstructorAccessor24
4766:             1             16  hudson.model.LoadBalancer$1
4767:             1             16  hudson.FilePath$38
4768:             1             16  com.sonyericsson.rebuild.RebuildProjectActionFactory
4769:             1             16  sun.reflect.GeneratedSerializationConstructorAccessor916
4770:             1             16  com.google.common.collect.EmptyImmutableList$1
4771:             1             16  hudson.model.PermalinkProjectAction$Permalink$1
4772:             1             16  sun.text.normalizer.NormalizerImpl$AuxTrieImpl
4773:             1             16  sun.reflect.GeneratedConstructorAccessor1
4774:             1             16  sun.reflect.GeneratedMethodAccessor69
4775:             1             16  sun.util.resources.LocaleData$LocaleDataResourceBundleControl
4776:             1             16  sun.reflect.GeneratedConstructorAccessor54
4777:             1             16  sun.reflect.GeneratedSerializationConstructorAccessor49
4778:             1             16  java.io.Console$1
4779:             1             16  sun.reflect.GeneratedSerializationConstructorAccessor125
4780:             1             16  com.google.inject.util.Modules$1
4781:             1             16  java.awt.Component$1
4782:             1             16  sun.reflect.GeneratedSerializationConstructorAccessor674
4783:             1             16  org.kohsuke.stapler.jelly.groovy.JellyBuilder$2
4784:             1             16  org.apache.commons.jelly.TagLibrary$1
4785:             1             16  org.apache.commons.jexl.ExpressionFactory
4786:             1             16  winstone.jndi.WinstoneNameParser
4787:             1             16  hudson.model.Job$4
4788:             1             16  sun.reflect.GeneratedSerializationConstructorAccessor196
4789:             1             16  org.apache.sshd.common.signature.SignatureRSA$Factory
4790:             1             16  org.kohsuke.stapler.AnnotationHandler$2
4791:             1             16  sun.reflect.GeneratedSerializationConstructorAccessor72
4792:             1             16  sun.reflect.GeneratedMethodAccessor64
4793:             1             16  sun.reflect.GeneratedSerializationConstructorAccessor133
4794:             1             16  sun.reflect.GeneratedSerializationConstructorAccessor92
4795:             1             16  net.sf.json.util.CycleDetectionStrategy$LenientCycleDetectionStrategy
4796:             1             16  hudson.plugins.global_build_stats.xstream.migration.v5.V4ToV5Migrator
4797:             1             16  org.dom4j.tree.NamespaceCache
4798:             1             16  sun.reflect.GeneratedSerializationConstructorAccessor100
4799:             1             16  sun.reflect.GeneratedSerializationConstructorAccessor917
4800:             1             16  hudson.scm.SubversionWorkspaceSelector
4801:             1             16  com.google.inject.internal.State$1
4802:             1             16  sun.reflect.GeneratedConstructorAccessor67
4803:             1             16  org.jenkinsci.plugins.envinject.EnvInjectComputerListener
4804:             1             16  sun.reflect.GeneratedSerializationConstructorAccessor34
4805:             1             16  sun.reflect.GeneratedSerializationConstructorAccessor202
4806:             1             16  jenkins.management.ReloadLink
4807:             1             16  org.apache.sshd.common.random.BouncyCastleRandom$Factory
4808:             1             16  sun.reflect.GeneratedSerializationConstructorAccessor158
4809:             1             16  org.tmatesoft.svn.core.internal.io.svn.SVNRepositoryFactoryImpl
4810:             1             16  org.codehaus.groovy.reflection.CachedMethod$MyComparator
4811:             1             16  sun.reflect.GeneratedMethodAccessor65
4812:             1             16  sun.awt.DebugHelperStub
4813:             1             16  net.sf.json.util.CycleDetectionStrategy$LenientNoRefCycleDetectionStrategy
4814:             1             16  sun.reflect.GeneratedMethodAccessor95
4815:             1             16  sun.reflect.GeneratedSerializationConstructorAccessor82
4816:             1             16  com.cloudbees.plugins.credentials.SystemCredentialsProvider$ProviderImpl
4817:             1             16  sun.reflect.GeneratedSerializationConstructorAccessor675
4818:             1             16  org.bouncycastle.jcajce.provider.asymmetric.dsa.KeyFactorySpi
4819:             1             16  sun.reflect.GeneratedConstructorAccessor57
4820:             1             16  com.google.inject.internal.Scoping$1
4821:             1             16  jenkins.management.ConfigureLink
4822:             1             16  org.kohsuke.stapler.AnnotationHandler$3
4823:             1             16  hudson.markup.MyspacePolicy$1
4824:             1             16  sun.reflect.GeneratedSerializationConstructorAccessor101
4825:             1             16  sun.reflect.GeneratedSerializationConstructorAccessor918
4826:             1             16  sun.reflect.GeneratedSerializationConstructorAccessor78
4827:             1             16  sun.reflect.GeneratedSerializationConstructorAccessor162
4828:             1             16  sun.reflect.GeneratedSerializationConstructorAccessor140
4829:             1             16  com.google.common.collect.MapMakerInternalMap$1
4830:             1             16  sun.reflect.GeneratedSerializationConstructorAccessor112
4831:             1             16  jenkins.plugins.publish_over.options.GlobalDefaults
4832:             1             16  hudson.maven.Maven3ProcessFactory$1
4833:             1             16  java.lang.ApplicationShutdownHooks$1
4834:             1             16  hudson.plugins.global_build_stats.xstream.migration.v6.V5ToV6Migrator
4835:             1             16  hudson.ExtensionList$Lock
4836:             1             16  sun.reflect.GeneratedSerializationConstructorAccessor194
4837:             1             16  com.thoughtworks.xstream.converters.extended.StackTraceElementFactory
4838:             1             16  sun.reflect.GeneratedSerializationConstructorAccessor169
4839:             1             16  sun.reflect.GeneratedSerializationConstructorAccessor93
4840:             1             16  net.sf.json.util.CycleDetectionStrategy$StrictCycleDetectionStrategy
4841:             1             16  groovy.lang.MetaClassImpl$15
4842:             1             16  jenkins.management.ShutdownLink
4843:             1             16  hudson.slaves.ConnectionActivityMonitor$PingCommand
4844:             1             16  com.sun.org.apache.xerces.internal.impl.xs.models.XSEmptyCM
4845:             1             16  sun.reflect.GeneratedSerializationConstructorAccessor179
4846:             1             16  hudson.model.AbstractProject$3
4847:             1             16  sun.reflect.GeneratedSerializationConstructorAccessor134
4848:             1             16  sun.reflect.GeneratedSerializationConstructorAccessor833
4849:             1             16  hudson.util.ConsistentHash$1
4850:             1             16  com.google.inject.internal.Scoping$2
4851:             1             16  sun.reflect.GeneratedSerializationConstructorAccessor50
4852:             1             16  org.codehaus.groovy.reflection.CachedClass$CachedMethodComparatorByName
4853:             1             16  sun.reflect.GeneratedSerializationConstructorAccessor81
4854:             1             16  hudson.util.Secret$1
4855:             1             16  sun.reflect.GeneratedConstructorAccessor58
4856:             1             16  join.JoinTrigger$DescriptorImpl$ItemListenerImpl
4857:             1             16  com.google.common.base.Ticker$1
4858:             1             16  sun.reflect.GeneratedSerializationConstructorAccessor676
4859:             1             16  sun.reflect.GeneratedSerializationConstructorAccessor62
4860:             1             16  hudson.scheduler.Hash$2
4861:             1             16  hudson.plugins.copyartifact.CopyArtifact$ListenerImpl
4862:             1             16  org.owasp.html.ElementPolicy$1
4863:             1             16  com.google.common.collect.MapMakerInternalMap$2
4864:             1             16  sun.reflect.GeneratedSerializationConstructorAccessor14
4865:             1             16  groovy.lang.MetaClassImpl$16
4866:             1             16  sun.reflect.GeneratedSerializationConstructorAccessor919
4867:             1             16  sun.reflect.GeneratedMethodAccessor23
4868:             1             16  sun.reflect.GeneratedSerializationConstructorAccessor113
4869:             1             16  sun.reflect.GeneratedConstructorAccessor68
4870:             1             16  sun.security.provider.certpath.AlgorithmChecker
4871:             1             16  sun.reflect.GeneratedSerializationConstructorAccessor152
4872:             1             16  com.barchart.jenkins.cascade.PluginUtilities$1
4873:             1             16  hudson.model.PermalinkProjectAction$Permalink$2
4874:             1             16  com.google.inject.internal.Scoping$3
4875:             1             16  sun.java2d.pipe.NullPipe
4876:             1             16  configurationslicing.ConfigurationSlicing
4877:             1             16  hudson.plugins.sshslaves.SSHLauncher$DefaultJavaProvider
4878:             1             16  sun.reflect.GeneratedSerializationConstructorAccessor834
4879:             1             16  org.owasp.html.ElementPolicy$2
4880:             1             16  sun.reflect.GeneratedSerializationConstructorAccessor182
4881:             1             16  sun.reflect.GeneratedSerializationConstructorAccessor203
4882:             1             16  com.cloudbees.jenkins.plugins.sshcredentials.impl.TrileadSSHPasswordAuthenticator$Factory
4883:             1             16  sun.reflect.GeneratedSerializationConstructorAccessor180
4884:             1             16  sun.reflect.GeneratedSerializationConstructorAccessor83
4885:             1             16  hudson.plugins.global_build_stats.xstream.migration.v7.V6ToV7Migrator
4886:             1             16  sun.reflect.GeneratedSerializationConstructorAccessor170
4887:             1             16  hudson.model.Node$InternalComputerListener
4888:             1             16  sun.security.rsa.RSAKeyFactory
4889:             1             16  sun.reflect.GeneratedSerializationConstructorAccessor102
4890:             1             16  com.barchart.jenkins.cascade.PluginUtilities$2
4891:             1             16  java.io.Console$2
4892:             1             16  hudson.plugins.git.GitStatus
4893:             1             16  org.kohsuke.stapler.bind.BoundObjectTable
4894:             1             16  sun.reflect.GeneratedMethodAccessor115
4895:             1             16  jenkins.plugins.publish_over_ssh.options.SshPluginDefaultsHandler
4896:             1             16  sun.reflect.GeneratedSerializationConstructorAccessor79
4897:             1             16  com.google.inject.internal.cglib.core.$MethodInfoTransformer
4898:             1             16  sun.reflect.GeneratedSerializationConstructorAccessor63
4899:             1             16  sun.reflect.GeneratedConstructorAccessor9
4900:             1             16  sun.reflect.GeneratedSerializationConstructorAccessor920
4901:             1             16  com.tikal.jenkins.plugins.multijob.Plugin$RenameListener
4902:             1             16  hudson.model.PermalinkProjectAction$Permalink$3
4903:             1             16  sun.reflect.GeneratedSerializationConstructorAccessor51
4904:             1             16  sun.reflect.GeneratedConstructorAccessor55
4905:             1             16  com.google.inject.internal.Scoping$4
4906:             1             16  hudson.security.HudsonPrivateSecurityRealm$ManageUserLinks
4907:             1             16  sun.reflect.GeneratedSerializationConstructorAccessor37
4908:             1             16  sun.reflect.GeneratedConstructorAccessor41
4909:             1             16  jenkins.management.PluginsLink
4910:             1             16  sun.reflect.GeneratedSerializationConstructorAccessor114
4911:             1             16  sun.reflect.GeneratedMethodAccessor31
4912:             1             16  com.google.common.collect.EmptyImmutableMap
4913:             1             16  sun.reflect.GeneratedMethodAccessor33
4914:             1             16  hudson.model.Result$1
4915:             1             16  sun.net.www.protocol.jar.JarFileFactory
4916:             1             16  sun.java2d.pipe.DrawImage
4917:             1             16  sun.reflect.GeneratedSerializationConstructorAccessor15
4918:             1             16  sun.reflect.GeneratedSerializationConstructorAccessor171
4919:             1             16  sun.reflect.GeneratedSerializationConstructorAccessor103
4920:             1             16  sun.reflect.GeneratedSerializationConstructorAccessor84
4921:             1             16  java.lang.String$CaseInsensitiveComparator
4922:             1             16  org.jenkinsci.plugins.database.DatabaseConsole$Factory
4923:             1             16  sun.reflect.GeneratedConstructorAccessor59
4924:             1             16  org.bouncycastle.jcajce.provider.asymmetric.rsa.KeyFactorySpi
4925:             1             16  sun.reflect.GeneratedSerializationConstructorAccessor200
4926:             1             16  sun.reflect.GeneratedMethodAccessor41
4927:             1             16  sun.reflect.GeneratedSerializationConstructorAccessor69
4928:             1             16  sun.reflect.GeneratedSerializationConstructorAccessor20
4929:             1             16  sun.reflect.GeneratedMethodAccessor111
4930:             1             16  hudson.model.PermalinkProjectAction$Permalink$4
4931:             1             16  sun.reflect.GeneratedSerializationConstructorAccessor921
4932:             1             16  com.barchart.jenkins.cascade.GraphProjectActionFatory
4933:             1             16  sun.reflect.GeneratedSerializationConstructorAccessor80
4934:             1             16  java.lang.reflect.ReflectAccess
4935:             1             16  hudson.model.Result$2
4936:             1             16  sun.reflect.GeneratedConstructorAccessor37
4937:             1             16  sun.reflect.GeneratedSerializationConstructorAccessor117
4938:             1             16  sun.reflect.GeneratedSerializationConstructorAccessor197
4939:             1             16  org.kohsuke.stapler.jelly.ResourceBundleFactory
4940:             1             16  sun.reflect.GeneratedSerializationConstructorAccessor38
4941:             1             16  sun.reflect.GeneratedSerializationConstructorAccessor199
4942:             1             16  sun.reflect.GeneratedSerializationConstructorAccessor183
4943:             1             16  sun.nio.ch.FileDispatcher
4944:             1             16  sun.reflect.GeneratedSerializationConstructorAccessor77
4945:             1             16  sun.reflect.GeneratedSerializationConstructorAccessor115
4946:             1             16  org.apache.sshd.server.auth.UserAuthPublicKey$Factory
4947:             1             16  javaposse.jobdsl.plugin.MonitorTemplateJobs
4948:             1             16  sun.reflect.GeneratedMethodAccessor96
4949:             1             16  sun.reflect.GeneratedSerializationConstructorAccessor74
4950:             1             16  org.kohsuke.stapler.jelly.ThisTagLibrary$2
4951:             1             16  hudson.model.Fingerprint$ProjectRenameListener
4952:             1             16  hudson.model.User$FullNameIdResolver
4953:             1             16  hudson.model.PermalinkProjectAction$Permalink$5
4954:             1             16  sun.reflect.GeneratedSerializationConstructorAccessor104
4955:             1             16  org.kohsuke.stapler.Stapler$4
4956:             1             16  sun.reflect.GeneratedSerializationConstructorAccessor94
4957:             1             16  sun.reflect.GeneratedSerializationConstructorAccessor52
4958:             1             16  sun.reflect.GeneratedMethodAccessor16
4959:             1             16  sun.net.DefaultProgressMeteringPolicy
4960:             1             16  sun.reflect.GeneratedMethodAccessor90
4961:             1             16  sun.reflect.GeneratedSerializationConstructorAccessor922
4962:             1             16  sun.reflect.GeneratedMethodAccessor122
4963:             1             16  hudson.plugins.global_build_stats.xstream.migration.v8.V7ToV8Migrator
4964:             1             16  org.sonatype.aether.spi.log.NullLogger
4965:             1             16  sun.reflect.GeneratedConstructorAccessor69
4966:             1             16  jenkins.model.DefaultUserCanonicalIdResolver
4967:             1             16  sun.reflect.GeneratedMethodAccessor50
4968:             1             16  hudson.plugins.copyProjectLink.CopyProjectActionFactory
4969:             1             16  org.kohsuke.stapler.CrumbIssuer$1
4970:             1             16  hudson.scm.SCMRevisionState$None
4971:             1             16  sun.reflect.GeneratedMethodAccessor32
4972:             1             16  javax.xml.parsers.SecuritySupport
4973:             1             16  sun.reflect.GeneratedConstructorAccessor30
4974:             1             16  sun.reflect.GeneratedConstructorAccessor20
4975:             1             16  jenkins.model.Jenkins$5
Total       2227484      231325472
