
 num     #instances         #bytes  class name
----------------------------------------------
   1:         25471     1700644248  [B
   2:       1013378      110052048  [C
   3:       1007784       32249088  java.lang.StackTraceElement
   4:       1010930       24262320  java.lang.String
   5:        352443       23454952  [Ljava.lang.Object;
   6:         94702       14642184  [S
   7:        339500       10864000  java.util.HashMap$Node
   8:         69067        8257336  [I
   9:         85378        7513264  java.lang.reflect.Method
  10:        232191        7430112  java.util.concurrent.ConcurrentHashMap$Node
  11:          1174        6762624  [F
  12:         61091        6466632  [Ljava.util.HashMap$Node;
  13:         46426        4827056  [Ljava.lang.StackTraceElement;
  14:        165711        3977064  java.util.ArrayList
  15:         34195        3764136  java.lang.Class
  16:        194592        3113472  java.lang.Object
  17:         55063        2643024  java.util.HashMap
  18:         82404        2636928  java.lang.ref.WeakReference
  19:         45304        2537024  org.codehaus.groovy.runtime.metaclass.MetaMethodIndex$Entry
  20:         31731        2284632  com.cloudbees.workflow.rest.external.AtomFlowNodeExt
  21:         87904        2109696  java.util.concurrent.atomic.AtomicLong
  22:         62319        1994208  java.util.Hashtable$Entry
  23:         49561        1982440  com.google.common.cache.LocalCache$WeakEntry
  24:          1055        1825184  [Ljava.util.concurrent.ConcurrentHashMap$Node;
  25:         41732        1669280  java.util.LinkedHashMap$Entry
  26:         40393        1615720  java.lang.ref.SoftReference
  27:         33580        1611840  com.google.common.cache.LocalCache$SoftValueReference
  28:         97574        1561184  com.cloudbees.workflow.rest.hal.Link
  29:         23265        1488960  java.net.URL
  30:         42664        1365248  java.util.concurrent.locks.ReentrantLock$NonfairSync
  31:         85219        1363504  com.cloudbees.groovy.cps.impl.ConstantBlock
  32:         28618        1327128  [Ljava.lang.String;
  33:         40602        1299264  com.google.common.cache.LocalCache$StrongEntry
  34:         17915        1289880  java.lang.reflect.Field
  35:         59443        1258888  [Ljava.lang.Class;
  36:         14742        1179360  java.lang.reflect.Constructor
  37:         20348        1139488  java.util.LinkedHashMap
  38:         28101        1124040  com.cloudbees.groovy.cps.impl.FunctionCallBlock
  39:         27615        1104600  java.util.TreeMap$Entry
  40:         11161        1095120  [Ljava.util.WeakHashMap$Entry;
  41:         19199        1075144  org.codehaus.groovy.ast.expr.ConstantExpression
  42:         44270        1062480  com.cloudbees.groovy.cps.impl.SourceLocation
  43:         11684         934720  com.google.common.cache.LocalCache$Segment
  44:         16301         912856  org.h2.mvstore.cache.CacheLongKeyLIRS$Entry
  45:         56967         911472  com.google.common.cache.LocalCache$StrongValueReference
  46:         36436         875248  [Lcom.cloudbees.groovy.cps.Block;
  47:          5975         842912  [Ljava.util.Hashtable$Entry;
  48:         33935         814440  com.cloudbees.workflow.rest.external.FlowNodeExt$FlowNodeLinks
  49:          3341         811632  [Z
  50:         20290         811600  java.util.WeakHashMap$Entry
  51:         16419         788112  org.jenkinsci.plugins.workflow.cps.nodes.StepAtomNode
  52:         13696         766976  java.beans.MethodDescriptor
  53:         22858         731456  java.lang.ref.ReferenceQueue
  54:         14998         719904  hudson.remoting.ExportTable$Entry
  55:         17996         719840  java.security.ProtectionDomain
  56:          9787         704664  org.codehaus.groovy.ast.expr.MethodCallExpression
  57:         16992         679680  hudson.remoting.Command$Source
  58:         28156         675744  java.util.concurrent.CopyOnWriteArrayList
  59:         26714         641136  org.codehaus.groovy.util.FastArray
  60:         26040         624960  java.beans.MethodRef
  61:           282         624280  [Ljava.nio.ByteBuffer;
  62:         25139         603336  org.jenkinsci.plugins.workflow.actions.TimingAction
  63:         14998         599920  hudson.remoting.ExportTable$CreatedAt
  64:         14605         584200  com.google.common.cache.AbstractCache$SimpleStatsCounter
  65:         18007         576224  java.security.CodeSource
  66:         14336         573440  hudson.remoting.ExportTable$ReleasedAt
  67:          9988         559328  org.codehaus.groovy.ast.expr.TupleExpression
  68:         11222         538656  org.codehaus.groovy.antlr.GroovySourceAST
  69:             2         524320  [Lorg.h2.mvstore.MVMap;
  70:         10600         508800  java.util.WeakHashMap
  71:         21019         504456  com.google.common.collect.SingletonImmutableList
  72:          7770         497280  org.codehaus.groovy.reflection.CachedMethod
  73:         30982         495712  java.util.concurrent.locks.ReentrantLock
  74:          3258         487200  [Lorg.codehaus.groovy.util.ComplexKeyHashMap$Entry;
  75:         18843         456992  [Lorg.apache.commons.jexl.parser.Node;
  76:          3074         442656  org.codehaus.groovy.ast.ClassNode
  77:          6098         439056  java.beans.PropertyDescriptor
  78:         13352         427264  org.codehaus.groovy.util.SingleKeyHashMap$Entry
  79:         10217         408680  org.kohsuke.stapler.MetaClass$2
  80:         16815         403560  hudson.remoting.ProxyOutputStream$Unexport
  81:         16164         387936  org.jenkinsci.plugins.workflow.cps.actions.ArgumentsActionImpl
  82:         11701         374432  java.util.Vector
  83:          2921         373888  com.google.common.cache.LocalCache
  84:         15339         368136  java.util.LinkedList$Node
  85:         22861         365776  java.lang.ref.ReferenceQueue$Lock
  86:         14752         354048  com.cloudbees.groovy.cps.impl.LocalVariableBlock
  87:         21667         346672  java.util.HashMap$EntrySet
  88:         10133         324256  com.cloudbees.groovy.cps.impl.PropertyAccessBlock
  89:           202         314912  [Lorg.codehaus.groovy.runtime.metaclass.MetaMethodIndex$Entry;
  90:         18509         296144  org.jenkinsci.plugins.workflow.support.actions.LogStorageAction
  91:         17996         287936  [Ljava.security.Principal;
  92:         17996         287936  java.security.ProtectionDomain$Key
  93:         11880         285120  com.cloudbees.groovy.cps.impl.SequenceBlock
  94:           485         283232  [J
  95:          5837         280176  java.util.TreeMap
  96:          8703         278496  org.apache.commons.jexl.parser.ASTIdentifier
  97:          5759         276432  java.util.Hashtable
  98:          5338         256224  org.codehaus.groovy.util.ReferenceType$SoftRef
  99:         10359         248616  sun.reflect.generics.tree.SimpleClassTypeSignature
 100:         10276         246624  org.kohsuke.stapler.Function$InstanceFunction
 101:          7475         239200  org.h2.value.ValueArray
 102:         14261         228176  java.util.concurrent.atomic.AtomicInteger
 103:          9472         227328  java.util.jar.Attributes$Name
 104:          7475         224912  [Lorg.h2.value.Value;
 105:          6945         222240  org.apache.commons.jelly.impl.ExpressionAttribute
 106:          3074         221328  sun.reflect.DelegatingClassLoader
 107:          1159         217496  [Ljava.beans.MethodDescriptor;
 108:          4427         212496  org.jenkinsci.plugins.workflow.cps.nodes.StepStartNode
 109:          1559         211952  [Lorg.h2.mvstore.Page$PageReference;
 110:          3274         209536  java.util.concurrent.ConcurrentHashMap
 111:         10359         207320  [Lsun.reflect.generics.tree.TypeArgument;
 112:          4254         204192  org.jenkinsci.plugins.workflow.cps.nodes.StepEndNode
 113:          8242         197808  io.jenkins.blueocean.service.embedded.BlueOceanUrlObjectImpl
 114:          5857         187424  java.util.Collections$SynchronizedMap
 115:         11693         187088  java.util.concurrent.atomic.AtomicReferenceArray
 116:          4658         186320  net.java.sezpoz.IndexItem
 117:         11552         184832  com.cloudbees.groovy.cps.impl.BlockScopedBlock
 118:          5759         184288  java.util.concurrent.FutureTask
 119:          7509         180216  org.jenkinsci.plugins.pipeline.modeldefinition.ast.ModelASTKey
 120:          5544         177408  org.apache.commons.jexl.parser.ASTReference
 121:          3099         173544  java.lang.invoke.MemberName
 122:          1776         170496  hudson.model.UpdateSite$Plugin
 123:         10651         170416  java.lang.Integer
 124:          6860         164640  sun.reflect.annotation.AnnotationInvocationHandler
 125:          2204         158688  com.cloudbees.workflow.rest.external.StageNodeExt
 126:          4893         156576  com.thoughtworks.xstream.converters.reflection.FieldKey
 127:          4862         155584  org.codehaus.groovy.util.ReferenceType$WeakRef
 128:          6473         155352  org.jenkinsci.plugins.pipeline.modeldefinition.ast.ModelASTValue$ConstantValue
 129:          9489         151824  sun.reflect.generics.tree.ClassTypeSignature
 130:          4658         149056  net.java.sezpoz.impl.SerAnnotatedElement
 131:          6201         148824  java.util.Collections$SingletonList
 132:          3664         146560  sun.reflect.generics.repository.MethodRepository
 133:          5917         142008  java.util.concurrent.Executors$RunnableAdapter
 134:          5768         138432  java.util.concurrent.LinkedBlockingQueue$Node
 135:          5678         136272  hudson.remoting.PipeWriter$1
 136:          6945         134312  [Ljava.lang.reflect.Type;
 137:          4191         134112  org.apache.commons.jexl.ExpressionImpl
 138:          4191         134112  org.apache.commons.jexl.parser.ASTJexlScript
 139:          5505         132120  org.xml.sax.helpers.AttributesImpl
 140:          8241         131856  io.jenkins.blueocean.service.embedded.BlueOceanUrlAction
 141:          8223         131568  com.cloudbees.workflow.rest.endpoints.FlowNodeAPI
 142:             4         131136  [Ljava.util.concurrent.ForkJoinTask;
 143:          4096         131072  org.eclipse.jetty.servlet.ServletHandler$CachedChain
 144:          5338         128112  org.codehaus.groovy.util.ManagedReference
 145:          1778         128016  org.jenkinsci.plugins.pipeline.modeldefinition.ast.ModelASTStage
 146:          1590         127200  org.kohsuke.stapler.jelly.ReallyStaticTagLibrary$1
 147:          6511         126896  [Lsun.reflect.generics.tree.FieldTypeSignature;
 148:          3904         124928  groovy.lang.MetaBeanProperty
 149:          2182         122192  sun.nio.cs.UTF_8$Encoder
 150:          5091         122184  sun.reflect.generics.factory.CoreReflectionFactory
 151:          3054         122160  com.sun.jndi.ldap.LdapAttribute
 152:          1681         121032  org.apache.commons.jelly.impl.TagScript
 153:          2105         117880  org.codehaus.groovy.reflection.ClassInfo
 154:          3675         117600  sun.reflect.generics.tree.MethodTypeSignature
 155:          2926         117040  java.lang.ref.Finalizer
 156:          4860         116640  org.h2.value.ValueLong
 157:          1962         109872  java.lang.Package
 158:          3418         109376  com.cloudbees.groovy.cps.impl.BlockScopeEnv
 159:          2278         109344  com.google.inject.internal.ConstructorBindingImpl
 160:          3320         106240  org.h2.mvstore.Page$PageReference
 161:          3318         106176  org.apache.commons.jexl.parser.ASTReferenceExpression
 162:          1926         105240  [Ljava.beans.PropertyDescriptor;
 163:          4176         104856  [Lorg.codehaus.groovy.reflection.CachedClass;
 164:          3211         102752  org.kohsuke.stapler.Function$OverridingInstanceFunction
 165:          4250         102000  java.lang.Class$AnnotationData
 166:          6368         101888  com.cloudbees.groovy.cps.impl.ListBlock
 167:          3164         101248  hudson.remoting.ProxyOutputStream$Chunk
 168:          2105         101040  org.codehaus.groovy.reflection.ClassInfo$LazyCachedClassRef
 169:          2105         101040  org.codehaus.groovy.reflection.ClassInfo$LazyClassLoaderRef
 170:          1127          99176  org.codehaus.groovy.ast.MethodNode
 171:            32          98816  [Lorg.h2.mvstore.cache.CacheLongKeyLIRS$Entry;
 172:          3000          96000  java.lang.ThreadLocal$ThreadLocalMap$Entry
 173:          1333          95976  org.codehaus.groovy.ast.Parameter
 174:          1998          95904  org.apache.commons.beanutils.converters.ArrayConverter
 175:          1987          95376  java.util.logging.LogManager$LoggerWeakRef
 176:          1302          93744  java.util.regex.Pattern
 177:          2921          93472  [Lcom.google.common.cache.LocalCache$Segment;
 178:          3887          93288  org.apache.commons.beanutils.DynaProperty
 179:          2332          93280  com.google.inject.internal.SingletonScope$1
 180:          2283          91320  com.google.inject.internal.MembersInjectorImpl
 181:          2850          91200  com.cloudbees.groovy.cps.impl.AssignmentBlock
 182:          5678          90848  hudson.remoting.PipeWriter$FutureHolder
 183:          5513          88208  java.util.jar.Attributes
 184:          3664          87936  sun.reflect.generics.scope.MethodScope
 185:          1558          87248  org.h2.mvstore.Page$NonLeaf
 186:          2103          84120  org.codehaus.groovy.reflection.GroovyClassValuePreJava7$EntryWithValue
 187:          5249          83984  org.jenkinsci.plugins.workflow.actions.BodyInvocationAction
 188:           223          83848  java.lang.Thread
 189:          5066          83472  [Lsun.reflect.generics.tree.FormalTypeParameter;
 190:          2606          83392  com.cloudbees.groovy.cps.impl.ClosureBlock
 191:          1296          82944  java.util.jar.JarFile
 192:          2528          80896  org.apache.commons.jexl.parser.ASTExpression
 193:          2504          80128  com.google.inject.Key
 194:           557          80088  [Ljava.lang.ClassValue$Entry;
 195:          1944          77760  java.lang.invoke.BoundMethodHandle$Species_LL
 196:          1937          77480  java.lang.invoke.MethodType
 197:          3211          77064  org.codehaus.groovy.reflection.CachedField
 198:          2388          76416  com.google.inject.spi.InjectionPoint
 199:          3164          75936  hudson.remoting.ProxyOutputStream$Chunk$1
 200:          2357          75424  java.io.File
 201:          1343          75208  org.jenkinsci.plugins.workflow.cps.CpsClosure2
 202:          2332          74624  com.google.inject.internal.CycleDetectingLock$CycleDetectingLockFactory$ReentrantCycleDetectingLock
 203:          4657          74512  sun.reflect.DelegatingMethodAccessorImpl
 204:          2324          74368  com.google.inject.spi.ElementSource
 205:          3082          73968  java.util.concurrent.ConcurrentLinkedQueue$Node
 206:          1313          73528  com.thoughtworks.xstream.core.util.OrderRetainingMap
 207:          1531          73488  org.h2.mvstore.Page$Leaf
 208:          4562          72992  org.h2.value.ValueInt
 209:          2278          72896  com.google.inject.internal.ConstructorBindingImpl$Factory
 210:          2278          72896  com.google.inject.internal.ConstructorInjector
 211:          3034          72816  sun.reflect.NativeMethodAccessorImpl
 212:           990          71280  java.util.logging.Logger
 213:          2201          70432  com.google.inject.spi.Dependency
 214:          4346          69536  org.apache.commons.jelly.expression.ConstantExpression
 215:          1717          68680  org.codehaus.groovy.ast.VariableScope
 216:          2859          68616  org.kohsuke.stapler.Facet$1
 217:          2853          68472  org.codehaus.groovy.util.SingleKeyHashMap
 218:          1707          68280  org.kohsuke.stapler.MetaClass$1
 219:          2105          67360  org.codehaus.groovy.util.LockableObject
 220:          4191          67056  hudson.ExpressionFactory2$JexlExpression
 221:          2742          65808  java.lang.Double
 222:          1173          65688  org.codehaus.groovy.reflection.GeneratedMetaMethod$Proxy
 223:          2046          65472  java.lang.invoke.DirectMethodHandle
 224:          2190          65160  [Ljava.security.cert.Certificate;
 225:            10          65136  [Ljava.util.concurrent.RunnableScheduledFuture;
 226:          2688          64512  java.util.regex.Pattern$Single
 227:          3991          63856  org.apache.commons.beanutils.converters.ConverterFacade
 228:          2654          63696  java.lang.Long
 229:          2647          63528  java.util.regex.Pattern$BitClass
 230:          1570          62800  org.kohsuke.stapler.MetaClass$4
 231:          1937          61984  java.lang.invoke.MethodType$ConcurrentWeakInternSet$WeakEntry
 232:          2544          61056  hudson.ExtensionComponent
 233:          2540          60960  org.jenkinsci.plugins.pipeline.modeldefinition.ast.ModelASTNamedArgumentList
 234:          3675          60864  [Lsun.reflect.generics.tree.TypeSignature;
 235:          2535          60840  com.google.inject.TypeLiteral
 236:          1901          60832  hudson.remoting.Checksum
 237:          2514          60336  hudson.remoting.ProxyOutputStream$Unexport$1
 238:          2507          60168  java.util.Date
 239:          2504          60096  com.google.common.base.Suppliers$MemoizingSupplier
 240:          1500          60000  org.kohsuke.stapler.MetaClass$11
 241:          1857          59424  java.util.regex.Pattern$Curly
 242:          1477          59080  jenkins.model.lazy.BuildReference$DefaultHolderFactory$SoftHolder
 243:          1840          58880  sun.security.util.ObjectIdentifier
 244:          2411          57864  java.util.Arrays$ArrayList
 245:          2400          57600  java.util.regex.Pattern$GroupTail
 246:          2399          57576  java.util.regex.Pattern$GroupHead
 247:          2379          57096  sun.reflect.NativeConstructorAccessorImpl
 248:          2341          56184  com.google.inject.internal.ProvisionListenerStackCallback
 249:          2341          56176  [Lcom.google.inject.spi.ProvisionListener;
 250:          2340          56160  com.google.inject.internal.ProvisionListenerCallbackStore$KeyBinding
 251:          2332          55968  com.google.inject.internal.ConstructionContext
 252:          2332          55968  com.google.inject.internal.InternalFactoryToProviderAdapter
 253:          2332          55968  com.google.inject.internal.ProviderToInternalFactoryAdapter
 254:          1159          55632  java.beans.BeanDescriptor
 255:          2313          55512  hudson.ExtensionFinder$GuiceFinder$FaultTolerantScope$1
 256:          2313          55512  net.java.sezpoz.IndexItem$AnnotationProxy
 257:          2278          54672  com.google.inject.internal.DefaultConstructionProxyFactory$1
 258:          2278          54672  com.google.inject.internal.cglib.reflect.$FastConstructor
 259:          1701          54432  java.lang.invoke.LambdaForm$Name
 260:          2260          54240  org.jenkinsci.plugins.pipeline.modeldefinition.ast.ModelASTKeyValueOrMethodCallPair
 261:          3357          53712  org.apache.commons.jelly.impl.ScriptBlock
 262:          1637          52384  java.util.zip.ZipCoder
 263:           141          50680  [[C
 264:          2105          50520  org.codehaus.groovy.util.ManagedConcurrentLinkedQueue$Element
 265:          3117          49872  java.util.HashSet
 266:          2075          49800  com.google.common.collect.RegularImmutableMap$TerminalEntry
 267:          2059          49416  com.google.inject.internal.InjectorImpl$2
 268:          3076          49216  org.codehaus.groovy.ast.ClassNode$MapOfLists
 269:          1530          48960  java.util.logging.LogManager$LogNode
 270:           611          48880  org.apache.commons.jelly.tags.core.CoreTagLibrary$3
 271:           405          48528  [Ljava.lang.ThreadLocal$ThreadLocalMap$Entry;
 272:          1988          47712  org.apache.commons.io.output.CountingOutputStream
 273:          1975          47400  com.cloudbees.groovy.cps.MethodLocation
 274:           977          46896  org.codehaus.groovy.ast.expr.ClassExpression
 275:          1952          46848  [Lcom.cloudbees.groovy.cps.sandbox.CallSiteTag;
 276:          2908          46528  com.google.common.cache.LocalCache$LocalLoadingCache
 277:          1159          46360  java.beans.GenericBeanInfo
 278:           959          46032  java.util.zip.Inflater
 279:          1909          45816  com.cloudbees.groovy.cps.impl.CpsFunction
 280:          2859          45744  org.kohsuke.stapler.CachingScriptLoader$1
 281:           953          45744  org.kohsuke.stapler.MetaClass
 282:          2856          45696  com.cloudbees.groovy.cps.LValueBlock$BlockImpl
 283:          1900          45600  sun.reflect.generics.reflectiveObjects.ParameterizedTypeImpl
 284:          1129          45160  java.math.BigInteger
 285:          1391          44512  sun.reflect.generics.repository.ClassRepository
 286:          1854          44496  com.thoughtworks.xstream.core.util.FastField
 287:           550          44000  org.kohsuke.stapler.jelly.CustomTagLibrary$1
 288:          1831          43944  java.util.ArrayDeque
 289:          1354          43328  java.util.regex.Pattern$Branch
 290:          1077          43080  org.codehaus.groovy.ast.stmt.ReturnStatement
 291:          1792          43008  java.util.regex.Pattern$Slice
 292:          1343          42976  com.cloudbees.groovy.cps.impl.CpsClosureDef
 293:           535          42800  org.apache.commons.jelly.tags.core.CoreTagLibrary$1
 294:          2669          42704  sun.reflect.DelegatingConstructorAccessorImpl
 295:          1732          41568  org.jenkinsci.plugins.pipeline.modeldefinition.ast.ModelASTBranch
 296:          1715          41160  java.util.regex.Pattern$1
 297:           839          40272  com.cloudbees.groovy.cps.impl.ClosureCallEnv
 298:          1678          40272  com.cloudbees.groovy.cps.impl.VariableDeclBlock
 299:          1354          40112  [Ljava.util.regex.Pattern$Node;
 300:          2504          40064  com.google.inject.Key$1
 301:           416          39936  java.util.jar.JarFile$JarFileEntry
 302:          1642          39408  com.cloudbees.groovy.cps.impl.IfBlock
 303:           269          38736  java.text.DecimalFormat
 304:          1604          38496  com.thoughtworks.xstream.io.path.Path
 305:             8          37504  [Lorg.apache.commons.collections.map.AbstractHashedMap$HashEntry;
 306:          1172          37504  sun.security.util.DerInputBuffer
 307:          1172          37504  sun.security.util.DerValue
 308:           333          37296  java.util.GregorianCalendar
 309:          2313          37008  com.google.inject.internal.Scoping$6
 310:          2311          36976  com.sun.proxy.$Proxy29
 311:          1526          36624  org.codehaus.groovy.runtime.metaclass.MetaMethodIndex$CacheEntry
 312:          2278          36448  com.google.inject.internal.DefaultConstructionProxyFactory
 313:          2270          36320  com.sun.proxy.$Proxy15
 314:          1488          35712  com.thoughtworks.xstream.core.util.PrioritizedList$PrioritizedItem
 315:          1488          35712  org.jenkinsci.plugins.pipeline.modeldefinition.ast.ModelASTScriptBlock
 316:           556          35584  java.lang.ClassValue$ClassValueMap
 317:          1478          35472  jenkins.model.lazy.BuildReference
 318:          1437          34488  sun.reflect.generics.scope.ClassScope
 319:          2146          34336  java.util.LinkedHashMap$LinkedEntrySet
 320:          1069          34208  hudson.model.Descriptor$PropertyType
 321:           710          34080  java.nio.HeapByteBuffer
 322:           472          33984  org.codehaus.groovy.ast.expr.VariableExpression
 323:          1391          33384  sun.reflect.generics.tree.ClassSignature
 324:          1372          32928  com.trilead.ssh2.channel.FifoBuffer$Page
 325:          2045          32720  java.util.LinkedHashMap$LinkedValues
 326:           814          32560  com.cloudbees.groovy.cps.impl.FunctionCallEnv
 327:           335          32160  sun.util.calendar.Gregorian$Date
 328:           162          31752  [Lcom.google.common.collect.RegularImmutableMap$LinkedEntry;
 329:           988          31616  org.h2.value.ValueTimestamp
 330:          1313          31512  com.thoughtworks.xstream.core.util.OrderRetainingMap$ArraySet
 331:          1967          31472  com.cloudbees.groovy.cps.impl.MapBlock
 332:           785          31400  sun.nio.cs.UTF_8$Decoder
 333:           973          31136  hudson.model.StringParameterDefinition
 334:           777          31080  org.jboss.marshalling.reflect.SerializableField
 335:           546          30576  org.codehaus.groovy.ast.GenericsType
 336:           953          30496  org.kohsuke.stapler.jelly.JellyClassTearOff
 337:           627          30096  java.lang.invoke.LambdaForm
 338:          1857          29712  sun.reflect.generics.tree.TypeVariableSignature
 339:           927          29664  org.apache.commons.jexl.parser.ASTMethod
 340:           632          29240  [Ljava.lang.invoke.LambdaForm$Name;
 341:           608          29184  io.jenkins.blueocean.commons.stapler.export.MethodProperty
 342:          1215          29160  sun.reflect.generics.tree.Wildcard
 343:           897          28704  com.google.common.collect.RegularImmutableList
 344:           707          28280  hudson.model.UpdateSite$Warning
 345:           504          28224  jenkins.branch.MultiBranchProject$BranchIndexing
 346:          1172          28128  sun.security.util.DerInputStream
 347:           873          27936  org.apache.commons.jexl.parser.ASTExpressionExpression
 348:           218          27904  hudson.plugins.git.GitSCM
 349:          1738          27808  com.cloudbees.groovy.cps.impl.ReturnBlock
 350:           384          27648  org.codehaus.groovy.reflection.CachedClass
 351:          1150          27600  [Lsun.security.x509.AVA;
 352:          1150          27600  sun.security.x509.AVA
 353:          1150          27600  sun.security.x509.RDN
 354:           860          27520  org.eclipse.jetty.http.HttpField
 355:          1707          27312  org.kohsuke.stapler.lang.FieldRef$1
 356:           341          27280  sun.net.www.protocol.jar.URLJarFile
 357:          1681          26896  org.apache.commons.jelly.impl.DefaultTagFactory
 358:          1116          26784  java.util.regex.Pattern$Start
 359:          1108          26592  hudson.PluginWrapper$Dependency
 360:          1089          26136  hudson.model.TimeSeries
 361:           816          26112  org.codehaus.groovy.runtime.metaclass.MetaMethodIndex$Header
 362:          1391          26040  [Lsun.reflect.generics.tree.ClassTypeSignature;
 363:           540          25920  com.google.common.cache.LocalCache$StrongAccessEntry
 364:           536          25728  org.apache.commons.beanutils.WrapDynaClass
 365:          1068          25632  org.jenkinsci.plugins.workflow.cps.steps.ParallelStepExecution$ParallelLabelAction
 366:          1065          25560  com.cloudbees.workflow.rest.external.ErrorExt
 367:           454          25424  org.codehaus.groovy.ast.expr.ListExpression
 368:           786          25152  java.util.LinkedList
 369:           345          24856  [Ljava.security.ProtectionDomain;
 370:           536          24856  [Lorg.apache.commons.beanutils.DynaProperty;
 371:           514          24672  sun.nio.cs.StreamEncoder
 372:           755          24160  java.io.ObjectStreamClass$WeakClassKey
 373:           299          23920  org.apache.commons.jelly.tags.core.CoreTagLibrary$2
 374:           425          23800  org.codehaus.groovy.ast.expr.ConstructorCallExpression
 375:           737          23584  hudson.model.UpdateSite$WarningVersionRange
 376:           965          23160  org.jvnet.localizer.Localizable
 377:          1444          23104  sun.reflect.BootstrapConstructorAccessorImpl
 378:           959          23016  java.util.zip.ZStreamRef
 379:           719          23008  io.jenkins.blueocean.rest.impl.pipeline.BranchImpl
 380:           953          22872  org.kohsuke.stapler.jelly.groovy.GroovyClassTearOff
 381:           953          22872  org.kohsuke.stapler.jelly.groovy.GroovyServerPageTearOff
 382:           953          22872  org.kohsuke.stapler.lang.Klass
 383:           475          22800  org.codehaus.groovy.reflection.CachedClass$1
 384:           475          22800  org.codehaus.groovy.reflection.CachedClass$2
 385:           475          22800  org.codehaus.groovy.reflection.CachedClass$3
 386:           475          22800  org.codehaus.groovy.reflection.CachedClass$4
 387:           475          22800  org.codehaus.groovy.reflection.CachedClass$5
 388:           475          22800  org.codehaus.groovy.reflection.CachedClass$6
 389:           475          22800  org.codehaus.groovy.reflection.CachedClass$7
 390:           475          22800  org.codehaus.groovy.reflection.CachedClass$8
 391:           356          22784  io.jenkins.blueocean.rest.impl.pipeline.FlowNodeWrapper
 392:          1262          22760  [Lorg.codehaus.groovy.ast.ClassNode;
 393:           948          22752  org.jenkinsci.plugins.pipeline.modeldefinition.ast.ModelASTValue$GStringValue
 394:           560          22400  java.util.IdentityHashMap
 395:           198          22176  hudson.ClassicPluginStrategy$AntClassLoader2
 396:           550          22000  org.jboss.marshalling.reflect.JDKSpecific$SerMethods
 397:           550          22000  org.jboss.marshalling.reflect.SerializableClass
 398:           915          21960  java.util.Collections$UnmodifiableRandomAccessList
 399:           388          21728  org.codehaus.groovy.ast.expr.ArgumentListExpression
 400:           301          21672  org.codehaus.groovy.ast.FieldNode
 401:          1354          21664  java.util.regex.Pattern$BranchConn
 402:           268          21440  org.jenkinsci.plugins.pipeline.modeldefinition.model.Stage
 403:           191          21392  groovy.lang.MetaClassImpl
 404:           664          21248  org.apache.commons.jexl.parser.ASTStringLiteral
 405:           874          20976  java.util.regex.Pattern$5
 406:           654          20928  org.codehaus.groovy.util.ManagedConcurrentMap$EntryWithValue
 407:          1290          20640  java.util.LinkedHashMap$LinkedKeySet
 408:           338          20280  [Ljava.lang.ref.SoftReference;
 409:           831          19944  net.i2p.crypto.eddsa.math.ed25519.Ed25519FieldElement
 410:           795          19512  [Lorg.codehaus.groovy.ast.Parameter;
 411:          1204          19264  java.util.HashMap$KeySet
 412:           602          19264  sun.reflect.UnsafeObjectFieldAccessorImpl
 413:           792          19008  org.jenkinsci.plugins.pipeline.modeldefinition.ast.ModelASTStep
 414:           791          18984  org.bouncycastle.asn1.ASN1ObjectIdentifier
 415:           464          18560  java.io.BufferedWriter
 416:          1152          18432  com.sun.proxy.$Proxy9
 417:           256          18432  java.util.logging.LogRecord
 418:           965          18416  [Ljava.io.Serializable;
 419:           766          18384  java.util.concurrent.ConcurrentSkipListMap$Node
 420:           766          18384  org.apache.commons.beanutils.BeanIntrospectionData
 421:           228          18240  org.kohsuke.stapler.jelly.StaplerTagLibrary$1
 422:           757          18168  org.apache.commons.jexl.util.introspection.ClassMap
 423:           757          18168  org.apache.commons.jexl.util.introspection.ClassMap$MethodCache
 424:           451          18040  sun.misc.Cleaner
 425:           562          17984  java.lang.ClassValue$Entry
 426:           248          17856  java.util.concurrent.ScheduledThreadPoolExecutor$ScheduledFutureTask
 427:           439          17560  com.fasterxml.jackson.databind.introspect.AnnotatedMethod
 428:           730          17520  java.lang.invoke.LambdaForm$NamedFunction
 429:           199          17512  hudson.ClassicPluginStrategy$DependencyClassLoader
 430:           432          17280  hudson.util.FormValidation$CheckMethod
 431:           616          17216  [Ljava.time.format.DateTimeFormatterBuilder$DateTimePrinterParser;
 432:           269          17216  java.text.DateFormatSymbols
 433:           269          17216  java.text.DecimalFormatSymbols
 434:           264          16896  java.text.SimpleDateFormat
 435:           419          16760  java.io.ObjectStreamClass$FieldReflectorKey
 436:           259          16576  java.nio.DirectByteBuffer
 437:           518          16576  org.jenkins.ui.icon.Icon
 438:           510          16320  org.apache.commons.jexl.parser.ASTNullLiteral
 439:           676          16224  org.jenkinsci.plugins.pipeline.modeldefinition.ast.ModelASTBuildParameter
 440:           507          16224  sun.nio.fs.UnixPath
 441:          1010          16160  java.util.WeakHashMap$KeySet
 442:           252          16128  org.codehaus.groovy.ast.expr.BinaryExpression
 443:           288          16128  sun.util.calendar.ZoneInfo
 444:           201          16080  java.net.URI
 445:           247          15808  org.codehaus.groovy.ast.expr.PropertyExpression
 446:           975          15600  java.util.regex.Pattern$Dot
 447:           389          15560  org.codehaus.groovy.ast.stmt.ExpressionStatement
 448:           277          15512  org.eclipse.jgit.transport.RemoteConfig
 449:           323          15504  sun.util.locale.LocaleObjectCache$CacheEntry
 450:           638          15312  org.jenkinsci.plugins.scriptsecurity.sandbox.whitelists.EnumeratingWhitelist$StaticMethodSignature
 451:           953          15248  org.kohsuke.stapler.DirectoryishDispatcher
 452:           944          15104  hudson.util.CopyOnWriteList
 453:            34          14960  hudson.model.Executor
 454:           618          14832  hudson.model.StringParameterValue
 455:           616          14784  java.time.format.DateTimeFormatterBuilder$CompositePrinterParser
 456:           308          14784  sun.security.x509.X500Name
 457:            26          14760  [[Ljava.lang.String;
 458:           307          14736  org.codehaus.groovy.ast.stmt.BlockStatement
 459:           612          14688  java.util.regex.Pattern$Ctype
 460:           367          14680  org.jenkinsci.plugins.workflow.pipelinegraphanalysis.TimingInfo
 461:           455          14560  java.util.Stack
 462:           454          14528  sun.security.x509.AlgorithmId
 463:           363          14520  hudson.model.MultiStageTimeSeries
 464:           164          14432  net.sourceforge.pmd.lang.rule.XPathRule
 465:           599          14376  hudson.model.CauseAction
 466:           359          14360  java.security.AccessControlContext
 467:           358          14320  org.kohsuke.stapler.AncestorImpl
 468:           587          14088  com.google.common.collect.RegularImmutableMap$NonTerminalEntry
 469:           145          13920  org.jenkinsci.plugins.workflow.job.WorkflowJob
 470:           707          13768  [Ljava.lang.reflect.TypeVariable;
 471:           142          13696  [Lorg.eclipse.jetty.http.HttpField;
 472:           555          13320  org.h2.value.ValueString
 473:           277          13296  net.i2p.crypto.eddsa.math.GroupElement
 474:           332          13280  org.eclipse.jetty.xml.XmlParser$Node
 475:            92          13248  org.jenkinsci.plugins.workflow.job.WorkflowRun
 476:           234          13104  org.codehaus.groovy.ast.expr.MapEntryExpression
 477:           409          13088  java.lang.invoke.BoundMethodHandle$Species_L
 478:           407          13024  java.util.Locale
 479:           404          12928  groovy.lang.MetaClassImpl$MethodIndex
 480:           229          12824  java.security.Provider$Service
 481:           534          12816  org.jenkinsci.plugins.pipeline.modeldefinition.ast.ModelASTEnvironment
 482:           532          12768  org.jenkinsci.plugins.pipeline.modeldefinition.ast.ModelASTAgent
 483:           114          12768  org.kohsuke.stapler.jelly.groovy.GroovyClassLoaderTearOff$2
 484:           199          12736  hudson.PluginWrapper
 485:            53          12720  com.jcraft.jzlib.Deflate
 486:           551          12672  [Lorg.jboss.marshalling.reflect.SerializableField;
 487:           143          12584  org.codehaus.groovy.control.CompilerConfiguration
 488:           780          12480  java.util.LinkedHashSet
 489:           514          12336  java.io.OutputStreamWriter
 490:           220          12320  org.apache.commons.beanutils.WeakFastHashMap
 491:           509          12240  [Lorg.codehaus.groovy.ast.GenericsType;
 492:           380          12160  sun.reflect.generics.reflectiveObjects.TypeVariableImpl
 493:           757          12112  org.apache.commons.jexl.util.introspection.MethodMap
 494:           376          12032  org.apache.commons.jexl.parser.ASTNENode
 495:           250          12000  org.codehaus.groovy.ast.AnnotationNode
 496:           213          11928  sun.security.ssl.CipherSuite
 497:           297          11880  org.apache.commons.beanutils.converters.ByteConverter
 498:           297          11880  org.apache.commons.beanutils.converters.DoubleConverter
 499:           297          11880  org.apache.commons.beanutils.converters.FloatConverter
 500:           297          11880  org.apache.commons.beanutils.converters.IntegerConverter
 501:           297          11880  org.apache.commons.beanutils.converters.LongConverter
 502:           297          11880  org.apache.commons.beanutils.converters.ShortConverter
 503:           148          11840  sun.security.x509.X509CertImpl
 504:           488          11712  java.security.Provider$ServiceKey
 505:           162          11664  com.google.inject.internal.BytecodeGen$BridgeClassLoader
 506:           242          11616  javax.servlet.http.Cookie
 507:           725          11600  org.apache.commons.jelly.expression.CompositeExpression
 508:           361          11552  org.codehaus.groovy.syntax.Token
 509:           481          11544  hudson.util.DescribableList
 510:           356          11392  org.apache.commons.lang.IntHashMap$Entry
 511:           178          11392  org.codehaus.groovy.ast.expr.StaticMethodCallExpression
 512:           235          11280  sun.misc.URLClassPath
 513:           200          11200  java.lang.invoke.MethodTypeForm
 514:            70          11200  org.eclipse.jetty.server.Request
 515:           348          11136  sun.reflect.generics.reflectiveObjects.WildcardTypeImpl
 516:           347          11104  sun.reflect.UnsafeQualifiedObjectFieldAccessorImpl
 517:           277          11080  org.eclipse.jgit.transport.URIish
 518:           343          10976  org.dom4j.QName
 519:           341          10912  sun.misc.FDBigInteger
 520:           452          10848  com.cloudbees.groovy.cps.impl.LogicalOpBlock
 521:           339          10848  java.util.Collections$UnmodifiableMap
 522:           269          10760  java.text.DigitList
 523:           310          10720  [Lgroovy.lang.MetaMethod;
 524:           222          10656  org.apache.commons.beanutils.converters.DateConverter
 525:           443          10632  io.github.stephenc.crypto.sscg.internal.bc.asn1.ASN1ObjectIdentifier
 526:           331          10592  java.io.PrintStream
 527:           164          10496  org.codehaus.groovy.ast.expr.ClosureExpression
 528:           308          10336  [Lsun.security.x509.RDN;
 529:           142          10224  org.jenkinsci.plugins.workflow.cps.CpsStepContext
 530:           319          10208  org.kohsuke.stapler.jelly.InternationalizedStringExpression
 531:           254          10160  java.security.cert.TrustAnchor
 532:           634          10144  org.jenkinsci.plugins.workflow.actions.LabelAction
 533:           422          10128  org.kohsuke.stapler.PreInvokeInterceptedFunction
 534:            90          10080  jenkins.plugins.logstash.persistence.BuildData
 535:            70          10080  org.eclipse.jetty.http.HttpParser
 536:           623           9968  java.util.concurrent.atomic.AtomicReference
 537:           618           9888  com.sun.proxy.$Proxy1
 538:           246           9840  java.math.BigDecimal
 539:           405           9720  java.lang.ThreadLocal$ThreadLocalMap
 540:           301           9632  java.util.concurrent.locks.AbstractQueuedSynchronizer$Node
 541:           200           9600  io.jenkins.blueocean.commons.stapler.export.Model
 542:           595           9520  com.thoughtworks.xstream.converters.SingleValueConverterWrapper
 543:           396           9504  java.time.format.DateTimeFormatterBuilder$OffsetIdPrinterParser
 544:           297           9504  org.apache.commons.beanutils.converters.BooleanConverter
 545:            91           9464  org.h2.mvstore.Chunk
 546:           292           9344  com.cloudbees.groovy.cps.impl.ArrayAccessBlock
 547:           583           9328  org.apache.commons.jelly.impl.TextScript
 548:           385           9240  java.util.concurrent.locks.AbstractQueuedSynchronizer$ConditionObject
 549:           575           9200  java.lang.Character
 550:           383           9192  sun.reflect.generics.tree.FormalTypeParameter
 551:           191           9168  org.codehaus.groovy.runtime.GroovyCategorySupport$CategoryMethod
 552:           378           9072  java.util.concurrent.ConcurrentSkipListMap$Index
 553:           378           9072  org.jenkinsci.plugins.pipeline.modeldefinition.ast.ModelASTClosureMap
 554:           377           9048  org.jenkinsci.plugins.pipeline.modeldefinition.ast.ModelASTOption
 555:           559           8944  com.sun.proxy.$Proxy8
 556:           558           8928  com.sun.proxy.$Proxy16
 557:           139           8896  hudson.remoting.UserRequest
 558:           278           8896  org.jenkinsci.plugins.pipeline.modeldefinition.ast.ModelASTWhen
 559:           222           8880  hudson.ExtensionList
 560:           277           8864  hudson.plugins.git.UserRemoteConfig
 561:           277           8864  org.eclipse.jgit.transport.RefSpec
 562:           553           8848  com.fasterxml.jackson.databind.introspect.AnnotationMap
 563:           273           8736  org.apache.commons.jexl.parser.ASTEQNode
 564:           156           8736  sun.security.util.MemoryCache$SoftCacheEntry
 565:            99           8712  org.h2.table.Column
 566:           358           8592  org.jenkinsci.plugins.scriptsecurity.sandbox.whitelists.EnumeratingWhitelist$MethodSignature
 567:           119           8568  com.cloudbees.workflow.rest.external.RunExt
 568:           356           8544  io.jenkins.blueocean.rest.impl.pipeline.NodeRunStatus
 569:           266           8512  com.sun.org.apache.xerces.internal.xni.QName
 570:            70           8400  org.eclipse.jetty.io.SocketChannelEndPoint
 571:            70           8400  org.eclipse.jetty.server.HttpChannelOverHttp
 572:           208           8320  java.lang.invoke.BoundMethodHandle$Species_L3
 573:           148           8288  hudson.model.RunMap
 574:           259           8288  org.apache.commons.jexl.parser.ASTTernaryNode
 575:           259           8288  org.jenkinsci.plugins.structs.describable.DescribableParameter
 576:           148           8288  sun.security.x509.X509CertInfo
 577:            73           8176  org.jenkinsci.plugins.workflow.cps.CpsFlowExecution
 578:           146           8176  sun.misc.URLClassPath$JarLoader
 579:            68           8160  groovy.lang.GroovyClassLoader$InnerLoader
 580:           254           8128  java.nio.DirectByteBuffer$Deallocator
 581:           127           8128  org.codehaus.groovy.ast.ImportNode
 582:           501           8016  hudson.triggers.TimerTrigger$TimerTriggerCause
 583:           500           8000  java.lang.Byte
 584:           100           8000  org.h2.value.DataType
 585:            71           7952  sun.nio.ch.SocketChannelImpl
 586:           248           7936  com.cloudbees.groovy.cps.impl.TryBlockEnv
 587:           161           7728  org.kohsuke.stapler.export.MethodProperty
 588:           482           7712  org.apache.commons.jelly.impl.ExpressionScript
 589:           319           7656  net.sf.json.JSONObject
 590:           319           7656  org.apache.commons.collections.map.ListOrderedMap
 591:           136           7616  hudson.EnvVars
 592:           474           7584  org.acegisecurity.GrantedAuthorityImpl
 593:           234           7488  org.jenkinsci.plugins.pipeline.modeldefinition.ast.ModelASTTreeStep
 594:            17           7480  hudson.model.OneOffExecutor
 595:           310           7440  java.util.Collections$SynchronizedSet
 596:           232           7424  java.util.UUID
 597:           307           7368  com.amazonaws.services.ec2.model.InstanceType
 598:           228           7296  org.codehaus.groovy.reflection.CachedConstructor
 599:           228           7296  org.eclipse.jgit.lib.ObjectId
 600:            70           7280  org.eclipse.jetty.server.HttpConnection
 601:            75           7200  org.eclipse.jetty.server.session.SessionData
 602:           299           7176  com.cloudbees.groovy.cps.impl.SequenceBlock$ContinuationImpl
 603:           224           7168  hudson.model.HealthReport
 604:           149           7152  java.util.Properties
 605:           297           7128  org.apache.commons.beanutils.converters.CharacterConverter
 606:           296           7104  com.fasterxml.jackson.databind.introspect.MemberKey
 607:           148           7104  org.apache.commons.beanutils.converters.SqlDateConverter
 608:           148           7104  org.apache.commons.beanutils.converters.SqlTimeConverter
 609:           148           7104  org.apache.commons.beanutils.converters.SqlTimestampConverter
 610:           175           7000  com.thoughtworks.xstream.core.util.Pool
 611:            79           6952  com.fasterxml.jackson.databind.ser.BeanPropertyWriter
 612:           173           6920  org.codehaus.groovy.runtime.metaclass.NewInstanceMetaMethod
 613:           288           6912  hudson.plugins.git.Revision
 614:           214           6848  java.io.FilePermission
 615:           214           6848  java.security.Permissions
 616:           171           6840  java.io.PrintWriter
 617:           284           6816  java.net.InetSocketAddress$InetSocketAddressHolder
 618:           141           6768  org.kohsuke.stapler.jelly.CustomJellyContext
 619:           169           6760  org.jvnet.localizer.ResourceBundleHolder$ResourceBundleImpl
 620:           281           6744  org.codehaus.groovy.ast.DynamicVariable
 621:           421           6736  org.jenkinsci.plugins.workflow.actions.ErrorAction
 622:            64           6720  [[I
 623:           210           6720  org.codehaus.groovy.control.customizers.ImportCustomizer$Import
 624:           419           6704  java.util.HashMap$Values
 625:           278           6672  org.jenkinsci.plugins.pipeline.modeldefinition.ast.ModelASTWhenExpression
 626:           139           6672  org.jenkinsci.plugins.workflow.cps.CpsThread
 627:           410           6560  java.lang.Short
 628:           135           6480  com.fasterxml.jackson.databind.type.SimpleType
 629:           162           6480  sun.util.locale.BaseLocale$Key
 630:           202           6464  org.codehaus.groovy.runtime.metaclass.MetaMethodIndex
 631:            73           6424  org.codehaus.groovy.ast.ConstructorNode
 632:           195           6320  [[B
 633:           343           6248  [Lorg.codehaus.groovy.reflection.CachedMethod;
 634:           260           6240  com.cloudbees.groovy.cps.impl.ContinuationPtr$ContinuationImpl
 635:           260           6240  org.jenkinsci.plugins.pipeline.modeldefinition.model.StepsBlock
 636:           193           6176  org.h2.expression.function.FunctionInfo
 637:            70           6160  org.eclipse.jetty.server.HttpOutput
 638:            96           6144  org.codehaus.groovy.ast.expr.DeclarationExpression
 639:           256           6144  org.eclipse.jetty.http.HttpTokens$Token
 640:           128           6144  org.jenkinsci.plugins.workflow.cps.CpsBodyExecution
 641:           190           6080  org.jenkinsci.plugins.workflow.support.actions.PauseAction
 642:           200           6048  [Lio.jenkins.blueocean.commons.stapler.export.Property;
 643:           189           6048  org.eclipse.jetty.http.PreEncodedHttpField
 644:           187           5984  java.util.concurrent.atomic.LongAdder
 645:            44           5984  org.springframework.beans.factory.support.RootBeanDefinition
 646:           149           5960  java.time.format.DateTimeFormatter
 647:           148           5920  org.apache.commons.beanutils.converters.BigDecimalConverter
 648:           148           5920  org.apache.commons.beanutils.converters.BigIntegerConverter
 649:           239           5880  [Lcom.fasterxml.jackson.databind.JavaType;
 650:           245           5880  java.util.concurrent.ConcurrentHashMap$KeySetView
 651:            14           5824  hudson.slaves.ChannelPinger$1
 652:           182           5824  java.io.FileDescriptor
 653:           181           5792  com.fasterxml.jackson.databind.introspect.AnnotatedField
 654:           241           5784  org.codehaus.groovy.runtime.GStringImpl
 655:           178           5696  java.net.InetAddress$InetAddressHolder
 656:           118           5664  com.google.inject.internal.ProviderInstanceBindingImpl
 657:           101           5656  org.codehaus.groovy.ast.expr.FieldExpression
 658:           176           5632  hudson.plugins.git.util.Build
 659:           117           5616  java.util.concurrent.locks.ReentrantReadWriteLock$NonfairSync
 660:           234           5616  org.jenkinsci.plugins.pipeline.modeldefinition.ast.ModelASTSingleArgument
 661:            70           5600  org.eclipse.jetty.server.HttpInputOverHTTP
 662:            70           5600  org.eclipse.jetty.server.Response
 663:           174           5568  hudson.remoting.RemoteInvocationHandler
 664:            87           5568  org.codehaus.groovy.ast.expr.ArrayExpression
 665:           232           5568  org.kohsuke.stapler.MetaClassLoader
 666:           344           5504  com.cloudbees.groovy.cps.impl.NotBlock
 667:           172           5504  hudson.plugins.git.GitChangeSet$Path
 668:           226           5424  org.jenkinsci.plugins.workflow.log.FileLogStorage$IndexOutputStream
 669:           338           5408  org.apache.commons.jelly.parser.EscapingExpression
 670:           112           5376  org.h2.mvstore.RootReference
 671:           336           5376  org.kohsuke.stapler.interceptor.RequirePOST$Processor
 672:           134           5360  sun.security.rsa.RSAPublicKeyImpl
 673:           330           5320  [Lorg.eclipse.jetty.xml.XmlParser$Attribute;
 674:           221           5304  java.lang.StringBuilder
 675:           220           5280  org.kohsuke.stapler.IndexViewDispatcher
 676:           131           5240  com.cloudbees.groovy.cps.impl.FunctionCallBlock$ContinuationImpl
 677:           162           5184  sun.util.locale.BaseLocale
 678:           129           5160  com.google.common.util.concurrent.AbstractFuture$Sync
 679:           161           5152  com.google.common.cache.LocalCache$WeakValueReference
 680:           213           5112  java.io.FilePermissionCollection
 681:           158           5056  org.jenkinsci.plugins.pipeline.modeldefinition.model.Environment$EnvironmentResolver
 682:            90           5040  jenkins.plugins.logstash.LogstashWriter
 683:            39           4992  com.sun.jndi.ldap.LdapCtx
 684:           206           4944  java.time.LocalDateTime
 685:           103           4944  org.apache.commons.jelly.JellyContext
 686:           308           4928  java.util.TreeMap$EntrySet
 687:           201           4896  [Lorg.codehaus.groovy.reflection.CachedConstructor;
 688:           203           4872  java.util.jar.Manifest
 689:           202           4848  groovy.lang.MetaArrayLengthProperty
 690:           201           4824  com.cloudbees.groovy.cps.impl.ElvisBlock
 691:            67           4824  org.apache.commons.jelly.impl.StaticTagScript
 692:           100           4800  com.cloudbees.jenkins.plugins.bitbucket.PullRequestSCMHead
 693:           120           4800  org.h2.value.TypeInfo
 694:           149           4768  java.util.Collections$UnmodifiableSortedMap
 695:           119           4760  org.jenkinsci.plugins.workflow.log.FileLogStorage
 696:            99           4752  org.kohsuke.stapler.jelly.CustomTagLibrary
 697:           148           4736  com.cloudbees.jenkins.plugins.bitbucket.BitbucketGitSCMRevision
 698:            83           4728  [Ljava.lang.invoke.MethodHandle;
 699:            65           4680  hudson.plugins.git.GitChangeSet
 700:           194           4656  hudson.util.PersistedList
 701:           194           4656  javax.management.ImmutableDescriptor
 702:           145           4640  sun.security.x509.SubjectKeyIdentifierExtension
 703:           193           4632  org.kohsuke.stapler.jelly.JellyClassLoaderTearOff
 704:           144           4608  sun.security.x509.BasicConstraintsExtension
 705:           286           4576  java.util.TreeSet
 706:            57           4560  com.fasterxml.jackson.databind.deser.impl.MethodProperty
 707:           284           4544  java.net.InetSocketAddress
 708:           142           4544  org.jenkinsci.plugins.pipeline.modeldefinition.actions.DeclarativeJobPropertyTrackerAction
 709:           142           4544  ua_parser.UserAgentParser$UAPattern
 710:           189           4536  com.cloudbees.groovy.cps.impl.TryCatchBlock
 711:           189           4536  com.cloudbees.jenkins.plugins.bitbucket.BranchSCMHead
 712:            81           4536  org.jenkinsci.plugins.pipeline.modeldefinition.ast.ModelASTPipelineDef
 713:            94           4512  java.util.concurrent.ThreadPoolExecutor$Worker
 714:            94           4512  net.sourceforge.pmd.properties.GenericPropertyDescriptor
 715:           140           4480  sun.security.x509.KeyUsageExtension
 716:            69           4416  org.apache.commons.jelly.tags.core.ForEachTag
 717:            78           4368  com.fasterxml.jackson.databind.type.CollectionType
 718:            78           4368  org.codehaus.groovy.ast.expr.MapExpression
 719:           136           4352  hudson.remoting.ExportTable$ExportList
 720:           181           4344  hudson.util.ByteArrayOutputStream2
 721:           189           4320  [Lcom.cloudbees.groovy.cps.CatchExpression;
 722:           179           4296  hudson.plugins.git.Branch
 723:           266           4256  java.lang.Float
 724:           177           4248  java.net.Inet4Address
 725:            53           4240  com.jcraft.jzlib.Deflater
 726:           132           4224  sun.nio.fs.NativeBuffer
 727:           175           4200  com.thoughtworks.xstream.core.util.ThreadSafeSimpleDateFormat
 728:           175           4200  com.thoughtworks.xstream.core.util.ThreadSafeSimpleDateFormat$1
 729:            75           4200  org.eclipse.jetty.server.session.Session
 730:            15           4200  org.h2.engine.Session
 731:           131           4192  org.eclipse.jetty.util.resource.PathResource
 732:           174           4176  org.slf4j.impl.JDK14LoggerAdapter
 733:           130           4160  com.sun.jmx.mbeanserver.ConvertingMethod
 734:            52           4160  io.jenkins.blueocean.rest.model.BlueTestSummary
 735:             1           4112  [Lcom.sun.org.apache.xpath.internal.objects.XObject;
 736:           128           4096  java.lang.invoke.DirectMethodHandle$Special
 737:            95           4080  [Lorg.acegisecurity.GrantedAuthority;
 738:           127           4064  com.thoughtworks.xstream.converters.reflection.SerializableConverter
 739:            46           4048  hudson.plugins.sshslaves.SSHLauncher
 740:           125           4000  java.lang.reflect.WeakCache$CacheValue
 741:           124           3968  org.apache.commons.jexl.parser.ASTAndNode
 742:           124           3968  org.eclipse.jetty.webapp.MetaData$OriginInfo
 743:           165           3960  org.kohsuke.stapler.SelectionInterceptedFunction
 744:           123           3936  net.sf.saxon.lib.Feature
 745:           164           3936  net.sourceforge.pmd.lang.ast.xpath.internal.DeprecatedAttrLogger$AttrLoggerImpl
 746:           164           3936  org.jvnet.localizer.ResourceBundleHolder
 747:            14           3920  java.util.concurrent.ConcurrentHashMap$CounterCell
 748:            70           3920  org.eclipse.jetty.http.HttpURI
 749:            70           3920  org.eclipse.jetty.server.HttpChannelState
 750:           163           3912  io.jenkins.plugins.analysis.warnings.checkstyle.Rule
 751:           162           3888  com.cloudbees.groovy.cps.CatchExpression
 752:           121           3872  com.fasterxml.jackson.databind.type.TypeBindings
 753:           121           3872  org.jenkinsci.plugins.workflow.cps.SandboxContinuable
 754:           159           3816  com.jcraft.jzlib.Tree
 755:           159           3816  java.util.Locale$LocaleKey
 756:           119           3808  com.cloudbees.workflow.rest.external.RunExt$RunLinks
 757:            34           3808  org.dom4j.io.HTMLWriter
 758:            68           3808  org.springframework.beans.PropertyValue
 759:            95           3800  org.kohsuke.stapler.MetaClass$5
 760:           117           3744  java.lang.reflect.Proxy$Key1
 761:           156           3744  sun.security.util.BitArray
 762:           233           3728  com.thoughtworks.xstream.converters.reflection.SerializableConverter$UnserializableParentsReflectionProvider
 763:           233           3728  io.jenkins.plugins.util.JenkinsFacade
 764:           155           3720  jenkins.plugins.logstash.pipeline.GlobalDecorator
 765:           155           3720  org.jenkinsci.plugins.workflow.log.BufferedBuildListener
 766:           155           3720  org.jenkinsci.plugins.workflow.log.TaskListenerDecorator$CloseableTaskListener
 767:           155           3720  org.jenkinsci.plugins.workflow.log.TaskListenerDecorator$DecoratedTaskListener
 768:           115           3680  org.codehaus.groovy.classgen.asm.MethodCaller
 769:           228           3648  io.jenkins.plugins.analysis.core.util.ModelValidation
 770:           152           3648  org.jenkinsci.plugins.pipeline.modeldefinition.ast.ModelASTParallel
 771:            91           3640  java.io.ObjectStreamField
 772:            65           3640  org.kohsuke.stapler.RequestImpl
 773:           227           3632  com.sun.proxy.$Proxy25
 774:           151           3624  sun.nio.ch.Util$BufferCache
 775:           113           3616  com.google.common.collect.RegularImmutableSet
 776:           150           3600  hudson.util.CopyOnWriteMap$Hash
 777:           150           3600  sun.security.util.Cache$EqualByteArray
 778:            32           3584  java.net.SocksSocketImpl
 779:           148           3552  jenkins.model.RunIdMigrator
 780:           148           3552  jenkins.model.lazy.AbstractLazyLoadRunMap$Index
 781:           148           3552  jenkins.model.lazy.LazyLoadRunMapEntrySet
 782:           148           3552  jenkins.model.lazy.SortedIntList
 783:            74           3552  org.apache.commons.beanutils.ConvertUtilsBean
 784:            74           3552  org.apache.commons.beanutils.converters.CalendarConverter
 785:           148           3552  org.apache.commons.beanutils.converters.ClassConverter
 786:           148           3552  org.apache.commons.beanutils.converters.StringConverter
 787:           111           3552  org.apache.commons.jexl.parser.ASTNotNode
 788:           148           3552  sun.security.x509.CertificateValidity
 789:           147           3528  org.apache.commons.beanutils.converters.FileConverter
 790:           147           3528  org.apache.commons.beanutils.converters.URLConverter
 791:           147           3528  org.eclipse.jetty.util.thread.Locker
 792:           147           3528  sun.security.x509.CertificateExtensions
 793:           110           3520  com.cloudbees.groovy.cps.impl.TryCatchBlock$1
 794:           110           3520  hudson.model.AllView
 795:           110           3520  hudson.plugins.git.util.BuildData
 796:           219           3504  hudson.plugins.git.BranchSpec
 797:            87           3480  org.codehaus.groovy.ast.stmt.ThrowStatement
 798:           145           3480  org.jenkinsci.plugins.workflow.job.WorkflowJob$1
 799:           107           3424  java.util.regex.Pattern$BnM
 800:           210           3360  groovy.lang.GroovyClassLoader$1
 801:           105           3360  hudson.model.MyViewsProperty
 802:           105           3360  hudson.model.User
 803:           105           3360  hudson.plugins.favorite.user.FavoriteUserProperty
 804:           105           3360  jenkins.security.ApiTokenProperty
 805:           140           3360  org.eclipse.jetty.http.HttpFields
 806:            70           3360  org.eclipse.jetty.http.HttpGenerator
 807:            70           3360  org.eclipse.jetty.server.HttpConnection$SendCallback
 808:           139           3336  hudson.model.ParametersDefinitionProperty
 809:           208           3328  org.apache.commons.jelly.tags.core.CoreTagLibrary
 810:           104           3328  org.jenkinsci.plugins.workflow.job.WorkflowRun$SCMCheckout
 811:            52           3328  sun.security.provider.SHA5$SHA512
 812:            83           3320  org.eclipse.jgit.util.SimpleLruCache$Entry
 813:           207           3312  java.lang.Boolean
 814:            69           3312  java.lang.invoke.BoundMethodHandle$Species_L4
 815:            46           3312  org.h2.mvstore.MVMap
 816:            37           3256  java.beans.IndexedPropertyDescriptor
 817:           135           3240  com.cloudbees.groovy.cps.impl.ThrowBlock
 818:            81           3240  com.google.common.collect.RegularImmutableMap
 819:            81           3240  java.lang.invoke.DirectMethodHandle$Accessor
 820:           135           3240  java.time.LocalDate
 821:           101           3232  [Lsun.nio.fs.NativeBuffer;
 822:           101           3232  sun.reflect.annotation.AnnotationType
 823:           200           3200  io.jenkins.blueocean.commons.stapler.export.Model$1
 824:           200           3200  io.jenkins.blueocean.commons.stapler.export.Model$2
 825:           100           3200  org.apache.commons.jexl.parser.ASTAddNode
 826:            50           3200  org.codehaus.groovy.ast.expr.GStringExpression
 827:           200           3200  sun.security.x509.KeyIdentifier
 828:           133           3192  sun.nio.fs.NativeBuffer$Deallocator
 829:           132           3168  hudson.remoting.RemoteClassLoader$ClassLoaderProxy
 830:           132           3168  org.jenkinsci.plugins.scriptsecurity.sandbox.whitelists.EnumeratingWhitelist$StaticFieldSignature
 831:            49           3136  java.security.SecureRandom
 832:            56           3136  java.util.ResourceBundle$CacheKey
 833:            28           3136  org.jenkinsci.plugins.workflow.cps.CpsGroovyShell$CleanGroovyClassLoader
 834:            39           3120  org.codehaus.groovy.reflection.stdclasses.CachedSAMClass
 835:            78           3120  org.eclipse.jetty.http.HttpHeader
 836:           129           3096  com.google.common.util.concurrent.ExecutionList
 837:           129           3096  com.google.common.util.concurrent.SettableFuture
 838:            96           3072  java.lang.Throwable
 839:            32           3072  org.h2.mvstore.cache.CacheLongKeyLIRS$Segment
 840:            64           3072  org.kohsuke.stapler.export.Model
 841:            63           3024  hudson.DescriptorExtensionList
 842:            63           3024  hudson.plugins.git.GitTagAction
 843:           126           3024  java.security.Provider$UString
 844:            63           3024  sun.nio.ch.IOVecWrapper
 845:           125           3000  java.util.regex.Pattern$Ques
 846:           187           2992  com.google.common.base.Optional$Present
 847:            23           2944  org.jenkinsci.plugins.vSphereCloudSlaveTemplate
 848:           122           2928  com.cloudbees.groovy.cps.impl.TryBlockEnv$Finally
 849:            91           2912  java.security.MessageDigest$Delegate
 850:            91           2912  jenkins.security.stapler.StaplerDispatchValidator$ValidatorCache$Validator
 851:           121           2904  org.jenkinsci.plugins.workflow.support.DefaultStepContext$1
 852:            72           2880  com.cloudbees.groovy.cps.impl.ForInLoopBlock
 853:            90           2880  javax.management.MBeanAttributeInfo
 854:            45           2880  javax.management.openmbean.OpenMBeanAttributeInfoSupport
 855:           179           2864  com.sun.proxy.$Proxy10
 856:           179           2864  io.jenkins.blueocean.rest.hal.Link
 857:            71           2840  sun.nio.ch.SelectionKeyImpl
 858:            71           2840  sun.nio.ch.SocketAdaptor
 859:           118           2832  java.util.concurrent.locks.ReentrantReadWriteLock
 860:            88           2816  com.fasterxml.jackson.core.io.SerializedString
 861:            44           2816  sun.nio.ch.FileChannelImpl
 862:            10           2800  java.util.concurrent.atomic.Striped64$Cell
 863:           175           2800  org.apache.commons.jelly.impl.CompositeTextScriptBlock
 864:            70           2800  org.eclipse.jetty.http.MetaData$Request
 865:            52           2784  [Ljavax.management.MBeanAttributeInfo;
 866:           174           2784  hudson.Plugin$DummyImpl
 867:           115           2760  org.h2.table.IndexColumn
 868:            23           2760  org.h2.table.TableFilter
 869:            38           2736  com.fasterxml.jackson.databind.introspect.AnnotatedClass
 870:           114           2736  com.sun.org.apache.xerces.internal.util.SymbolTable$Entry
 871:           114           2736  hudson.model.View$PropertyList
 872:           114           2736  org.kohsuke.stapler.jelly.groovy.GroovyClassLoaderTearOff
 873:           170           2720  com.thoughtworks.xstream.converters.reflection.SerializationMethodInvoker
 874:            85           2720  jenkins.branch.Branch
 875:            85           2720  org.jenkinsci.plugins.workflow.job.WorkflowRun$1
 876:           113           2712  org.jenkinsci.plugins.workflow.cps.StaticBodyReference
 877:           169           2704  com.thoughtworks.xstream.core.ClassLoaderReference
 878:            26           2704  com.trilead.ssh2.channel.Channel
 879:            42           2688  com.thoughtworks.xstream.mapper.AnnotationMapper
 880:            56           2688  hudson.security.Permission
 881:            84           2688  org.jenkinsci.plugins.structs.describable.DescribableModel
 882:           112           2688  ua_parser.DeviceParser$DevicePattern
 883:           165           2640  java.time.format.DateTimeFormatterBuilder$CharLiteralPrinterParser
 884:           165           2640  org.kohsuke.stapler.SelectionInterceptedFunction$Adapter
 885:           165           2640  org.kohsuke.stapler.verb.HttpVerbInterceptor
 886:            93           2624  [Ljava.lang.Byte;
 887:            41           2624  javax.naming.NameImpl
 888:            82           2624  org.eclipse.jetty.util.ArrayTernaryTrie
 889:           109           2616  com.cloudbees.jenkins.plugins.bitbucket.BitbucketLink
 890:           109           2616  jenkins.scm.api.metadata.ObjectMetadataAction
 891:            65           2600  java.lang.reflect.Parameter
 892:            65           2600  org.kohsuke.stapler.ResponseImpl
 893:            81           2592  hudson.tasks.LogRotator
 894:            81           2592  java.util.concurrent.SynchronousQueue
 895:            81           2592  org.apache.commons.jexl.parser.ASTOrNode
 896:           162           2592  org.jenkinsci.plugins.workflow.actions.TagsAction
 897:            54           2592  sun.net.www.MimeEntry
 898:            14           2576  hudson.remoting.Channel
 899:            46           2576  net.sf.saxon.type.BuiltInAtomicType
 900:           137           2568  [Lcom.sun.jmx.mbeanserver.MXBeanMapping;
 901:           107           2568  org.jenkinsci.plugins.workflow.multibranch.BranchJobProperty
 902:            80           2560  java.util.concurrent.ConcurrentSkipListMap$HeadIndex
 903:            80           2560  sun.reflect.UnsafeBooleanFieldAccessorImpl
 904:            53           2544  java.util.concurrent.LinkedBlockingQueue
 905:           106           2544  org.jenkinsci.plugins.pipeline.modeldefinition.ast.ModelASTBuildCondition
 906:            79           2528  org.apache.commons.jexl.parser.ASTElvisNode
 907:           105           2520  com.cloudbees.plugins.credentials.UserCredentialsProvider$UserCredentialsProperty
 908:           105           2520  hudson.model.MyViewsProperty$1
 909:           105           2520  hudson.model.PaneStatusProperties
 910:           105           2520  hudson.model.TimeZoneProperty
 911:           105           2520  hudson.plugins.emailext.watching.EmailExtWatchAction$UserProperty
 912:           105           2520  hudson.search.UserSearchProperty
 913:           105           2520  hudson.tasks.Mailer$UserProperty
 914:           105           2520  io.jenkins.blueocean.autofavorite.user.FavoritingUserProperty
 915:           105           2520  jenkins.security.apitoken.ApiTokenStats
 916:           105           2520  jenkins.security.seed.UserSeedProperty
 917:           105           2520  org.jenkinsci.plugins.displayurlapi.user.PreferredProviderUserProperty
 918:            78           2496  com.google.inject.internal.SingleFieldInjector
 919:            78           2496  hudson.model.ParametersAction
 920:           104           2496  io.jenkins.blueocean.rest.impl.pipeline.BranchImpl$Branch
 921:            52           2496  java.util.ResourceBundle$BundleReference
 922:           104           2496  jenkins.model.TransientActionFactory$CacheKey
 923:           156           2496  sun.security.x509.SerialNumber
 924:            62           2480  com.google.inject.internal.Initializer$InjectableReference
 925:           155           2480  hudson.plugins.timestamper.pipeline.GlobalDecorator
 926:           103           2472  org.apache.commons.logging.impl.SLF4JLocationAwareLog
 927:           113           2464  [Ljava.math.BigInteger;
 928:           153           2448  com.sun.proxy.$Proxy77
 929:            51           2448  javax.management.MBeanInfo
 930:            51           2448  org.jenkinsci.plugins.pubsub.EventFilter
 931:            76           2432  org.jenkinsci.plugins.pipeline.modeldefinition.actions.ExecutionModelAction
 932:            76           2432  ua_parser.OSParser$OSPattern
 933:            81           2408  [Ljava.lang.Integer;
 934:            43           2408  hudson.model.Label$1
 935:            43           2408  hudson.model.labels.LabelAtom
 936:            75           2400  com.sonyericsson.rebuild.RebuildAction
 937:            75           2400  org.eclipse.jetty.server.session.Session$SessionInactivityTimer$1
 938:            99           2376  java.util.regex.Pattern$CharProperty$1
 939:           148           2368  jenkins.model.lazy.LazyBuildMixIn$1
 940:           148           2368  sun.security.x509.CertificateAlgorithmId
 941:           148           2368  sun.security.x509.CertificateSerialNumber
 942:           148           2368  sun.security.x509.CertificateVersion
 943:           148           2368  sun.security.x509.CertificateX509Key
 944:            98           2352  com.google.common.collect.SingletonImmutableSet
 945:             6           2352  hudson.node_monitors.AbstractNodeMonitorDescriptor$Record
 946:             6           2352  hudson.remoting.SynchronousCommandTransport$ReaderThread
 947:            21           2352  hudson.util.XStream2
 948:           147           2352  org.eclipse.jetty.util.thread.Locker$Lock
 949:            73           2336  java.io.IOException
 950:            73           2336  org.apache.commons.beanutils.PropertyUtilsBean
 951:             2           2320  [Lorg.eclipse.jetty.http.HttpStatus$Code;
 952:            29           2320  org.jenkinsci.plugins.workflow.steps.durable_task.DurableTaskStep$Execution
 953:            96           2304  com.sun.org.apache.xml.internal.serializer.EncodingInfo
 954:           144           2304  hudson.plugins.git.browser.BitbucketWeb
 955:            48           2304  hudson.tasks.junit.TestResultAction
 956:            96           2304  io.github.stephenc.crypto.sscg.internal.bc.asn1.ASN1ObjectIdentifier$OidHandle
 957:            87           2296  [D
 958:            79           2288  [Ljava.lang.Long;
 959:            79           2288  [Ljava.lang.Short;
 960:            26           2288  com.trilead.ssh2.transport.TransportConnection
 961:            57           2280  javax.crypto.Mac
 962:            57           2280  sun.reflect.UnsafeQualifiedStaticObjectFieldAccessorImpl
 963:            71           2272  [Ljava.nio.channels.SelectionKey;
 964:           142           2272  org.jenkinsci.plugins.pipeline.modeldefinition.actions.DeclarativeJobAction
 965:            94           2256  org.acegisecurity.ui.WebAuthenticationDetails
 966:           141           2256  org.jenkinsci.plugins.structs.describable.Setter$1
 967:            70           2240  org.acegisecurity.providers.anonymous.AnonymousAuthenticationToken
 968:            70           2240  org.eclipse.jetty.io.ChannelEndPoint$2
 969:            70           2240  org.eclipse.jetty.io.ChannelEndPoint$3
 970:            70           2240  org.eclipse.jetty.io.ChannelEndPoint$4
 971:            70           2240  org.eclipse.jetty.server.HttpOutput$WriteBlocker
 972:            70           2240  org.eclipse.jetty.util.Utf8StringBuilder
 973:            70           2240  sun.security.x509.URIName
 974:            31           2232  hudson.remoting.RemoteInvocationHandler$RPCRequest
 975:           138           2208  com.cloudbees.groovy.cps.sandbox.SandboxInvoker
 976:            69           2208  java.util.ArrayList$Itr
 977:            69           2208  org.eclipse.jetty.http.HostPortHttpField
 978:            46           2208  org.kohsuke.stapler.jelly.IncludeTag
 979:            55           2200  org.codehaus.groovy.runtime.GroovyCategorySupport$CategoryMethodList
 980:            55           2200  sun.reflect.UnsafeQualifiedStaticLongFieldAccessorImpl
 981:            55           2200  sun.security.x509.AuthorityKeyIdentifierExtension
 982:            91           2184  org.eclipse.jetty.util.log.JavaUtilLog
 983:            39           2184  org.jenkinsci.plugins.ssegateway.sse.AsynchEventDispatcher
 984:           136           2176  jenkins.security.NonSerializableSecurityContext
 985:             3           2168  [Ljava.lang.Thread;
 986:            54           2160  java.util.EnumMap
 987:             3           2144  [Lorg.apache.commons.lang.IntHashMap$Entry;
 988:            67           2144  org.acegisecurity.context.HttpSessionContextIntegrationFilter$OnRedirectUpdateSessionResponseWrapper
 989:            89           2136  hudson.plugins.timestamper.pipeline.GlobalDecorator$1
 990:            89           2136  java.util.concurrent.ConcurrentLinkedQueue
 991:            89           2136  java.util.regex.Pattern$7
 992:            89           2136  jenkins.plugins.logstash.LogstashOutputStream
 993:            38           2128  java.util.HashMap$TreeNode
 994:           133           2128  org.jenkinsci.plugins.workflow.job.properties.DisableConcurrentBuildsJobProperty
 995:            53           2120  sun.security.ec.NamedCurve
 996:            44           2112  hudson.slaves.NodeProvisioner
 997:           132           2112  java.util.TreeMap$KeySet
 998:            66           2112  sun.font.FontConfigManager$FontConfigFont
 999:            66           2112  sun.nio.ch.AllocatedNativeObject
1000:            87           2088  [Lorg.codehaus.groovy.ast.stmt.Statement;
1001:            65           2080  [Ljava.time.format.DateTimeFormatter;
1002:            52           2080  com.trilead.ssh2.crypto.cipher.AES
1003:            52           2080  com.trilead.ssh2.crypto.cipher.CTRMode
1004:            65           2080  hudson.security.ChainedServletFilter$1
1005:            26           2080  java.util.concurrent.ThreadPoolExecutor
1006:            13           2080  org.h2.mvstore.db.MVTable
1007:            65           2080  org.kohsuke.stapler.TokenList
1008:             1           2064  [Lorg.eclipse.jetty.http.HttpGenerator$PreparedResponse;
1009:            86           2064  jenkins.plugins.git.AbstractGitSCMSource$SpecificRevisionBuildChooser
1010:            86           2064  org.kohsuke.stapler.MetaClass$9
1011:           128           2048  org.eclipse.jgit.internal.storage.file.WindowCache$Lock
1012:           128           2048  org.jenkinsci.plugins.workflow.cps.CpsBodyExecution$FailureAdapter
1013:           128           2048  org.jenkinsci.plugins.workflow.cps.CpsBodyExecution$SuccessAdapter
1014:            51           2040  hudson.model.Computer$TerminationRequest
1015:            17           2040  hudson.remoting.RemoteClassLoader
1016:           127           2032  javax.security.auth.x500.X500Principal
1017:            84           2016  com.fasterxml.jackson.databind.PropertyName
1018:           126           2016  groovyjarjarantlr.collections.impl.BitSet
1019:            28           2016  org.jenkinsci.plugins.workflow.cps.CpsGroovyShell$TimingLoader
1020:            83           1992  org.owasp.html.CssSchema$Property
1021:            82           1968  java.lang.StringBuffer
1022:            82           1968  jenkins.scm.api.SCMRevisionAction
1023:            82           1968  jenkins.security.stapler.StaplerDispatchValidator$ValidatorCache$$Lambda$503/376502039
1024:            49           1960  jenkins.plugins.logstash.persistence.BuildData$TestData
1025:            35           1960  org.h2.expression.ExpressionColumn
1026:            61           1952  org.eclipse.jetty.http2.hpack.HpackContext$StaticEntry
1027:            81           1944  jenkins.model.BuildDiscarderProperty
1028:            27           1944  org.h2.mvstore.tx.Transaction
1029:            81           1944  org.jenkinsci.plugins.pipeline.modeldefinition.ast.ModelASTStages
1030:            60           1920  com.fasterxml.jackson.databind.ser.impl.ReadOnlyClassToSerializerMap$Bucket
1031:            60           1920  com.fasterxml.jackson.databind.util.TypeKey
1032:            30           1920  com.jcraft.jzlib.GZIPHeader
1033:            40           1920  com.sun.org.apache.xerces.internal.util.XMLAttributesImpl$Attribute
1034:            60           1920  org.eclipse.jetty.http.HttpStatus$Code
1035:            80           1920  org.jenkinsci.plugins.pipeline.modeldefinition.ast.ModelASTOptions
1036:            80           1920  org.jenkinsci.plugins.pipeline.modeldefinition.ast.ModelASTPostBuild
1037:            80           1920  org.kohsuke.stapler.jelly.ResourceBundle
1038:            20           1920  sun.font.CompositeFont
1039:           119           1904  okhttp3.CipherSuite
1040:           119           1904  okhttp3.CipherSuite
1041:            79           1896  io.jenkins.blueocean.commons.stapler.export.TreePruner$ByDepth
1042:            79           1896  org.jenkinsci.plugins.pipeline.modeldefinition.model.Environment
1043:           118           1888  java.util.concurrent.locks.ReentrantReadWriteLock$ReadLock
1044:           118           1888  java.util.concurrent.locks.ReentrantReadWriteLock$Sync$ThreadLocalHoldCounter
1045:           118           1888  java.util.concurrent.locks.ReentrantReadWriteLock$WriteLock
1046:            26           1872  com.trilead.ssh2.transport.KexManager
1047:            26           1872  com.trilead.ssh2.transport.TransportManager
1048:           117           1872  hudson.CloseProofOutputStream
1049:            78           1872  javax.naming.ldap.Rdn$RdnEntry
1050:            78           1872  org.jenkinsci.plugins.pipeline.modeldefinition.model.Agent
1051:            39           1872  org.kohsuke.stapler.framework.adjunct.Adjunct
1052:            48           1856  [Ljavax.servlet.http.Cookie;
1053:           116           1856  jenkins.branch.BranchIndexingCause
1054:            58           1856  jenkins.security.LastGrantedAuthoritiesProperty
1055:           116           1856  org.eclipse.jetty.util.thread.ScheduledExecutorScheduler$ScheduledFutureTask
1056:            29           1856  org.jenkinsci.plugins.durabletask.BourneShellScript$ShellController
1057:            33           1848  com.fasterxml.jackson.databind.type.MapType
1058:           115           1840  java.util.Collections$SingletonSet
1059:            19           1824  io.jenkins.blueocean.rest.impl.pipeline.PipelineNodeGraphVisitor
1060:            76           1824  io.jenkins.blueocean.rest.impl.pipeline.PipelineRunImpl
1061:           114           1824  java.nio.channels.spi.AbstractInterruptibleChannel$1
1062:            76           1824  java.security.spec.ECPoint
1063:            76           1824  org.jenkinsci.plugins.pipeline.modeldefinition.ast.ModelASTBuildParameters
1064:           114           1824  org.kohsuke.stapler.jelly.groovy.GroovyClassLoaderTearOff$1
1065:            38           1824  sun.util.locale.provider.LocaleResources$ResourceReference
1066:            58           1816  [Lorg.h2.table.Column;
1067:            69           1816  [Lorg.h2.table.IndexColumn;
1068:            64           1816  [Lorg.kohsuke.stapler.export.Property;
1069:           113           1808  java.util.Collections$UnmodifiableSet
1070:            75           1800  org.eclipse.jetty.server.session.Session$SessionInactivityTimer
1071:            75           1800  org.jenkinsci.plugins.pipeline.modeldefinition.ast.ModelASTMethodCall
1072:            56           1792  java.security.spec.EllipticCurve
1073:            56           1792  java.util.ResourceBundle$LoaderReference
1074:           112           1792  okhttp3.CipherSuite
1075:            56           1792  org.h2.mvstore.db.ValueDataType
1076:            79           1776  [Ljava.lang.Character;
1077:            74           1776  org.jenkinsci.plugins.workflow.cps.EnvActionImpl
1078:            22           1760  com.sun.org.apache.xalan.internal.xsltc.trax.TransformerFactoryImpl
1079:           110           1760  com.sun.proxy.$Proxy7
1080:            55           1760  org.owasp.html.ElementAndAttributePolicies
1081:            73           1752  net.sf.json.JSONArray
1082:            73           1752  org.apache.commons.beanutils.BeanUtilsBean
1083:            31           1736  hudson.model.Queue$BuildableItem
1084:            31           1736  sun.security.provider.SHA
1085:            72           1728  com.sun.org.apache.xerces.internal.util.XMLStringBuffer
1086:            72           1728  hudson.util.Secret
1087:            72           1728  java.util.concurrent.ConcurrentLinkedDeque$Node
1088:            72           1728  org.jenkinsci.plugins.structs.SymbolLookup$Key
1089:           107           1712  org.jenkinsci.plugins.workflow.multibranch.SCMBinder
1090:            71           1704  hudson.model.BooleanParameterValue
1091:            71           1704  hudson.util.CopyOnWriteMap$Tree
1092:            71           1704  java.util.regex.Pattern$Dollar
1093:            71           1704  org.eclipse.jetty.util.AtomicBiInteger
1094:             4           1696  [Lcom.sun.org.apache.xerces.internal.util.SymbolTable$Entry;
1095:            53           1696  com.jcraft.jzlib.GZIPOutputStream
1096:            21           1680  com.thoughtworks.xstream.core.util.CompositeClassLoader
1097:           105           1680  com.thoughtworks.xstream.mapper.DefaultMapper
1098:           105           1680  jenkins.security.apitoken.ApiTokenStore
1099:            70           1680  org.eclipse.jetty.io.AbstractEndPoint$1
1100:            70           1680  org.eclipse.jetty.io.AbstractEndPoint$2
1101:            70           1680  org.eclipse.jetty.util.SharedBlockingCallback$Blocker
1102:           105           1680  org.kohsuke.stapler.jelly.InternationalizedStringExpression$1
1103:            42           1680  sun.misc.FloatingDecimal$BinaryToASCIIBuffer
1104:            92           1672  [Ljava.lang.Boolean;
1105:            52           1664  com.sun.crypto.provider.HmacCore$HmacSHA512
1106:            52           1664  com.trilead.ssh2.channel.Channel$Output
1107:            69           1656  org.eclipse.jetty.util.HostPort
1108:            41           1640  com.github.benmanes.caffeine.cache.PSW
1109:            34           1632  [Lnet.i2p.crypto.eddsa.math.GroupElement;
1110:            17           1632  com.fasterxml.jackson.databind.deser.BeanDeserializer
1111:           102           1632  com.sun.proxy.$Proxy26
1112:            68           1632  org.eclipse.jetty.util.thread.ReservedThreadExecutor$ReservedThread
1113:            58           1608  [Ljava.lang.annotation.ElementType;
1114:            67           1608  org.eclipse.jetty.security.authentication.DeferredAuthentication
1115:            67           1608  org.kohsuke.stapler.compression.CompressionServletResponse
1116:            11           1592  [Ljava.lang.reflect.Method;
1117:            66           1584  com.cloudbees.jenkins.plugins.bitbucket.PullRequestSCMRevision
1118:            66           1584  jenkins.security.ImpersonatingScheduledExecutorService$1
1119:            66           1584  org.eclipse.jetty.http.DateGenerator
1120:            99           1584  org.kohsuke.stapler.jelly.groovy.GroovyTagFileLoader
1121:             2           1568  [Lorg.h2.value.ValueInt;
1122:            13           1560  hudson.slaves.SlaveComputer
1123:            16           1536  [Lcom.sun.org.apache.xerces.internal.xni.QName;
1124:            48           1536  com.cloudbees.groovy.cps.impl.AttributeAccessBlock
1125:            96           1536  com.sun.proxy.$Proxy20
1126:            64           1536  hudson.model.BooleanParameterDefinition
1127:            48           1536  org.apache.commons.jelly.tags.define.InvokeBodyTag
1128:            48           1536  org.eclipse.jetty.server.CookieCutter
1129:            12           1536  org.jenkinsci.plugins.vSphereCloudSlaveComputer
1130:            19           1520  com.fasterxml.jackson.databind.deser.impl.FieldProperty
1131:            38           1520  org.dom4j.tree.NamespaceStack
1132:            95           1520  sun.security.x509.GeneralName
1133:            31           1488  java.nio.HeapByteBufferR
1134:            23           1472  org.h2.index.IndexCursor
1135:            26           1456  com.trilead.ssh2.crypto.cipher.CipherInputStream
1136:            60           1440  com.sun.org.apache.xerces.internal.xni.XMLString
1137:            36           1440  hudson.model.queue.FutureImpl
1138:            30           1440  hudson.model.queue.WorkUnitContext
1139:            30           1440  hudson.node_monitors.DiskSpaceMonitorDescriptor$DiskSpace
1140:            30           1440  java.lang.invoke.BoundMethodHandle$Species_L5
1141:            30           1440  java.time.temporal.ValueRange
1142:            45           1440  java.util.RegularEnumSet
1143:            36           1440  org.dom4j.io.OutputFormat
1144:             9           1424  [Lcom.fasterxml.jackson.core.sym.CharsToNameCanonicalizer$Bucket;
1145:            59           1416  jenkins.plugins.git.MergeWithGitSCMExtension
1146:             4           1408  com.sun.org.apache.xerces.internal.impl.XMLNSDocumentScannerImpl
1147:            44           1408  com.sun.org.apache.xerces.internal.util.AugmentationsImpl$SmallContainer
1148:            88           1408  java.lang.ThreadLocal
1149:            11           1408  org.codehaus.groovy.runtime.metaclass.ClosureMetaClass
1150:            58           1400  [Lorg.apache.commons.jelly.expression.Expression;
1151:            35           1400  java.util.regex.Pattern$Loop
1152:            58           1392  com.google.inject.internal.InternalFactoryToInitializableAdapter
1153:            58           1392  hudson.ExtensionFinder$GuiceFinder$SezpozModule$1
1154:            58           1392  hudson.remoting.ProxyInputStream
1155:            58           1392  hudson.remoting.RemoteInputStream
1156:            58           1392  org.eclipse.jetty.http.HttpGenerator$PreparedResponse
1157:            58           1392  org.kohsuke.stapler.jelly.CallTagLibScript$1
1158:             1           1376  [Lsun.misc.FDBigInteger;
1159:            86           1376  hudson.plugins.git.extensions.impl.BuildChooserSetting
1160:            43           1376  hudson.plugins.git.extensions.impl.CloneOption
1161:            86           1376  java.util.AbstractMap$2
1162:            43           1376  org.eclipse.jetty.io.CyclicTimeout$Wakeup
1163:            43           1376  org.owasp.html.ElementAndAttributePolicies
1164:            57           1368  hudson.ExtensionList$1
1165:            17           1360  com.fasterxml.jackson.databind.deser.std.StdValueInstantiator
1166:            17           1360  org.codehaus.groovy.reflection.stdclasses.CachedClosureClass
1167:            28           1344  hudson.model.Queue$LeftItem
1168:            56           1344  io.jenkins.blueocean.commons.stapler.export.FilteringTreePruner
1169:            42           1344  java.io.FileOutputStream
1170:            28           1344  java.net.SocketInputStream
1171:            28           1344  java.net.SocketOutputStream
1172:            56           1344  jenkins.plugins.logstash.persistence.BuildData$TestData$FailedTest
1173:            28           1344  net.sourceforge.pmd.properties.GenericMultiValuePropertyDescriptor
1174:            14           1344  org.codehaus.groovy.ast.ModuleNode
1175:            56           1344  org.codehaus.groovy.control.customizers.ImportCustomizer
1176:            12           1344  org.jenkinsci.plugins.vSphereCloudProvisionedSlave
1177:            24           1328  [Lcom.sun.org.apache.xalan.internal.utils.XMLSecurityManager$State;
1178:            76           1328  [Ljava.math.BigDecimal;
1179:            83           1328  java.util.regex.Pattern$Begin
1180:            55           1320  org.jenkinsci.plugins.workflow.cps.ContextVariableSet
1181:             4           1312  java.util.concurrent.ForkJoinPool$WorkQueue
1182:            41           1312  org.jenkinsci.plugins.workflow.libs.LibraryRecord
1183:            82           1312  org.kohsuke.stapler.IndexDispatcher
1184:            54           1296  com.trilead.ssh2.channel.FifoBuffer$Pointer
1185:            81           1296  java.util.concurrent.atomic.AtomicBoolean
1186:            20           1280  com.trilead.ssh2.Connection
1187:            80           1280  hudson.util.VersionNumber$IntegerItem
1188:            32           1280  io.jenkins.blueocean.i18n.BlueI18n$BundleParams
1189:            40           1280  java.time.format.DateTimeFormatterBuilder$NumberPrinterParser
1190:            80           1280  java.util.concurrent.SynchronousQueue$TransferStack
1191:            53           1272  com.google.common.eventbus.SynchronizedEventHandler
1192:            53           1272  hudson.util.VersionNumber$ListItem
1193:            53           1272  org.jenkinsci.plugins.pubsub.GuavaPubsubBus$GuavaSubscriber
1194:            53           1272  org.kohsuke.stapler.compression.FilterServletOutputStream
1195:             1           1248  [Lcom.amazonaws.services.ec2.model.InstanceType;
1196:            78           1248  [Ljava.lang.Double;
1197:            78           1248  [Ljava.lang.Float;
1198:            39           1248  com.fasterxml.jackson.databind.introspect.AnnotatedConstructor
1199:            26           1248  com.trilead.ssh2.ConnectionInfo
1200:            26           1248  com.trilead.ssh2.channel.ChannelManager
1201:            26           1248  com.trilead.ssh2.crypto.cipher.CipherOutputStream
1202:            52           1248  com.trilead.ssh2.crypto.digest.MessageMac
1203:            78           1248  javax.naming.ldap.Rdn
1204:            39           1248  org.jenkinsci.plugins.pipeline.modeldefinition.model.StageConditionals
1205:            39           1248  sun.security.x509.DistributionPoint
1206:            76           1224  [Ljava.io.File;
1207:            17           1224  org.codehaus.groovy.reflection.stdclasses.ArrayCachedClass
1208:            51           1224  org.jenkinsci.plugins.ssegateway.sse.EventDispatcher$SSEChannelSubscriber
1209:            51           1224  org.kohsuke.stapler.export.FilteringTreePruner
1210:            38           1216  java.security.cert.PolicyQualifierInfo
1211:            76           1216  java.util.Hashtable$EntrySet
1212:            76           1216  org.jenkinsci.plugins.workflow.libs.LibrariesAction
1213:            76           1216  org.jenkinsci.plugins.workflow.steps.BodyExecutionCallback$Wrapper
1214:            38           1216  org.kohsuke.stapler.jelly.DefaultScriptInvoker$$Lambda$73/1922183747
1215:            75           1200  [Ljava.net.URL;
1216:            50           1200  groovy.lang.Binding
1217:            30           1200  java.time.temporal.ChronoField
1218:            75           1200  java.util.Collections$UnmodifiableCollection
1219:            50           1200  org.bouncycastle.asn1.ASN1ObjectIdentifier$OidHandle
1220:            74           1184  [Ljava.sql.Date;
1221:            74           1184  [Ljava.sql.Time;
1222:            74           1184  [Ljava.sql.Timestamp;
1223:            74           1184  [Ljava.util.Calendar;
1224:            74           1184  [Ljava.util.Date;
1225:            37           1184  com.cloudbees.plugins.credentials.impl.UsernamePasswordCredentialsImpl
1226:            37           1184  com.google.inject.internal.asm.$Type
1227:            74           1184  sun.security.x509.DNSName
1228:            73           1168  org.apache.commons.beanutils.expression.DefaultResolver
1229:             2           1152  com.github.benmanes.caffeine.cache.MpscGrowableArrayQueue
1230:            72           1152  com.sun.proxy.$Proxy95
1231:            48           1152  java.util.BitSet
1232:            72           1152  org.kohsuke.stapler.jelly.StaplerTagLibrary
1233:            11           1144  org.h2.jdbc.JdbcConnection
1234:            13           1144  org.h2.mvstore.db.MVPrimaryIndex
1235:            47           1120  [Ljavax.management.ObjectName$Property;
1236:            28           1120  com.trilead.ssh2.channel.FifoBuffer
1237:            35           1120  hudson.remoting.SingleLaneExecutorService
1238:            35           1120  org.apache.commons.jexl.parser.ASTEmptyFunction
1239:            70           1120  org.eclipse.jetty.io.AbstractConnection$ReadCallback
1240:            70           1120  org.eclipse.jetty.io.ChannelEndPoint$1
1241:            70           1120  org.eclipse.jetty.io.IdleTimeout$$Lambda$45/1294929360
1242:            70           1120  org.eclipse.jetty.server.HttpChannel$$Lambda$46/1501394243
1243:            70           1120  org.eclipse.jetty.server.HttpConnection$AsyncReadCallback
1244:            70           1120  org.eclipse.jetty.server.HttpConnection$BlockingReadCallback
1245:            70           1120  org.eclipse.jetty.util.AttributesMap
1246:            14           1120  org.h2.mvstore.db.MVSecondaryIndex
1247:            20           1120  org.jenkinsci.plugins.workflow.cps.CpsThreadGroup
1248:            28           1120  org.jenkinsci.plugins.workflow.cps.DSL
1249:            23           1104  java.util.concurrent.ConcurrentSkipListMap
1250:            34           1088  org.h2.mvstore.tx.VersionedValueUncommitted
1251:            34           1088  org.jboss.marshalling.river.BasicSerializableClassDescriptor
1252:            34           1088  org.kohsuke.stapler.jelly.HTMLWriterOutput
1253:            34           1088  org.springframework.beans.factory.config.ConstructorArgumentValues$ValueHolder
1254:            42           1080  [Ljavax.management.MBeanOperationInfo;
1255:            45           1080  com.cloudbees.groovy.cps.Outcome
1256:            45           1080  com.google.inject.internal.cglib.core.$Signature
1257:            27           1080  com.trilead.ssh2.crypto.CryptoWishList
1258:            45           1080  java.lang.invoke.Invokers
1259:            67           1072  com.cloudbees.jenkins.plugins.bitbucket.FirstCheckoutCompletedInvisibleAction
1260:            67           1072  com.sun.proxy.$Proxy11
1261:             2           1056  [Ljava.util.TimerTask;
1262:            44           1056  com.google.common.cache.LocalCache$WriteQueue$1
1263:            44           1056  org.eclipse.jetty.io.CyclicTimeout$Timeout
1264:            44           1056  org.springframework.beans.MutablePropertyValues
1265:            44           1056  org.springframework.beans.factory.config.ConstructorArgumentValues
1266:            44           1056  sun.nio.ch.NativeThreadSet
1267:            33           1056  sun.reflect.UnsafeQualifiedBooleanFieldAccessorImpl
1268:             1           1040  [Ljava.util.logging.LogRecord;
1269:             1           1040  [Lorg.eclipse.jetty.http.HttpTokens$Token;
1270:             1           1040  [Lsun.text.normalizer.UnicodeSet;
1271:            26           1040  com.trilead.ssh2.crypto.KeyMaterial
1272:            26           1040  org.jenkinsci.plugins.workflow.graph.FlowStartNode
1273:            26           1040  org.jenkinsci.plugins.workflow.support.storage.SimpleXStreamFlowNodeStorage
1274:            43           1032  com.thoughtworks.xstream.converters.reflection.FieldDictionary
1275:            43           1032  com.thoughtworks.xstream.converters.reflection.SunUnsafeReflectionProvider
1276:            43           1032  hudson.plugins.git.util.MergeRecord
1277:            43           1032  java.util.concurrent.locks.ReentrantReadWriteLock$Sync$HoldCounter
1278:            43           1032  org.jenkinsci.plugins.workflow.cps.FlowHead
1279:            64           1024  com.sun.proxy.$Proxy0
1280:            32           1024  io.jenkins.blueocean.i18n.BlueI18n$BundleCacheEntry
1281:            32           1024  org.h2.message.Trace
1282:            64           1024  org.kohsuke.stapler.export.Model$1
1283:            64           1024  org.kohsuke.stapler.export.Model$2
1284:             7           1008  [Lorg.eclipse.jetty.util.TreeTrie;
1285:            63           1008  com.thoughtworks.xstream.converters.extended.JavaClassConverter
1286:            42           1008  com.thoughtworks.xstream.converters.extended.TextAttributeConverter
1287:            18           1008  org.codehaus.groovy.ast.expr.NamedArgumentListExpression
1288:            14           1008  org.jenkinsci.plugins.scriptsecurity.sandbox.groovy.SandboxResolvingClassLoader
1289:            63           1008  org.jenkinsci.plugins.workflow.steps.scm.MultiSCMRevisionState
1290:            63           1008  sun.nio.ch.IOVecWrapper$Deallocator
1291:            25           1000  com.cloudbees.groovy.cps.impl.LoopBlockScopeEnv
1292:            25           1000  org.apache.commons.collections.map.AbstractLinkedMap$LinkEntry
1293:            25           1000  sun.security.ssl.EllipticCurvesExtension$NamedEllipticCurve
1294:            31            992  io.jenkins.blueocean.rest.impl.pipeline.BranchImpl$PullRequest
1295:            62            992  org.acegisecurity.context.SecurityContextImpl
1296:            41            984  hudson.util.StreamTaskListener
1297:            41            984  org.eclipse.jetty.util.component.ContainerLifeCycle$Bean
1298:            41            984  org.h2.index.IndexType
1299:            61            976  com.sun.proxy.$Proxy23
1300:            61            976  java.util.concurrent.ConcurrentHashMap$EntrySetView
1301:            24            960  com.cloudbees.groovy.cps.impl.AssignmentBlock$ContinuationImpl
1302:            40            960  com.sonyericsson.rebuild.RebuildSettings
1303:            30            960  hudson.model.queue.WorkUnit
1304:            30            960  hudson.model.queue.WorkUnitContext$1
1305:            30            960  java.security.Provider$EngineDescription
1306:            24            960  javax.management.MBeanOperationInfo
1307:            24            960  javax.management.ObjectName
1308:            40            960  javax.naming.directory.BasicAttributes
1309:            24            960  org.acegisecurity.userdetails.ldap.LdapUserDetailsImpl
1310:            30            960  org.apache.commons.jelly.tags.core.ChooseTag
1311:            10            960  org.h2.constraint.ConstraintReferential
1312:            24            960  org.jenkinsci.plugins.workflow.cps.CpsGroovyShell
1313:            40            960  org.kohsuke.stapler.MetaClass$10
1314:            30            960  sun.security.provider.SecureRandom
1315:            30            960  sun.security.x509.CertificatePoliciesExtension
1316:            40            960  sun.security.x509.PolicyInformation
1317:            17            952  java.lang.invoke.LambdaFormEditor$Transform
1318:            39            936  javax.naming.ldap.LdapName
1319:            58            928  com.google.inject.Key$AnnotationInstanceStrategy
1320:            58            928  com.google.inject.name.NamedImpl
1321:            29            928  hudson.model.ChoiceParameterDefinition
1322:            58            928  hudson.util.Iterators$5
1323:            29            928  java.net.Socket
1324:            29            928  org.jenkinsci.plugins.workflow.steps.durable_task.ShellStep
1325:            23            920  org.eclipse.jgit.lib.ConfigLine
1326:            57            912  com.google.common.base.CharMatcher$12
1327:            19            912  com.google.common.cache.LocalCache$StrongWriteEntry
1328:            38            912  org.apache.commons.jelly.XMLOutput$NamespaceStack
1329:            19            912  org.eclipse.jetty.http.MimeTypes$Type
1330:            19            912  org.h2.expression.ExpressionVisitor
1331:            38            912  org.jboss.marshalling.river.SimpleClassDescriptor
1332:            38            912  org.kohsuke.stapler.jelly.DefaultScriptInvoker$1
1333:            38            912  org.kohsuke.stapler.jelly.DefaultScriptInvoker$LazyOutputStreamSupplier
1334:            28            896  com.fasterxml.jackson.databind.DeserializationFeature
1335:            28            896  com.fasterxml.jackson.databind.MapperFeature
1336:            56            896  com.sun.proxy.$Proxy3
1337:            28            896  io.jenkins.lib.versionnumber.JavaSpecificationVersion
1338:            28            896  org.apache.commons.lang3.text.translate.LookupTranslator
1339:            16            896  org.codehaus.groovy.ast.expr.BooleanExpression
1340:            16            896  org.codehaus.groovy.reflection.GroovyClassValuePreJava7$GroovyClassValuePreJava7Segment
1341:            28            896  org.jenkinsci.plugins.structs.describable.UninstantiatedDescribable
1342:            28            896  sun.security.x509.CRLDistributionPointsExtension
1343:            37            888  hudson.remoting.AsyncFutureImpl
1344:            37            888  java.io.ByteArrayOutputStream
1345:            37            888  java.util.regex.Pattern$Prolog
1346:            22            880  [Lcom.thoughtworks.xstream.core.util.ThreadSafeSimpleDateFormat;
1347:            22            880  hudson.util.RobustReflectionConverter
1348:            22            880  java.lang.invoke.DirectMethodHandle$Interface
1349:            10            880  java.util.jar.JarVerifier
1350:            55            880  sun.security.x509.GeneralNames
1351:            36            864  hudson.plugins.jira.JiraProjectProperty
1352:            36            864  java.util.regex.Pattern$SliceI
1353:            36            864  javax.management.ObjectName$Property
1354:            12            864  org.h2.mvstore.db.MVDelegateIndex
1355:            27            864  org.h2.mvstore.tx.TransactionMap
1356:            27            864  org.jenkinsci.plugins.workflow.support.actions.WorkspaceActionImpl
1357:            27            864  org.kohsuke.stapler.jelly.JellyViewScript
1358:            27            864  sun.reflect.UnsafeQualifiedIntegerFieldAccessorImpl
1359:            53            848  com.jcraft.jzlib.CRC32
1360:            53            848  java.util.TreeMap$Values
1361:             2            840  [Ljava.time.LocalDateTime;
1362:             3            840  com.github.benmanes.caffeine.cache.BoundedBuffer$RingBuffer
1363:            21            840  com.thoughtworks.xstream.mapper.AttributeMapper
1364:            21            840  hudson.remoting.RemoteInvocationHandler$PhantomReferenceImpl
1365:            15            840  javax.management.openmbean.ArrayType
1366:            35            840  jenkins.scm.api.metadata.ContributorMetadataAction
1367:            35            840  org.jenkinsci.plugins.vsphere.VSphereCloudRetentionStrategy
1368:            15            840  org.jenkinsci.plugins.workflow.graphanalysis.ForkScanner
1369:            35            840  org.kohsuke.stapler.export.TreePruner$ByDepth
1370:            35            840  sun.awt.SunHints$Value
1371:            52            832  com.sun.proxy.$Proxy24
1372:            26            832  com.trilead.ssh2.transport.TransportManager$HandlerEntry
1373:            26            832  hudson.remoting.ProxyOutputStream$EOF
1374:            26            832  io.jenkins.blueocean.commons.stapler.export.ExportConfig
1375:            26            832  io.jenkins.blueocean.commons.stapler.export.JSONDataWriter
1376:            52            832  io.jenkins.blueocean.service.embedded.rest.RunSearch$$Lambda$430/467751264
1377:            52            832  io.jenkins.plugins.casc.impl.configurators.DataBoundConfigurator
1378:            13            832  jenkins.plugins.git.GitSCMSource
1379:             8            832  org.h2.schema.Sequence
1380:            26            832  org.jenkinsci.plugins.workflow.cps.CpsFlowExecution$TimingFlowNodeStorage
1381:            26            832  sun.security.util.MemoryCache
1382:            25            816  [Ljava.io.ObjectStreamField;
1383:            17            816  com.fasterxml.jackson.databind.deser.impl.BeanPropertyMap
1384:            34            816  com.fasterxml.jackson.databind.introspect.AnnotatedClass$Creators
1385:            34            816  com.google.inject.internal.SingleParameterInjector
1386:            51            816  com.sun.proxy.$Proxy28
1387:            34            816  org.jenkinsci.plugins.workflow.cps.CpsScmFlowDefinition
1388:            17            816  sun.management.DiagnosticCommandInfo
1389:            10            800  [Ljava.sql.Statement;
1390:            20            800  [Lsun.font.PhysicalFont;
1391:            25            800  com.fasterxml.jackson.databind.SerializationFeature
1392:            20            800  com.sun.jmx.mbeanserver.MXBeanSupport
1393:             4            800  com.sun.org.apache.xerces.internal.impl.XMLDTDScannerImpl
1394:            20            800  hudson.plugins.git.extensions.impl.SubmoduleOption
1395:            25            800  hudson.util.VersionNumber
1396:            25            800  hudson.util.io.RewindableRotatingFileOutputStream
1397:            25            800  java.security.AlgorithmParameters
1398:            20            800  org.jenkinsci.plugins.workflow.log.DelayBufferedOutputStream
1399:            11            792  com.fasterxml.jackson.databind.deser.std.MapDeserializer
1400:            33            792  hudson.tasks.test.TestResultProjectAction
1401:            33            792  io.jenkins.plugins.casc.impl.configurators.DescriptorConfigurator
1402:            33            792  java.util.Collections$SynchronizedRandomAccessList
1403:            33            792  org.eclipse.jgit.lib.ObjectChecker$ErrorType
1404:            33            792  org.jenkinsci.plugins.scriptsecurity.sandbox.groovy.SecureGroovyScript
1405:            49            784  hudson.plugins.git.extensions.impl.CheckoutOption
1406:            14            784  hudson.remoting.ChannelBuilder
1407:            14            784  org.codehaus.groovy.antlr.AntlrParserPlugin
1408:            14            784  org.codehaus.groovy.control.SourceUnit
1409:            24            768  com.cloudbees.syslog.Facility
1410:            24            768  com.cloudbees.syslog.Facility
1411:            16            768  com.fasterxml.jackson.databind.ser.BeanSerializer
1412:            32            768  com.google.common.cache.LocalCache$AccessQueue$1
1413:            32            768  com.sun.jmx.mbeanserver.DefaultMXBeanMappingFactory$IdentityMapping
1414:             4            768  com.sun.org.apache.xerces.internal.parsers.XIncludeAwareParserConfiguration
1415:            24            768  com.thoughtworks.xstream.io.xml.XmlFriendlyNameCoder
1416:            48            768  hudson.scm.SCMRevisionState$None
1417:            12            768  hudson.slaves.DumbSlave
1418:             2            768  java.util.TimerThread
1419:            16            768  org.codehaus.groovy.util.ManagedConcurrentMap$Segment
1420:            32            768  org.kohsuke.args4j.OptionHandlerRegistry$DefaultConstructorHandlerFactory
1421:            24            768  sun.font.EAttribute
1422:            24            768  sun.security.x509.OIDMap$OIDInfo
1423:            19            760  org.jenkinsci.plugins.workflow.graphanalysis.MemoryFlowChunk
1424:            19            760  sun.security.ec.ECPublicKeyImpl
1425:            47            752  com.cloudbees.plugins.credentials.builds.CredentialsParameterBinder
1426:            47            752  org.jenkinsci.plugins.docker.workflow.ImageAction
1427:            31            744  sun.security.x509.AccessDescription
1428:            23            736  com.sun.org.apache.xalan.internal.utils.XMLSecurityManager
1429:            46            736  io.jenkins.blueocean.commons.stapler.TreeResponse$Processor
1430:            23            736  java.awt.Color
1431:             2            736  org.h2.engine.Database
1432:            23            736  org.joda.time.DateTimeFieldType$StandardDateTimeFieldType
1433:             9            720  com.fasterxml.jackson.databind.DeserializationConfig
1434:             9            720  com.fasterxml.jackson.databind.SerializationConfig
1435:            30            720  com.google.inject.spi.Message
1436:            30            720  hudson.model.queue.Latch
1437:            15            720  hudson.node_monitors.SwapSpaceMonitor$MemoryUsage2
1438:            15            720  hudson.slaves.WorkspaceList$Entry
1439:            15            720  java.lang.management.PlatformComponent
1440:             9            720  java.util.concurrent.ScheduledThreadPoolExecutor
1441:            10            720  org.h2.command.dml.Call
1442:            18            720  sun.management.DiagnosticCommandArgumentInfo
1443:            45            720  sun.nio.ch.FileDispatcherImpl
1444:            18            712  [Ljava.lang.invoke.LambdaForm$BasicType;
1445:             2            712  [Ljava.util.Locale;
1446:            44            704  com.google.common.cache.LocalCache$WriteQueue
1447:             4            704  com.sun.org.apache.xerces.internal.impl.dtd.XMLNSDTDValidator
1448:            44            704  com.sun.org.apache.xerces.internal.util.AugmentationsImpl
1449:            22            704  com.thoughtworks.xstream.converters.basic.DateConverter
1450:            22            704  jenkins.branch.Branch$Dead
1451:            22            704  org.apache.commons.jexl.parser.ASTIntegerLiteral
1452:            22            704  org.apache.commons.jexl.parser.ASTSizeMethod
1453:            22            704  org.codehaus.groovy.runtime.callsite.PogoGetPropertySite
1454:            11            704  org.eclipse.jetty.http.HttpCookie
1455:            11            704  org.eclipse.jetty.server.ResponseWriter
1456:            11            704  org.h2.util.SmallLRUCache
1457:            22            704  org.jenkinsci.plugins.workflow.cps.CpsStepContext$AlreadyCompleted
1458:            44            704  org.springframework.beans.factory.support.MethodOverrides
1459:            29            696  hudson.remoting.Capability
1460:            29            696  net.sf.saxon.type.PrimitiveUType
1461:            29            696  org.jenkinsci.plugins.workflow.steps.durable_task.DurableTaskStep$Execution$NewlineSafeTaskListener
1462:            29            696  org.jenkinsci.plugins.workflow.steps.durable_task.DurableTaskStep$Execution$NewlineSafeTaskListener$1
1463:            29            696  org.kohsuke.stapler.MetaClass$JavaScriptProxyMethodDispatcher
1464:            43            688  com.thoughtworks.xstream.converters.reflection.ImmutableFieldKeySorter
1465:            43            688  hudson.plugins.git.extensions.impl.CleanBeforeCheckout
1466:            43            688  hudson.security.ACLContext
1467:            43            688  org.codehaus.groovy.antlr.AntlrParserPluginFactory
1468:            17            680  java.lang.invoke.MethodHandleImpl$IntrinsicMethodHandle
1469:            19            672  [Lcom.fasterxml.jackson.databind.deser.SettableBeanProperty;
1470:            17            672  [Ljava.lang.invoke.LambdaForm$NamedFunction;
1471:            28            672  com.cloudbees.groovy.cps.Safepoint
1472:            28            672  com.cloudbees.groovy.cps.TransformerConfiguration
1473:            12            672  com.fasterxml.jackson.databind.cfg.BaseSettings
1474:            21            672  com.sun.jmx.mbeanserver.WeakIdentityHashMap$IdentityWeakReference
1475:            21            672  com.thoughtworks.xstream.converters.extended.LookAndFeelConverter
1476:            42            672  com.thoughtworks.xstream.core.JVM
1477:            21            672  com.thoughtworks.xstream.mapper.ClassAliasingMapper
1478:            21            672  com.thoughtworks.xstream.mapper.FieldAliasingMapper
1479:            28            672  com.trilead.ssh2.channel.ChannelInputStream
1480:            21            672  hudson.FilePath
1481:            28            672  jenkins.FilePathFilterAggregator$Entry
1482:            28            672  net.java.sezpoz.impl.SerEnumConst
1483:            21            672  org.acegisecurity.providers.UsernamePasswordAuthenticationToken
1484:            21            672  org.apache.commons.jexl.parser.ASTFalseNode
1485:            14            672  org.codehaus.groovy.ast.CompileUnit
1486:            12            672  org.jenkinsci.plugins.pipeline.modeldefinition.model.Root
1487:            28            672  org.jenkinsci.plugins.pipeline.modeldefinition.parser.GroovyShellDecoratorImpl$1
1488:            12            672  org.jenkinsci.plugins.vSphereCloudLauncher
1489:            14            672  org.jenkinsci.plugins.workflow.graph.FlowEndNode
1490:            12            672  org.jenkinsci.plugins.workflow.steps.TimeoutStepExecution
1491:            21            672  org.objectweb.asm.Type
1492:            12            672  sun.security.ssl.CipherSuite$BulkCipher
1493:             2            656  [Lorg.eclipse.jetty.http.HttpHeader;
1494:            41            656  javax.naming.CompositeName
1495:             9            648  com.fasterxml.jackson.databind.deser.DefaultDeserializationContext$Impl
1496:             9            648  com.fasterxml.jackson.databind.ser.DefaultSerializerProvider$Impl
1497:            27            648  com.trilead.ssh2.DHGexParameters
1498:            27            648  java.time.LocalTime
1499:            27            648  org.h2.expression.aggregate.AggregateType
1500:            27            648  org.jenkinsci.plugins.workflow.support.steps.ExecutorStepExecution$QueueItemActionImpl
1501:            27            648  org.kohsuke.stapler.jelly.CustomJellyContext$CustomXMLParser$I18nExpWithArgsExpression
1502:            18            640  [Lcom.fasterxml.jackson.databind.ser.BeanPropertyWriter;
1503:            16            640  [Ljava.lang.invoke.BoundMethodHandle$SpeciesData;
1504:             2            640  [[[I
1505:            16            640  java.lang.invoke.DirectMethodHandle$Constructor
1506:            20            640  org.apache.commons.jelly.tags.core.OtherwiseTag
1507:            16            640  org.codehaus.groovy.runtime.metaclass.NewStaticMetaMethod
1508:            10            640  org.h2.constraint.ConstraintUnique
1509:             5            640  org.kxml2.io.KXmlParser
1510:            10            640  org.springframework.beans.BeanWrapperImpl
1511:            40            640  sun.security.x509.CertificatePolicyId
1512:            24            624  [Lcom.fasterxml.jackson.databind.introspect.AnnotationMap;
1513:             5            624  [Lcom.fasterxml.jackson.databind.ser.impl.ReadOnlyClassToSerializerMap$Bucket;
1514:             3            624  [Ljava.lang.invoke.LambdaForm;
1515:            13            624  com.fasterxml.jackson.core.JsonToken
1516:            39            624  com.sun.proxy.$Proxy18
1517:            26            624  com.trilead.ssh2.channel.ChannelOutputStream
1518:            26            624  com.trilead.ssh2.transport.ClientServerHello
1519:            26            624  hudson.plugins.ansicolor.action.ColorizedAction
1520:            26            624  hudson.plugins.sshslaves.SSHLauncher$ServerHostKeyVerifierImpl
1521:            26            624  java.security.spec.ECFieldF2m
1522:            39            624  java.util.regex.Pattern$CharPropertyNames$1
1523:            26            624  org.eclipse.jetty.webapp.ClasspathPattern$PackageEntry
1524:            26            624  org.jenkinsci.plugins.workflow.job.WorkflowRun$Owner
1525:            26            624  org.jenkinsci.plugins.workflow.steps.EnvironmentExpander$MergedEnvironmentExpander
1526:            13            624  org.jenkinsci.plugins.workflow.steps.FlowInterruptedException
1527:            13            624  org.jenkinsci.plugins.workflow.support.steps.ExecutorStepExecution$PlaceholderTask
1528:            11            616  com.fasterxml.jackson.databind.deser.std.CollectionDeserializer
1529:            11            616  org.jenkinsci.plugins.workflow.support.steps.ExecutorStepExecution$PlaceholderTask$PlaceholderExecutable$1
1530:            19            608  com.trilead.ssh2.Session
1531:            19            608  com.trilead.ssh2.auth.AuthenticationManager
1532:            38            608  hudson.Functions
1533:            19            608  hudson.diagnosis.OldDataMonitor$VersionRange
1534:            19            608  java.lang.Exception
1535:            19            608  java.lang.reflect.WeakCache$CacheKey
1536:            19            608  jenkins.plugins.DetachedPluginsUtil$DetachedPlugin
1537:            38            608  net.sf.saxon.type.UType
1538:            10            600  [Ljava.util.Map;
1539:             1            600  [Lorg.owasp.html.HtmlElementTables$FreeWrapper;
1540:            25            600  com.sun.jmx.mbeanserver.PerInterface$MethodAndSig
1541:            25            600  java.lang.ThreadLocal$SuppliedThreadLocal
1542:            15            600  java.lang.invoke.BoundMethodHandle$SpeciesData
1543:            15            600  org.h2.util.ColumnNamerConfiguration
1544:            25            600  org.jenkinsci.plugins.scriptsecurity.sandbox.whitelists.EnumeratingWhitelist$NewSignature
1545:            25            600  org.jenkinsci.plugins.workflow.cps.persistence.IteratorHack$Itr
1546:            25            600  org.jenkinsci.plugins.workflow.graph.StandardGraphLookupView
1547:            25            600  sun.nio.cs.CharsetMapping$Entry
1548:             2            592  [Lorg.eclipse.jetty.http2.hpack.HpackContext$StaticEntry;
1549:            37            592  com.sun.proxy.$Proxy40
1550:            17            584  [Lorg.codehaus.groovy.classgen.asm.MethodCaller;
1551:            24            576  com.cloudbees.groovy.cps.impl.LocalVariableBlock$LocalVariable
1552:             9            576  com.fasterxml.jackson.core.sym.ByteQuadsCanonicalizer
1553:             9            576  com.fasterxml.jackson.core.sym.CharsToNameCanonicalizer
1554:            24            576  com.thoughtworks.xstream.converters.basic.BooleanConverter
1555:            24            576  com.thoughtworks.xstream.core.util.PrioritizedList
1556:            24            576  groovy.lang.Reference
1557:            24            576  hudson.security.LDAPSecurityRealm$DelegatedLdapAuthentication
1558:            24            576  java.util.concurrent.Executors$DefaultThreadFactory
1559:            18            576  javax.management.MBeanParameterInfo
1560:            18            576  net.sourceforge.pmd.properties.BooleanProperty
1561:            12            576  org.codehaus.groovy.ast.stmt.IfStatement
1562:            12            576  org.h2.command.CommandContainer
1563:             9            576  org.h2.engine.Mode
1564:            12            576  org.jenkinsci.plugins.workflow.job.WorkflowRun$2
1565:            12            576  org.kohsuke.stapler.export.FieldProperty
1566:            23            568  [Lcom.sun.org.apache.xalan.internal.utils.FeaturePropertyBase$State;
1567:            23            568  [Ljdk.xml.internal.JdkXmlFeatures$State;
1568:            24            568  [Lorg.h2.expression.Expression;
1569:            14            560  com.cloudbees.groovy.cps.SandboxCpsTransformer
1570:            10            560  com.zaxxer.hikari.pool.PoolEntry
1571:            14            560  hudson.model.BallColor
1572:            35            560  hudson.remoting.SingleLaneExecutorService$1
1573:            14            560  javax.management.openmbean.SimpleType
1574:            35            560  org.apache.commons.jelly.tags.define.DefineTagLibrary
1575:            14            560  org.codehaus.groovy.classgen.BytecodeSequence
1576:            14            560  org.codehaus.groovy.runtime.callsite.GetEffectivePojoPropertySite
1577:             7            560  org.eclipse.jetty.servlet.FilterHolder
1578:            10            560  org.kohsuke.stapler.jelly.groovy.JellyBuilder
1579:            10            560  sun.invoke.util.Wrapper
1580:            23            552  com.cloudbees.groovy.cps.impl.WhileBlock
1581:            23            552  com.sun.jmx.mbeanserver.NamedObject
1582:            23            552  com.thoughtworks.xstream.mapper.EnumMapper
1583:            23            552  java.time.Duration
1584:            23            552  org.jenkinsci.plugins.pipeline.modeldefinition.model.Parallel
1585:            23            552  org.jenkinsci.plugins.pipeline.utility.steps.shaded.org.yaml.snakeyaml.tokens.Token$ID
1586:            23            552  org.yaml.snakeyaml.tokens.Token$ID
1587:             2            544  [Lorg.eclipse.jetty.io.ByteBufferPool$Bucket;
1588:            17            544  com.google.inject.internal.Errors
1589:            34            544  hudson.ExpressionFactory2$JellyJexlContext
1590:            34            544  hudson.ExpressionFactory2$JellyMap
1591:            34            544  hudson.plugins.sshslaves.verifiers.NonVerifyingKeyVerificationStrategy
1592:            17            544  io.jenkins.blueocean.rest.impl.pipeline.MultiBranchPipelineImpl
1593:            17            544  net.sourceforge.pmd.properties.PropertyTypeId
1594:            17            544  org.apache.commons.text.lookup.DefaultStringLookup
1595:            34            544  org.jenkinsci.plugins.workflow.steps.EnvironmentExpander$ConstantEnvironmentExpander
1596:            17            544  org.kohsuke.stapler.export.ExportConfig
1597:            17            544  org.kohsuke.stapler.export.JSONDataWriter
1598:            17            544  sun.management.DiagnosticCommandImpl$Wrapper
1599:            17            544  sun.reflect.UnsafeIntegerFieldAccessorImpl
1600:            17            544  sun.security.x509.AuthorityInfoAccessExtension
1601:            17            544  sun.security.x509.ExtendedKeyUsageExtension
1602:             1            528  [Lorg.eclipse.jgit.internal.storage.file.WindowCache$Lock;
1603:            22            528  com.cloudbees.groovy.cps.impl.WhileBlock$ContinuationImpl
1604:            33            528  com.fasterxml.jackson.databind.introspect.AnnotatedMethodMap
1605:            22            528  com.sun.org.apache.xalan.internal.utils.XMLSecurityPropertyManager
1606:            22            528  com.thoughtworks.xstream.io.xml.XmlFriendlyNameCoder$IntPair
1607:            22            528  hudson.util.XStream2$PluginClassOwnership
1608:            22            528  java.lang.ProcessEnvironment$Value
1609:            22            528  java.lang.ProcessEnvironment$Variable
1610:            11            528  java.lang.invoke.MethodHandleImpl$WrappedMember
1611:            22            528  java.util.Collections$SynchronizedCollection
1612:            22            528  jdk.xml.internal.JdkXmlFeatures
1613:            22            528  org.eclipse.jetty.http.HttpParser$State
1614:            33            528  org.kohsuke.stapler.bind.BoundObjectTable$StrongRef
1615:            22            528  org.springframework.beans.BeanWrapperImpl$PropertyTokenHolder
1616:            13            520  com.sun.jmx.mbeanserver.PerInterface
1617:             7            512  [Lsun.invoke.util.Wrapper;
1618:            16            512  com.cloudbees.jenkins.plugins.bitbucket.hooks.HookEventType
1619:             8            512  com.fasterxml.jackson.databind.MappingJsonFactory
1620:             8            512  com.fasterxml.jackson.databind.ObjectMapper
1621:            32            512  com.google.common.cache.LocalCache$AccessQueue
1622:             4            512  com.sun.org.apache.xerces.internal.impl.XMLEntityManager
1623:            16            512  io.jenkins.plugins.analysis.core.util.IssuesStatistics$StatisticProperties
1624:            16            512  java.time.temporal.ChronoUnit
1625:            16            512  javax.imageio.spi.DigraphNode
1626:            16            512  net.sf.saxon.lib.XQueryFunctionAnnotationHandler$DisallowedCombination
1627:            16            512  net.sf.saxon.om.StructuredQName
1628:            32            512  org.apache.commons.lang.time.FastDateFormat$CharacterLiteral
1629:            16            512  sun.security.ssl.CipherSuite$KeyExchange
1630:            21            504  com.thoughtworks.xstream.converters.basic.StringConverter
1631:            21            504  com.thoughtworks.xstream.converters.collections.CollectionConverter
1632:            21            504  com.thoughtworks.xstream.converters.collections.MapConverter
1633:            21            504  com.thoughtworks.xstream.converters.collections.SingletonCollectionConverter
1634:            21            504  com.thoughtworks.xstream.converters.collections.SingletonMapConverter
1635:            21            504  com.thoughtworks.xstream.converters.collections.TreeMapConverter
1636:            21            504  com.thoughtworks.xstream.converters.collections.TreeSetConverter
1637:            21            504  com.thoughtworks.xstream.converters.collections.TreeSetConverter$1
1638:            21            504  com.thoughtworks.xstream.converters.enums.EnumMapConverter
1639:            21            504  com.thoughtworks.xstream.converters.extended.DynamicProxyConverter
1640:            21            504  com.thoughtworks.xstream.converters.extended.FontConverter
1641:            21            504  com.thoughtworks.xstream.converters.extended.JavaFieldConverter
1642:            21            504  com.thoughtworks.xstream.converters.extended.ThrowableConverter
1643:            21            504  com.thoughtworks.xstream.converters.reflection.ExternalizableConverter
1644:            21            504  com.thoughtworks.xstream.core.DefaultConverterLookup
1645:            21            504  com.thoughtworks.xstream.core.util.SelfStreamingInstanceChecker
1646:            21            504  com.thoughtworks.xstream.core.util.WeakCache
1647:            21            504  com.thoughtworks.xstream.mapper.AttributeAliasingMapper
1648:            21            504  com.thoughtworks.xstream.mapper.CachingMapper
1649:            21            504  com.thoughtworks.xstream.mapper.DefaultImplementationsMapper
1650:            21            504  com.thoughtworks.xstream.mapper.DynamicProxyMapper
1651:            21            504  com.thoughtworks.xstream.mapper.ImmutableTypesMapper
1652:            21            504  com.thoughtworks.xstream.mapper.ImplicitCollectionMapper
1653:            21            504  com.thoughtworks.xstream.mapper.LocalConversionMapper
1654:            21            504  com.thoughtworks.xstream.mapper.OuterClassMapper
1655:            21            504  com.thoughtworks.xstream.mapper.PackageAliasingMapper
1656:            21            504  com.thoughtworks.xstream.mapper.SecurityMapper
1657:            21            504  com.thoughtworks.xstream.mapper.SystemAttributeAliasingMapper
1658:            21            504  hudson.model.Queue$JobOffer
1659:            21            504  hudson.util.CopyOnWriteMap$Tree$ConverterImpl
1660:            21            504  hudson.util.DescribableList$ConverterImpl
1661:            21            504  hudson.util.NamingThreadFactory
1662:            21            504  hudson.util.RobustCollectionConverter
1663:            21            504  hudson.util.RobustMapConverter
1664:            21            504  hudson.util.XStream2$2
1665:            21            504  hudson.util.XStream2$3
1666:            21            504  hudson.util.XStream2$AssociatedConverterImpl
1667:            21            504  hudson.util.XStream2$CompatibilityMapper
1668:            21            504  hudson.util.XStream2$MapperInjectionPoint
1669:            21            504  hudson.util.xstream.ImmutableListConverter
1670:            21            504  hudson.util.xstream.ImmutableMapConverter
1671:            21            504  hudson.util.xstream.ImmutableSetConverter
1672:            21            504  hudson.util.xstream.ImmutableSortedSetConverter
1673:            21            504  java.util.AbstractMap$SimpleImmutableEntry
1674:             9            504  javax.management.openmbean.CompositeType
1675:             3            504  org.springframework.beans.factory.support.DefaultListableBeanFactory
1676:            21            504  sun.security.provider.certpath.X509CertPath
1677:            21            504  sun.security.x509.AVAKeyword
1678:            31            496  com.sun.proxy.$Proxy47
1679:            31            496  org.h2.mvstore.tx.VersionedValueType
1680:            10            480  [Lsun.awt.SunHints$Value;
1681:            12            480  [Lsun.font.FontConfigManager$FontConfigFont;
1682:            30            480  com.cloudbees.groovy.cps.impl.ContinuationPtr
1683:            15            480  com.fasterxml.jackson.core.JsonParser$Feature
1684:            20            480  com.fasterxml.jackson.databind.util.LRUMap
1685:             4            480  com.sun.org.apache.xerces.internal.jaxp.SAXParserImpl$JAXPSAXParser
1686:            30            480  com.sun.proxy.$Proxy44
1687:            30            480  com.sun.proxy.$Proxy63
1688:            15            480  hudson.node_monitors.ResponseTimeMonitor$Data
1689:            20            480  hudson.plugins.jobConfigHistory.JobConfigHistoryProjectAction
1690:            15            480  hudson.slaves.WorkspaceList$AllocationAt
1691:            12            480  hudson.util.spring.BeanBuilder$ConfigurableRuntimeBeanReference
1692:            10            480  hudson.util.spring.DefaultBeanConfiguration
1693:            15            480  io.jenkins.blueocean.rest.impl.pipeline.PipelineNodeContainerImpl
1694:            15            480  java.lang.invoke.SimpleMethodHandle
1695:            15            480  java.nio.channels.Channels$1
1696:            30            480  java.security.spec.ECFieldFp
1697:            12            480  jenkins.plugins.office365connector.Webhook
1698:            10            480  org.apache.commons.jelly.impl.StaticTag
1699:            20            480  org.apache.http.entity.ContentType
1700:            15            480  org.codehaus.groovy.util.ListHashMap
1701:            20            480  org.eclipse.jetty.servlet.Source
1702:            15            480  org.jenkinsci.plugins.workflow.cps.CpsFlowExecution$Timing
1703:            20            480  org.jenkinsci.plugins.workflow.cps.CpsVmExecutorService
1704:            20            480  org.jenkinsci.plugins.workflow.log.DelayBufferedOutputStream$FlushControlledOutputStream
1705:            20            480  org.jenkinsci.plugins.workflow.steps.EnvStep$Execution
1706:            15            480  org.kohsuke.asm6.Type
1707:            20            480  org.owasp.html.TagBalancingHtmlStreamEventReceiver$ElementContainmentRelationships$ElementGroup
1708:            12            480  sun.font.FontConfigManager$FcCompFont
1709:            12            480  sun.security.util.DisabledAlgorithmConstraints$KeySizeConstraint
1710:            14            472  [Lio.jenkins.remoting.shaded.org.jenkinsci.constant_pool_scanner.ConstantType;
1711:            14            472  [Lorg.jenkinsci.constant_pool_scanner.ConstantType;
1712:             2            456  [Ljava.time.ZoneOffset;
1713:            19            456  [Ljavax.management.MBeanParameterInfo;
1714:            19            456  com.fasterxml.jackson.databind.ser.impl.PropertySerializerMap$Single
1715:            19            456  org.apache.http.entity.ContentType
1716:            19            456  org.jenkinsci.plugins.workflow.cps.steps.ParallelStep$ResultHandler$Callback
1717:            19            456  winstone.cmdline.Option$OInt
1718:            22            448  [Ljava.security.CodeSigner;
1719:            14            448  com.cloudbees.groovy.cps.CpsTransformer
1720:            14            448  com.sun.org.apache.xml.internal.dtm.ref.ExtendedType
1721:            14            448  hudson.remoting.ExportTable
1722:            14            448  hudson.slaves.SlaveComputer$1
1723:             8            448  hudson.tools.DownloadFromUrlInstaller$DescriptorImpl$1
1724:             8            448  javax.management.openmbean.OpenMBeanParameterInfoSupport
1725:            14            448  org.codehaus.groovy.classgen.Verifier$2
1726:            14            448  org.codehaus.groovy.control.io.StringReaderSource
1727:            14            448  org.kohsuke.groovy.sandbox.SandboxTransformer$VisitorImpl
1728:            14            448  sun.reflect.UnsafeLongFieldAccessorImpl
1729:             8            448  sun.security.rsa.RSAPrivateCrtKeyImpl
1730:            14            448  sun.security.ssl.HandshakeStateManager$HandshakeState
1731:            14            448  sun.security.ssl.SignatureAndHashAlgorithm
1732:            16            440  [Lcom.google.inject.internal.SingleParameterInjector;
1733:            11            440  com.google.inject.internal.LinkedBindingImpl
1734:            11            440  java.io.BufferedInputStream
1735:            11            440  net.sourceforge.pmd.properties.IntegerProperty
1736:            11            440  org.eclipse.jetty.server.Utf8HttpWriter
1737:            11            440  org.eclipse.jetty.util.ArrayTrie
1738:            11            440  org.h2.expression.function.Function
1739:            11            440  org.h2.util.CloseWatcher
1740:            11            440  org.kohsuke.stapler.MetaClass$3
1741:             1            432  [[[C
1742:             9            432  com.fasterxml.jackson.databind.ser.impl.IndexedListSerializer
1743:             2            432  com.github.benmanes.caffeine.cache.WSS
1744:            18            432  com.google.gson.internal.bind.TypeAdapters$32
1745:             9            432  com.google.inject.internal.InstanceBindingImpl
1746:            18            432  com.thoughtworks.xstream.core.util.FastStack
1747:            27            432  hudson.scm.NullSCM
1748:            27            432  hudson.util.CopyOnWriteList$ConverterImpl
1749:            18            432  java.text.DateFormat$Field
1750:            27            432  jenkins.plugins.git.GitSCMSourceDefaults
1751:            18            432  net.sourceforge.pmd.properties.constraints.ConstraintFactory$1
1752:             2            432  org.h2.command.dml.Select
1753:             2            432  org.h2.mvstore.MVStore
1754:            18            432  org.h2.mvstore.type.ObjectDataType$StringType
1755:             9            432  org.jenkinsci.plugins.envinject.EnvInjectJobPropertyInfo
1756:            18            432  org.jenkinsci.plugins.pipeline.modeldefinition.ast.ModelASTInternalFunctionCall
1757:            18            432  org.jenkinsci.plugins.pipeline.modeldefinition.ast.ModelASTPositionalArgumentList
1758:            18            432  org.owasp.html.HtmlInputSplitter$State
1759:             1            416  [Lorg.h2.value.ValueLong;
1760:            13            416  com.sun.org.apache.xerces.internal.util.XMLResourceIdentifierImpl
1761:            26            416  com.sun.proxy.$Proxy60
1762:            13            416  hudson.remoting.ChunkedCommandTransport
1763:            13            416  hudson.remoting.FlightRecorderInputStream$ByteArrayRingBuffer
1764:            26            416  hudson.slaves.WorkspaceList
1765:            26            416  io.jenkins.blueocean.commons.stapler.Export$BlueOceanExportInterceptor
1766:            13            416  java.lang.InterruptedException
1767:            13            416  org.apache.commons.jexl.parser.Parser$JJCalls
1768:            13            416  org.h2.index.IndexCondition
1769:            13            416  org.jenkinsci.plugins.workflow.libs.LibraryConfiguration
1770:            26            416  org.jenkinsci.plugins.workflow.support.storage.SimpleXStreamFlowNodeStorage$1
1771:             4            416  sun.net.www.protocol.file.FileURLConnection
1772:            13            408  [Lorg.apache.commons.lang3.text.translate.CharSequenceTranslator;
1773:             9            408  [Lorg.codehaus.groovy.runtime.callsite.CallSite;
1774:            17            408  com.cloudbees.hudson.plugins.folder.relocate.RelocationAction
1775:            17            408  com.fasterxml.jackson.core.sym.CharsToNameCanonicalizer$Bucket
1776:             3            408  hudson.model.FreeStyleProject
1777:            17            408  hudson.remoting.Channel$Ref
1778:            17            408  java.io.StringWriter
1779:             3            408  org.apache.ivy.plugins.resolver.IBiblioResolver
1780:            17            408  org.jenkinsci.plugins.workflow.actions.WarningAction
1781:            10            400  com.google.common.base.Stopwatch
1782:            10            400  java.lang.invoke.MethodHandleImpl$AsVarargsCollector
1783:            10            400  java.lang.reflect.InvocationTargetException
1784:            10            400  net.sourceforge.pmd.properties.StringMultiProperty
1785:            10            400  org.eclipse.jetty.http.pathmap.ServletPathSpec
1786:             1            392  hudson.TcpSlaveAgentListener
1787:             1            392  hudson.WebAppMain$3
1788:             7            392  java.lang.invoke.BoundMethodHandle$Species_L6
1789:             7            392  org.apache.commons.collections.FastHashMap
1790:             1            392  org.h2.mvstore.MVStore$BackgroundWriterThread
1791:             4            384  com.cloudbees.hudson.plugins.folder.Folder
1792:            16            384  com.fasterxml.jackson.databind.introspect.TypeResolutionContext$Basic
1793:             4            384  com.sun.org.apache.xerces.internal.impl.dtd.XMLDTDProcessor
1794:            24            384  com.sun.proxy.$Proxy27
1795:            24            384  hudson.plugins.sshslaves.SSHLauncher$DelegateNoCloseOutputStream
1796:            12            384  hudson.security.PermissionGroup
1797:            16            384  hudson.util.ClockDifference
1798:            24            384  io.jenkins.plugins.casc.impl.configurators.HeteroDescribableConfigurator
1799:             1            384  java.lang.ref.Finalizer$FinalizerThread
1800:             8            384  java.nio.HeapCharBuffer
1801:            12            384  java.util.AbstractList$ListItr
1802:             1            384  java.util.logging.LogManager$Cleaner
1803:            12            384  net.sf.ezmorph.array.ObjectArrayMorpher
1804:            16            384  net.sf.ezmorph.object.NumberMorpher
1805:             8            384  net.sourceforge.pmd.RuleSet
1806:            24            384  net.sourceforge.pmd.util.filter.OrFilter
1807:             8            384  org.apache.sshd.common.cipher.BuiltinCiphers
1808:             6            384  org.biouno.unochoice.CascadeChoiceParameter
1809:            12            384  org.biouno.unochoice.model.GroovyScript
1810:            16            384  org.codehaus.groovy.classgen.asm.MethodCallerMultiAdapter
1811:            12            384  org.eclipse.jetty.http.HttpHeaderValue
1812:             4            384  org.h2.schema.Schema
1813:            12            384  org.jenkinsci.plugins.pipeline.modeldefinition.agent.impl.Label
1814:            12            384  org.jenkinsci.plugins.pipeline.modeldefinition.model.Options
1815:            12            384  org.kohsuke.stapler.framework.adjunct.AdjunctsInPage
1816:            12            384  org.kohsuke.stapler.jelly.CompressTag
1817:             4            384  sun.net.www.protocol.jar.URLJarFile$URLJarFileEntry
1818:            16            384  sun.nio.ch.OptionKey
1819:            16            384  sun.nio.ch.SocketOptionRegistry$RegistryKey
1820:            12            384  sun.security.ssl.EphemeralKeyManager$EphemeralKeyPair
1821:            12            384  sun.security.ssl.SSLSessionContextImpl
1822:             1            384  winstone.ShutdownHook
1823:            16            384  winstone.cmdline.Option$OString
1824:             1            376  java.lang.ref.Reference$ReferenceHandler
1825:             1            376  org.h2.engine.OnExitDatabaseCloser
1826:            17            368  [Ljavax.management.MBeanNotificationInfo;
1827:             5            368  [Lorg.apache.commons.lang.time.FastDateFormat$Rule;
1828:            23            368  java.awt.font.TextAttribute
1829:            17            360  [Lsun.management.DiagnosticCommandArgumentInfo;
1830:             9            360  com.fasterxml.jackson.core.sym.ByteQuadsCanonicalizer$TableInfo
1831:             9            360  com.fasterxml.jackson.databind.cfg.ConfigOverrides
1832:             9            360  com.sun.org.apache.xalan.internal.utils.XMLSecurityManager$Limit
1833:             9            360  com.sun.org.apache.xerces.internal.utils.XMLSecurityManager$Limit
1834:            15            360  hudson.util.DescriptorList
1835:             9            360  java.lang.ClassLoader$NativeLibrary
1836:            15            360  javax.management.StandardMBean
1837:            15            360  jenkins.branch.WorkspaceLocatorImpl$IndexCacheEntry
1838:             9            360  org.jenkinsci.plugins.envinject.EnvInjectJobProperty
1839:            15            360  org.jenkinsci.plugins.pubsub.Events$JobChannel
1840:            15            360  org.springframework.beans.CachedIntrospectionResults
1841:            15            360  sun.misc.URLClassPath$FileLoader
1842:            15            360  sun.security.util.DisabledAlgorithmConstraints$DisabledConstraint
1843:             5            352  [Ljava.lang.reflect.Parameter;
1844:             4            352  com.fasterxml.jackson.databind.deser.CreatorProperty
1845:            22            352  com.thoughtworks.xstream.converters.basic.ByteConverter
1846:            11            352  edu.hm.hafner.echarts.Palette
1847:            11            352  groovy.json.JsonTokenType
1848:            22            352  hudson.model.Label$ConverterImpl
1849:            11            352  hudson.slaves.OfflineCause$ChannelTermination
1850:            11            352  hudson.slaves.OfflineCause$SimpleOfflineCause
1851:            11            352  io.jenkins.remoting.shaded.org.jenkinsci.constant_pool_scanner.ConstantType
1852:            11            352  java.util.regex.Pattern$3
1853:            11            352  org.apache.commons.jexl.parser.ASTSubtractNode
1854:             4            352  org.dom4j.io.XMLWriter
1855:            11            352  org.eclipse.jetty.http.HttpCookie$SetCookieHttpField
1856:            11            352  org.eclipse.jetty.http.HttpMethod
1857:            11            352  org.eclipse.jetty.http2.hpack.StaticTableHttpField
1858:            11            352  org.h2.engine.GeneratedKeys
1859:            11            352  org.jenkinsci.constant_pool_scanner.ConstantType
1860:            11            352  org.jenkinsci.plugins.workflow.graphanalysis.DepthFirstScanner
1861:            11            352  sun.reflect.generics.repository.ConstructorRepository
1862:            22            352  sun.security.ec.ECParameters
1863:             3            336  [Lsun.font.EAttribute;
1864:             7            336  com.sun.jmx.mbeanserver.DefaultMXBeanMappingFactory$CompositeMapping
1865:            21            336  com.sun.org.apache.xerces.internal.jaxp.datatype.DatatypeFactoryImpl
1866:            21            336  com.thoughtworks.xstream.XStream$1
1867:            21            336  com.thoughtworks.xstream.XStream$2
1868:            21            336  com.thoughtworks.xstream.converters.basic.BigDecimalConverter
1869:            21            336  com.thoughtworks.xstream.converters.basic.BigIntegerConverter
1870:            21            336  com.thoughtworks.xstream.converters.basic.CharConverter
1871:            21            336  com.thoughtworks.xstream.converters.basic.DoubleConverter
1872:            21            336  com.thoughtworks.xstream.converters.basic.FloatConverter
1873:            21            336  com.thoughtworks.xstream.converters.basic.IntConverter
1874:            21            336  com.thoughtworks.xstream.converters.basic.LongConverter
1875:            21            336  com.thoughtworks.xstream.converters.basic.NullConverter
1876:            21            336  com.thoughtworks.xstream.converters.basic.ShortConverter
1877:            21            336  com.thoughtworks.xstream.converters.basic.StringBufferConverter
1878:            21            336  com.thoughtworks.xstream.converters.basic.StringBuilderConverter
1879:            21            336  com.thoughtworks.xstream.converters.basic.URIConverter
1880:            21            336  com.thoughtworks.xstream.converters.basic.URLConverter
1881:            21            336  com.thoughtworks.xstream.converters.basic.UUIDConverter
1882:            21            336  com.thoughtworks.xstream.converters.collections.ArrayConverter
1883:            21            336  com.thoughtworks.xstream.converters.collections.BitSetConverter
1884:            21            336  com.thoughtworks.xstream.converters.collections.CharArrayConverter
1885:            21            336  com.thoughtworks.xstream.converters.collections.PropertiesConverter
1886:            21            336  com.thoughtworks.xstream.converters.enums.EnumConverter
1887:            21            336  com.thoughtworks.xstream.converters.enums.EnumSetConverter
1888:            21            336  com.thoughtworks.xstream.converters.extended.CharsetConverter
1889:            21            336  com.thoughtworks.xstream.converters.extended.ColorConverter
1890:            21            336  com.thoughtworks.xstream.converters.extended.CurrencyConverter
1891:            21            336  com.thoughtworks.xstream.converters.extended.DurationConverter
1892:            21            336  com.thoughtworks.xstream.converters.extended.EncodedByteArrayConverter
1893:            21            336  com.thoughtworks.xstream.converters.extended.FileConverter
1894:            21            336  com.thoughtworks.xstream.converters.extended.GregorianCalendarConverter
1895:            21            336  com.thoughtworks.xstream.converters.extended.JavaMethodConverter
1896:            21            336  com.thoughtworks.xstream.converters.extended.LocaleConverter
1897:            21            336  com.thoughtworks.xstream.converters.extended.RegexPatternConverter
1898:            21            336  com.thoughtworks.xstream.converters.extended.SqlDateConverter
1899:            21            336  com.thoughtworks.xstream.converters.extended.SqlTimeConverter
1900:            21            336  com.thoughtworks.xstream.converters.extended.SqlTimestampConverter
1901:            21            336  com.thoughtworks.xstream.converters.extended.StackTraceElementConverter
1902:            21            336  com.thoughtworks.xstream.converters.extended.SubjectConverter
1903:            21            336  com.thoughtworks.xstream.core.ReferenceByXPathMarshallingStrategy
1904:            21            336  com.thoughtworks.xstream.io.xml.KXml2Driver
1905:            21            336  com.thoughtworks.xstream.mapper.ArrayMapper
1906:            21            336  com.thoughtworks.xstream.security.ExplicitTypePermission
1907:            21            336  com.thoughtworks.xstream.security.NoPermission
1908:            21            336  com.trilead.ssh2.transport.TransportManager$1
1909:            14            336  hudson.Launcher$RemoteLauncher
1910:             6            336  hudson.model.Queue$BlockedItem
1911:            21            336  hudson.model.queue.CauseOfBlockage$1
1912:            14            336  hudson.remoting.CallableDecoratorList
1913:            14            336  hudson.remoting.ChannelBuilder$2
1914:            14            336  hudson.remoting.ImportedClassLoaderTable
1915:            14            336  hudson.remoting.InterceptingExecutorService
1916:            14            336  hudson.remoting.JarLoaderImpl
1917:            14            336  hudson.remoting.PipeWriter
1918:            14            336  hudson.slaves.ChannelPinger$2
1919:            21            336  hudson.util.XStream2$BlacklistedTypesConverter
1920:            14            336  io.jenkins.blueocean.preload.RESTFetchPreloader$FetchData
1921:            14            336  java.lang.invoke.LambdaFormEditor$Transform$Kind
1922:             6            336  java.nio.DirectLongBufferU
1923:            14            336  java.nio.file.attribute.AclEntryPermission
1924:            21            336  java.util.concurrent.ConcurrentSkipListMap$Values
1925:            21            336  jenkins.util.xstream.SafeURLConverter
1926:            14            336  net.sourceforge.pmd.lang.LanguageVersion
1927:            14            336  net.sourceforge.pmd.lang.java.JavaLanguageHandler
1928:            14            336  net.sourceforge.pmd.lang.java.JavaLanguageHandler$JavaMetricsProvider
1929:            14            336  org.apache.commons.lang3.time.FastDateParser$StrategyAndWidth
1930:             6            336  org.biouno.unochoice.DynamicReferenceParameter
1931:            14            336  org.codehaus.groovy.classgen.Verifier
1932:            14            336  org.codehaus.groovy.control.ErrorCollector
1933:            14            336  org.codehaus.groovy.runtime.metaclass.MethodMetaProperty$GetBeanMethodMetaProperty
1934:             3            336  org.eclipse.jetty.servlet.ServletHolder
1935:             7            336  org.eclipse.jetty.util.MultiMap
1936:            14            336  org.jenkinsci.plugins.pipeline.utility.steps.shaded.org.yaml.snakeyaml.nodes.Tag
1937:            14            336  org.jenkinsci.plugins.workflow.libs.LibraryDecorator$1
1938:            14            336  org.jenkinsci.plugins.workflow.support.steps.ExecutorStepExecution$RunningTask
1939:            14            336  org.jenkinsci.plugins.workflow.support.steps.FilePathDynamicContext$FilePathRepresentation
1940:            14            336  org.jenkinsci.plugins.workflow.support.steps.StageStep
1941:            14            336  org.jenkinsci.plugins.workflow.support.steps.StageStepExecution
1942:            14            336  org.jfrog.hudson.PublishedBuildDetails
1943:            14            336  org.kohsuke.groovy.sandbox.SandboxTransformer
1944:             3            336  org.springframework.web.context.support.StaticWebApplicationContext
1945:            14            336  org.yaml.snakeyaml.nodes.Tag
1946:             6            336  sun.management.MemoryPoolImpl
1947:            14            336  sun.misc.MetaIndex
1948:            21            336  sun.security.provider.NativePRNG
1949:            14            336  sun.security.ssl.ExtensionType
1950:            16            328  [Ljava.lang.management.PlatformComponent;
1951:             8            320  [Lhudson.model.Queue$Item;
1952:             9            320  [[S
1953:             8            320  com.damnhandy.uri.template.impl.Operator
1954:            10            320  com.fasterxml.jackson.core.JsonGenerator$Feature
1955:            10            320  com.jcraft.jzlib.Deflate$Config
1956:             8            320  com.sun.org.apache.xerces.internal.impl.dtd.XMLEntityDecl
1957:             8            320  com.sun.org.apache.xerces.internal.impl.dtd.XMLSimpleType
1958:            10            320  com.trilead.ssh2.crypto.cipher.BlockCipherFactory$CipherEntry
1959:             8            320  hudson.plugins.ansicolor.AnsiColorMap
1960:             4            320  hudson.util.MaskingClassLoader
1961:             8            320  java.lang.reflect.Proxy$Key2
1962:            10            320  java.util.AbstractList$Itr
1963:            10            320  java.util.Random
1964:            10            320  java.util.concurrent.ScheduledThreadPoolExecutor$DelayedWorkQueue
1965:            10            320  org.apache.commons.jelly.tags.core.WhenTag
1966:            20            320  org.apache.commons.lang.time.FastDateFormat$TwoDigitNumberField
1967:            20            320  org.h2.mvstore.type.ObjectDataType
1968:            10            320  org.jenkinsci.bytecode.helper.TypeHierarchyReader$TypeHierarchy
1969:            20            320  org.jenkinsci.plugins.workflow.job.WorkflowRun$GraphL
1970:            20            320  org.jenkinsci.plugins.workflow.job.WorkflowRun$NodePrintListener
1971:            20            320  org.jenkinsci.plugins.workflow.log.DelayBufferedOutputStream$Flush
1972:            20            320  org.jenkinsci.plugins.workflow.log.GCFlushedOutputStream
1973:            10            320  org.kohsuke.stapler.jelly.groovy.Namespace
1974:            20            320  sun.font.Font2DHandle
1975:            10            320  sun.security.jca.ProviderConfig
1976:             8            320  sun.security.ssl.SignatureAndHashAlgorithm$HashAlgorithm
1977:            13            312  com.sun.jna.Pointer
1978:             1            312  hudson.model.Hudson
1979:            13            312  hudson.remoting.ChunkedInputStream
1980:            13            312  hudson.remoting.ChunkedOutputStream
1981:            13            312  hudson.remoting.FlightRecorderInputStream
1982:            13            312  io.jenkins.plugins.coverage.targets.CoverageElement
1983:            13            312  java.lang.RuntimePermission
1984:            13            312  java.time.ZoneOffset
1985:             1            312  java.util.concurrent.ForkJoinPool
1986:            13            312  net.sourceforge.pmd.properties.modules.NumericPropertyModule
1987:            13            312  org.codehaus.groovy.runtime.callsite.AbstractCallSite
1988:            13            312  org.h2.api.IntervalQualifier
1989:            13            312  org.jenkinsci.plugins.docker.workflow.ImageNameTokens
1990:            13            312  org.jenkinsci.plugins.workflow.graphanalysis.ForkScanner$ParallelBlockStart
1991:            13            312  org.jenkinsci.plugins.workflow.job.properties.PipelineTriggersJobProperty
1992:            13            312  org.springframework.context.support.MessageSourceAccessor
1993:            13            312  sun.security.x509.Extension
1994:            13            304  [Ljenkins.model.CauseOfInterruption;
1995:             2            304  [Lorg.eclipse.jgit.lib.ObjectChecker$ErrorType;
1996:            19            304  hudson.util.VersionNumber$WildCardItem
1997:            19            304  io.jenkins.blueocean.rest.pageable.PagedResponse$Processor
1998:             2            304  org.h2.table.TableView
1999:             1            296  winstone.HostConfiguration$1
2000:             8            288  [Lcom.sun.org.apache.xerces.internal.util.XMLAttributesImpl$Attribute;
2001:             6            288  com.datapipe.jenkins.vault.configuration.VaultConfiguration
2002:             9            288  com.fasterxml.jackson.core.sym.CharsToNameCanonicalizer$TableInfo
2003:             9            288  groovyjarjarasm.asm.Type
2004:            18            288  hudson.plugins.emailext.plugins.recipients.DevelopersRecipientProvider
2005:            18            288  hudson.scheduler.CronTabList
2006:            12            288  hudson.slaves.WorkspaceList$1
2007:            12            288  io.github.stephenc.crypto.sscg.internal.bc.asn1.x509.AlgorithmIdentifier
2008:            18            288  io.jenkins.blueocean.commons.stapler.export.ModelBuilder
2009:            12            288  java.lang.management.ManagementPermission
2010:            12            288  java.time.Month
2011:             6            288  java.util.TimSort
2012:             9            288  java.util.logging.Level
2013:            18            288  java.util.regex.Pattern$CharPropertyNames$4
2014:             9            288  jdk.internal.org.objectweb.asm.Type
2015:             6            288  lib.JenkinsTagLib$queue$0
2016:             2            288  net.sf.json.JsonConfig
2017:            12            288  net.sf.saxon.type.StringConverter$StringToIntegerSubtype
2018:             9            288  net.sourceforge.pmd.lang.rule.stat.StatisticalRuleHelper
2019:            12            288  net.sourceforge.pmd.properties.PropertyDescriptorField
2020:             9            288  net.sourceforge.pmd.properties.StringProperty
2021:            18            288  net.sourceforge.pmd.properties.ValueParserConstants$12
2022:             6            288  org.apache.commons.jexl.parser.Token
2023:            12            288  org.apache.log4j.Logger
2024:             9            288  org.eclipse.jetty.http.HttpComplianceSection
2025:            12            288  org.eclipse.jetty.server.HttpChannelState$Action
2026:             3            288  org.h2.engine.DbSettings
2027:            12            288  org.h2.expression.analysis.WindowFunctionType
2028:            12            288  org.jenkinsci.plugins.pipeline.modeldefinition.model.Parameters
2029:            12            288  org.jenkinsci.plugins.pipeline.modeldefinition.model.PostBuild
2030:            12            288  org.jenkinsci.plugins.pipeline.modeldefinition.model.Stages
2031:            12            288  org.jenkinsci.plugins.workflow.steps.TimeoutStep
2032:            12            288  org.jenkinsci.plugins.workflow.support.steps.ExecutorStepExecution
2033:            12            288  org.jenkinsci.plugins.workflow.support.steps.ExecutorStepExecution$PlaceholderTask$Callback
2034:            12            288  org.joda.time.DurationFieldType$StandardDurationFieldType
2035:             9            288  org.kohsuke.asm5.Type
2036:             3            288  org.kohsuke.stapler.jelly.CustomJellyContext$CustomXMLParser
2037:            12            288  org.owasp.html.HtmlElementTables$FreeWrapper
2038:            12            288  org.owasp.html.HtmlInputSplitter$State
2039:            12            288  org.owasp.html.HtmlTokenType
2040:            12            288  winstone.cmdline.Option$OFile
2041:             7            280  org.apache.ivy.plugins.repository.url.URLRepository
2042:             5            280  org.eclipse.jetty.servlet.ListenerHolder
2043:             7            280  org.eclipse.jetty.util.TreeTrie
2044:            17            272  com.sun.proxy.$Proxy36
2045:            17            272  com.sun.proxy.$Proxy94
2046:            17            272  hudson.model.Api
2047:            17            272  hudson.remoting.DumbClassLoaderBridge
2048:            17            272  sun.invoke.util.ValueConversions$WrapperCache
2049:             5            264  [Lcom.sun.org.apache.xerces.internal.utils.XMLSecurityManager$State;
2050:            11            264  com.fasterxml.jackson.annotation.JsonFormat$Shape
2051:            11            264  com.fasterxml.jackson.databind.type.TypeBindings$AsKey
2052:            11            264  hudson.XmlFile
2053:            11            264  hudson.plugins.ansicolor.AnsiAttributeElement$AnsiAttrType
2054:            11            264  java.net.StandardSocketOptions$StdSocketOption
2055:             3            264  java.net.URLClassLoader
2056:            11            264  java.security.CodeSigner
2057:            11            264  java.util.Collections$UnmodifiableCollection$1
2058:            11            264  java.util.regex.Pattern$SingleI
2059:            11            264  org.bouncycastle.jcajce.provider.asymmetric.ec.KeyFactorySpi$EC
2060:            11            264  org.codehaus.groovy.runtime.metaclass.ClosureMetaClass$6
2061:            11            264  org.eclipse.jetty.http.HttpTokens$Type
2062:            11            264  org.eclipse.jetty.http.HttpURI$State
2063:            11            264  org.eclipse.jetty.util.ByteArrayOutputStream2
2064:            11            264  org.jenkinsci.plugins.pubsub.EventProps$Jenkins
2065:            11            264  org.jenkinsci.plugins.workflow.cps.CpsVmExecutorService$1
2066:            11            264  org.owasp.html.HtmlTokenType
2067:             3            264  sun.net.www.protocol.jar.JarURLConnection
2068:            11            264  sun.reflect.generics.scope.ConstructorScope
2069:             2            256  [Lcom.fasterxml.jackson.databind.DeserializationFeature;
2070:             2            256  [Lcom.fasterxml.jackson.databind.MapperFeature;
2071:             8            256  [Lcom.sun.org.apache.xerces.internal.impl.XMLEntityManager$CharacterBuffer;
2072:             8            256  com.cloudbees.syslog.Severity
2073:             8            256  com.cloudbees.syslog.Severity
2074:             4            256  com.sun.org.apache.xerces.internal.impl.XMLEntityScanner
2075:            16            256  com.sun.proxy.$Proxy99
2076:             8            256  hudson.AbortException
2077:             8            256  hudson.scheduler.CronTab
2078:            16            256  hudson.util.DaemonThreadFactory
2079:             8            256  java.io.FileInputStream
2080:             8            256  javax.management.MBeanNotificationInfo
2081:             4            256  org.apache.commons.collections.map.LRUMap
2082:             8            256  org.codehaus.groovy.runtime.callsite.PogoMetaClassSite
2083:             4            256  org.eclipse.jgit.internal.storage.file.FileSnapshot
2084:             4            256  org.h2.engine.User
2085:             8            256  sun.misc.ProxyGenerator$PrimitiveTypeInfo
2086:             8            256  sun.nio.ch.ChannelInputStream
2087:             8            256  sun.reflect.UnsafeQualifiedLongFieldAccessorImpl
2088:             4            256  sun.security.provider.SHA2$SHA256
2089:             8            256  sun.security.x509.GeneralSubtree
2090:             8            256  sun.security.x509.SubjectAlternativeNameExtension
2091:             2            240  [Lcom.fasterxml.jackson.databind.SerializationFeature;
2092:             3            240  [Lhudson.model.Computer;
2093:             2            240  [Lsun.nio.cs.CharsetMapping$Entry;
2094:             5            240  com.fasterxml.jackson.databind.introspect.BasicBeanDescription
2095:             1            240  com.github.benmanes.caffeine.cache.SISW
2096:            10            240  com.google.common.cache.LocalCache$LoadingValueReference
2097:            10            240  com.google.gson.internal.bind.TypeAdapters$28
2098:            10            240  com.google.inject.spi.TypeConverterBinding
2099:            10            240  com.sun.org.apache.xerces.internal.impl.XMLScanner$NameType
2100:            15            240  com.sun.proxy.$Proxy61
2101:             5            240  com.thoughtworks.xstream.io.xml.XppReader
2102:            10            240  com.zaxxer.hikari.pool.HikariPool$$Lambda$489/479883175
2103:            10            240  com.zaxxer.hikari.util.FastList
2104:            10            240  hudson.init.InitMilestone
2105:             6            240  hudson.node_monitors.AbstractNodeMonitorDescriptor$1
2106:            10            240  java.lang.annotation.ElementType
2107:            10            240  java.nio.file.StandardOpenOption
2108:            10            240  java.security.CryptoPrimitive
2109:            10            240  java.security.Timestamp
2110:            10            240  java.time.Instant
2111:             6            240  java.util.Collections$SingletonMap
2112:            10            240  java.util.Collections$UnmodifiableList
2113:            15            240  java.util.concurrent.ConcurrentHashMap$ValuesView
2114:            10            240  java.util.regex.Pattern$Category
2115:            10            240  java.util.regex.Pattern$Neg
2116:             6            240  javax.naming.directory.SearchControls
2117:            10            240  net.sourceforge.pmd.lang.java.rule.bestpractices.JUnitAssertionsShouldIncludeMessageRule$AssertionCall
2118:            15            240  net.sourceforge.pmd.properties.constraints.NumericConstraints$2
2119:            10            240  org.apache.xerces.impl.XMLEntityManager$EncodingInfo
2120:             3            240  org.codehaus.groovy.runtime.callsite.CallSiteClassLoader
2121:            10            240  org.eclipse.jetty.http.pathmap.MappedResource
2122:            10            240  org.jenkinsci.plugins.docker.commons.credentials.DockerRegistryEndpoint
2123:             6            240  org.jenkinsci.plugins.pipeline.modeldefinition.Utils$4
2124:            10            240  org.jenkinsci.plugins.pipeline.utility.steps.shaded.org.yaml.snakeyaml.events.Event$ID
2125:             6            240  org.jenkinsci.plugins.scriptsecurity.sandbox.whitelists.StaticWhitelist
2126:            15            240  org.jenkinsci.plugins.workflow.pipelinegraphanalysis.StageChunkFinder
2127:            15            240  org.kohsuke.stapler.HttpDeletableDispatcher
2128:            10            240  org.kohsuke.stapler.jelly.groovy.Namespace$ProxyImpl
2129:            10            240  org.springframework.beans.TypeConverterDelegate
2130:            10            240  org.yaml.snakeyaml.events.Event$ID
2131:            10            240  sun.awt.SunHints$Key
2132:             2            240  sun.awt.image.ByteInterleavedRaster
2133:             5            240  sun.font.FontFamily
2134:             6            240  sun.management.MemoryPoolImpl$CollectionSensor
2135:             6            240  sun.management.MemoryPoolImpl$PoolSensor
2136:             5            240  sun.nio.cs.StreamDecoder
2137:             2            232  [Ljava.util.concurrent.ConcurrentMap;
2138:            14            232  [Ljavax.management.MBeanConstructorInfo;
2139:             1            232  com.github.benmanes.caffeine.cache.SSSW
2140:             2            224  [Lcom.cloudbees.syslog.Facility;
2141:             4            224  com.sun.org.apache.xerces.internal.jaxp.SAXParserImpl
2142:             4            224  com.sun.org.apache.xerces.internal.util.XMLAttributesIteratorImpl
2143:             4            224  com.sun.org.apache.xml.internal.serializer.EncodingInfo$EncodingImpl
2144:            14            224  com.sun.proxy.$Proxy85
2145:             7            224  com.thoughtworks.xstream.core.util.XmlHeaderAwareReader
2146:            14            224  hudson.plugins.emailext.plugins.recipients.ListRecipientProvider
2147:            14            224  hudson.remoting.$Proxy76
2148:            14            224  hudson.remoting.Channel$ThreadLastIoId
2149:             7            224  io.jenkins.blueocean.rest.impl.pipeline.PipelineImpl$PipelineRunSummary
2150:             7            224  java.lang.OutOfMemoryError
2151:             4            224  java.lang.invoke.BoundMethodHandle$Species_L7
2152:            14            224  java.util.Hashtable$ValueCollection
2153:             7            224  java.util.concurrent.atomic.AtomicReferenceFieldUpdater$AtomicReferenceFieldUpdaterImpl
2154:            14            224  jenkins.FilePathFilterAggregator
2155:            14            224  jenkins.security.s2m.AdminFilePathFilter
2156:            14            224  jenkins.security.s2m.CallableDirectionChecker
2157:            14            224  jenkins.security.s2m.DefaultFilePathFilter$1
2158:             7            224  jenkins.triggers.ReverseBuildTrigger
2159:             4            224  org.apache.commons.collections.map.HashedMap
2160:             7            224  org.apache.commons.jexl.parser.ASTLTNode
2161:             4            224  org.codehaus.groovy.ast.expr.NotExpression
2162:             7            224  org.eclipse.jetty.servlet.FilterMapping
2163:             7            224  org.h2.expression.condition.Comparison
2164:            14            224  org.jenkinsci.plugins.scriptsecurity.sandbox.groovy.RejectASTTransformsCustomizer
2165:             2            224  sun.security.ssl.SSLSessionImpl
2166:             7            224  sun.util.locale.provider.LocaleResources
2167:             9            216  com.fasterxml.jackson.databind.deser.DeserializerCache
2168:             9            216  com.fasterxml.jackson.databind.introspect.SimpleMixInResolver
2169:             9            216  com.fasterxml.jackson.databind.node.JsonNodeType
2170:             9            216  com.fasterxml.jackson.databind.ser.SerializerCache
2171:             9            216  com.google.inject.internal.InjectorImpl$1
2172:             9            216  hudson.model.ResultTrend
2173:             9            216  hudson.remoting.Pipe$ConnectCommand
2174:             9            216  hudson.util.ListBoxModel$Option
2175:             9            216  io.jenkins.blueocean.commons.stapler.export.Property$BufferedDataWriter$Op
2176:             9            216  io.jenkins.blueocean.rest.impl.pipeline.BranchContainerImpl
2177:             9            216  io.jenkins.blueocean.service.embedded.rest.PipelineContainerImpl
2178:             9            216  java.nio.file.attribute.PosixFilePermission
2179:             9            216  java.util.logging.Level$KnownLevel
2180:             9            216  javax.lang.model.SourceVersion
2181:             9            216  jenkins.security.ImpersonatingExecutorService$2
2182:             9            216  jenkins.security.stapler.StaplerDispatchValidator$ValidatorCache$$Lambda$43/918629842
2183:             9            216  org.apache.commons.collections.ArrayStack
2184:             9            216  org.codehaus.groovy.control.CompilePhase
2185:             9            216  org.codehaus.groovy.runtime.callsite.CallSiteArray
2186:             9            216  org.codehaus.groovy.transform.sc.StaticCompilationMetadataKeys
2187:             9            216  org.eclipse.jetty.http.HttpCompliance
2188:             9            216  org.eclipse.jetty.http.HttpGenerator$Result
2189:             9            216  org.h2.engine.Mode$ModeEnum
2190:             9            216  org.jboss.marshalling.util.Kind
2191:             9            216  org.jenkinsci.remoting.engine.JnlpConnectionState$State
2192:             9            216  org.kohsuke.stapler.export.Property$BufferedDataWriter$Op
2193:             3            216  sun.nio.ch.EPollArrayWrapper
2194:             3            216  sun.nio.ch.EPollSelectorImpl
2195:             3            216  sun.security.provider.NativePRNG$RandomIO
2196:             9            216  sun.util.logging.PlatformLogger$Level
2197:             2            208  [Lorg.eclipse.jetty.http.HttpParser$State;
2198:            13            208  com.cloudbees.workflow.util.ServeJson$Processor
2199:             2            208  com.github.benmanes.caffeine.cache.Caffeine
2200:            13            208  com.sun.proxy.$Proxy17
2201:            13            208  com.sun.proxy.$Proxy46
2202:            13            208  com.sun.proxy.$Proxy48
2203:            13            208  com.sun.proxy.$Proxy49
2204:            13            208  hudson.slaves.RetentionStrategy$Always
2205:            13            208  org.apache.commons.lang3.text.translate.AggregateTranslator
2206:             2            208  org.h2.index.ViewIndex
2207:             2            208  org.h2.jdbc.JdbcPreparedStatement
2208:            13            208  org.jenkinsci.plugins.pipeline.modeldefinition.steps.ScriptStep$ScriptStepExecution
2209:            13            208  org.jenkinsci.plugins.workflow.libs.SCMSourceRetriever
2210:            13            208  org.jenkinsci.plugins.workflow.support.steps.ExecutorStepExecution$PlaceholderTask$PlaceholderExecutable
2211:             2            208  sun.util.calendar.ImmutableGregorianDate
2212:             2            200  [Ljava.text.DateFormat$Field;
2213:             8            200  [Ljava.util.regex.Pattern;
2214:             5            200  com.google.common.collect.SingletonImmutableMap
2215:             5            200  java.util.PropertyResourceBundle
2216:             5            200  java.util.stream.StreamOpFlag
2217:             5            200  org.apache.commons.lang.time.FastDateFormat
2218:             1            200  org.apache.http.impl.client.HttpClientBuilder
2219:             5            200  org.eclipse.jetty.http.MetaData$Response
2220:             5            200  sun.security.ssl.SSLContextImpl$TLSContext
2221:             6            192  [Lhudson.security.PermissionScope;
2222:             8            192  [Lnet.sourceforge.pmd.util.filter.Filter;
2223:             6            192  com.cloudbees.groovy.cps.impl.ExcrementOperatorBlock
2224:             8            192  com.fasterxml.jackson.annotation.JsonFormat$Feature
2225:            12            192  com.fasterxml.jackson.databind.node.IntNode
2226:             6            192  com.github.benmanes.caffeine.cache.References$WeakKeyReference
2227:            12            192  com.google.common.cache.LocalCache$LocalManualCache
2228:             8            192  com.google.gson.internal.bind.TypeAdapters$33
2229:             4            192  com.sun.org.apache.xerces.internal.impl.XMLDocumentFragmentScannerImpl$ElementStack
2230:             4            192  com.sun.org.apache.xerces.internal.util.XMLAttributesImpl
2231:            12            192  com.sun.proxy.$Proxy42
2232:            12            192  com.sun.proxy.$Proxy87
2233:             6            192  com.trilead.ssh2.crypto.digest.MessageMac$Hmac
2234:            12            192  hudson.model.Cause$UserIdCause
2235:             8            192  hudson.plugins.ansicolor.AnsiColorMap$Color
2236:             6            192  hudson.plugins.git.GitChangeSetList
2237:            12            192  hudson.plugins.timestamper.pipeline.TimestamperStep$ExecutionImpl
2238:            12            192  io.github.stephenc.crypto.sscg.internal.bc.asn1.ASN1Integer
2239:             8            192  io.jenkins.blueocean.events.PipelineEventChannel$EventProps
2240:             8            192  io.jenkins.blueocean.preload.BlueUrlTokenizer$UrlPart
2241:            12            192  io.jenkins.plugins.casc.impl.configurators.PrimitiveConfigurator
2242:             8            192  io.jenkins.plugins.checks.api.ChecksConclusion
2243:             6            192  java.lang.IllegalStateException
2244:             6            192  java.lang.invoke.LambdaForm$BasicType
2245:             8            192  java.lang.invoke.MethodHandleImpl$Intrinsic
2246:             8            192  java.math.RoundingMode
2247:             8            192  java.net.NetPermission
2248:             6            192  java.time.format.TextStyle
2249:             8            192  java.util.concurrent.LinkedBlockingDeque$Node
2250:             6            192  java.util.concurrent.Semaphore$NonfairSync
2251:             3            192  java.util.regex.Matcher
2252:             8            192  javax.crypto.spec.SecretKeySpec
2253:             8            192  jdk.net.SocketFlow$Status
2254:             3            192  jenkins.branch.MultiBranchProjectViewHolder$ViewImpl
2255:             8            192  jenkins.util.ContextResettingExecutorService$2
2256:             8            192  net.minidev.json.reader.JsonWriter$WriterByInterface
2257:             8            192  org.apache.ivy.plugins.repository.RepositoryCopyProgressListener
2258:             6            192  org.bouncycastle.jcajce.provider.config.ProviderConfigurationPermission
2259:             3            192  org.codehaus.groovy.ast.expr.TernaryExpression
2260:             8            192  org.eclipse.jetty.server.HttpChannelState$RequestState
2261:             8            192  org.eclipse.jetty.util.ArrayTernaryTrie$Growing
2262:             3            192  org.eclipse.jetty.util.thread.ScheduledExecutorScheduler
2263:             8            192  org.h2.expression.SequenceValue
2264:             8            192  org.jenkinsci.plugins.pipeline.utility.steps.shaded.org.yaml.snakeyaml.scanner.Constant
2265:             8            192  org.jenkinsci.plugins.vSphereCloudLauncher$MACHINE_ACTION
2266:             8            192  org.jenkinsci.plugins.workflow.pipelinegraphanalysis.GenericStatus
2267:            12            192  org.jenkinsci.plugins.workflow.steps.TimeoutStepExecution$Callback
2268:            12            192  org.jenkinsci.plugins.workflow.steps.TimeoutStepExecution$ExceededTimeout
2269:            12            192  org.jenkinsci.plugins.workflow.support.steps.ExecutorStep
2270:             6            192  org.jfrog.hudson.BuildInfoResultAction
2271:             6            192  org.joda.time.format.DateTimeFormatterBuilder$PaddedNumber
2272:             6            192  org.owasp.html.PolicyFactory
2273:             8            192  org.yaml.snakeyaml.scanner.Constant
2274:             6            192  sun.font.SunFontManager$FontRegistrationInfo
2275:             2            192  sun.nio.ch.ServerSocketChannelImpl
2276:             2            192  sun.security.jgss.SunProvider
2277:             3            192  sun.security.provider.SHA5$SHA384
2278:             2            192  sun.security.provider.Sun
2279:             8            192  winstone.cmdline.Option$OBoolean
2280:             1            184  org.apache.ivy.core.settings.IvySettings
2281:             1            176  [Lorg.h2.value.DataType;
2282:             1            176  [Lorg.h2.value.TypeInfo;
2283:            11            176  com.sun.proxy.$Proxy62
2284:            11            176  com.sun.proxy.$Proxy82
2285:            11            176  java.text.NumberFormat$Field
2286:            11            176  org.apache.commons.lang3.time.FastDateParser$NumberStrategy
2287:            11            176  org.jenkinsci.plugins.pipeline.modeldefinition.options.impl.SkipDefaultCheckout
2288:            11            176  org.jenkinsci.plugins.workflow.steps.TimeoutStepExecution$1
2289:             7            168  [Ljava.util.concurrent.ConcurrentHashMap$CounterCell;
2290:             3            168  [Lorg.codehaus.groovy.control.CompilePhase;
2291:             1            168  [[Ljava.math.BigInteger;
2292:             7            168  com.cloudbees.groovy.cps.impl.Caller$Info
2293:             7            168  com.cloudbees.workflow.rest.external.StatusExt
2294:             7            168  com.fasterxml.jackson.annotation.JsonInclude$Include
2295:             7            168  com.fasterxml.jackson.annotation.PropertyAccessor
2296:             7            168  com.google.inject.internal.TypeConverterBindingProcessor$5
2297:             7            168  com.sun.org.apache.xerces.internal.util.FeatureState
2298:             3            168  com.thoughtworks.xstream.core.ReferenceByXPathUnmarshaller
2299:             7            168  com.vmware.vim25.ws.SoapAction
2300:             1            168  com.zaxxer.hikari.HikariDataSource
2301:             3            168  hudson.plugins.sonar.SonarInstallation
2302:             7            168  hudson.util.LineEndingConversion$EOLType
2303:             3            168  java.awt.image.PixelInterleavedSampleModel
2304:             7            168  java.io.PushbackInputStream
2305:             7            168  java.security.KeyPair
2306:             7            168  java.security.cert.CertPathValidatorException$BasicReason
2307:             7            168  java.time.DayOfWeek
2308:             3            168  java.util.zip.ZipFile$ZipFileInflaterInputStream
2309:             3            168  java.util.zip.ZipFile$ZipFileInputStream
2310:             3            168  javax.management.openmbean.OpenMBeanOperationInfoSupport
2311:             7            168  jenkins.plugins.office365connector.WebhookJobProperty
2312:             7            168  org.apache.commons.discovery.log.SimpleLog
2313:             3            168  org.apache.commons.jelly.JellyTagException
2314:             7            168  org.apache.commons.lang.time.FastDateFormat$PaddedNumberField
2315:             1            168  org.codehaus.groovy.ast.tools.WideningCategories$LowestUpperBoundClassNode
2316:             7            168  org.eclipse.jetty.servlet.FilterHolder$Config
2317:             7            168  org.eclipse.jetty.util.IteratingCallback$State
2318:             7            168  org.eclipse.jetty.webapp.ClasspathPattern$ClassEntry
2319:             7            168  org.eclipse.jetty.webapp.Origin
2320:             7            168  org.eclipse.jetty.xml.XmlParser$Attribute
2321:             7            168  org.h2.mvstore.db.MVTable$TraceLockEvent
2322:             7            168  org.jenkinsci.main.modules.instance_identity.InstanceIdentity
2323:             3            168  org.jenkinsci.plugins.docker.workflow.WithContainerStep$Execution
2324:             3            168  org.jenkinsci.plugins.docker.workflow.declarative.DockerPipeline
2325:             7            168  org.jenkinsci.plugins.gitclient.MergeCommand$Strategy
2326:             7            168  org.jenkinsci.plugins.pubsub.EventProps$Job
2327:             7            168  org.jenkinsci.plugins.scriptsecurity.sandbox.whitelists.ProxyWhitelist$1
2328:             1            168  sun.awt.X11FontManager
2329:             7            168  sun.security.x509.NetscapeCertTypeExtension$MapEntry
2330:             2            160  [Lorg.codehaus.groovy.util.AbstractConcurrentMapBase$Segment;
2331:             2            160  [Lorg.h2.mvstore.cache.CacheLongKeyLIRS$Segment;
2332:             5            160  [[Lsun.awt.FontDescriptor;
2333:             5            160  com.cloudbees.groovy.cps.impl.ForLoopBlock
2334:             4            160  com.fasterxml.jackson.core.Base64Variant
2335:             5            160  com.fasterxml.jackson.core.JsonEncoding
2336:             4            160  com.github.benmanes.caffeine.cache.stats.ConcurrentStatsCounter
2337:             5            160  com.google.common.base.CaseFormat
2338:             5            160  com.microsoft.jenkins.kubernetes.credentials.KubeconfigCredentials
2339:             2            160  com.sun.jndi.ldap.Connection
2340:             4            160  com.sun.org.apache.xerces.internal.impl.XMLDocumentFragmentScannerImpl$ElementStack2
2341:             4            160  com.sun.org.apache.xerces.internal.impl.XMLEntityManager$CharacterBufferPool
2342:             4            160  com.sun.org.apache.xerces.internal.impl.XMLErrorReporter
2343:             4            160  com.sun.org.apache.xerces.internal.impl.XMLVersionDetector
2344:             4            160  com.sun.org.apache.xerces.internal.impl.dtd.XMLDTDDescription
2345:             4            160  com.sun.org.apache.xerces.internal.impl.validation.ValidationState
2346:             4            160  com.sun.org.apache.xerces.internal.util.SymbolTable
2347:             4            160  com.sun.org.apache.xerces.internal.utils.XMLLimitAnalyzer
2348:             4            160  com.sun.org.apache.xerces.internal.utils.XMLSecurityManager
2349:             5            160  com.sun.org.apache.xpath.internal.objects.XNumber
2350:            10            160  com.sun.proxy.$Proxy12
2351:            10            160  com.sun.proxy.$Proxy19
2352:            10            160  com.sun.proxy.$Proxy53
2353:            10            160  com.sun.proxy.$Proxy92
2354:             4            160  com.sun.xml.internal.stream.XMLEntityStorage
2355:             4            160  com.thoughtworks.xstream.mapper.CannotResolveClassException
2356:             1            160  com.zaxxer.hikari.pool.HikariPool
2357:            10            160  hudson.diagnosis.OldDataMonitor$SimpleSaveableReference
2358:             5            160  hudson.model.Result
2359:             5            160  hudson.tasks.junit.CaseResult$Status
2360:            10            160  hudson.util.AlternativeUiTextProvider$Message
2361:            10            160  hudson.util.RobustReflectionConverter$SeenFields
2362:             5            160  io.github.stephenc.crypto.sscg.internal.bc.asn1.pkcs.RSASSAPSSparams
2363:            10            160  java.util.Formatter$Flags
2364:             5            160  java.util.JumboEnumSet
2365:            10            160  java.util.concurrent.CopyOnWriteArraySet
2366:             4            160  java.util.concurrent.LinkedBlockingDeque
2367:            10            160  java.util.jar.JarVerifier$3
2368:             5            160  javax.imageio.spi.SubRegistry
2369:             5            160  javax.management.StandardEmitterMBean
2370:            10            160  jenkins.model.InterruptedBuildAction
2371:             5            160  jenkins.security.HMACConfidentialKey
2372:             5            160  net.sourceforge.pmd.RulePriority
2373:             5            160  org.acegisecurity.providers.rememberme.RememberMeAuthenticationToken
2374:             2            160  org.codehaus.groovy.reflection.stdclasses.BooleanCachedClass
2375:             2            160  org.codehaus.groovy.reflection.stdclasses.CharacterCachedClass
2376:             2            160  org.codehaus.groovy.reflection.stdclasses.DoubleCachedClass
2377:             2            160  org.codehaus.groovy.reflection.stdclasses.FloatCachedClass
2378:             2            160  org.codehaus.groovy.reflection.stdclasses.IntegerCachedClass
2379:             2            160  org.codehaus.groovy.reflection.stdclasses.LongCachedClass
2380:             4            160  org.eclipse.jetty.http.HttpVersion
2381:             2            160  org.eclipse.jetty.io.ManagedSelector
2382:             5            160  org.eclipse.jetty.security.ConstraintMapping
2383:             1            160  org.eclipse.jetty.server.ServerConnector
2384:             1            160  org.eclipse.jetty.server.session.SessionHandler
2385:             5            160  org.eclipse.jetty.util.security.Constraint
2386:             2            160  org.eclipse.jetty.util.thread.strategy.EatWhatYouKill
2387:             5            160  org.h2.expression.Alias
2388:             5            160  org.jenkinsci.plugins.pipeline.maven.MavenConfigFolderOverrideProperty
2389:             5            160  sun.security.ssl.CipherSuite$MacAlg
2390:             5            160  sun.security.ssl.SignatureAndHashAlgorithm$SignatureAlgorithm
2391:             5            160  sun.util.locale.provider.LocaleProviderAdapter$Type
2392:             5            160  sun.util.locale.provider.LocaleServiceProviderPool
2393:             2            152  [Lcom.fasterxml.jackson.core.JsonToken;
2394:             3            144  [Lcom.cloudbees.workflow.rest.external.StatusExt;
2395:             2            144  [Lhudson.model.BallColor;
2396:             2            144  [Ljava.nio.file.attribute.AclEntryPermission;
2397:             1            144  [Ljava.util.Queue;
2398:             1            144  [Ljava.util.concurrent.ForkJoinTask$ExceptionNode;
2399:             3            144  [Ljava.util.concurrent.TimeUnit;
2400:             6            144  [Lsun.security.ssl.EphemeralKeyManager$EphemeralKeyPair;
2401:             1            144  [[Lnet.i2p.crypto.eddsa.math.GroupElement;
2402:             6            144  com.cloudbees.hudson.plugins.folder.AbstractFolder$1
2403:             6            144  com.cloudbees.plugins.credentials.domains.Domain
2404:             6            144  com.fasterxml.jackson.annotation.JsonAutoDetect$Visibility
2405:             6            144  com.fasterxml.jackson.core.JsonParser$NumberType
2406:             3            144  com.fasterxml.jackson.databind.deser.std.UntypedObjectDeserializer
2407:             9            144  com.fasterxml.jackson.databind.introspect.BasicClassIntrospector
2408:             9            144  com.fasterxml.jackson.databind.jsontype.impl.StdSubtypeResolver
2409:             9            144  com.fasterxml.jackson.databind.util.RootNameLookup
2410:             9            144  com.google.inject.internal.TypeConverterBindingProcessor$6
2411:             6            144  com.google.inject.spi.ModuleSource
2412:             9            144  com.google.inject.util.Providers$ConstantProvider
2413:             6            144  com.sun.org.apache.xerces.internal.util.Status
2414:             9            144  com.sun.proxy.$Proxy50
2415:             6            144  com.vmware.vim25.VirtualMachineFaultToleranceState
2416:             9            144  hudson.diagnosis.OldDataMonitor$RunSaveableReference
2417:             1            144  hudson.plugins.emailext.ExtendedEmailPublisherDescriptor
2418:             6            144  hudson.plugins.jobConfigHistory.JobConfigBadgeAction
2419:             6            144  hudson.remoting.CallableDecoratorList$1
2420:             6            144  hudson.remoting.InterceptingExecutorService$1
2421:             6            144  hudson.security.PermissionScope
2422:             6            144  io.jenkins.blueocean.commons.stapler.TreeResponse$Processor$1
2423:             6            144  io.jenkins.blueocean.events.PipelineEventChannel$Event
2424:             6            144  io.jenkins.blueocean.rest.impl.pipeline.MultibranchPipelineRunContainer
2425:             6            144  io.jenkins.blueocean.rest.model.BlueRun$BlueRunResult
2426:             6            144  io.jenkins.blueocean.rest.model.BlueRun$BlueRunState
2427:             9            144  io.jenkins.blueocean.service.embedded.rest.PipelineContainerImpl$PermissionFilteredItemGroup
2428:             6            144  io.jenkins.blueocean.service.embedded.rest.RunContainerImpl
2429:             1            144  java.awt.image.DirectColorModel
2430:             6            144  java.io.BufferedOutputStream
2431:             6            144  java.lang.invoke.MethodHandles$Lookup
2432:             6            144  java.util.regex.Pattern$CharPropertyNames$2
2433:             9            144  javax.swing.event.EventListenerList
2434:             1            144  jenkins.branch.OrganizationFolder
2435:             2            144  jenkins.security.plugins.ldap.LDAPConfiguration
2436:             6            144  net.i2p.crypto.eddsa.math.GroupElement$Representation
2437:             6            144  okhttp3.Protocol
2438:             6            144  okhttp3.Protocol
2439:             6            144  okio.ByteString
2440:             6            144  okio.ByteString
2441:             6            144  okio.ByteString
2442:             6            144  org.apache.commons.lang3.text.translate.NumericEntityEscaper
2443:             1            144  org.apache.ivy.plugins.resolver.FileSystemResolver
2444:             6            144  org.apache.tools.zip.ZipLong
2445:             1            144  org.codehaus.groovy.control.ClassNodeResolver$1
2446:             6            144  org.dom4j.Namespace
2447:             6            144  org.eclipse.jetty.http.pathmap.PathSpecGroup
2448:             6            144  org.eclipse.jetty.io.AbstractEndPoint$State
2449:             6            144  org.eclipse.jetty.server.HttpChannelState$InputState
2450:             6            144  org.eclipse.jetty.server.HttpOutput$ApiState
2451:             1            144  org.eclipse.jetty.servlet.ServletHandler
2452:             2            144  org.eclipse.jetty.util.resource.JarFileResource
2453:             6            144  org.eclipse.jgit.revwalk.RevSort
2454:             3            144  org.eclipse.jgit.storage.file.FileBasedConfig
2455:             6            144  org.jenkinsci.plugins.docker.workflow.declarative.FolderConfig
2456:             9            144  org.jenkinsci.plugins.pipeline.modeldefinition.model.CredentialsBindingHandler$EnvVarResolver
2457:             6            144  org.jfrog.build.client.ArtifactoryVersion
2458:             6            144  org.kohsuke.stapler.export.NamedPathPruner$Token
2459:             1            144  org.owasp.html.HtmlElementTables
2460:             6            144  org.owasp.html.HtmlElementTables$TextContentModelBit
2461:             6            144  org.owasp.html.HtmlTextEscapingMode
2462:             6            144  org.owasp.html.HtmlTextEscapingMode
2463:             6            144  org.parboiled.common.ImmutableList$RegularList
2464:             6            144  sun.misc.PerfCounter
2465:             3            144  sun.security.ssl.CipherBox
2466:             6            144  sun.security.ssl.ProtocolVersion
2467:             6            144  sun.security.util.DisabledAlgorithmConstraints$Constraint$Operator
2468:             9            144  sun.security.x509.RFC822Name
2469:             3            144  sun.text.normalizer.CharTrie
2470:             5            136  [Lcom.sun.org.apache.xerces.internal.utils.XMLSecurityPropertyManager$State;
2471:             7            136  [Ljava.lang.ref.WeakReference;
2472:             1            136  [Ljava.time.temporal.ChronoField;
2473:             1            136  [Lnet.sf.saxon.type.PrimitiveUType;
2474:             2            136  [Lokhttp3.CipherSuite;
2475:             2            136  [Lokhttp3.CipherSuite;
2476:             1            136  [Lorg.jenkinsci.plugins.workflow.cps.CpsThread;
2477:             4            136  [Lsun.invoke.util.ValueConversions$WrapperCache;
2478:             1            136  hudson.remoting.RemoteInvocationHandler$Unexporter
2479:             1            136  org.jenkinsci.plugins.workflow.multibranch.WorkflowMultiBranchProject
2480:             1            136  sun.security.ssl.SSLEngineImpl
2481:             2            128  [Ljava.time.Month;
2482:             2            128  [Lorg.apache.sshd.common.cipher.BuiltinCiphers;
2483:             2            128  [Lorg.eclipse.jetty.http.HttpMethod;
2484:             1            128  [Lorg.h2.expression.aggregate.AggregateType;
2485:             8            128  com.cloudbees.hudson.plugins.folder.health.WorstChildHealthMetric
2486:             4            128  com.fasterxml.jackson.databind.introspect.AnnotatedParameter
2487:             2            128  com.fasterxml.jackson.databind.ser.std.MapSerializer
2488:             8            128  com.google.common.base.CharMatcher$8
2489:             4            128  com.google.common.collect.LinkedHashMultiset
2490:             8            128  com.google.gson.TypeAdapter$1
2491:             8            128  com.google.inject.matcher.Matchers$IdenticalTo
2492:             2            128  com.sun.crypto.provider.CipherCore
2493:             4            128  com.sun.jmx.mbeanserver.DefaultMXBeanMappingFactory$ArrayMapping
2494:             4            128  com.sun.org.apache.xerces.internal.impl.dtd.XMLElementDecl
2495:             4            128  com.sun.org.apache.xerces.internal.util.NamespaceSupport
2496:             2            128  hudson.TcpSlaveAgentListener$TcpSlaveAgentListenerRescheduler
2497:             8            128  hudson.plugins.git.extensions.impl.RelativeTargetDirectory
2498:             2            128  hudson.security.LDAPSecurityRealm$AuthoritiesPopulatorImpl
2499:             4            128  hudson.triggers.SCMTrigger
2500:             4            128  hudson.util.RunList
2501:             4            128  io.github.stephenc.crypto.sscg.internal.bc.jcajce.provider.config.ProviderConfigurationPermission
2502:             2            128  java.io.ExpiringCache$1
2503:             4            128  java.lang.UNIXProcess$Platform
2504:             8            128  java.util.EnumMap$EntrySet
2505:             8            128  java.util.Hashtable$KeySet
2506:             4            128  java.util.concurrent.SynchronousQueue$TransferStack$SNode
2507:             8            128  java.util.regex.Pattern$CharPropertyNames$3
2508:             2            128  javax.crypto.Cipher
2509:             8            128  net.sourceforge.pmd.util.filter.Filters$1
2510:             8            128  net.sourceforge.pmd.util.filter.NotFilter
2511:             4            128  org.acegisecurity.userdetails.ldap.LdapUserDetailsMapper
2512:             4            128  org.apache.commons.jelly.XMLOutput$2
2513:             4            128  org.apache.commons.jexl.parser.ASTArrayAccess
2514:             8            128  org.apache.commons.lang3.time.FastDateParser$CopyQuotedStrategy
2515:             4            128  org.eclipse.jetty.http.HttpScheme
2516:             4            128  org.eclipse.jetty.util.IncludeExcludeSet
2517:             4            128  org.h2.expression.Parameter
2518:             4            128  org.h2.expression.condition.ConditionAndOr
2519:             2            128  org.h2.message.TraceSystem
2520:             4            128  org.jenkinsci.plugins.docker.workflow.Docker$Image
2521:             4            128  org.jenkinsci.plugins.pipeline.modeldefinition.ModelInterpreter$WhenEvaluator
2522:             4            128  org.jenkinsci.plugins.plaincredentials.impl.StringCredentialsImpl
2523:             4            128  org.jenkinsci.plugins.workflow.support.concurrent.Timeout
2524:             4            128  org.jenkinsci.plugins.workflow.support.concurrent.Timeout$$Lambda$377/1498756176
2525:             2            128  org.jfrog.hudson.ArtifactoryServer
2526:             4            128  org.kohsuke.stapler.ScriptRequestDispatcher
2527:             4            128  org.springframework.beans.factory.support.ManagedList
2528:             2            128  sun.nio.cs.ext.DoubleByte$Encoder_DBCSONLY
2529:             4            128  sun.security.ssl.CipherSuite$PRF
2530:             4            128  sun.security.ssl.X509TrustManagerImpl
2531:             2            120  [Lcom.thoughtworks.xstream.io.xml.XmlFriendlyNameCoder$IntPair;
2532:             4            120  [Lhudson.model.Result;
2533:             5            120  [Ljava.util.concurrent.atomic.Striped64$Cell;
2534:             5            120  [Lorg.jenkinsci.plugins.scriptsecurity.sandbox.Whitelist;
2535:             1            120  [Lsun.security.ssl.EllipticCurvesExtension$NamedEllipticCurve;
2536:             5            120  com.allot.devops.eaas.Machine
2537:             5            120  com.datapipe.jenkins.vault.configuration.FolderVaultConfiguration
2538:             5            120  com.fasterxml.jackson.annotation.Nulls
2539:             3            120  com.fasterxml.jackson.databind.PropertyMetadata
2540:             5            120  com.fasterxml.jackson.databind.ser.impl.ReadOnlyClassToSerializerMap
2541:             5            120  com.google.common.base.CharMatcher$15
2542:             5            120  com.google.gson.internal.bind.TypeAdapters$29
2543:             5            120  com.google.inject.internal.SingleMethodInjector
2544:             5            120  com.google.inject.internal.SingleMethodInjector$1
2545:             5            120  com.google.inject.internal.cglib.reflect.$FastMethod
2546:             5            120  com.sun.org.apache.xalan.internal.utils.FeaturePropertyBase$State
2547:             5            120  com.sun.org.apache.xalan.internal.utils.XMLSecurityManager$State
2548:             5            120  com.sun.org.apache.xerces.internal.util.PropertyState
2549:             5            120  com.sun.org.apache.xerces.internal.utils.XMLSecurityManager$State
2550:             5            120  com.sun.org.apache.xerces.internal.utils.XMLSecurityPropertyManager$State
2551:             5            120  com.thoughtworks.xstream.io.xml.AbstractPullReader$Event
2552:             5            120  com.vmware.vim25.LatencySensitivitySensitivityLevel
2553:             5            120  com.vmware.vim25.VirtualMachineConnectionState
2554:             5            120  hudson.plugins.ansicolor.AnsiHtmlOutputStream$State
2555:             5            120  hudson.security.LDAPSecurityRealm$DelegatedLdapUserDetails
2556:             5            120  hudson.security.SparseACL$Entry
2557:             5            120  hudson.util.SequentialExecutionQueue
2558:             5            120  io.jenkins.plugins.casc.model.Scalar$Format
2559:             5            120  java.io.InputStreamReader
2560:             5            120  java.lang.ClassValue$Version
2561:             3            120  java.lang.invoke.BoundMethodHandle$Species_LI
2562:             5            120  java.time.format.SignStyle
2563:             5            120  java.util.Currency
2564:             3            120  java.util.HashMap$KeyIterator
2565:             3            120  java.util.concurrent.atomic.LongAccumulator
2566:             5            120  java.util.stream.StreamOpFlag$Type
2567:             5            120  javax.imageio.spi.PartiallyOrderedSet
2568:             5            120  javax.net.ssl.SSLEngineResult$HandshakeStatus
2569:             5            120  javax.servlet.DispatcherType
2570:             3            120  javax.servlet.ServletException
2571:             5            120  javax.xml.namespace.QName
2572:             5            120  jdk.xml.internal.JdkXmlFeatures$State
2573:             5            120  jenkins.install.InstallState
2574:             5            120  jenkins.scm.api.SCMFile$Type
2575:             5            120  jenkins.security.ImpersonatingExecutorService$1
2576:             5            120  jenkins.util.ContextResettingExecutorService$1
2577:             5            120  okhttp3.HttpUrl$Builder$ParseResult
2578:             1            120  okhttp3.OkHttpClient
2579:             1            120  okhttp3.OkHttpClient
2580:             5            120  okhttp3.TlsVersion
2581:             5            120  okhttp3.TlsVersion
2582:             5            120  okhttp3.TlsVersion
2583:             3            120  okio.Segment
2584:             3            120  okio.Segment
2585:             3            120  okio.Segment
2586:             5            120  org.apache.http.auth.AuthProtocolState
2587:             5            120  org.apache.http.auth.AuthProtocolState
2588:             5            120  org.bouncycastle.jcajce.provider.asymmetric.ec.KeyFactorySpi$ECMQV
2589:             5            120  org.eclipse.jetty.http.HttpGenerator$State
2590:             5            120  org.eclipse.jetty.http.HttpParser$FieldState
2591:             5            120  org.eclipse.jetty.http.HttpTokens$EndOfContent
2592:             3            120  org.eclipse.jetty.io.ByteBufferPool$Bucket
2593:             5            120  org.eclipse.jetty.io.WriteFlusher$StateType
2594:             5            120  org.eclipse.jetty.security.RoleInfo
2595:             5            120  org.eclipse.jetty.server.HttpChannelState$State
2596:             5            120  org.eclipse.jetty.server.Response$EncodingFrom
2597:             1            120  org.eclipse.jetty.util.thread.QueuedThreadPool
2598:             5            120  org.eclipse.jgit.internal.storage.pack.PackExt
2599:             5            120  org.eclipse.jgit.lib.Ref$Storage
2600:             5            120  org.h2.engine.Session$State
2601:             5            120  org.h2.expression.ValueExpression
2602:             5            120  org.h2.store.FileLockMethod
2603:             5            120  org.jenkinsci.plugins.durabletask.BourneShellScript$OsType
2604:             5            120  org.jenkinsci.plugins.pipeline.utility.steps.shaded.org.yaml.snakeyaml.DumperOptions$ScalarStyle
2605:             5            120  org.jenkinsci.plugins.ssegateway.sse.SSEChannel$EventProps
2606:             5            120  org.jenkinsci.plugins.workflow.cps.CpsFlowExecution$TimingKind
2607:             5            120  org.jenkinsci.plugins.workflow.graphanalysis.ForkScanner$NodeType
2608:             3            120  org.jenkinsci.remoting.util.ByteBufferQueue
2609:             5            120  org.jfrog.build.api.BuildType
2610:             3            120  org.jfrog.hudson.CredentialsConfig
2611:             3            120  org.springframework.context.support.StaticMessageSource
2612:             5            120  org.yaml.snakeyaml.DumperOptions$ScalarStyle
2613:             5            120  sun.misc.FloatingDecimal$PreparedASCIIToBinaryBuffer
2614:             3            120  sun.reflect.UnsafeQualifiedStaticIntegerFieldAccessorImpl
2615:             5            120  sun.security.jca.ServiceId
2616:             3            120  sun.security.provider.DSAPublicKeyImpl
2617:             5            120  sun.security.util.DisabledAlgorithmConstraints
2618:             1            112  [Lcom.cloudbees.syslog.Facility;
2619:             2            112  [Lhudson.init.InitMilestone;
2620:             2            112  [Ljava.lang.invoke.MethodType;
2621:             5            112  [Ljava.nio.file.LinkOption;
2622:             2            112  [Ljava.nio.file.StandardOpenOption;
2623:             2            112  [Ljava.nio.file.attribute.PosixFilePermission;
2624:             2            112  [Ljava.security.CryptoPrimitive;
2625:             1            112  [Ljava.time.LocalTime;
2626:             2            112  [Ljava.util.logging.Level;
2627:             2            112  [Lorg.eclipse.jetty.http.HttpComplianceSection;
2628:             1            112  [Lorg.jenkinsci.plugins.pipeline.utility.steps.shaded.org.yaml.snakeyaml.tokens.Token$ID;
2629:             1            112  [Lorg.yaml.snakeyaml.tokens.Token$ID;
2630:             2            112  com.allot.devops.scm.components.Git
2631:             7            112  com.sun.proxy.$Proxy30
2632:             7            112  com.sun.proxy.$Proxy4
2633:             7            112  com.sun.proxy.$Proxy41
2634:             7            112  com.sun.proxy.$Proxy59
2635:             7            112  com.sun.proxy.$Proxy64
2636:             7            112  com.sun.proxy.$Proxy84
2637:             7            112  com.sun.proxy.$Proxy96
2638:             2            112  com.thoughtworks.xstream.converters.extended.NamedMapConverter
2639:             2            112  com.trilead.ssh2.jenkins.SFTPClient
2640:             1            112  hudson.PluginFirstClassLoader
2641:             2            112  hudson.plugins.git.GitSCM$DescriptorImpl
2642:             7            112  hudson.plugins.git.extensions.impl.GitLFSPull
2643:             7            112  hudson.remoting.Channel$1
2644:             2            112  java.security.cert.PKIXBuilderParameters
2645:             1            112  java.util.SimpleTimeZone
2646:             1            112  net.sourceforge.pmd.lang.java.rule.codestyle.VariableNamingConventionsRule
2647:             2            112  org.apache.http.client.config.RequestConfig
2648:             7            112  org.apache.ivy.util.url.ApacheURLLister
2649:             2            112  org.eclipse.jetty.server.AsyncContextEvent
2650:             1            112  org.eclipse.jetty.webapp.WebAppClassLoader
2651:             2            112  org.h2.engine.Role
2652:             2            112  org.h2.engine.Setting
2653:             2            112  org.h2.mvstore.tx.TransactionStore
2654:             2            112  org.jenkinsci.plugins.github.config.GitHubPluginConfig
2655:             7            112  org.jenkinsci.plugins.workflow.log.TaskListenerDecorator$ConsoleLogFilterAdapter
2656:             7            112  org.objectweb.asm.tree.analysis.BasicValue
2657:             1            112  sun.font.FcFontConfiguration
2658:             2            112  sun.nio.cs.ext.DoubleByte$Decoder_DBCSONLY
2659:             2            112  sun.security.validator.PKIXValidator
2660:             1            104  hudson.security.LDAPSecurityRealm
2661:             1            104  java.awt.image.ComponentColorModel
2662:             1            104  net.sourceforge.pmd.lang.java.rule.codestyle.ClassNamingConventionsRule
2663:             1            104  net.sourceforge.pmd.lang.java.rule.codestyle.FieldNamingConventionsRule
2664:             1            104  net.sourceforge.pmd.lang.java.rule.codestyle.MethodNamingConventionsRule
2665:             1            104  org.eclipse.jetty.security.ConstraintSecurityHandler
2666:             1            104  org.eclipse.jetty.server.HttpConfiguration
2667:             1            104  org.jenkins.plugins.statistics.gatherer.StatisticsConfiguration
2668:             1            104  org.kohsuke.stapler.WebApp
2669:             2             96  [Lcom.fasterxml.jackson.annotation.JsonInclude$Include;
2670:             2             96  [Lcom.google.common.cache.LocalCache$EntryFactory;
2671:             2             96  [Lhudson.plugins.ansicolor.AnsiColorMap$Color;
2672:             2             96  [Lhudson.plugins.parameterizedtrigger.ResultCondition;
2673:             2             96  [Ljava.time.DayOfWeek;
2674:             2             96  [Lorg.apache.commons.lang3.time.FastDatePrinter$Rule;
2675:             1             96  [Lorg.eclipse.jetty.http.MimeTypes$Type;
2676:             2             96  [Lorg.h2.expression.ExpressionVisitor;
2677:             2             96  [Lorg.jenkinsci.plugins.workflow.pipelinegraphanalysis.GenericStatus;
2678:             1             96  [Lorg.owasp.html.TagBalancingHtmlStreamEventReceiver$ElementContainmentRelationships$ElementGroup;
2679:             6             96  [Lorg.parboiled.matchers.Matcher;
2680:             1             96  [Lsun.font.CompositeFont;
2681:             1             96  [Lsun.font.FileFont;
2682:             1             96  [[J
2683:             3             96  ResolveMode
2684:             3             96  com.cloudbees.groovy.cps.impl.ForInLoopBlock$ContinuationImpl
2685:             4             96  com.cloudbees.hudson.plugins.folder.Folder$MixInImpl
2686:             4             96  com.cloudbees.hudson.plugins.folder.health.FolderHealthMetric$Type
2687:             4             96  com.cloudbees.hudson.plugins.folder.views.DefaultFolderViewHolder
2688:             2             96  com.cloudbees.syslog.SyslogMessage
2689:             4             96  com.fasterxml.jackson.annotation.JsonCreator$Mode
2690:             4             96  com.fasterxml.jackson.annotation.JsonProperty$Access
2691:             4             96  com.fasterxml.jackson.core.JsonFactory$Feature
2692:             6             96  com.fasterxml.jackson.databind.ser.std.ToStringSerializer
2693:             2             96  com.fasterxml.jackson.databind.util.StdDateFormat
2694:             4             96  com.github.benmanes.caffeine.cache.BoundedLocalCache$PerformCleanupTask
2695:             4             96  com.github.benmanes.caffeine.cache.FS
2696:             6             96  com.google.common.base.CharMatcher$Or
2697:             4             96  com.google.common.collect.AbstractIterator$State
2698:             4             96  com.google.common.collect.ImmutableEntry
2699:             2             96  com.google.common.collect.Multimaps$CustomSetMultimap
2700:             2             96  com.google.common.eventbus.AsyncEventBus
2701:             4             96  com.google.common.hash.MessageDigestHashFunction
2702:             4             96  com.google.inject.internal.WeakKeySet$KeyAndSource
2703:             3             96  com.jcraft.jzlib.StaticTree
2704:             3             96  com.sonyericsson.rebuild.RebuildLastCompletedBuildAction
2705:             3             96  com.sun.crypto.provider.HmacCore$HmacSHA256
2706:             1             96  com.sun.crypto.provider.SunJCE
2707:             3             96  com.sun.jmx.mbeanserver.DefaultMXBeanMappingFactory$EnumMapping
2708:             2             96  com.sun.jmx.mbeanserver.MBeanIntrospector$MBeanInfoMap
2709:             2             96  com.sun.jmx.mbeanserver.MBeanIntrospector$PerInterfaceMap
2710:             1             96  com.sun.net.ssl.internal.ssl.Provider
2711:             3             96  com.sun.org.apache.xalan.internal.utils.XMLSecurityManager$NameMap
2712:             4             96  com.sun.org.apache.xerces.internal.impl.XMLNSDocumentScannerImpl$NSContentDriver
2713:             4             96  com.sun.org.apache.xerces.internal.impl.dtd.DTDGrammarBucket
2714:             4             96  com.sun.org.apache.xerces.internal.impl.dtd.XMLAttributeDecl
2715:             4             96  com.sun.org.apache.xerces.internal.impl.msg.XMLMessageFormatter
2716:             4             96  com.sun.org.apache.xerces.internal.impl.validation.ValidationManager
2717:             3             96  com.sun.org.apache.xerces.internal.jaxp.SAXParserFactoryImpl
2718:             3             96  com.sun.org.apache.xerces.internal.utils.XMLSecurityManager$NameMap
2719:             4             96  com.sun.org.apache.xerces.internal.utils.XMLSecurityPropertyManager
2720:             6             96  com.sun.proxy.$Proxy70
2721:             1             96  com.sun.security.sasl.Provider
2722:             1             96  com.sun.xml.internal.stream.Entity$ScannedEntity
2723:             3             96  com.thoughtworks.xstream.io.path.PathTracker
2724:             4             96  com.vmware.vim25.ManagedEntityStatus
2725:             4             96  com.vmware.vim25.SharesLevel
2726:             4             96  com.vmware.vim25.TaskInfoState
2727:             4             96  com.vmware.vim25.VirtualMachineToolsStatus
2728:             4             96  com.zaxxer.hikari.util.UtilityElf$DefaultThreadFactory
2729:             4             96  groovy.json.JsonParserType
2730:             4             96  hudson.ExtensionListView$2
2731:             3             96  hudson.model.Cause$UpstreamCause
2732:             3             96  hudson.model.MultiStageTimeSeries$TimeScale
2733:             3             96  hudson.model.Queue$ItemList
2734:             4             96  hudson.model.Run$State
2735:             4             96  hudson.plugins.ansicolor.action.ColorizedAction$Command
2736:             3             96  hudson.plugins.copyartifact.TriggeredBuildSelector$UpstreamFilterStrategy
2737:             3             96  hudson.remoting.AtmostOneThreadExecutor
2738:             3             96  hudson.remoting.Channel$OrderlyShutdown
2739:             6             96  hudson.remoting.SynchronousCommandTransport$ReaderThread$$Lambda$360/189433884
2740:             4             96  hudson.scm.PollingResult$Change
2741:             2             96  hudson.security.LDAPSecurityRealm$LdapAuthenticationProviderImpl
2742:             4             96  hudson.util.PersistedList$ConverterImpl
2743:             6             96  hudson.views.DefaultViewsTabBar
2744:             1             96  io.github.stephenc.crypto.sscg.internal.bc.jce.provider.BouncyCastleProvider
2745:             2             96  io.jenkins.blueocean.commons.stapler.export.FieldProperty
2746:             4             96  io.jenkins.blueocean.events.BlueMessageEnricher$BlueEventProps
2747:             4             96  io.jenkins.blueocean.rest.model.BlueTestResult$Status
2748:             3             96  io.jenkins.plugins.analysis.core.columns.IssuesTotalColumn
2749:             4             96  io.jenkins.plugins.checks.api.ChecksStatus
2750:             4             96  io.jenkins.plugins.luxair.model.Ordering
2751:             4             96  java.awt.Queue
2752:             2             96  java.awt.image.DataBufferByte
2753:             2             96  java.lang.ThreadGroup
2754:             4             96  java.math.MathContext
2755:             2             96  java.net.DatagramSocket
2756:             2             96  java.net.PlainDatagramSocketImpl
2757:             3             96  java.nio.file.attribute.FileTime
2758:             3             96  java.security.spec.ECParameterSpec
2759:             4             96  java.text.Normalizer$Form
2760:             4             96  java.time.ZoneRegion
2761:             3             96  java.time.format.DateTimeFormatterBuilder$FractionPrinterParser
2762:             4             96  java.time.format.DateTimeFormatterBuilder$SettingsParser
2763:             2             96  java.time.zone.ZoneOffsetTransitionRule
2764:             6             96  java.util.Optional
2765:             4             96  java.util.concurrent.ConcurrentLinkedDeque
2766:             6             96  java.util.concurrent.Semaphore
2767:             4             96  java.util.concurrent.atomic.AtomicMarkableReference$Pair
2768:             4             96  java.util.stream.StreamShape
2769:             4             96  javax.annotation.meta.When
2770:             4             96  javax.annotation.meta.When
2771:             2             96  javax.management.openmbean.TabularType
2772:             4             96  javax.net.ssl.SSLEngineResult$Status
2773:             4             96  jenkins.security.CryptoConfidentialKey
2774:             4             96  jenkins.util.io.FileBoolean
2775:             2             96  lib.JenkinsTagLib$executors
2776:             1             96  net.i2p.crypto.eddsa.EdDSASecurityProvider
2777:             3             96  net.minidev.json.JSONStyle
2778:             4             96  net.sf.saxon.type.StringConverter$StringToNCName
2779:             1             96  net.sourceforge.pmd.lang.java.rule.codestyle.FormalParameterNamingConventionsRule
2780:             1             96  net.sourceforge.pmd.lang.java.rule.errorprone.DataflowAnomalyAnalysisRule
2781:             4             96  okhttp3.ConnectionSpec
2782:             4             96  okhttp3.ConnectionSpec
2783:             4             96  okhttp3.Protocol
2784:             2             96  org.acegisecurity.ldap.DefaultInitialDirContextFactory
2785:             2             96  org.acegisecurity.providers.ldap.authenticator.BindAuthenticator2
2786:             6             96  org.acegisecurity.util.PortMapperImpl
2787:             3             96  org.apache.commons.io.IOCase
2788:             2             96  org.apache.commons.io.input.NullInputStream
2789:             1             96  org.apache.commons.jexl.parser.Parser
2790:             3             96  org.apache.commons.lang.IntHashMap
2791:             6             96  org.apache.commons.lang3.time.FastDatePrinter$TwoDigitNumberField
2792:             3             96  org.apache.ivy.plugins.conflict.LatestConflictManager
2793:             6             96  org.apache.tools.zip.ZipShort
2794:             1             96  org.bouncycastle.jce.provider.BouncyCastleProvider
2795:             4             96  org.codehaus.groovy.control.customizers.ImportCustomizer$ImportType
2796:             4             96  org.codehaus.groovy.util.ReferenceBundle
2797:             4             96  org.eclipse.jetty.server.HttpChannelState$OutputState
2798:             4             96  org.eclipse.jetty.server.HttpOutput$State
2799:             4             96  org.eclipse.jetty.server.handler.ContextHandler$Availability
2800:             4             96  org.eclipse.jetty.server.session.Session$State
2801:             3             96  org.eclipse.jetty.servlet.ServletMapping
2802:             4             96  org.eclipse.jetty.servlet.Source$Origin
2803:             3             96  org.eclipse.jetty.util.ConstantThrowable
2804:             4             96  org.eclipse.jetty.util.component.ContainerLifeCycle$Managed
2805:             4             96  org.eclipse.jetty.util.thread.strategy.EatWhatYouKill$Mode
2806:             4             96  org.eclipse.jetty.webapp.ClasspathPattern$ByClass
2807:             4             96  org.eclipse.jetty.webapp.ClasspathPattern$ByLocationOrModule
2808:             4             96  org.eclipse.jetty.webapp.ClasspathPattern$ByModule
2809:             4             96  org.eclipse.jetty.webapp.ClasspathPattern$ByPackageOrName
2810:             3             96  org.eclipse.jgit.lib.ConfigSnapshot
2811:             4             96  org.eclipse.jgit.util.FS$FileStoreAttributes
2812:             1             96  org.h2.command.dml.Insert
2813:             4             96  org.h2.constraint.Constraint$Type
2814:             4             96  org.h2.constraint.ConstraintActionType
2815:             4             96  org.h2.mvstore.MVMap$Builder
2816:             4             96  org.h2.mvstore.MVMap$Decision
2817:             2             96  org.h2.mvstore.cache.CacheLongKeyLIRS
2818:             2             96  org.h2.mvstore.db.MVTableEngine$Store
2819:             2             96  org.h2.store.LobStorageMap
2820:             3             96  org.jboss.marshalling.util.IdentityIntMap
2821:             1             96  org.jcp.xml.dsig.internal.dom.XMLDSigRI
2822:             2             96  org.jenkinsci.bytecode.MemberTransformSpec
2823:             6             96  org.jenkinsci.plugins.credentialsbinding.MultiBinding$NullUnbinder
2824:             3             96  org.jenkinsci.plugins.credentialsbinding.impl.BindingStep$Filter$1
2825:             3             96  org.jenkinsci.plugins.docker.workflow.RegistryEndpointStep$Execution2
2826:             3             96  org.jenkinsci.plugins.docker.workflow.WithContainerStep$Decorator
2827:             4             96  org.jenkinsci.plugins.pipeline.utility.steps.shaded.org.yaml.snakeyaml.nodes.NodeId
2828:             4             96  org.jenkinsci.plugins.scriptsecurity.sandbox.whitelists.EnumeratingWhitelist$FieldSignature
2829:             2             96  org.jenkinsci.plugins.scriptsecurity.sandbox.whitelists.ProxyWhitelist
2830:             1             96  org.jenkinsci.plugins.testresultsanalyzer.TestResultsAnalyzerExtension$DescriptorImpl
2831:             4             96  org.jenkinsci.plugins.workflow.actions.QueueItemAction$QueueState
2832:             4             96  org.jenkinsci.plugins.workflow.cps.CpsFlowExecution$4
2833:             4             96  org.jenkinsci.plugins.workflow.cps.CpsFlowExecution$4$1
2834:             4             96  org.jenkinsci.plugins.workflow.cps.CpsThreadGroup$2
2835:             6             96  org.jenkinsci.plugins.workflow.cps.CpsThreadGroup$3
2836:             3             96  org.jenkinsci.plugins.workflow.flow.FlowDurabilityHint
2837:             4             96  org.jenkinsci.remoting.engine.JnlpClientDatabase$ValidationResult
2838:             3             96  org.jenkinsci.remoting.protocol.ProtocolStack$Ptr
2839:             6             96  org.joda.time.format.DateTimeFormatterBuilder$CharacterLiteral
2840:             4             96  org.jvnet.hudson.ProcMemInfo$Suffix
2841:             4             96  org.owasp.html.HtmlLexer$State
2842:             4             96  org.owasp.html.HtmlLexer$State
2843:             4             96  org.owasp.html.HtmlPolicyBuilder$AttributeBuilder
2844:             4             96  org.owasp.html.JoinedAttributePolicy
2845:             3             96  org.parboiled.matchers.CharMatcher
2846:             4             96  org.springframework.core.NamedThreadLocal
2847:             3             96  org.springframework.ui.context.support.ResourceBundleThemeSource
2848:             6             96  org.springframework.web.context.request.SessionScope
2849:             3             96  org.tmatesoft.svn.core.internal.util.SVNHashMap$TableEntry
2850:             4             96  org.yaml.snakeyaml.nodes.NodeId
2851:             1             96  sun.font.AttributeValues
2852:             4             96  sun.java2d.StateTrackable$State
2853:             4             96  sun.java2d.StateTrackableDelegate
2854:             2             96  sun.management.GarbageCollectorImpl
2855:             4             96  sun.misc.FormattedFloatingDecimal$Form
2856:             1             96  sun.misc.Launcher$AppClassLoader
2857:             3             96  sun.net.spi.DefaultProxySelector$NonProxyInfo
2858:             4             96  sun.net.www.MessageHeader
2859:             3             96  sun.nio.fs.UnixFileKey
2860:             3             96  sun.reflect.UnsafeStaticObjectFieldAccessorImpl
2861:             4             96  sun.reflect.generics.repository.FieldRepository
2862:             1             96  sun.security.ec.SunEC
2863:             1             96  sun.security.jca.ProviderList$1
2864:             1             96  sun.security.rsa.SunRsaSign
2865:             1             96  sun.security.smartcardio.SunPCSC
2866:             6             96  sun.security.ssl.EphemeralKeyManager
2867:             3             96  sun.security.ssl.ProtocolList
2868:             3             96  sun.security.x509.NetscapeCertTypeExtension
2869:             2             96  sun.text.resources.en.FormatData_en_US
2870:             4             88  [Ljava.security.cert.X509Certificate;
2871:             1             88  [Lnet.sourceforge.pmd.properties.PropertyTypeId;
2872:             1             88  [Lorg.apache.commons.text.lookup.DefaultStringLookup;
2873:             1             88  [Lorg.owasp.html.HtmlInputSplitter$State;
2874:             1             88  [Lsun.security.util.ObjectIdentifier;
2875:             1             88  [[Ljava.lang.Byte;
2876:             1             88  com.sun.imageio.plugins.bmp.BMPImageReaderSpi
2877:             1             88  com.sun.imageio.plugins.bmp.BMPImageWriterSpi
2878:             1             88  com.sun.imageio.plugins.gif.GIFImageReaderSpi
2879:             1             88  com.sun.imageio.plugins.gif.GIFImageWriterSpi
2880:             1             88  com.sun.imageio.plugins.jpeg.JPEGImageReaderSpi
2881:             1             88  com.sun.imageio.plugins.jpeg.JPEGImageWriterSpi
2882:             1             88  com.sun.imageio.plugins.png.PNGImageReaderSpi
2883:             1             88  com.sun.imageio.plugins.png.PNGImageWriterSpi
2884:             1             88  com.sun.imageio.plugins.wbmp.WBMPImageReaderSpi
2885:             1             88  com.sun.imageio.plugins.wbmp.WBMPImageWriterSpi
2886:             1             88  hudson.remoting.RemoteClassLoader$ClassLoaderProxy$1
2887:             1             88  net.sourceforge.pmd.lang.java.rule.bestpractices.JUnitAssertionsShouldIncludeMessageRule
2888:             1             88  net.sourceforge.pmd.lang.java.rule.bestpractices.UnusedPrivateFieldRule
2889:             1             88  net.sourceforge.pmd.lang.java.rule.codestyle.CommentDefaultAccessModifierRule
2890:             1             88  net.sourceforge.pmd.lang.java.rule.codestyle.DuplicateImportsRule
2891:             1             88  net.sourceforge.pmd.lang.java.rule.codestyle.FieldDeclarationsShouldBeAtStartOfClassRule
2892:             1             88  net.sourceforge.pmd.lang.java.rule.codestyle.LocalVariableNamingConventionsRule
2893:             1             88  net.sourceforge.pmd.lang.java.rule.codestyle.UnnecessaryFullyQualifiedNameRule
2894:             1             88  net.sourceforge.pmd.lang.java.rule.design.AvoidDeeplyNestedIfStmtsRule
2895:             1             88  net.sourceforge.pmd.lang.java.rule.design.CouplingBetweenObjectsRule
2896:             1             88  net.sourceforge.pmd.lang.java.rule.design.CyclomaticComplexityRule
2897:             1             88  net.sourceforge.pmd.lang.java.rule.design.ExcessiveClassLengthRule
2898:             1             88  net.sourceforge.pmd.lang.java.rule.design.ExcessiveImportsRule
2899:             1             88  net.sourceforge.pmd.lang.java.rule.design.ExcessiveMethodLengthRule
2900:             1             88  net.sourceforge.pmd.lang.java.rule.design.ExcessiveParameterListRule
2901:             1             88  net.sourceforge.pmd.lang.java.rule.design.ExcessivePublicCountRule
2902:             1             88  net.sourceforge.pmd.lang.java.rule.design.ImmutableFieldRule
2903:             1             88  net.sourceforge.pmd.lang.java.rule.design.LoosePackageCouplingRule
2904:             1             88  net.sourceforge.pmd.lang.java.rule.design.ModifiedCyclomaticComplexityRule
2905:             1             88  net.sourceforge.pmd.lang.java.rule.design.NcssConstructorCountRule
2906:             1             88  net.sourceforge.pmd.lang.java.rule.design.NcssCountRule
2907:             1             88  net.sourceforge.pmd.lang.java.rule.design.NcssMethodCountRule
2908:             1             88  net.sourceforge.pmd.lang.java.rule.design.NcssTypeCountRule
2909:             1             88  net.sourceforge.pmd.lang.java.rule.design.SingularFieldRule
2910:             1             88  net.sourceforge.pmd.lang.java.rule.design.StdCyclomaticComplexityRule
2911:             1             88  net.sourceforge.pmd.lang.java.rule.design.UseUtilityClassRule
2912:             1             88  net.sourceforge.pmd.lang.java.rule.documentation.CommentContentRule
2913:             1             88  net.sourceforge.pmd.lang.java.rule.errorprone.AvoidDuplicateLiteralsRule
2914:             1             88  net.sourceforge.pmd.lang.java.rule.errorprone.BeanMembersShouldSerializeRule
2915:             1             88  net.sourceforge.pmd.lang.java.rule.errorprone.CloseResourceRule
2916:             1             88  net.sourceforge.pmd.lang.java.rule.errorprone.MoreThanOneLoggerRule
2917:             1             88  net.sourceforge.pmd.lang.java.rule.errorprone.OverrideBothEqualsAndHashcodeRule
2918:             1             88  net.sourceforge.pmd.lang.java.rule.errorprone.UnnecessaryConversionTemporaryRule
2919:             1             88  net.sourceforge.pmd.lang.java.rule.multithreading.NonThreadSafeSingletonRule
2920:             1             88  org.apache.oro.text.regex.Perl5Matcher
2921:             1             88  org.apache.xerces.jaxp.datatype.XMLGregorianCalendarImpl
2922:             1             88  org.codehaus.groovy.runtime.typehandling.NumberMathModificationInfo
2923:             1             88  org.eclipse.jetty.server.Server
2924:             1             88  org.eclipse.jetty.server.ServerConnector$ServerConnectorManager
2925:             1             88  sun.misc.Launcher$ExtClassLoader
2926:             1             88  sun.nio.cs.CharsetMapping
2927:             1             80  [Lcom.cloudbees.jenkins.plugins.bitbucket.hooks.HookEventType;
2928:             1             80  [Lcom.fasterxml.jackson.core.JsonParser$Feature;
2929:             2             80  [Lcom.vmware.vim25.LatencySensitivitySensitivityLevel;
2930:             2             80  [Lcom.vmware.vim25.VirtualMachineConnectionState;
2931:             2             80  [Lcom.vmware.vim25.VirtualMachineFaultToleranceState;
2932:             2             80  [Lio.jenkins.blueocean.rest.model.BlueRun$BlueRunResult;
2933:             1             80  [Lio.jenkins.plugins.analysis.core.util.IssuesStatistics$StatisticProperties;
2934:             5             80  [Ljava.lang.annotation.Annotation;
2935:             3             80  [Ljava.net.InetAddress;
2936:             1             80  [Ljava.time.temporal.ChronoUnit;
2937:             2             80  [Ljava.util.stream.StreamOpFlag$Type;
2938:             2             80  [Ljavax.servlet.Filter;
2939:             1             80  [Lnet.sf.saxon.lib.XQueryFunctionAnnotationHandler$DisallowedCombination;
2940:             1             80  [Lokhttp3.CipherSuite;
2941:             2             80  [Lorg.apache.http.HttpRequestInterceptor;
2942:             2             80  [Lorg.eclipse.jetty.io.WriteFlusher$StateType;
2943:             2             80  [Lorg.eclipse.jetty.server.Response$EncodingFrom;
2944:             2             80  [Lorg.eclipse.jgit.revwalk.RevSort;
2945:             2             80  [Lorg.jenkinsci.plugins.durabletask.BourneShellScript$OsType;
2946:             1             80  [Lorg.jenkinsci.plugins.pubsub.Events$JobChannel;
2947:             2             80  [Lorg.jfrog.build.api.BuildType;
2948:             1             80  [Lorg.tmatesoft.svn.core.internal.util.SVNHashMap$TableEntry;
2949:             1             80  [Lsun.security.ssl.CipherSuite$KeyExchange;
2950:             2             80  com.cloudbees.hudson.plugins.folder.computed.PeriodicFolderTrigger
2951:             1             80  com.cloudbees.jenkins.plugins.bitbucket.BitbucketSCMSource
2952:             2             80  com.cloudbees.jenkins.plugins.bitbucket.avatars.AvatarCache$CacheEntry
2953:             2             80  com.fasterxml.jackson.databind.ObjectWriter
2954:             2             80  com.github.benmanes.caffeine.cache.PWW
2955:             5             80  com.google.common.base.CharMatcher$LookupTable
2956:             1             80  com.google.gson.Gson
2957:             5             80  com.google.inject.internal.ConstantFactory
2958:             5             80  com.microsoft.jenkins.kubernetes.credentials.KubeconfigCredentials$DirectEntryKubeconfigSource
2959:             2             80  com.sun.crypto.provider.CipherBlockChaining
2960:             2             80  com.sun.jmx.mbeanserver.DefaultMXBeanMappingFactory$TabularMapping
2961:             2             80  com.sun.jndi.ldap.pool.ConnectionDesc
2962:             5             80  com.sun.org.apache.xerces.internal.impl.dv.dtd.ListDatatypeValidator
2963:             2             80  com.sun.org.apache.xerces.internal.xni.parser.XMLInputSource
2964:             5             80  com.sun.proxy.$Proxy100
2965:             5             80  com.sun.proxy.$Proxy14
2966:             2             80  com.thoughtworks.xstream.converters.extended.UseAttributeForEnumMapper
2967:             2             80  com.trilead.ssh2.SFTPv3FileAttributes
2968:             5             80  com.trilead.ssh2.log.Logger
2969:             1             80  hudson.PluginManager$UberClassLoader
2970:             2             80  hudson.model.DependencyGraph
2971:             1             80  hudson.plugins.ec2.EC2SlaveMonitor
2972:             2             80  hudson.plugins.parameterizedtrigger.BlockableBuildTriggerConfig
2973:             1             80  hudson.slaves.ConnectionActivityMonitor
2974:             1             80  hudson.tasks.Mailer$DescriptorImpl
2975:             2             80  hudson.util.spring.BeanBuilder
2976:             5             80  io.jenkins.blueocean.rest.impl.pipeline.credential.BlueOceanDomainSpecification
2977:             2             80  io.jenkins.plugins.analysis.warnings.FindBugsMessages
2978:             2             80  io.snyk.jenkins.SnykStepBuilder$SnykStepBuilderDescriptor
2979:             1             80  java.awt.EventQueue
2980:             2             80  java.awt.image.BufferedImage
2981:             2             80  java.io.ExpiringCache
2982:             5             80  java.lang.ClassValue$Identity
2983:             1             80  java.lang.invoke.BoundMethodHandle$Species_L12
2984:             2             80  java.util.Collections$SynchronizedSortedMap
2985:             5             80  java.util.Collections$UnmodifiableMap$UnmodifiableEntrySet
2986:             2             80  java.util.Locale$Category
2987:             2             80  java.util.regex.Pattern$LazyLoop
2988:             2             80  jdk.xml.internal.JdkXmlFeatures$XmlFeature
2989:             2             80  jenkins.branch.CustomOrganizationFolderDescriptor
2990:             5             80  jenkins.model.BlockedBecauseOfBuildInProgress
2991:             5             80  jenkins.mvn.DefaultGlobalSettingsProvider
2992:             5             80  jenkins.mvn.DefaultSettingsProvider
2993:             5             80  jenkins.org.apache.commons.validator.routines.RegexValidator
2994:             2             80  jenkins.plugins.git.GitSCMSource$DescriptorImpl
2995:             1             80  jenkins.util.ErrorLoggingScheduledThreadPoolExecutor
2996:             1             80  net.sourceforge.pmd.lang.java.rule.bestpractices.AbstractClassWithoutAbstractMethodRule
2997:             1             80  net.sourceforge.pmd.lang.java.rule.bestpractices.AccessorClassGenerationRule
2998:             1             80  net.sourceforge.pmd.lang.java.rule.bestpractices.AccessorMethodGenerationRule
2999:             1             80  net.sourceforge.pmd.lang.java.rule.bestpractices.ArrayIsStoredDirectlyRule
3000:             1             80  net.sourceforge.pmd.lang.java.rule.bestpractices.AvoidReassigningLoopVariablesRule
3001:             1             80  net.sourceforge.pmd.lang.java.rule.bestpractices.AvoidReassigningParametersRule
3002:             1             80  net.sourceforge.pmd.lang.java.rule.bestpractices.AvoidUsingHardCodedIPRule
3003:             1             80  net.sourceforge.pmd.lang.java.rule.bestpractices.CheckResultSetRule
3004:             1             80  net.sourceforge.pmd.lang.java.rule.bestpractices.ForLoopCanBeForeachRule
3005:             1             80  net.sourceforge.pmd.lang.java.rule.bestpractices.GuardLogStatementRule
3006:             1             80  net.sourceforge.pmd.lang.java.rule.bestpractices.JUnitTestsShouldIncludeAssertRule
3007:             1             80  net.sourceforge.pmd.lang.java.rule.bestpractices.JUnitUseExpectedRule
3008:             1             80  net.sourceforge.pmd.lang.java.rule.bestpractices.LiteralsFirstInComparisonsRule
3009:             1             80  net.sourceforge.pmd.lang.java.rule.bestpractices.LooseCouplingRule
3010:             1             80  net.sourceforge.pmd.lang.java.rule.bestpractices.MethodReturnsInternalArrayRule
3011:             1             80  net.sourceforge.pmd.lang.java.rule.bestpractices.MissingOverrideRule
3012:             1             80  net.sourceforge.pmd.lang.java.rule.bestpractices.PositionLiteralsFirstInCaseInsensitiveComparisonsRule
3013:             1             80  net.sourceforge.pmd.lang.java.rule.bestpractices.PositionLiteralsFirstInComparisonsRule
3014:             1             80  net.sourceforge.pmd.lang.java.rule.bestpractices.PreserveStackTraceRule
3015:             1             80  net.sourceforge.pmd.lang.java.rule.bestpractices.UnusedAssignmentRule
3016:             1             80  net.sourceforge.pmd.lang.java.rule.bestpractices.UnusedFormalParameterRule
3017:             1             80  net.sourceforge.pmd.lang.java.rule.bestpractices.UnusedImportsRule
3018:             1             80  net.sourceforge.pmd.lang.java.rule.bestpractices.UnusedLocalVariableRule
3019:             1             80  net.sourceforge.pmd.lang.java.rule.bestpractices.UnusedPrivateMethodRule
3020:             1             80  net.sourceforge.pmd.lang.java.rule.bestpractices.UseCollectionIsEmptyRule
3021:             1             80  net.sourceforge.pmd.lang.java.rule.codestyle.AtLeastOneConstructorRule
3022:             1             80  net.sourceforge.pmd.lang.java.rule.codestyle.AvoidDollarSignsRule
3023:             1             80  net.sourceforge.pmd.lang.java.rule.codestyle.ConfusingTernaryRule
3024:             1             80  net.sourceforge.pmd.lang.java.rule.codestyle.DontImportJavaLangRule
3025:             1             80  net.sourceforge.pmd.lang.java.rule.codestyle.IdenticalCatchBranchesRule
3026:             1             80  net.sourceforge.pmd.lang.java.rule.codestyle.LinguisticNamingRule
3027:             1             80  net.sourceforge.pmd.lang.java.rule.codestyle.LocalVariableCouldBeFinalRule
3028:             1             80  net.sourceforge.pmd.lang.java.rule.codestyle.MethodArgumentCouldBeFinalRule
3029:             1             80  net.sourceforge.pmd.lang.java.rule.codestyle.OnlyOneReturnRule
3030:             1             80  net.sourceforge.pmd.lang.java.rule.codestyle.PrematureDeclarationRule
3031:             1             80  net.sourceforge.pmd.lang.java.rule.codestyle.UnnecessaryAnnotationValueElementRule
3032:             1             80  net.sourceforge.pmd.lang.java.rule.codestyle.UnnecessaryCastRule
3033:             1             80  net.sourceforge.pmd.lang.java.rule.codestyle.UnnecessaryConstructorRule
3034:             1             80  net.sourceforge.pmd.lang.java.rule.codestyle.UnnecessaryLocalBeforeReturnRule
3035:             1             80  net.sourceforge.pmd.lang.java.rule.codestyle.UnnecessaryModifierRule
3036:             1             80  net.sourceforge.pmd.lang.java.rule.codestyle.UnnecessaryReturnRule
3037:             1             80  net.sourceforge.pmd.lang.java.rule.design.AvoidThrowingNullPointerExceptionRule
3038:             1             80  net.sourceforge.pmd.lang.java.rule.design.DataClassRule
3039:             1             80  net.sourceforge.pmd.lang.java.rule.design.ExceptionAsFlowControlRule
3040:             1             80  net.sourceforge.pmd.lang.java.rule.design.GodClassRule
3041:             1             80  net.sourceforge.pmd.lang.java.rule.design.LawOfDemeterRule
3042:             1             80  net.sourceforge.pmd.lang.java.rule.design.NPathComplexityRule
3043:             1             80  net.sourceforge.pmd.lang.java.rule.design.SignatureDeclareThrowsExceptionRule
3044:             1             80  net.sourceforge.pmd.lang.java.rule.design.SimplifyBooleanReturnsRule
3045:             1             80  net.sourceforge.pmd.lang.java.rule.design.SwitchDensityRule
3046:             1             80  net.sourceforge.pmd.lang.java.rule.design.TooManyFieldsRule
3047:             1             80  net.sourceforge.pmd.lang.java.rule.design.UselessOverridingMethodRule
3048:             1             80  net.sourceforge.pmd.lang.java.rule.documentation.CommentRequiredRule
3049:             1             80  net.sourceforge.pmd.lang.java.rule.documentation.CommentSizeRule
3050:             1             80  net.sourceforge.pmd.lang.java.rule.errorprone.AssignmentInOperandRule
3051:             1             80  net.sourceforge.pmd.lang.java.rule.errorprone.AssignmentToNonFinalStaticRule
3052:             1             80  net.sourceforge.pmd.lang.java.rule.errorprone.AvoidBranchingStatementAsLastInLoopRule
3053:             1             80  net.sourceforge.pmd.lang.java.rule.errorprone.AvoidCallingFinalizeRule
3054:             1             80  net.sourceforge.pmd.lang.java.rule.errorprone.AvoidCatchingThrowableRule
3055:             1             80  net.sourceforge.pmd.lang.java.rule.errorprone.AvoidFieldNameMatchingMethodNameRule
3056:             1             80  net.sourceforge.pmd.lang.java.rule.errorprone.AvoidFieldNameMatchingTypeNameRule
3057:             1             80  net.sourceforge.pmd.lang.java.rule.errorprone.AvoidMultipleUnaryOperatorsRule
3058:             1             80  net.sourceforge.pmd.lang.java.rule.errorprone.AvoidUsingOctalValuesRule
3059:             1             80  net.sourceforge.pmd.lang.java.rule.errorprone.BrokenNullCheckRule
3060:             1             80  net.sourceforge.pmd.lang.java.rule.errorprone.CheckSkipResultRule
3061:             1             80  net.sourceforge.pmd.lang.java.rule.errorprone.CloneMethodMustImplementCloneableRule
3062:             1             80  net.sourceforge.pmd.lang.java.rule.errorprone.CompareObjectsWithEqualsRule
3063:             1             80  net.sourceforge.pmd.lang.java.rule.errorprone.ConstructorCallsOverridableMethodRule
3064:             1             80  net.sourceforge.pmd.lang.java.rule.errorprone.DontImportSunRule
3065:             1             80  net.sourceforge.pmd.lang.java.rule.errorprone.IdempotentOperationsRule
3066:             1             80  net.sourceforge.pmd.lang.java.rule.errorprone.ImportFromSamePackageRule
3067:             1             80  net.sourceforge.pmd.lang.java.rule.errorprone.InvalidLogMessageFormatRule
3068:             1             80  net.sourceforge.pmd.lang.java.rule.errorprone.JUnitSpellingRule
3069:             1             80  net.sourceforge.pmd.lang.java.rule.errorprone.JUnitStaticSuiteRule
3070:             1             80  net.sourceforge.pmd.lang.java.rule.errorprone.MethodWithSameNameAsEnclosingClassRule
3071:             1             80  net.sourceforge.pmd.lang.java.rule.errorprone.NullAssignmentRule
3072:             1             80  net.sourceforge.pmd.lang.java.rule.errorprone.ProperCloneImplementationRule
3073:             1             80  net.sourceforge.pmd.lang.java.rule.errorprone.SingleMethodSingletonRule
3074:             1             80  net.sourceforge.pmd.lang.java.rule.errorprone.SingletonClassReturningNewInstanceRule
3075:             1             80  net.sourceforge.pmd.lang.java.rule.errorprone.SuspiciousHashcodeMethodNameRule
3076:             1             80  net.sourceforge.pmd.lang.java.rule.errorprone.SuspiciousOctalEscapeRule
3077:             1             80  net.sourceforge.pmd.lang.java.rule.errorprone.TestClassWithoutTestCasesRule
3078:             1             80  net.sourceforge.pmd.lang.java.rule.errorprone.UnnecessaryCaseChangeRule
3079:             1             80  net.sourceforge.pmd.lang.java.rule.errorprone.UselessOperationOnImmutableRule
3080:             1             80  net.sourceforge.pmd.lang.java.rule.multithreading.DoubleCheckedLockingRule
3081:             1             80  net.sourceforge.pmd.lang.java.rule.multithreading.UnsynchronizedStaticDateFormatterRule
3082:             1             80  net.sourceforge.pmd.lang.java.rule.multithreading.UnsynchronizedStaticFormatterRule
3083:             1             80  net.sourceforge.pmd.lang.java.rule.performance.AppendCharacterWithCharRule
3084:             1             80  net.sourceforge.pmd.lang.java.rule.performance.AvoidInstantiatingObjectsInLoopsRule
3085:             1             80  net.sourceforge.pmd.lang.java.rule.performance.BigIntegerInstantiationRule
3086:             1             80  net.sourceforge.pmd.lang.java.rule.performance.BooleanInstantiationRule
3087:             1             80  net.sourceforge.pmd.lang.java.rule.performance.ConsecutiveAppendsShouldReuseRule
3088:             1             80  net.sourceforge.pmd.lang.java.rule.performance.ConsecutiveLiteralAppendsRule
3089:             1             80  net.sourceforge.pmd.lang.java.rule.performance.InefficientEmptyStringCheckRule
3090:             1             80  net.sourceforge.pmd.lang.java.rule.performance.InefficientStringBufferingRule
3091:             1             80  net.sourceforge.pmd.lang.java.rule.performance.InsufficientStringBufferDeclarationRule
3092:             1             80  net.sourceforge.pmd.lang.java.rule.performance.RedundantFieldInitializerRule
3093:             1             80  net.sourceforge.pmd.lang.java.rule.performance.StringInstantiationRule
3094:             1             80  net.sourceforge.pmd.lang.java.rule.performance.StringToStringRule
3095:             1             80  net.sourceforge.pmd.lang.java.rule.performance.UnnecessaryWrapperObjectCreationRule
3096:             1             80  net.sourceforge.pmd.lang.java.rule.performance.UseIndexOfCharRule
3097:             1             80  net.sourceforge.pmd.lang.java.rule.performance.UseStringBufferForStringAppendsRule
3098:             1             80  net.sourceforge.pmd.lang.java.rule.performance.UseStringBufferLengthRule
3099:             1             80  net.sourceforge.pmd.lang.java.rule.performance.UselessStringValueOfRule
3100:             1             80  net.sourceforge.pmd.lang.java.rule.security.HardCodedCryptoKeyRule
3101:             1             80  net.sourceforge.pmd.lang.java.rule.security.InsecureCryptoIvRule
3102:             2             80  net.sourceforge.pmd.properties.DoubleProperty
3103:             2             80  okhttp3.CacheControl
3104:             2             80  org.acegisecurity.providers.ProviderManager
3105:             5             80  org.acegisecurity.ui.AuthenticationDetailsSourceImpl
3106:             2             80  org.apache.commons.jelly.impl.DynamicTag
3107:             2             80  org.apache.commons.jelly.tags.core.ForEachTag$LoopStatus
3108:             2             80  org.apache.commons.lang3.time.FastDateParser
3109:             5             80  org.apache.commons.text.matcher.AbstractStringMatcher$CharMatcher
3110:             1             80  org.apache.http.impl.conn.CPool
3111:             1             80  org.apache.ivy.core.cache.DefaultRepositoryCacheManager
3112:             2             80  org.apache.ivy.plugins.latest.LatestRevisionStrategy
3113:             5             80  org.apache.xerces.impl.dv.dtd.ListDatatypeValidator
3114:             2             80  org.codehaus.groovy.classgen.asm.BytecodeVariable
3115:             1             80  org.codehaus.groovy.reflection.stdclasses.BigDecimalCachedClass
3116:             1             80  org.codehaus.groovy.reflection.stdclasses.ByteCachedClass
3117:             1             80  org.eclipse.jetty.server.session.DefaultSessionIdManager
3118:             1             80  org.h2.command.dml.Delete
3119:             2             80  org.jenkins.plugins.lockableresources.LockStep
3120:             2             80  org.jenkinsci.plugins.envinject.EnvInjectPluginConfiguration
3121:             1             80  sun.font.GlyphList
3122:             2             80  sun.management.MemoryManagerImpl
3123:             5             80  sun.security.util.DisabledAlgorithmConstraints$Constraints
3124:             2             80  sun.util.calendar.Era
3125:             3             72  [Lcom.github.benmanes.caffeine.cache.Buffer;
3126:             1             72  [Lcom.sun.org.apache.xml.internal.dtm.ref.ExtendedType;
3127:             1             72  [Ljava.lang.invoke.LambdaFormEditor$Transform$Kind;
3128:             1             72  [Ljavax.imageio.ImageTypeSpecifier;
3129:             1             72  [Ljavax.management.openmbean.SimpleType;
3130:             1             72  [Lorg.apache.commons.jexl.parser.Parser$JJCalls;
3131:             1             72  [Lorg.h2.api.IntervalQualifier;
3132:             1             72  [Lorg.joda.time.format.InternalParser;
3133:             1             72  [Lorg.joda.time.format.InternalPrinter;
3134:             2             72  [Lsun.security.jca.ProviderConfig;
3135:             1             72  [Lsun.security.ssl.HandshakeStateManager$HandshakeState;
3136:             3             72  com.cloudbees.groovy.cps.CaseExpression
3137:             3             72  com.cloudbees.hudson.plugins.folder.computed.ComputedFolder$Recalculation
3138:             3             72  com.cloudbees.hudson.plugins.folder.relocate.RelocationHandler$HandlingMode
3139:             3             72  com.cloudbees.jenkins.plugins.bitbucket.WebhookRegistration
3140:             1             72  com.cloudbees.syslog.integration.jul.SyslogHandler
3141:             3             72  com.damnhandy.uri.template.impl.Modifier
3142:             3             72  com.damnhandy.uri.template.impl.VarSpec$VarFormat
3143:             1             72  com.fasterxml.jackson.core.util.InternCache
3144:             3             72  com.fasterxml.jackson.databind.ser.std.NumberSerializer
3145:             3             72  com.fasterxml.jackson.databind.util.AccessPattern
3146:             3             72  com.github.benmanes.caffeine.cache.BoundedBuffer
3147:             3             72  com.google.inject.Stage
3148:             3             72  com.google.inject.internal.InjectorImpl$JitLimitation
3149:             3             72  com.google.inject.internal.InternalFlags$IncludeStackTraceOption
3150:             3             72  com.google.inject.internal.InternalFlags$NullableProvidesOption
3151:             3             72  com.google.inject.spi.InjectionPoint$Position
3152:             3             72  com.thoughtworks.xstream.io.path.PathTrackingReader
3153:             3             72  com.trilead.ssh2.Connection$1
3154:             3             72  com.trilead.ssh2.Connection$1TimeoutState
3155:             3             72  com.trilead.ssh2.util.TimeoutService$TimeoutToken
3156:             3             72  com.vmware.vim25.VirtualMachinePowerState
3157:             3             72  com.vmware.vim25.VirtualMachineRecordReplayState
3158:             3             72  com.vmware.vim25.VirtualSCSISharing
3159:             3             72  groovy.json.internal.CacheType
3160:             3             72  hudson.model.AbstractProject$1
3161:             3             72  hudson.model.CheckPoint
3162:             1             72  hudson.model.FingerprintCleanupThread
3163:             1             72  hudson.model.Hudson$MasterComputer
3164:             1             72  hudson.model.Queue
3165:             3             72  hudson.model.UpdateSite$Warning$Type
3166:             1             72  hudson.model.WorkspaceCleanupThread
3167:             3             72  hudson.plugins.sonar.model.TriggersConfig
3168:             3             72  hudson.remoting.RemoteInputStream$Flag
3169:             3             72  hudson.scm.EditType
3170:             3             72  hudson.scm.PollingResult
3171:             3             72  hudson.security.SecurityMode
3172:             3             72  hudson.util.FormValidation$Kind
3173:             3             72  hudson.util.ListBoxModel
3174:             3             72  io.jenkins.blueocean.blueocean_git_pipeline.GitReadSaveService$ReadSaveType
3175:             3             72  io.jenkins.blueocean.preload.BlueUrlTokenizer
3176:             3             72  io.jenkins.blueocean.rest.impl.pipeline.FlowNodeWrapper$NodeType
3177:             3             72  io.jenkins.blueocean.rest.model.BlueTestResult$State
3178:             3             72  io.jenkins.blueocean.rest.pageable.PagedResponse$Processor$1
3179:             1             72  io.jenkins.blueocean.service.embedded.analytics.JobAnalytics
3180:             3             72  io.jenkins.plugins.casc.ConfigurationContext$Restriction
3181:             3             72  io.jenkins.plugins.casc.model.CNode$Type
3182:             3             72  io.jenkins.plugins.coverage.source.SourceFileResolver$SourceFileResolverLevel
3183:             1             72  java.awt.Font
3184:             1             72  java.awt.geom.AffineTransform
3185:             3             72  java.io.ExpiringCache$Entry
3186:             3             72  java.lang.UNIXProcess$LaunchMechanism
3187:             3             72  java.lang.annotation.RetentionPolicy
3188:             3             72  java.net.Proxy$Type
3189:             3             72  java.nio.file.AccessMode
3190:             3             72  java.nio.file.FileTreeWalker$EventType
3191:             3             72  java.nio.file.StandardCopyOption
3192:             3             72  java.security.SecurityPermission
3193:             3             72  java.time.format.ResolverStyle
3194:             3             72  java.time.zone.ZoneOffsetTransitionRule$TimeDefinition
3195:             3             72  java.util.Base64$Encoder
3196:             3             72  java.util.Collections$SetFromMap
3197:             1             72  java.util.ResourceBundle$RBClassLoader
3198:             1             72  java.util.logging.LogManager$RootLogger
3199:             3             72  java.util.stream.Collector$Characteristics
3200:             3             72  java.util.stream.MatchOps$MatchKind
3201:             3             72  javax.net.ssl.SSLContext
3202:             3             72  javax.servlet.SessionTrackingMode
3203:             1             72  jenkins.DailyCheck
3204:             3             72  jenkins.YesNoMaybe
3205:             3             72  jenkins.branch.WorkspaceLocatorImpl$Mode
3206:             1             72  jenkins.model.BackgroundGlobalBuildDiscarder
3207:             3             72  jenkins.model.identity.InstanceIdentityProvider$KeyTypes
3208:             3             72  jenkins.model.lazy.AbstractLazyLoadRunMap$Direction
3209:             1             72  jenkins.plugins.logstash.LogstashInstallation$Descriptor
3210:             1             72  jenkins.scm.api.SCMHeadMixinEqualityGenerator
3211:             3             72  jenkins.security.stapler.RoutingDecisionProvider$Decision
3212:             3             72  jenkins.slaves.RemotingWorkDirSettings
3213:             1             72  jenkins.telemetry.Telemetry$TelemetryReporter
3214:             3             72  net.sourceforge.pmd.lang.java.rule.bestpractices.AvoidReassigningLoopVariablesRule$ForReassignOption
3215:             3             72  net.sourceforge.pmd.lang.java.rule.bestpractices.AvoidReassigningLoopVariablesRule$ForeachReassignOption
3216:             3             72  net.sourceforge.pmd.lang.java.rule.documentation.CommentRequiredRule$CommentRequirement
3217:             3             72  net.sourceforge.pmd.properties.constraints.NumericConstraints$1
3218:             3             72  okhttp3.ConnectionSpec
3219:             1             72  org.apache.commons.jexl.parser.SimpleCharStream
3220:             3             72  org.apache.commons.lang.Entities$LookupEntityMap
3221:             3             72  org.apache.commons.lang3.text.translate.JavaUnicodeEscaper
3222:             3             72  org.apache.commons.lang3.text.translate.NumericEntityUnescaper$OPTION
3223:             3             72  org.apache.http.HttpVersion
3224:             3             72  org.apache.http.HttpVersion
3225:             3             72  org.apache.http.conn.ssl.DefaultHostnameVerifier$HostNameType
3226:             3             72  org.apache.http.conn.ssl.DefaultHostnameVerifier$HostNameType
3227:             3             72  org.apache.http.conn.util.DomainType
3228:             3             72  org.apache.http.conn.util.DomainType
3229:             3             72  org.apache.http.impl.cookie.PublicSuffixDomainFilter
3230:             3             72  org.apache.http.impl.cookie.RFC6265CookieSpecProvider$CompatibilityLevel
3231:             3             72  org.apache.http.impl.cookie.RFC6265CookieSpecProvider$CompatibilityLevel
3232:             1             72  org.apache.ivy.plugins.resolver.ChainResolver
3233:             3             72  org.apache.tools.ant.types.FilterSet$OnMissing
3234:             3             72  org.apache.tools.zip.Zip64Mode
3235:             1             72  org.codehaus.groovy.reflection.SunClassLoader
3236:             1             72  org.codehaus.groovy.reflection.stdclasses.BigIntegerCachedClass
3237:             1             72  org.codehaus.groovy.reflection.stdclasses.NumberCachedClass
3238:             1             72  org.codehaus.groovy.reflection.stdclasses.ObjectCachedClass
3239:             1             72  org.codehaus.groovy.reflection.stdclasses.StringCachedClass
3240:             3             72  org.codehaus.groovy.util.ManagedConcurrentLinkedQueue
3241:             1             72  org.csanchez.jenkins.plugins.kubernetes.KubernetesClientProvider$PurgeExpiredKubernetesClients
3242:             3             72  org.eclipse.jetty.http.HttpCookie$SameSite
3243:             1             72  org.eclipse.jetty.http.PathMap
3244:             3             72  org.eclipse.jetty.http.PathMap$MappedEntry
3245:             3             72  org.eclipse.jetty.http.QuotedCSVParser$State
3246:             3             72  org.eclipse.jetty.security.UserDataConstraint
3247:             1             72  org.eclipse.jetty.server.HttpConnectionFactory
3248:             3             72  org.eclipse.jetty.server.Response$OutputType
3249:             1             72  org.eclipse.jetty.server.session.DefaultSessionCache
3250:             1             72  org.eclipse.jetty.servlet.ErrorPageErrorHandler
3251:             3             72  org.eclipse.jetty.servlet.ErrorPageErrorHandler$PageLookupTechnique
3252:             3             72  org.eclipse.jetty.servlet.ServletHolder$Config
3253:             3             72  org.eclipse.jetty.servlet.ServletHolder$Registration
3254:             3             72  org.eclipse.jetty.util.IteratingCallback$Action
3255:             3             72  org.eclipse.jetty.util.thread.Invocable$InvocationType
3256:             1             72  org.eclipse.jetty.util.thread.ReservedThreadExecutor
3257:             3             72  org.eclipse.jetty.util.thread.ThreadPoolBudget$Leased
3258:             3             72  org.eclipse.jetty.util.thread.strategy.EatWhatYouKill$State
3259:             1             72  org.eclipse.jetty.webapp.MetaData
3260:             3             72  org.eclipse.jetty.webapp.MetaDataComplete
3261:             1             72  org.eclipse.jgit.internal.storage.file.WindowCache
3262:             3             72  org.eclipse.jgit.transport.TagOpt
3263:             3             72  org.eclipse.jgit.util.FS_POSIX$AtomicFileCreation
3264:             3             72  org.h2.command.Parser$NullConstraintType
3265:             1             72  org.h2.engine.FunctionAlias
3266:             3             72  org.h2.engine.Mode$UniqueIndexNullsHandling
3267:             1             72  org.h2.server.TcpServer
3268:             3             72  org.jenkinsci.plugins.ansible.AnsibleCommand
3269:             3             72  org.jenkinsci.plugins.configfiles.maven.security.ServerCredentialMapping
3270:             3             72  org.jenkinsci.plugins.credentialsbinding.impl.UsernamePasswordBinding
3271:             3             72  org.jenkinsci.plugins.credentialsbinding.impl.UsernamePasswordMultiBinding
3272:             3             72  org.jenkinsci.plugins.docker.commons.impl.RegistryKeyMaterialFactory$RegistryKeyMaterial
3273:             3             72  org.jenkinsci.plugins.docker.workflow.AbstractEndpointStepExecution2$Callback
3274:             3             72  org.jenkinsci.plugins.docker.workflow.RegistryEndpointStep
3275:             3             72  org.jenkinsci.plugins.docker.workflow.WithContainerStep
3276:             3             72  org.jenkinsci.plugins.docker.workflow.WithContainerStep$Callback
3277:             3             72  org.jenkinsci.plugins.docker.workflow.declarative.DeclarativeDockerUtils$DockerRegistry
3278:             3             72  org.jenkinsci.plugins.docker.workflow.declarative.DockerPipelineScript
3279:             3             72  org.jenkinsci.plugins.gitclient.MergeCommand$GitPluginFastForwardMode
3280:             3             72  org.jenkinsci.plugins.pipeline.modeldefinition.steps.CredentialWrapper
3281:             3             72  org.jenkinsci.plugins.pipeline.utility.steps.shaded.org.yaml.snakeyaml.DumperOptions$FlowStyle
3282:             3             72  org.jenkinsci.plugins.pipeline.utility.steps.shaded.org.yaml.snakeyaml.DumperOptions$LineBreak
3283:             3             72  org.jenkinsci.plugins.pipeline.utility.steps.shaded.org.yaml.snakeyaml.introspector.BeanAccess
3284:             3             72  org.jenkinsci.plugins.stashNotifier.StashBuildState
3285:             3             72  org.jenkinsci.plugins.vsphere.VSphereGuestInfoProperty
3286:             3             72  org.jenkinsci.plugins.workflow.actions.ArgumentsAction$NotStoredReason
3287:             3             72  org.jenkinsci.plugins.workflow.cps.CpsFlowDefinition
3288:             3             72  org.jenkinsci.plugins.workflow.cps.CpsVmExecutorService$2
3289:             1             72  org.jenkinsci.remoting.protocol.impl.ChannelApplicationLayer$ByteBufferCommandTransport
3290:             3             72  org.jenkinsci.remoting.protocol.impl.SSLEngineFilterLayer$State
3291:             3             72  org.jfrog.hudson.action.JfrogPipelinesAction
3292:             3             72  org.owasp.html.HtmlElementTables$DenseElementBinaryMatrix
3293:             3             72  org.springframework.context.event.SimpleApplicationEventMulticaster
3294:             3             72  org.springframework.context.support.AbstractApplicationContext$BeanPostProcessorChecker
3295:             3             72  org.springframework.web.context.support.ServletContextAwareProcessor
3296:             3             72  org.springframework.web.context.support.ServletContextResourcePatternResolver
3297:             3             72  org.yaml.snakeyaml.DumperOptions$FlowStyle
3298:             3             72  org.yaml.snakeyaml.DumperOptions$LineBreak
3299:             3             72  org.yaml.snakeyaml.introspector.BeanAccess
3300:             3             72  sun.awt.AppContext$State
3301:             3             72  sun.misc.FloatingDecimal$ExceptionalBinaryToASCIIBuffer
3302:             3             72  sun.misc.Signal
3303:             3             72  sun.net.www.protocol.http.HttpURLConnection$TunnelState
3304:             3             72  sun.security.provider.DSAParameters
3305:             3             72  sun.security.provider.NativePRNG$Variant
3306:             3             72  sun.security.ssl.CipherSuite$CipherType
3307:             3             72  sun.security.ssl.CipherSuiteList
3308:             3             72  sun.security.ssl.MAC
3309:             1             72  sun.util.locale.provider.JRELocaleProviderAdapter
3310:             1             72  winstone.realm.ArgumentsRealm
3311:             2             64  [Lcom.cloudbees.plugins.credentials.CredentialsScope;
3312:             2             64  [Lcom.fasterxml.jackson.annotation.JsonCreator$Mode;
3313:             1             64  [Lcom.fasterxml.jackson.annotation.JsonFormat$Shape;
3314:             2             64  [Lcom.fasterxml.jackson.annotation.JsonProperty$Access;
3315:             1             64  [Lcom.fasterxml.jackson.databind.node.IntNode;
3316:             2             64  [Lcom.vmware.vim25.ManagedEntityStatus;
3317:             2             64  [Lcom.vmware.vim25.SharesLevel;
3318:             2             64  [Lcom.vmware.vim25.TaskInfoState;
3319:             2             64  [Lcom.vmware.vim25.VirtualMachinePowerState;
3320:             2             64  [Lcom.vmware.vim25.VirtualMachineRecordReplayState;
3321:             2             64  [Lcom.vmware.vim25.VirtualMachineToolsStatus;
3322:             2             64  [Lcom.vmware.vim25.VirtualSCSISharing;
3323:             1             64  [Ledu.hm.hafner.echarts.Palette;
3324:             1             64  [Lgroovy.json.JsonTokenType;
3325:             2             64  [Lhudson.model.UpdateSite$Warning$Type;
3326:             1             64  [Lhudson.plugins.ansicolor.AnsiAttributeElement$AnsiAttrType;
3327:             2             64  [Lhudson.plugins.ansicolor.AnsiColorMap;
3328:             2             64  [Lhudson.plugins.ansicolor.action.ColorizedAction$Command;
3329:             2             64  [Lhudson.plugins.copyartifact.TriggeredBuildSelector$UpstreamFilterStrategy;
3330:             2             64  [Lhudson.plugins.mercurial.MercurialSCM$RevisionType;
3331:             2             64  [Lhudson.remoting.RemoteInputStream$Flag;
3332:             2             64  [Lio.jenkins.blueocean.rest.model.BlueTestResult$State;
3333:             2             64  [Lio.jenkins.blueocean.rest.model.BlueTestResult$Status;
3334:             2             64  [Lio.jenkins.plugins.luxair.model.Ordering;
3335:             2             64  [Ljava.lang.UNIXProcess$LaunchMechanism;
3336:             2             64  [Ljava.lang.annotation.RetentionPolicy;
3337:             2             64  [Ljava.lang.invoke.LambdaFormEditor$Transform;
3338:             2             64  [Ljava.util.stream.Collector$Characteristics;
3339:             2             64  [Ljavax.annotation.meta.When;
3340:             2             64  [Ljavax.annotation.meta.When;
3341:             2             64  [Ljavax.servlet.SessionTrackingMode;
3342:             2             64  [Ljenkins.YesNoMaybe;
3343:             2             64  [Ljenkins.branch.WorkspaceLocatorImpl$Mode;
3344:             1             64  [Lnet.sourceforge.pmd.properties.PropertyDescriptorField;
3345:             2             64  [Lokhttp3.Protocol;
3346:             2             64  [Lokhttp3.Protocol;
3347:             2             64  [Lorg.apache.commons.lang3.text.translate.NumericEntityUnescaper$OPTION;
3348:             1             64  [Lorg.eclipse.jetty.http.HttpHeaderValue;
3349:             1             64  [Lorg.eclipse.jetty.http.HttpTokens$Type;
3350:             1             64  [Lorg.eclipse.jetty.http.HttpURI$State;
3351:             1             64  [Lorg.eclipse.jetty.server.HttpChannelState$Action;
3352:             1             64  [Lorg.h2.expression.analysis.WindowFunctionType;
3353:             2             64  [Lorg.h2.mvstore.type.DataType;
3354:             2             64  [Lorg.jenkinsci.plugins.pipeline.utility.steps.shaded.org.yaml.snakeyaml.nodes.NodeId;
3355:             1             64  [Lorg.jenkinsci.plugins.pubsub.EventProps$Jenkins;
3356:             2             64  [Lorg.jenkinsci.plugins.stashNotifier.StashBuildState;
3357:             2             64  [Lorg.jenkinsci.plugins.sysloglogger.SyslogLoggerPlugin$SyslogTransport;
3358:             2             64  [Lorg.jenkinsci.plugins.workflow.actions.ArgumentsAction$NotStoredReason;
3359:             2             64  [Lorg.jenkinsci.plugins.workflow.flow.FlowDurabilityHint;
3360:             1             64  [Lorg.owasp.html.HtmlInputSplitter$State;
3361:             1             64  [Lorg.owasp.html.HtmlTokenType;
3362:             1             64  [Lorg.owasp.html.HtmlTokenType;
3363:             2             64  [Lorg.yaml.snakeyaml.nodes.NodeId;
3364:             1             64  [Lsun.font.FontConfigManager$FcCompFont;
3365:             1             64  com.atlassian.bitbucket.jenkins.internal.scm.BitbucketSCM$DescriptorImpl
3366:             1             64  com.atlassian.bitbucket.jenkins.internal.scm.BitbucketSCMSource$DescriptorImpl
3367:             4             64  com.cloudbees.hudson.plugins.folder.icons.StockFolderIcon
3368:             2             64  com.cloudbees.hudson.plugins.folder.properties.FolderCredentialsProvider$FolderCredentialsProperty
3369:             2             64  com.cloudbees.hudson.plugins.folder.properties.FolderCredentialsProvider$FolderCredentialsProperty$StoreImpl
3370:             1             64  com.cloudbees.syslog.sender.UdpSyslogMessageSender
3371:             1             64  com.cloudbees.syslog.sender.UdpSyslogMessageSender
3372:             2             64  com.cloudbees.syslog.util.ConcurrentDateFormat
3373:             2             64  com.cloudbees.syslog.util.ConcurrentDateFormat
3374:             4             64  com.cloudbees.workflow.rest.endpoints.JobAPI
3375:             2             64  com.fasterxml.jackson.annotation.JsonInclude$Value
3376:             1             64  com.fasterxml.jackson.core.JsonFactory
3377:             1             64  com.fasterxml.jackson.databind.ObjectReader
3378:             2             64  com.fasterxml.jackson.databind.ObjectWriter$GeneratorSettings
3379:             2             64  com.fasterxml.jackson.databind.deser.AbstractDeserializer
3380:             2             64  com.fasterxml.jackson.databind.deser.std.NumberDeserializers$BooleanDeserializer
3381:             2             64  com.fasterxml.jackson.databind.deser.std.NumberDeserializers$IntegerDeserializer
3382:             2             64  com.fasterxml.jackson.databind.deser.std.NumberDeserializers$LongDeserializer
3383:             1             64  com.fasterxml.jackson.databind.json.JsonMapper
3384:             2             64  com.fasterxml.jackson.databind.ser.std.NumberSerializers$DoubleSerializer
3385:             2             64  com.fasterxml.jackson.databind.ser.std.NumberSerializers$IntegerSerializer
3386:             2             64  com.fasterxml.jackson.databind.ser.std.NumberSerializers$LongSerializer
3387:             2             64  com.github.benmanes.caffeine.cache.BoundedLocalCache$BoundedLocalLoadingCache
3388:             4             64  com.google.common.base.CharMatcher$11
3389:             1             64  com.google.common.cache.CacheStats
3390:             4             64  com.google.common.collect.AbstractMultiset$EntrySet
3391:             4             64  com.google.common.collect.Count
3392:             2             64  com.google.common.collect.Iterators$7
3393:             2             64  com.google.inject.internal.FactoryProxy
3394:             2             64  com.microsoft.jenkins.azurecommons.telemetry.AppInsightsClient
3395:             2             64  com.sun.crypto.provider.AESCrypt
3396:             2             64  com.sun.crypto.provider.HmacCore$HmacSHA384
3397:             2             64  com.sun.jmx.mbeanserver.DefaultMXBeanMappingFactory$CollectionMapping
3398:             2             64  com.sun.jndi.ldap.LdapClient
3399:             2             64  com.sun.jndi.ldap.pool.Connections
3400:             2             64  com.sun.jndi.ldap.pool.ConnectionsWeakRef
3401:             2             64  com.sun.jndi.ldap.pool.Pool
3402:             2             64  com.sun.org.apache.xalan.internal.utils.XMLSecurityPropertyManager$Property
3403:             4             64  com.sun.org.apache.xerces.internal.impl.XMLDocumentScannerImpl$PrologDriver
3404:             4             64  com.sun.org.apache.xerces.internal.impl.XMLDocumentScannerImpl$TrailingMiscDriver
3405:             4             64  com.sun.org.apache.xerces.internal.impl.XMLDocumentScannerImpl$XMLDeclDriver
3406:             4             64  com.sun.org.apache.xerces.internal.impl.dv.dtd.DTDDVFactoryImpl
3407:             4             64  com.sun.org.apache.xerces.internal.parsers.AbstractSAXParser$AttributesProxy
3408:             4             64  com.sun.org.apache.xerces.internal.util.ErrorHandlerWrapper
3409:             2             64  com.sun.org.apache.xerces.internal.utils.XMLSecurityPropertyManager$Property
3410:             4             64  com.sun.org.apache.xml.internal.serializer.CharInfo$CharKey
3411:             4             64  com.sun.proxy.$Proxy106
3412:             4             64  com.sun.proxy.$Proxy51
3413:             4             64  com.sun.proxy.$Proxy52
3414:             4             64  com.sun.proxy.$Proxy68
3415:             4             64  com.sun.proxy.$Proxy78
3416:             4             64  com.sun.proxy.$Proxy90
3417:             4             64  com.sun.proxy.$Proxy91
3418:             4             64  com.sun.proxy.$Proxy93
3419:             2             64  com.thoughtworks.xstream.mapper.ImplicitCollectionMapper$ImplicitCollectionMappingImpl
3420:             2             64  com.trilead.ssh2.jenkins.SFTPClient$SFTPInputStream
3421:             2             64  hudson.diagnosis.MemoryUsageMonitor$MemoryGroup
3422:             1             64  hudson.plugins.swarm.SwarmSlave
3423:             2             64  hudson.remoting.Channel$CallSiteStackTrace
3424:             2             64  hudson.remoting.RequestAbortedException
3425:             1             64  hudson.scm.SubversionSCM$DescriptorImpl
3426:             1             64  hudson.security.AuthenticationProcessingFilter2
3427:             2             64  hudson.security.HudsonAuthenticationEntryPoint
3428:             2             64  hudson.security.LDAPSecurityRealm$LDAPUserDetailsService
3429:             4             64  hudson.util.ClassLoaderSanityThreadFactory
3430:             4             64  hudson.util.ExceptionCatchingThreadFactory
3431:             2             64  hudson.util.Iterators$9
3432:             4             64  hudson.util.Secret$ConverterImpl
3433:             2             64  hudson.util.spring.DefaultRuntimeSpringConfiguration
3434:             4             64  hudson.views.WeatherColumn
3435:             1             64  io.keen.client.java.KeenClient
3436:             1             64  java.awt.color.ICC_ColorSpace
3437:             2             64  java.io.CharArrayWriter
3438:             2             64  java.lang.VirtualMachineError
3439:             1             64  java.lang.invoke.BoundMethodHandle$Species_L8
3440:             2             64  java.lang.ref.ReferenceQueue$Null
3441:             1             64  java.nio.DirectByteBufferR
3442:             2             64  java.nio.channels.ClosedByInterruptException
3443:             2             64  java.time.format.DateTimeFormatterBuilder$TextPrinterParser
3444:             2             64  java.time.temporal.IsoFields$Unit
3445:             2             64  java.util.Formatter
3446:             2             64  java.util.PropertyPermission
3447:             2             64  java.util.concurrent.CountDownLatch$Sync
3448:             4             64  java.util.concurrent.Executors$FinalizableDelegatedExecutorService
3449:             4             64  java.util.concurrent.atomic.AtomicMarkableReference
3450:             2             64  java.util.concurrent.locks.ReentrantLock$FairSync
3451:             4             64  jenkins.branch.ItemColumn
3452:             1             64  jenkins.branch.OrganizationFolderViewHolder$ViewImpl
3453:             4             64  jenkins.model.CauseOfInterruption$UserInterruption
3454:             2             64  jenkins.plugins.logstash.configuration.Syslog
3455:             2             64  jenkins.security.ExceptionTranslationFilter
3456:             2             64  jenkins.security.HexStringConfidentialKey
3457:             2             64  jenkins.security.apitoken.ApiTokenStore$HashedToken
3458:             2             64  jenkins.security.plugins.ldap.LDAPExtendedTemplate
3459:             2             64  jenkins.widgets.BuildQueueWidget.index
3460:             2             64  jenkins.widgets.BuildQueueWidget.index
3461:             4             64  net.sourceforge.pmd.util.TypeMap
3462:             2             64  org.acegisecurity.ldap.LdapTemplate
3463:             4             64  org.acegisecurity.ldap.LdapTemplate$LdapExceptionTranslator
3464:             2             64  org.acegisecurity.ldap.search.FilterBasedLdapUserSearch
3465:             2             64  org.acegisecurity.providers.anonymous.AnonymousProcessingFilter
3466:             4             64  org.acegisecurity.util.PortResolverImpl
3467:             4             64  org.apache.commons.collections.map.MultiKeyMap
3468:             2             64  org.apache.commons.httpclient.protocol.Protocol
3469:             2             64  org.apache.commons.jelly.impl.DynamicTagLibrary
3470:             2             64  org.apache.commons.jexl.parser.ASTGTNode
3471:             2             64  org.apache.commons.lang3.time.FastDatePrinter
3472:             4             64  org.apache.commons.lang3.time.FastDatePrinter$CharacterLiteral
3473:             4             64  org.apache.commons.lang3.time.FastDatePrinter$StringLiteral
3474:             4             64  org.apache.http.config.Registry
3475:             1             64  org.apache.ivy.Ivy
3476:             4             64  org.apache.ivy.plugins.resolver.BasicResolver$5
3477:             4             64  org.apache.ivy.plugins.resolver.BasicResolver$6
3478:             4             64  org.bouncycastle.jcajce.provider.asymmetric.ecgost12.KeyFactorySpi
3479:             1             64  org.codehaus.groovy.ast.expr.ElvisOperatorExpression
3480:             2             64  org.codehaus.groovy.runtime.metaclass.MultipleSetterProperty
3481:             1             64  org.eclipse.jetty.server.ForwardedRequestCustomizer
3482:             1             64  org.eclipse.jetty.server.session.HouseKeeper
3483:             1             64  org.eclipse.jetty.server.session.NullSessionDataStore
3484:             1             64  org.eclipse.jetty.servlet.DefaultServlet
3485:             4             64  org.eclipse.jetty.webapp.ClasspathPattern$ByLocation
3486:             4             64  org.eclipse.jetty.webapp.ClasspathPattern$ByPackage
3487:             4             64  org.eclipse.jgit.events.ListenerList
3488:             1             64  org.eclipse.jgit.internal.storage.file.FileSnapshot$1
3489:             4             64  org.eclipse.jgit.lib.RepositoryCache$Lock
3490:             1             64  org.h2.mvstore.FileStore
3491:             2             64  org.h2.mvstore.StreamStore
3492:             2             64  org.h2.mvstore.tx.VersionedBitSet
3493:             1             64  org.h2.store.fs.FileMemData$Cache
3494:             1             64  org.jenkins.plugins.lockableresources.LockableResource
3495:             2             64  org.jenkinsci.plugins.configfiles.maven.security.ServerCredentialMapping$DescriptorImpl
3496:             1             64  org.jenkinsci.plugins.pipeline.maven.GlobalPipelineMavenConfig
3497:             2             64  org.jenkinsci.plugins.pipeline.modeldefinition.ModelInterpreter$WhenEvaluator
3498:             2             64  org.jenkinsci.plugins.pipeline.modeldefinition.ModelInterpreter$WhenEvaluator
3499:             2             64  org.jenkinsci.plugins.pipeline.modeldefinition.ModelInterpreter$WhenEvaluator
3500:             2             64  org.jenkinsci.plugins.pipeline.modeldefinition.ModelInterpreter$WhenEvaluator
3501:             2             64  org.jenkinsci.plugins.pipeline.modeldefinition.ModelInterpreter$WhenEvaluator
3502:             2             64  org.jenkinsci.plugins.pipeline.modeldefinition.ModelInterpreter$WhenEvaluator
3503:             2             64  org.jenkinsci.plugins.pipeline.modeldefinition.ModelInterpreter$WhenEvaluator
3504:             2             64  org.jenkinsci.plugins.pipeline.modeldefinition.ModelInterpreter$WhenEvaluator
3505:             1             64  org.jenkinsci.plugins.scriptsecurity.scripts.ScriptApproval
3506:             1             64  org.jenkinsci.plugins.sysloglogger.SyslogLoggerPlugin
3507:             1             64  org.jenkinsci.plugins.vSphereCloud
3508:             2             64  org.jenkinsci.plugins.vsphere.tools.CloudProvisioningRecord
3509:             2             64  org.jenkinsci.plugins.workflow.cps.CpsVmExecutorService$ThreadContext
3510:             2             64  org.jenkinsci.plugins.workflow.cps.steps.ParallelStep$ResultHandler
3511:             1             64  org.jenkinsci.remoting.protocol.IOHub
3512:             2             64  sun.misc.SoftCache
3513:             4             64  sun.net.www.protocol.jar.Handler
3514:             2             64  sun.nio.ch.ServerSocketAdaptor
3515:             2             64  sun.nio.fs.LinuxFileSystem
3516:             2             64  sun.reflect.UnsafeFloatFieldAccessorImpl
3517:             4             64  sun.reflect.generics.tree.ArrayTypeSignature
3518:             1             64  sun.security.ssl.EngineInputRecord
3519:             4             64  sun.security.ssl.SSLSocketFactoryImpl
3520:             4             64  sun.security.ssl.SessionId
3521:             2             64  sun.util.locale.UnicodeLocaleExtension
3522:             4             64  winstone.WinstoneResourceBundle
3523:             1             56  [Lcom.fasterxml.jackson.core.JsonGenerator$Feature;
3524:             1             56  [Lcom.fasterxml.jackson.databind.node.JsonNodeType;
3525:             1             56  [Lcom.jcraft.jzlib.Deflate$Config;
3526:             1             56  [Lcom.sun.org.apache.xalan.internal.utils.XMLSecurityManager$Limit;
3527:             1             56  [Lcom.sun.org.apache.xerces.internal.impl.XMLScanner$NameType;
3528:             1             56  [Lcom.sun.org.apache.xerces.internal.utils.XMLSecurityManager$Limit;
3529:             1             56  [Lhudson.model.ResultTrend;
3530:             2             56  [Lhudson.security.Permission;
3531:             1             56  [Lio.jenkins.blueocean.commons.stapler.export.Property$BufferedDataWriter$Op;
3532:             1             56  [Ljava.lang.Runnable;
3533:             1             56  [Ljava.util.regex.Pattern$GroupHead;
3534:             1             56  [Ljavax.lang.model.SourceVersion;
3535:             2             56  [Lokhttp3.Protocol;
3536:             1             56  [Lorg.codehaus.groovy.transform.sc.StaticCompilationMetadataKeys;
3537:             1             56  [Lorg.eclipse.jetty.http.HttpCompliance;
3538:             1             56  [Lorg.eclipse.jetty.http.HttpGenerator$Result;
3539:             1             56  [Lorg.h2.engine.Mode$ModeEnum;
3540:             1             56  [Lorg.jboss.marshalling.util.Kind;
3541:             1             56  [Lorg.jenkinsci.plugins.pipeline.utility.steps.shaded.org.yaml.snakeyaml.events.Event$ID;
3542:             1             56  [Lorg.jenkinsci.remoting.engine.JnlpConnectionState$State;
3543:             1             56  [Lorg.kohsuke.stapler.export.Property$BufferedDataWriter$Op;
3544:             1             56  [Lorg.yaml.snakeyaml.events.Event$ID;
3545:             1             56  [Lsun.util.logging.PlatformLogger$Level;
3546:             1             56  [[Lsun.awt.SunHints$Value;
3547:             1             56  com.atlassian.bitbucket.jenkins.internal.scm.BitbucketSCMStep$DescriptorImpl
3548:             1             56  com.cloudbees.groovy.cps.Continuable$1
3549:             1             56  com.cloudbees.jenkins.GitHubPushTrigger$DescriptorImpl
3550:             1             56  com.cloudbees.jenkins.plugins.bitbucket.BitbucketSCMNavigator
3551:             1             56  com.fasterxml.jackson.databind.type.ResolvedRecursiveType
3552:             1             56  com.google.inject.internal.InheritingState
3553:             1             56  com.google.inject.internal.InjectorImpl
3554:             1             56  groovy.json.JsonTokenType$1
3555:             1             56  hudson.LocalPluginManager
3556:             1             56  hudson.WebAppMain$1
3557:             1             56  hudson.model.OverallLoadStatistics
3558:             1             56  hudson.plugins.jobConfigHistory.JobConfigHistory
3559:             1             56  hudson.plugins.jobConfigHistory.JobConfigHistoryPurger
3560:             1             56  java.net.SocketPermission
3561:             1             56  java.util.concurrent.ConcurrentHashMap$EntryIterator
3562:             1             56  java.util.logging.ConsoleHandler
3563:             1             56  java.util.logging.LogManager
3564:             1             56  jenkins.branch.OrganizationFolder$OrganizationScan
3565:             1             56  jenkins.model.JenkinsLocationConfiguration
3566:             1             56  jenkins.model.UnlabeledLoadStatistics
3567:             1             56  net.i2p.crypto.eddsa.math.Field
3568:             1             56  net.sf.saxon.z.IntHashMap
3569:             1             56  org.apache.commons.jexl.parser.ParserTokenManager
3570:             1             56  org.apache.http.client.config.RequestConfig
3571:             1             56  org.apache.http.impl.client.InternalHttpClient
3572:             1             56  org.apache.http.impl.execchain.MainClientExec
3573:             1             56  org.codefirst.SimpleThemeDecorator
3574:             1             56  org.codehaus.groovy.runtime.GroovyCategorySupport$ThreadCategoryInfo
3575:             1             56  org.eclipse.jetty.io.ArrayByteBufferPool
3576:             1             56  org.eclipse.jetty.server.CachedContentFactory
3577:             1             56  org.eclipse.jetty.server.ResourceService
3578:             1             56  org.eclipse.jetty.server.handler.ErrorHandler
3579:             1             56  org.eclipse.jetty.webapp.DefaultsDescriptor
3580:             1             56  org.eclipse.jetty.webapp.WebDescriptor
3581:             1             56  org.h2.store.FileLock
3582:             1             56  org.jenkins.plugins.statistics.gatherer.model.queue.QueueStats
3583:             1             56  org.jenkinsci.plugins.github_branch_source.Connector$1
3584:             1             56  org.jenkinsci.plugins.vSphereCloud$DescriptorImpl
3585:             1             56  org.jenkinsci.remoting.engine.Jnlp4ConnectionState
3586:             1             56  org.jenkinsci.remoting.protocol.impl.ChannelApplicationLayer
3587:             1             56  org.jenkinsci.remoting.protocol.impl.NIONetworkLayer
3588:             1             56  org.kohsuke.asm6.Label
3589:             1             56  sun.awt.AppContext
3590:             1             56  sun.security.provider.MD5
3591:             1             56  sun.security.ssl.EngineOutputRecord
3592:             2             48  [Lcom.cloudbees.jenkins.plugins.bitbucket.api.BitbucketRepositoryType;
3593:             2             48  [Lcom.cloudbees.jenkins.plugins.bitbucket.server.BitbucketServerVersion;
3594:             2             48  [Lcom.cloudbees.jenkins.plugins.bitbucket.server.BitbucketServerWebhookImplementation;
3595:             2             48  [Lcom.cloudbees.syslog.MessageFormat;
3596:             2             48  [Lcom.cloudbees.syslog.MessageFormat;
3597:             1             48  [Lcom.cloudbees.syslog.Severity;
3598:             1             48  [Lcom.cloudbees.syslog.Severity;
3599:             1             48  [Lcom.damnhandy.uri.template.impl.Operator;
3600:             1             48  [Lcom.fasterxml.jackson.annotation.JsonFormat$Feature;
3601:             1             48  [Lcom.fasterxml.jackson.annotation.PropertyAccessor;
3602:             1             48  [Lcom.fasterxml.jackson.core.SerializableString;
3603:             2             48  [Lcom.google.common.base.CharMatcher;
3604:             1             48  [Lcom.sun.beans.util.Cache$CacheEntry;
3605:             1             48  [Lcom.vmware.vim25.ws.SoapAction;
3606:             2             48  [Lhudson.Platform;
3607:             2             48  [Lhudson.init.TermMilestone;
3608:             2             48  [Lhudson.model.Node$Mode;
3609:             2             48  [Lhudson.plugins.sonar.SonarInstallation;
3610:             1             48  [Lhudson.util.LineEndingConversion$EOLType;
3611:             1             48  [Lio.jenkins.blueocean.events.PipelineEventChannel$EventProps;
3612:             1             48  [Lio.jenkins.blueocean.preload.BlueUrlTokenizer$UrlPart;
3613:             1             48  [Lio.jenkins.plugins.checks.api.ChecksConclusion;
3614:             1             48  [Ljava.beans.WeakIdentityMap$Entry;
3615:             2             48  [Ljava.io.PushbackInputStream;
3616:             1             48  [Ljava.lang.invoke.MethodHandleImpl$Intrinsic;
3617:             1             48  [Ljava.math.RoundingMode;
3618:             2             48  [Ljava.net.InetSocketAddress;
3619:             1             48  [Ljava.security.cert.CertPathValidatorException$BasicReason;
3620:             1             48  [Ljava.util.concurrent.ForkJoinPool$WorkQueue;
3621:             1             48  [Ljdk.net.SocketFlow$Status;
3622:             2             48  [Ljenkins.plugins.logstash.persistence.LogstashIndexerDao$SyslogProtocol;
3623:             2             48  [Ljenkins.scm.api.mixin.ChangeRequestCheckoutStrategy;
3624:             1             48  [Lnet.sf.saxon.om.StructuredQName;
3625:             2             48  [Lorg.apache.http.client.utils.URIUtils$UriFlag;
3626:             1             48  [Lorg.eclipse.jetty.server.HttpChannelState$RequestState;
3627:             1             48  [Lorg.eclipse.jetty.servlet.FilterHolder;
3628:             1             48  [Lorg.eclipse.jetty.servlet.FilterMapping;
3629:             1             48  [Lorg.eclipse.jetty.util.IteratingCallback$State;
3630:             1             48  [Lorg.eclipse.jetty.webapp.Origin;
3631:             1             48  [Lorg.h2.mvstore.db.MVTable$TraceLockEvent;
3632:             1             48  [Lorg.jenkinsci.plugins.gitclient.MergeCommand$Strategy;
3633:             2             48  [Lorg.jenkinsci.plugins.github_branch_source.ApiRateLimitChecker;
3634:             1             48  [Lorg.jenkinsci.plugins.pubsub.EventProps$Job;
3635:             1             48  [Lorg.jenkinsci.plugins.vSphereCloudLauncher$MACHINE_ACTION;
3636:             2             48  [Lorg.kohsuke.stapler.interceptor.Stage;
3637:             1             48  [Lsun.font.FontStrike;
3638:             1             48  [Lsun.security.ssl.SignatureAndHashAlgorithm$HashAlgorithm;
3639:             2             48  [Lsun.security.validator.CADistrustPolicy;
3640:             1             48  [Lsun.security.x509.NetscapeCertTypeExtension$MapEntry;
3641:             2             48  [Lsun.util.calendar.Era;
3642:             1             48  [[Ljava.lang.Object;
3643:             1             48  com.allot.devops.artifactory.Resolver$__clinit__closure1
3644:             1             48  com.allot.devops.artifactory.Resolver$__clinit__closure2
3645:             1             48  com.allot.devops.artifactory.Resolver$__clinit__closure3
3646:             1             48  com.allot.devops.artifactory.Resolver$__clinit__closure4
3647:             1             48  com.allot.devops.artifactory.Resolver$__clinit__closure5
3648:             1             48  com.allot.devops.artifactory.Resolver$__clinit__closure6
3649:             1             48  com.allot.devops.artifactory.Resolver$__clinit__closure7
3650:             1             48  com.atlassian.bitbucket.jenkins.internal.jenkins.oauth.servlet.AuthorizeConfirmationConfig$AuthorizeConfirmationConfigDescriptor
3651:             1             48  com.atlassian.bitbucket.jenkins.internal.trigger.BitbucketWebhookTriggerImpl$BitbucketWebhookTriggerDescriptor
3652:             2             48  com.cloudbees.hudson.plugins.folder.computed.DefaultOrphanedItemStrategy
3653:             1             48  com.cloudbees.hudson.plugins.folder.computed.FolderCron
3654:             1             48  com.cloudbees.jenkins.Cleaner
3655:             2             48  com.cloudbees.jenkins.plugins.BitBucketTrigger
3656:             1             48  com.cloudbees.jenkins.plugins.awscredentials.AWSCredentialsImpl
3657:             1             48  com.cloudbees.jenkins.plugins.bitbucket.BranchDiscoveryTrait$BranchSCMHeadAuthority$DescriptorImpl
3658:             2             48  com.cloudbees.jenkins.plugins.bitbucket.ForkPullRequestDiscoveryTrait
3659:             1             48  com.cloudbees.jenkins.plugins.bitbucket.ForkPullRequestDiscoveryTrait$TrustEveryone$DescriptorImpl
3660:             1             48  com.cloudbees.jenkins.plugins.bitbucket.ForkPullRequestDiscoveryTrait$TrustNobody$DescriptorImpl
3661:             1             48  com.cloudbees.jenkins.plugins.bitbucket.ForkPullRequestDiscoveryTrait$TrustTeamForks$DescriptorImpl
3662:             1             48  com.cloudbees.jenkins.plugins.bitbucket.OriginPullRequestDiscoveryTrait$OriginChangeRequestSCMHeadAuthority$DescriptorImpl
3663:             1             48  com.cloudbees.jenkins.plugins.bitbucket.TagDiscoveryTrait$TagSCMHeadAuthority$DescriptorImpl
3664:             2             48  com.cloudbees.jenkins.plugins.bitbucket.api.BitbucketHref
3665:             3             48  com.cloudbees.jenkins.plugins.bitbucket.api.BitbucketHref$Deserializer
3666:             2             48  com.cloudbees.jenkins.plugins.bitbucket.api.BitbucketRepositoryProtocol
3667:             2             48  com.cloudbees.jenkins.plugins.bitbucket.api.BitbucketRepositoryType
3668:             1             48  com.cloudbees.jenkins.plugins.bitbucket.endpoints.BitbucketServerEndpoint
3669:             2             48  com.cloudbees.jenkins.plugins.bitbucket.server.BitbucketServerVersion
3670:             2             48  com.cloudbees.jenkins.plugins.bitbucket.server.BitbucketServerWebhookImplementation
3671:             1             48  com.cloudbees.jenkins.plugins.sshcredentials.impl.BasicSSHUserPrivateKey
3672:             3             48  com.cloudbees.plugins.credentials.domains.SchemeRequirement
3673:             3             48  com.cloudbees.plugins.credentials.matchers.InstanceOfMatcher
3674:             2             48  com.cloudbees.syslog.MessageFormat
3675:             2             48  com.cloudbees.syslog.MessageFormat
3676:             1             48  com.cloudbees.syslog.integration.jul.util.LevelHelper$1
3677:             1             48  com.cloudbees.syslog.integration.jul.util.LevelHelper$1
3678:             1             48  com.cloudbees.syslog.sender.UdpSyslogMessageSender$1
3679:             1             48  com.cloudbees.syslog.sender.UdpSyslogMessageSender$1
3680:             3             48  com.cloudbees.workflow.ui.view.WorkflowStageViewAction
3681:             2             48  com.damnhandy.uri.template.UriTemplate$Encoding
3682:             2             48  com.fasterxml.jackson.databind.AnnotationIntrospector$ReferenceProperty$Type
3683:             1             48  com.fasterxml.jackson.databind.cfg.ConfigOverride$Empty
3684:             2             48  com.fasterxml.jackson.databind.deser.impl.NullsConstantProvider
3685:             2             48  com.fasterxml.jackson.databind.deser.std.StdKeyDeserializer$StringKD
3686:             2             48  com.fasterxml.jackson.databind.ser.std.BooleanSerializer
3687:             2             48  com.github.benmanes.caffeine.cache.BoundedLocalCache$BoundedLocalManualCache
3688:             2             48  com.github.benmanes.caffeine.cache.Caffeine$Strength
3689:             2             48  com.github.benmanes.caffeine.cache.WriteOrderDeque
3690:             3             48  com.google.common.base.Joiner
3691:             2             48  com.google.common.base.Joiner$MapJoiner
3692:             2             48  com.google.common.collect.ImmutableEnumSet
3693:             2             48  com.google.common.collect.Iterables$6
3694:             2             48  com.google.common.collect.Iterators$9
3695:             1             48  com.google.common.collect.LinkedHashMultimap
3696:             2             48  com.google.common.eventbus.EventBus$2
3697:             2             48  com.google.common.eventbus.EventBus$3
3698:             2             48  com.google.gson.internal.bind.TypeAdapters$31
3699:             2             48  com.google.gson.internal.bind.TypeAdapters$35
3700:             2             48  com.google.inject.internal.Annotations$AnnotationChecker
3701:             2             48  com.google.inject.internal.InternalFlags$CustomClassLoadingOption
3702:             2             48  com.google.inject.internal.cglib.core.$AbstractClassGenerator$Source
3703:             2             48  com.google.inject.spi.ScopeBinding
3704:             2             48  com.sun.crypto.provider.AESCipher$General
3705:             2             48  com.sun.jmx.mbeanserver.ClassLoaderRepositorySupport$LoaderEntry
3706:             1             48  com.sun.jmx.mbeanserver.DefaultMXBeanMappingFactory$Mappings
3707:             2             48  com.sun.jmx.mbeanserver.WeakIdentityHashMap
3708:             1             48  com.sun.jna.Function
3709:             1             48  com.sun.jna.NativeLibrary
3710:             1             48  com.sun.org.apache.xerces.internal.impl.XMLEntityManager$RewindableInputStream
3711:             1             48  com.sun.org.apache.xerces.internal.impl.io.UTF8Reader
3712:             3             48  com.sun.proxy.$Proxy55
3713:             3             48  com.sun.proxy.$Proxy81
3714:             2             48  com.thoughtworks.xstream.mapper.ImplicitCollectionMapper$NamedItemType
3715:             2             48  com.trilead.ssh2.SFTPv3FileHandle
3716:             2             48  com.zaxxer.hikari.pool.HikariPool$PoolEntryCreator
3717:             2             48  edu.hm.hafner.echarts.ChartModelConfiguration$AxisType
3718:             2             48  edu.hm.hafner.echarts.LineSeries$FilledMode
3719:             2             48  edu.hm.hafner.echarts.LineSeries$StackedMode
3720:             1             48  groovy.grape.GrapeIvy
3721:             1             48  groovy.lang.Closure$1
3722:             1             48  htmlpublisher.HtmlPublisherTarget
3723:             2             48  hudson.ExtensionListView$1
3724:             2             48  hudson.Platform
3725:             1             48  hudson.diagnosis.MemoryUsageMonitor
3726:             2             48  hudson.init.TermMilestone
3727:             1             48  hudson.ivy.IvyBuildTrigger$DescriptorImpl
3728:             1             48  hudson.matrix.FilterScript$ImpliesWhitelist
3729:             1             48  hudson.maven.MavenModuleSet$DescriptorImpl
3730:             3             48  hudson.model.CauseAction$ConverterImpl
3731:             2             48  hudson.model.Computer$DisplayExecutor
3732:             2             48  hudson.model.DependencyGraph$2
3733:             2             48  hudson.model.Node$Mode
3734:             1             48  hudson.model.UpdateSite
3735:             1             48  hudson.model.UsageStatistics
3736:             1             48  hudson.node_monitors.ArchitectureMonitor$DescriptorImpl
3737:             1             48  hudson.node_monitors.ClockMonitor$DescriptorImpl
3738:             1             48  hudson.node_monitors.DiskSpaceMonitor$1
3739:             1             48  hudson.node_monitors.ResponseTimeMonitor$1
3740:             1             48  hudson.node_monitors.SwapSpaceMonitor$DescriptorImpl
3741:             1             48  hudson.node_monitors.TemporarySpaceMonitor$DescriptorImpl
3742:             1             48  hudson.plugins.emailext.groovy.sandbox.StaticJavaxMailWhitelist
3743:             3             48  hudson.plugins.favorite.column.FavoriteColumn
3744:             3             48  hudson.plugins.favorite.project.FavoriteProjectAction
3745:             1             48  hudson.plugins.mercurial.MercurialSCM$DescriptorImpl
3746:             2             48  hudson.plugins.parameterizedtrigger.PredefinedBuildParameters
3747:             2             48  hudson.plugins.parameterizedtrigger.SubProjectsAction
3748:             1             48  hudson.plugins.sonar.SonarGlobalConfiguration
3749:             2             48  hudson.plugins.sonar.SonarRunnerInstallation
3750:             2             48  hudson.plugins.sshslaves.SSHLauncher$1
3751:             1             48  hudson.plugins.timestamper.TimestamperConfig
3752:             2             48  hudson.plugins.ws_cleanup.Pattern$PatternType
3753:             3             48  hudson.remoting.Channel$CloseCommand
3754:             2             48  hudson.remoting.Channel$Mode
3755:             2             48  hudson.remoting.ChannelProperty
3756:             2             48  hudson.security.LDAPSecurityRealm$LDAPAuthenticationManager$ManagerEntry
3757:             2             48  hudson.security.LDAPSecurityRealm$WrappedAuthoritiesPopulator
3758:             2             48  hudson.security.SparseACL
3759:             1             48  hudson.security.TokenBasedRememberMeServices2
3760:             1             48  hudson.slaves.ComputerRetentionWork
3761:             2             48  hudson.slaves.NodeProvisioner$StrategyDecision
3762:             2             48  hudson.tools.InstallSourceProperty
3763:             1             48  hudson.tools.JDKInstaller$JDKList
3764:             1             48  hudson.triggers.SCMTrigger$DescriptorImpl
3765:             2             48  hudson.triggers.SCMTrigger$SCMTriggerCause
3766:             2             48  hudson.triggers.TimerTrigger
3767:             1             48  hudson.triggers.Trigger$Cron
3768:             2             48  hudson.util.CopyOnWriteMap$Hash$ConverterImpl
3769:             3             48  hudson.util.NullStream
3770:             2             48  hudson.util.RunList$11
3771:             2             48  hudson.util.RunList$2
3772:             3             48  hudson.views.BuildButtonColumn
3773:             3             48  hudson.views.LastDurationColumn
3774:             3             48  hudson.views.LastFailureColumn
3775:             3             48  hudson.views.LastSuccessColumn
3776:             2             48  io.jenkins.blueocean.service.embedded.rest.UserContainerImpl
3777:             3             48  io.jenkins.plugins.analysis.core.model.LabelProviderFactory
3778:             1             48  io.jenkins.plugins.analysis.core.model.WarningsPluginConfiguration
3779:             1             48  io.jenkins.plugins.analysis.warnings.AcuCobol$Descriptor
3780:             1             48  io.jenkins.plugins.analysis.warnings.Ajc$Descriptor
3781:             1             48  io.jenkins.plugins.analysis.warnings.AndroidLint$Descriptor
3782:             1             48  io.jenkins.plugins.analysis.warnings.AnsibleLint$Descriptor
3783:             1             48  io.jenkins.plugins.analysis.warnings.ArmCc$Descriptor
3784:             1             48  io.jenkins.plugins.analysis.warnings.Buckminster$Descriptor
3785:             1             48  io.jenkins.plugins.analysis.warnings.Cadence$Descriptor
3786:             1             48  io.jenkins.plugins.analysis.warnings.Cargo$Descriptor
3787:             1             48  io.jenkins.plugins.analysis.warnings.Ccm$Descriptor
3788:             1             48  io.jenkins.plugins.analysis.warnings.Clair$Descriptor
3789:             1             48  io.jenkins.plugins.analysis.warnings.Clang$Descriptor
3790:             1             48  io.jenkins.plugins.analysis.warnings.ClangAnalyzer$Descriptor
3791:             1             48  io.jenkins.plugins.analysis.warnings.ClangTidy$Descriptor
3792:             1             48  io.jenkins.plugins.analysis.warnings.Cmake$Descriptor
3793:             1             48  io.jenkins.plugins.analysis.warnings.CodeAnalysis$Descriptor
3794:             1             48  io.jenkins.plugins.analysis.warnings.CodeNarc$Descriptor
3795:             1             48  io.jenkins.plugins.analysis.warnings.Coolflux$Descriptor
3796:             1             48  io.jenkins.plugins.analysis.warnings.Cpd$Descriptor
3797:             1             48  io.jenkins.plugins.analysis.warnings.CppCheck$Descriptor
3798:             1             48  io.jenkins.plugins.analysis.warnings.CppLint$Descriptor
3799:             1             48  io.jenkins.plugins.analysis.warnings.CssLint$Descriptor
3800:             1             48  io.jenkins.plugins.analysis.warnings.DScanner$Descriptor
3801:             1             48  io.jenkins.plugins.analysis.warnings.Detekt$Descriptor
3802:             1             48  io.jenkins.plugins.analysis.warnings.DiabC$Descriptor
3803:             1             48  io.jenkins.plugins.analysis.warnings.DocFx$Descriptor
3804:             1             48  io.jenkins.plugins.analysis.warnings.DockerLint$Descriptor
3805:             1             48  io.jenkins.plugins.analysis.warnings.Doxygen$Descriptor
3806:             1             48  io.jenkins.plugins.analysis.warnings.DrMemory$Descriptor
3807:             1             48  io.jenkins.plugins.analysis.warnings.DupFinder$Descriptor
3808:             1             48  io.jenkins.plugins.analysis.warnings.Eclipse$Descriptor
3809:             1             48  io.jenkins.plugins.analysis.warnings.Erlc$Descriptor
3810:             1             48  io.jenkins.plugins.analysis.warnings.ErrorProne$Descriptor
3811:             1             48  io.jenkins.plugins.analysis.warnings.EsLint$Descriptor
3812:             1             48  io.jenkins.plugins.analysis.warnings.FindBugs$FindBugsDescriptor
3813:             1             48  io.jenkins.plugins.analysis.warnings.Flake8$Descriptor
3814:             1             48  io.jenkins.plugins.analysis.warnings.Flawfinder$Descriptor
3815:             1             48  io.jenkins.plugins.analysis.warnings.FlexSdk$Descriptor
3816:             1             48  io.jenkins.plugins.analysis.warnings.Fxcop$Descriptor
3817:             1             48  io.jenkins.plugins.analysis.warnings.Gcc3$Descriptor
3818:             1             48  io.jenkins.plugins.analysis.warnings.Gcc4$Descriptor
3819:             1             48  io.jenkins.plugins.analysis.warnings.Gendarme$Descriptor
3820:             1             48  io.jenkins.plugins.analysis.warnings.GhsMulti$Descriptor
3821:             1             48  io.jenkins.plugins.analysis.warnings.Gnat$Descriptor
3822:             1             48  io.jenkins.plugins.analysis.warnings.GnuFortran$Descriptor
3823:             1             48  io.jenkins.plugins.analysis.warnings.GoLint$Descriptor
3824:             1             48  io.jenkins.plugins.analysis.warnings.GoVet$Descriptor
3825:             1             48  io.jenkins.plugins.analysis.warnings.HadoLint$Descriptor
3826:             1             48  io.jenkins.plugins.analysis.warnings.Iar$Descriptor
3827:             1             48  io.jenkins.plugins.analysis.warnings.IarCstat$Descriptor
3828:             1             48  io.jenkins.plugins.analysis.warnings.IbLinter$Descriptor
3829:             1             48  io.jenkins.plugins.analysis.warnings.IdeaInspection$Descriptor
3830:             1             48  io.jenkins.plugins.analysis.warnings.Infer$Descriptor
3831:             1             48  io.jenkins.plugins.analysis.warnings.Intel$Descriptor
3832:             1             48  io.jenkins.plugins.analysis.warnings.Invalids$Descriptor
3833:             1             48  io.jenkins.plugins.analysis.warnings.JUnit$Descriptor
3834:             1             48  io.jenkins.plugins.analysis.warnings.Java$Descriptor
3835:             1             48  io.jenkins.plugins.analysis.warnings.JavaDoc$Descriptor
3836:             1             48  io.jenkins.plugins.analysis.warnings.JcReport$Descriptor
3837:             1             48  io.jenkins.plugins.analysis.warnings.JsHint$Descriptor
3838:             1             48  io.jenkins.plugins.analysis.warnings.JsLint$Descriptor
3839:             1             48  io.jenkins.plugins.analysis.warnings.KlocWork$Descriptor
3840:             1             48  io.jenkins.plugins.analysis.warnings.Kotlin$Descriptor
3841:             1             48  io.jenkins.plugins.analysis.warnings.KtLint$Descriptor
3842:             1             48  io.jenkins.plugins.analysis.warnings.MavenConsole$Descriptor
3843:             1             48  io.jenkins.plugins.analysis.warnings.MentorGraphics$Descriptor
3844:             1             48  io.jenkins.plugins.analysis.warnings.MetrowerksCodeWarrior$Descriptor
3845:             1             48  io.jenkins.plugins.analysis.warnings.MsBuild$Descriptor
3846:             1             48  io.jenkins.plugins.analysis.warnings.MyPy$Descriptor
3847:             1             48  io.jenkins.plugins.analysis.warnings.NagFortran$Descriptor
3848:             1             48  io.jenkins.plugins.analysis.warnings.PVSStudio$Descriptor
3849:             1             48  io.jenkins.plugins.analysis.warnings.PcLint$Descriptor
3850:             1             48  io.jenkins.plugins.analysis.warnings.Pep8$Descriptor
3851:             1             48  io.jenkins.plugins.analysis.warnings.Perforce$Descriptor
3852:             1             48  io.jenkins.plugins.analysis.warnings.PerlCritic$Descriptor
3853:             1             48  io.jenkins.plugins.analysis.warnings.Php$Descriptor
3854:             1             48  io.jenkins.plugins.analysis.warnings.PhpCodeSniffer$Descriptor
3855:             1             48  io.jenkins.plugins.analysis.warnings.PhpStan$Descriptor
3856:             1             48  io.jenkins.plugins.analysis.warnings.Pit$Descriptor
3857:             1             48  io.jenkins.plugins.analysis.warnings.Pmd$Descriptor
3858:             1             48  io.jenkins.plugins.analysis.warnings.PreFast$Descriptor
3859:             1             48  io.jenkins.plugins.analysis.warnings.ProtoLint$Descriptor
3860:             1             48  io.jenkins.plugins.analysis.warnings.PuppetLint$Descriptor
3861:             1             48  io.jenkins.plugins.analysis.warnings.PyDocStyle$Descriptor
3862:             1             48  io.jenkins.plugins.analysis.warnings.PyLint$Descriptor
3863:             1             48  io.jenkins.plugins.analysis.warnings.QacSourceCodeAnalyser$Descriptor
3864:             1             48  io.jenkins.plugins.analysis.warnings.ResharperInspectCode$Descriptor
3865:             1             48  io.jenkins.plugins.analysis.warnings.RfLint$Descriptor
3866:             1             48  io.jenkins.plugins.analysis.warnings.Robocopy$Descriptor
3867:             1             48  io.jenkins.plugins.analysis.warnings.RuboCop$Descriptor
3868:             1             48  io.jenkins.plugins.analysis.warnings.Scala$Descriptor
3869:             1             48  io.jenkins.plugins.analysis.warnings.Simian$Descriptor
3870:             1             48  io.jenkins.plugins.analysis.warnings.SonarQube$Descriptor
3871:             1             48  io.jenkins.plugins.analysis.warnings.SphinxBuild$Descriptor
3872:             1             48  io.jenkins.plugins.analysis.warnings.SpotBugs$Descriptor
3873:             1             48  io.jenkins.plugins.analysis.warnings.StyleCop$Descriptor
3874:             1             48  io.jenkins.plugins.analysis.warnings.SunC$Descriptor
3875:             1             48  io.jenkins.plugins.analysis.warnings.SwiftLint$Descriptor
3876:             1             48  io.jenkins.plugins.analysis.warnings.TagList$Descriptor
3877:             1             48  io.jenkins.plugins.analysis.warnings.TaskingVx$Descriptor
3878:             1             48  io.jenkins.plugins.analysis.warnings.TiCss$Descriptor
3879:             1             48  io.jenkins.plugins.analysis.warnings.Tnsdl$Descriptor
3880:             1             48  io.jenkins.plugins.analysis.warnings.TsLint$Descriptor
3881:             1             48  io.jenkins.plugins.analysis.warnings.WarningsPlugin$Descriptor
3882:             1             48  io.jenkins.plugins.analysis.warnings.Xlc$Descriptor
3883:             1             48  io.jenkins.plugins.analysis.warnings.XmlLint$Descriptor
3884:             1             48  io.jenkins.plugins.analysis.warnings.YamlLint$Descriptor
3885:             1             48  io.jenkins.plugins.analysis.warnings.YuiCompressor$Descriptor
3886:             1             48  io.jenkins.plugins.analysis.warnings.ZptLint$Descriptor
3887:             1             48  io.jenkins.plugins.analysis.warnings.checkstyle.CheckStyle$Descriptor
3888:             1             48  io.jenkins.plugins.analysis.warnings.groovy.GroovyScript$Descriptor
3889:             1             48  io.jenkins.plugins.analysis.warnings.groovy.ParserConfiguration
3890:             1             48  io.jenkins.plugins.analysis.warnings.tasks.OpenTasks$Descriptor
3891:             2             48  io.jenkins.plugins.casc.ConfigurationContext$Deprecation
3892:             2             48  io.jenkins.plugins.casc.ConfigurationContext$Unknown
3893:             1             48  io.jenkins.plugins.casc.model.Mapping
3894:             1             48  io.jenkins.plugins.luxair.ImageTagParameterConfiguration
3895:             2             48  io.vavr.collection.HashArrayMappedTrieModule$Action
3896:             1             48  java.awt.image.SinglePixelPackedSampleModel
3897:             2             48  java.io.File$PathStatus
3898:             2             48  java.lang.management.MemoryType
3899:             2             48  java.lang.reflect.ReflectPermission
3900:             2             48  java.net.InetAddress$Cache
3901:             2             48  java.net.InetAddress$Cache$Type
3902:             2             48  java.net.InetAddress$CacheEntry
3903:             2             48  java.net.StandardProtocolFamily
3904:             3             48  java.nio.channels.FileChannel$MapMode
3905:             3             48  java.nio.channels.spi.AbstractSelector$1
3906:             2             48  java.nio.charset.CoderResult
3907:             3             48  java.nio.charset.CodingErrorAction
3908:             2             48  java.security.cert.CertificateFactory
3909:             1             48  java.sql.SQLException
3910:             2             48  java.sql.SQLPermission
3911:             3             48  java.text.AttributedCharacterIterator$Attribute
3912:             2             48  java.time.format.DateTimeFormatterBuilder$1
3913:             2             48  java.time.format.DateTimeFormatterBuilder$ZoneIdPrinterParser
3914:             2             48  java.time.format.DateTimeTextProvider$LocaleStore
3915:             2             48  java.time.zone.ZoneOffsetTransition
3916:             2             48  java.util.AbstractMap$2$1
3917:             3             48  java.util.Base64$Decoder
3918:             2             48  java.util.Comparator$$Lambda$322/365808575
3919:             2             48  java.util.TaskQueue
3920:             2             48  java.util.Timer
3921:             2             48  java.util.concurrent.FutureTask$WaitNode
3922:             1             48  java.util.concurrent.locks.ReentrantReadWriteLock$FairSync
3923:             3             48  java.util.logging.ErrorManager
3924:             2             48  java.util.logging.Logger$LoggerBundle
3925:             3             48  java.util.regex.Pattern$Caret
3926:             1             48  java.util.regex.Pattern$GroupCurly
3927:             2             48  javax.crypto.CryptoPermissions
3928:             1             48  javax.imageio.ImageTypeSpecifier$Packed
3929:             1             48  javax.naming.directory.SchemaViolationException
3930:             3             48  jenkins.branch.BranchCategoryFilter
3931:             3             48  jenkins.branch.BranchStatusColumn
3932:             3             48  jenkins.model.IdStrategy$CaseInsensitive
3933:             2             48  jenkins.model.lazy.LazyLoadRunMapEntrySet$1
3934:             2             48  jenkins.org.apache.commons.validator.routines.DomainValidator
3935:             1             48  jenkins.plugins.coverity.CIMInstance
3936:             1             48  jenkins.plugins.coverity.CoverityPublisher$DescriptorImpl
3937:             1             48  jenkins.plugins.git.traits.AuthorInChangelogTrait$DescriptorImpl
3938:             1             48  jenkins.plugins.git.traits.BranchDiscoveryTrait$BranchSCMHeadAuthority$DescriptorImpl
3939:             1             48  jenkins.plugins.git.traits.CheckoutOptionTrait$DescriptorImpl
3940:             1             48  jenkins.plugins.git.traits.CleanAfterCheckoutTrait$DescriptorImpl
3941:             1             48  jenkins.plugins.git.traits.CleanBeforeCheckoutTrait$DescriptorImpl
3942:             1             48  jenkins.plugins.git.traits.CloneOptionTrait$DescriptorImpl
3943:             1             48  jenkins.plugins.git.traits.GitLFSPullTrait$DescriptorImpl
3944:             1             48  jenkins.plugins.git.traits.LocalBranchTrait$DescriptorImpl
3945:             1             48  jenkins.plugins.git.traits.PruneStaleBranchTrait$DescriptorImpl
3946:             1             48  jenkins.plugins.git.traits.PruneStaleTagTrait$DescriptorImpl
3947:             1             48  jenkins.plugins.git.traits.SparseCheckoutPathsTrait$DescriptorImpl
3948:             1             48  jenkins.plugins.git.traits.SubmoduleOptionTrait$DescriptorImpl
3949:             1             48  jenkins.plugins.git.traits.TagDiscoveryTrait$TagSCMHeadAuthority$DescriptorImpl
3950:             1             48  jenkins.plugins.git.traits.UserIdentityTrait$DescriptorImpl
3951:             1             48  jenkins.plugins.git.traits.WipeWorkspaceTrait$DescriptorImpl
3952:             1             48  jenkins.plugins.logstash.LogstashConfiguration
3953:             2             48  jenkins.scm.api.mixin.ChangeRequestCheckoutStrategy
3954:             2             48  jenkins.scm.impl.ChangeRequestSCMHeadCategory
3955:             2             48  jenkins.scm.impl.TagSCMHeadCategory
3956:             2             48  jenkins.scm.impl.UncategorizedSCMHeadCategory
3957:             2             48  jenkins.scm.impl.UncategorizedSCMSourceCategory
3958:             2             48  jenkins.security.ImpersonatingExecutorService
3959:             2             48  jenkins.security.apitoken.ApiTokenStats$SingleTokenStats
3960:             2             48  jenkins.security.apitoken.ApiTokenStore$HashValue
3961:             2             48  jenkins.security.plugins.ldap.FromGroupSearchLDAPGroupMembershipStrategy
3962:             3             48  jenkins.util.ContextResettingExecutorService
3963:             1             48  net.i2p.crypto.eddsa.math.Curve
3964:             2             48  net.sf.ezmorph.object.BooleanObjectMorpher
3965:             2             48  net.sf.ezmorph.object.CharacterObjectMorpher
3966:             2             48  net.sf.json.util.JSONTokener
3967:             2             48  net.sf.saxon.om.NamespaceBinding
3968:             1             48  net.sourceforge.pmd.lang.java.JavaLanguageModule
3969:             2             48  net.sourceforge.pmd.lang.java.metrics.impl.CycloMetric$CycloOption
3970:             2             48  okhttp3.CertificatePinner
3971:             2             48  okhttp3.CertificatePinner
3972:             2             48  org.acegisecurity.AuthenticationTrustResolverImpl
3973:             2             48  org.acegisecurity.providers.anonymous.AnonymousAuthenticationProvider
3974:             2             48  org.acegisecurity.providers.rememberme.RememberMeAuthenticationProvider
3975:             2             48  org.acegisecurity.userdetails.memory.UserAttribute
3976:             1             48  org.apache.commons.beanutils.WrapDynaClass$2
3977:             2             48  org.apache.commons.collections.map.ListOrderedMap$KeySetView$1
3978:             2             48  org.apache.commons.collections.map.ListOrderedMap$ListOrderedIterator
3979:             2             48  org.apache.commons.compress.archivers.zip.NioZipEncoding
3980:             2             48  org.apache.commons.jexl.util.introspection.Info
3981:             3             48  org.apache.commons.lang.Entities
3982:             2             48  org.apache.commons.lang.time.FastDateFormat$TextField
3983:             3             48  org.apache.commons.lang3.text.translate.NumericEntityUnescaper
3984:             2             48  org.apache.commons.lang3.time.FastDateFormat
3985:             2             48  org.apache.commons.lang3.time.FormatCache$MultipartKey
3986:             3             48  org.apache.commons.text.matcher.AbstractStringMatcher$StringMatcher
3987:             2             48  org.apache.http.client.utils.URIUtils$UriFlag
3988:             2             48  org.apache.http.conn.routing.RouteInfo$LayerType
3989:             2             48  org.apache.http.conn.routing.RouteInfo$LayerType
3990:             2             48  org.apache.http.conn.routing.RouteInfo$TunnelType
3991:             2             48  org.apache.http.conn.routing.RouteInfo$TunnelType
3992:             2             48  org.apache.http.impl.client.DefaultHttpRequestRetryHandler
3993:             3             48  org.apache.http.impl.cookie.BasicCommentHandler
3994:             3             48  org.apache.http.impl.cookie.BasicPathHandler
3995:             3             48  org.apache.http.impl.cookie.BasicSecureHandler
3996:             2             48  org.apache.http.impl.cookie.DefaultCookieSpecProvider$CompatibilityLevel
3997:             2             48  org.apache.http.impl.cookie.DefaultCookieSpecProvider$CompatibilityLevel
3998:             2             48  org.apache.http.impl.cookie.RFC6265CookieSpecProvider
3999:             2             48  org.apache.http.protocol.ImmutableHttpProcessor
4000:             2             48  org.apache.ivy.core.module.id.MatcherLookup
4001:             2             48  org.apache.ivy.core.module.id.ModuleRules
4002:             1             48  org.apache.ivy.core.repository.RepositoryManagementEngine
4003:             1             48  org.apache.oro.text.regex.Perl5Repetition
4004:             1             48  org.apache.sshd.common.cipher.BuiltinCiphers$1
4005:             1             48  org.apache.sshd.common.cipher.BuiltinCiphers$2
4006:             1             48  org.apache.sshd.common.cipher.BuiltinCiphers$3
4007:             2             48  org.apache.tools.ant.taskdefs.Zip$Zip64ModeAttribute
4008:             3             48  org.apache.tools.zip.ExtraFieldUtils$UnparseableExtraField
4009:             2             48  org.apache.tools.zip.ZipEncodingHelper$SimpleEncodingHolder
4010:             3             48  org.apache.tools.zip.ZipOutputStream$UnicodeExtraFieldPolicy
4011:             1             48  org.codehaus.groovy.ast.expr.EmptyExpression
4012:             1             48  org.codehaus.groovy.ast.tools.WideningCategories$1
4013:             1             48  org.codehaus.groovy.classgen.BytecodeExpression$1
4014:             1             48  org.codehaus.groovy.runtime.dgm$10
4015:             1             48  org.codehaus.groovy.runtime.dgm$104
4016:             1             48  org.codehaus.groovy.runtime.dgm$1044
4017:             1             48  org.codehaus.groovy.runtime.dgm$1048
4018:             1             48  org.codehaus.groovy.runtime.dgm$1054
4019:             1             48  org.codehaus.groovy.runtime.dgm$1097
4020:             1             48  org.codehaus.groovy.runtime.dgm$1109
4021:             1             48  org.codehaus.groovy.runtime.dgm$1111
4022:             1             48  org.codehaus.groovy.runtime.dgm$1112
4023:             1             48  org.codehaus.groovy.runtime.dgm$1113
4024:             1             48  org.codehaus.groovy.runtime.dgm$1120
4025:             1             48  org.codehaus.groovy.runtime.dgm$1121
4026:             1             48  org.codehaus.groovy.runtime.dgm$1122
4027:             1             48  org.codehaus.groovy.runtime.dgm$1128
4028:             1             48  org.codehaus.groovy.runtime.dgm$1129
4029:             1             48  org.codehaus.groovy.runtime.dgm$1130
4030:             1             48  org.codehaus.groovy.runtime.dgm$1131
4031:             1             48  org.codehaus.groovy.runtime.dgm$1133
4032:             1             48  org.codehaus.groovy.runtime.dgm$1135
4033:             1             48  org.codehaus.groovy.runtime.dgm$1142
4034:             1             48  org.codehaus.groovy.runtime.dgm$1156
4035:             1             48  org.codehaus.groovy.runtime.dgm$1160
4036:             1             48  org.codehaus.groovy.runtime.dgm$1162
4037:             1             48  org.codehaus.groovy.runtime.dgm$1165
4038:             1             48  org.codehaus.groovy.runtime.dgm$1166
4039:             1             48  org.codehaus.groovy.runtime.dgm$1167
4040:             1             48  org.codehaus.groovy.runtime.dgm$119
4041:             1             48  org.codehaus.groovy.runtime.dgm$12
4042:             1             48  org.codehaus.groovy.runtime.dgm$120
4043:             1             48  org.codehaus.groovy.runtime.dgm$13
4044:             1             48  org.codehaus.groovy.runtime.dgm$131
4045:             1             48  org.codehaus.groovy.runtime.dgm$160
4046:             1             48  org.codehaus.groovy.runtime.dgm$161
4047:             1             48  org.codehaus.groovy.runtime.dgm$162
4048:             1             48  org.codehaus.groovy.runtime.dgm$163
4049:             1             48  org.codehaus.groovy.runtime.dgm$164
4050:             1             48  org.codehaus.groovy.runtime.dgm$175
4051:             1             48  org.codehaus.groovy.runtime.dgm$183
4052:             1             48  org.codehaus.groovy.runtime.dgm$184
4053:             1             48  org.codehaus.groovy.runtime.dgm$185
4054:             1             48  org.codehaus.groovy.runtime.dgm$186
4055:             1             48  org.codehaus.groovy.runtime.dgm$190
4056:             1             48  org.codehaus.groovy.runtime.dgm$191
4057:             1             48  org.codehaus.groovy.runtime.dgm$193
4058:             1             48  org.codehaus.groovy.runtime.dgm$194
4059:             1             48  org.codehaus.groovy.runtime.dgm$197
4060:             1             48  org.codehaus.groovy.runtime.dgm$198
4061:             1             48  org.codehaus.groovy.runtime.dgm$201
4062:             1             48  org.codehaus.groovy.runtime.dgm$202
4063:             1             48  org.codehaus.groovy.runtime.dgm$203
4064:             1             48  org.codehaus.groovy.runtime.dgm$204
4065:             1             48  org.codehaus.groovy.runtime.dgm$221
4066:             1             48  org.codehaus.groovy.runtime.dgm$223
4067:             1             48  org.codehaus.groovy.runtime.dgm$23
4068:             1             48  org.codehaus.groovy.runtime.dgm$239
4069:             1             48  org.codehaus.groovy.runtime.dgm$242
4070:             1             48  org.codehaus.groovy.runtime.dgm$244
4071:             1             48  org.codehaus.groovy.runtime.dgm$245
4072:             1             48  org.codehaus.groovy.runtime.dgm$271
4073:             1             48  org.codehaus.groovy.runtime.dgm$272
4074:             1             48  org.codehaus.groovy.runtime.dgm$273
4075:             1             48  org.codehaus.groovy.runtime.dgm$274
4076:             1             48  org.codehaus.groovy.runtime.dgm$275
4077:             1             48  org.codehaus.groovy.runtime.dgm$287
4078:             1             48  org.codehaus.groovy.runtime.dgm$288
4079:             1             48  org.codehaus.groovy.runtime.dgm$289
4080:             1             48  org.codehaus.groovy.runtime.dgm$29
4081:             1             48  org.codehaus.groovy.runtime.dgm$290
4082:             1             48  org.codehaus.groovy.runtime.dgm$30
4083:             1             48  org.codehaus.groovy.runtime.dgm$33
4084:             1             48  org.codehaus.groovy.runtime.dgm$336
4085:             1             48  org.codehaus.groovy.runtime.dgm$339
4086:             1             48  org.codehaus.groovy.runtime.dgm$356
4087:             1             48  org.codehaus.groovy.runtime.dgm$357
4088:             1             48  org.codehaus.groovy.runtime.dgm$358
4089:             1             48  org.codehaus.groovy.runtime.dgm$359
4090:             1             48  org.codehaus.groovy.runtime.dgm$366
4091:             1             48  org.codehaus.groovy.runtime.dgm$367
4092:             1             48  org.codehaus.groovy.runtime.dgm$379
4093:             1             48  org.codehaus.groovy.runtime.dgm$381
4094:             1             48  org.codehaus.groovy.runtime.dgm$383
4095:             1             48  org.codehaus.groovy.runtime.dgm$386
4096:             1             48  org.codehaus.groovy.runtime.dgm$387
4097:             1             48  org.codehaus.groovy.runtime.dgm$388
4098:             1             48  org.codehaus.groovy.runtime.dgm$4
4099:             1             48  org.codehaus.groovy.runtime.dgm$41
4100:             1             48  org.codehaus.groovy.runtime.dgm$419
4101:             1             48  org.codehaus.groovy.runtime.dgm$423
4102:             1             48  org.codehaus.groovy.runtime.dgm$424
4103:             1             48  org.codehaus.groovy.runtime.dgm$425
4104:             1             48  org.codehaus.groovy.runtime.dgm$442
4105:             1             48  org.codehaus.groovy.runtime.dgm$450
4106:             1             48  org.codehaus.groovy.runtime.dgm$457
4107:             1             48  org.codehaus.groovy.runtime.dgm$458
4108:             1             48  org.codehaus.groovy.runtime.dgm$459
4109:             1             48  org.codehaus.groovy.runtime.dgm$460
4110:             1             48  org.codehaus.groovy.runtime.dgm$463
4111:             1             48  org.codehaus.groovy.runtime.dgm$469
4112:             1             48  org.codehaus.groovy.runtime.dgm$470
4113:             1             48  org.codehaus.groovy.runtime.dgm$471
4114:             1             48  org.codehaus.groovy.runtime.dgm$472
4115:             1             48  org.codehaus.groovy.runtime.dgm$473
4116:             1             48  org.codehaus.groovy.runtime.dgm$474
4117:             1             48  org.codehaus.groovy.runtime.dgm$475
4118:             1             48  org.codehaus.groovy.runtime.dgm$476
4119:             1             48  org.codehaus.groovy.runtime.dgm$499
4120:             1             48  org.codehaus.groovy.runtime.dgm$5
4121:             1             48  org.codehaus.groovy.runtime.dgm$500
4122:             1             48  org.codehaus.groovy.runtime.dgm$501
4123:             1             48  org.codehaus.groovy.runtime.dgm$502
4124:             1             48  org.codehaus.groovy.runtime.dgm$504
4125:             1             48  org.codehaus.groovy.runtime.dgm$505
4126:             1             48  org.codehaus.groovy.runtime.dgm$507
4127:             1             48  org.codehaus.groovy.runtime.dgm$508
4128:             1             48  org.codehaus.groovy.runtime.dgm$509
4129:             1             48  org.codehaus.groovy.runtime.dgm$51
4130:             1             48  org.codehaus.groovy.runtime.dgm$519
4131:             1             48  org.codehaus.groovy.runtime.dgm$53
4132:             1             48  org.codehaus.groovy.runtime.dgm$54
4133:             1             48  org.codehaus.groovy.runtime.dgm$551
4134:             1             48  org.codehaus.groovy.runtime.dgm$565
4135:             1             48  org.codehaus.groovy.runtime.dgm$566
4136:             1             48  org.codehaus.groovy.runtime.dgm$567
4137:             1             48  org.codehaus.groovy.runtime.dgm$568
4138:             1             48  org.codehaus.groovy.runtime.dgm$569
4139:             1             48  org.codehaus.groovy.runtime.dgm$570
4140:             1             48  org.codehaus.groovy.runtime.dgm$575
4141:             1             48  org.codehaus.groovy.runtime.dgm$580
4142:             1             48  org.codehaus.groovy.runtime.dgm$581
4143:             1             48  org.codehaus.groovy.runtime.dgm$6
4144:             1             48  org.codehaus.groovy.runtime.dgm$61
4145:             1             48  org.codehaus.groovy.runtime.dgm$62
4146:             1             48  org.codehaus.groovy.runtime.dgm$63
4147:             1             48  org.codehaus.groovy.runtime.dgm$64
4148:             1             48  org.codehaus.groovy.runtime.dgm$65
4149:             1             48  org.codehaus.groovy.runtime.dgm$66
4150:             1             48  org.codehaus.groovy.runtime.dgm$660
4151:             1             48  org.codehaus.groovy.runtime.dgm$665
4152:             1             48  org.codehaus.groovy.runtime.dgm$67
4153:             1             48  org.codehaus.groovy.runtime.dgm$678
4154:             1             48  org.codehaus.groovy.runtime.dgm$68
4155:             1             48  org.codehaus.groovy.runtime.dgm$7
4156:             1             48  org.codehaus.groovy.runtime.dgm$70
4157:             1             48  org.codehaus.groovy.runtime.dgm$710
4158:             1             48  org.codehaus.groovy.runtime.dgm$740
4159:             1             48  org.codehaus.groovy.runtime.dgm$75
4160:             1             48  org.codehaus.groovy.runtime.dgm$811
4161:             1             48  org.codehaus.groovy.runtime.dgm$834
4162:             1             48  org.codehaus.groovy.runtime.dgm$884
4163:             1             48  org.codehaus.groovy.runtime.dgm$895
4164:             1             48  org.codehaus.groovy.runtime.dgm$9
4165:             1             48  org.codehaus.groovy.runtime.dgm$912
4166:             1             48  org.codehaus.groovy.runtime.dgm$913
4167:             1             48  org.codehaus.groovy.runtime.dgm$914
4168:             1             48  org.codehaus.groovy.runtime.metaclass.MetaClassRegistryImpl
4169:             1             48  org.codehaus.groovy.transform.stc.StaticTypeCheckingSupport$1
4170:             2             48  org.codehaus.groovy.util.ReferenceType$HardRef
4171:             2             48  org.dom4j.tree.QNameCache
4172:             2             48  org.dom4j.util.SimpleSingleton
4173:             2             48  org.eclipse.jetty.http.CookieCompliance
4174:             2             48  org.eclipse.jetty.io.ManagedSelector$SelectorProducer
4175:             1             48  org.eclipse.jetty.security.authentication.FormAuthenticator
4176:             2             48  org.eclipse.jetty.server.AsyncContextState
4177:             2             48  org.eclipse.jetty.server.HttpInput$EofContent
4178:             2             48  org.eclipse.jetty.server.MultiPartFormDataCompliance
4179:             1             48  org.eclipse.jetty.util.BlockingArrayQueue
4180:             1             48  org.eclipse.jetty.util.component.AttributeContainerMap
4181:             2             48  org.eclipse.jetty.util.statistic.CounterStatistic
4182:             3             48  org.eclipse.jetty.util.thread.ScheduledExecutorScheduler$$Lambda$21/79290965
4183:             2             48  org.eclipse.jetty.webapp.ClasspathPattern
4184:             1             48  org.eclipse.jetty.webapp.WebDescriptor$1
4185:             1             48  org.eclipse.jgit.internal.storage.file.WindowCache$StatsRecorderImpl
4186:             2             48  org.eclipse.jgit.transport.RefSpec$WildcardMode
4187:             2             48  org.eclipse.jgit.treewalk.TreeWalk$OperationType
4188:             2             48  org.h2.mvstore.MVStore$TxCounter
4189:             2             48  org.h2.mvstore.tx.TransactionStore$ArrayType
4190:             1             48  org.h2.store.fs.FileMemData
4191:             1             48  org.h2.tools.Server
4192:             1             48  org.h2.util.SortedProperties
4193:             2             48  org.h2.util.TempFileDeleter
4194:             3             48  org.jenkins.plugins.builton.BuiltOnColumn
4195:             2             48  org.jenkins.plugins.lockableresources.LockStepExecution
4196:             2             48  org.jenkins.plugins.lockableresources.LockStepExecution$Callback
4197:             1             48  org.jenkins.plugins.lockableresources.LockableResourcesManager
4198:             2             48  org.jenkins.ui.icon.IconType
4199:             2             48  org.jenkinsci.bytecode.NameAndType
4200:             1             48  org.jenkinsci.main.modules.sshd.SSHD
4201:             1             48  org.jenkinsci.plugins.bitbucket.BitbucketBuildStatusNotifierStep$DescriptorImpl
4202:             2             48  org.jenkinsci.plugins.configfiles.folder.FolderConfigFileProperty
4203:             3             48  org.jenkinsci.plugins.docker.workflow.AbstractEndpointStepExecution2$Expander
4204:             3             48  org.jenkinsci.plugins.github.admin.RequireAdminRights$Processor
4205:             1             48  org.jenkinsci.plugins.github_branch_source.BranchDiscoveryTrait$BranchSCMHeadAuthority$DescriptorImpl
4206:             1             48  org.jenkinsci.plugins.github_branch_source.ForkPullRequestDiscoveryTrait$TrustContributors$DescriptorImpl
4207:             1             48  org.jenkinsci.plugins.github_branch_source.ForkPullRequestDiscoveryTrait$TrustEveryone$DescriptorImpl
4208:             1             48  org.jenkinsci.plugins.github_branch_source.ForkPullRequestDiscoveryTrait$TrustNobody$DescriptorImpl
4209:             1             48  org.jenkinsci.plugins.github_branch_source.ForkPullRequestDiscoveryTrait$TrustPermission$DescriptorImpl
4210:             1             48  org.jenkinsci.plugins.github_branch_source.OriginPullRequestDiscoveryTrait$OriginChangeRequestSCMHeadAuthority$DescriptorImpl
4211:             1             48  org.jenkinsci.plugins.github_branch_source.TagDiscoveryTrait$TagSCMHeadAuthority$DescriptorImpl
4212:             1             48  org.jenkinsci.plugins.pipeline.milestone.MilestoneStep$DescriptorImpl
4213:             1             48  org.jenkinsci.plugins.pipeline.modeldefinition.model.Options$__clinit__closure1
4214:             1             48  org.jenkinsci.plugins.pipeline.modeldefinition.model.Options$__clinit__closure2
4215:             1             48  org.jenkinsci.plugins.pipeline.modeldefinition.model.StageConditionals$__clinit__closure1
4216:             1             48  org.jenkinsci.plugins.pipeline.modeldefinition.model.StageConditionals$__clinit__closure2
4217:             3             48  org.jenkinsci.plugins.schedulebuild.ScheduleBuildButtonColumn
4218:             1             48  org.jenkinsci.plugins.scriptsecurity.sandbox.whitelists.GenericWhitelist
4219:             1             48  org.jenkinsci.plugins.scriptsecurity.sandbox.whitelists.JenkinsWhitelist
4220:             1             48  org.jenkinsci.plugins.scriptsecurity.scripts.ScriptApproval$ApprovedWhitelist
4221:             2             48  org.jenkinsci.plugins.ssegateway.sse.AsynchEventDispatcher$1
4222:             2             48  org.jenkinsci.plugins.ssegateway.sse.SSEChannel$Event
4223:             1             48  org.jenkinsci.plugins.stashNotifier.StashNotifier$DescriptorImpl
4224:             1             48  org.jenkinsci.plugins.workflow.cps.CpsBodyInvoker
4225:             2             48  org.jenkinsci.plugins.workflow.cps.CpsStepContext$3
4226:             2             48  org.jenkinsci.plugins.workflow.cps.replay.ReplayCause
4227:             2             48  org.jenkinsci.plugins.workflow.cps.replay.ReplayFlowFactoryAction
4228:             2             48  org.jenkinsci.plugins.workflow.cps.steps.ParallelStep
4229:             2             48  org.jenkinsci.plugins.workflow.cps.steps.ParallelStepExecution
4230:             2             48  org.jenkinsci.plugins.workflow.job.WorkflowRun$StopState
4231:             2             48  org.jenkinsci.plugins.workflow.pipelinegraphanalysis.StatusAndTiming$StatusApiVersion
4232:             2             48  org.jenkinsci.plugins.workflow.steps.PushdStep$Execution
4233:             3             48  org.jenkinsci.remoting.Role
4234:             1             48  org.jenkinsci.remoting.protocol.ProtocolStack
4235:             1             48  org.jenkinsci.remoting.protocol.impl.SSLEngineFilterLayer
4236:             2             48  org.jfrog.build.extractor.clientConfiguration.util.EditPropertiesHelper$EditPropertiesActionType
4237:             1             48  org.jfrog.hudson.ArtifactoryBuilder$DescriptorImpl
4238:             1             48  org.jfrog.hudson.generic.ArtifactoryGenericConfigurator$DescriptorImpl
4239:             2             48  org.jfrog.hudson.generic.GenericArtifactsDeployer$FilesDeployerCallable$PatternType
4240:             1             48  org.jfrog.hudson.gradle.ArtifactoryGradleConfigurator$DescriptorImpl
4241:             1             48  org.jfrog.hudson.ivy.ArtifactoryIvyConfigurator$DescriptorImpl
4242:             1             48  org.jfrog.hudson.ivy.ArtifactoryIvyFreeStyleConfigurator$DescriptorImpl
4243:             1             48  org.jfrog.hudson.maven3.ArtifactoryMaven3Configurator$DescriptorImpl
4244:             1             48  org.jfrog.hudson.maven3.ArtifactoryMaven3NativeConfigurator$DescriptorImpl
4245:             1             48  org.jfrog.hudson.release.maven.MavenReleaseWrapper$DescriptorImpl
4246:             3             48  org.jfrog.hudson.util.JenkinsBuildInfoLog
4247:             1             48  org.joda.time.format.DateTimeFormatter
4248:             3             48  org.kohsuke.stapler.MetaClass$7
4249:             2             48  org.kohsuke.stapler.ResponseImpl$OutputMode
4250:             2             48  org.kohsuke.stapler.bind.BoundObjectTable$Table
4251:             1             48  org.kohsuke.stapler.framework.adjunct.AdjunctManager
4252:             2             48  org.kohsuke.stapler.interceptor.Stage
4253:             2             48  org.owasp.html.HtmlPolicyBuilder$AttributeBuilder$1
4254:             2             48  org.owasp.html.HtmlPolicyBuilder$AttributeBuilder$2
4255:             2             48  org.owasp.html.HtmlPolicyBuilder$RelsOnLinksPolicy
4256:             2             48  org.parboiled.support.Characters
4257:             3             48  org.springframework.beans.factory.support.CglibSubclassingInstantiationStrategy
4258:             3             48  org.springframework.beans.factory.support.SimpleAutowireCandidateResolver
4259:             3             48  org.springframework.beans.support.ResourceEditorRegistrar
4260:             3             48  org.springframework.context.support.ApplicationContextAwareProcessor
4261:             3             48  org.springframework.core.task.SyncTaskExecutor
4262:             3             48  org.springframework.util.AntPathMatcher
4263:             3             48  org.springframework.web.context.request.RequestScope
4264:             2             48  org.yaml.snakeyaml.DumperOptions$NonPrintableStyle
4265:             2             48  sun.awt.MostRecentKeyValue
4266:             2             48  sun.management.ManagementFactoryHelper$1
4267:             2             48  sun.misc.JarIndex
4268:             2             48  sun.misc.NativeSignalHandler
4269:             1             48  sun.net.www.http.KeepAliveCache
4270:             3             48  sun.nio.ch.Util$3
4271:             2             48  sun.nio.cs.ext.EUC_KR
4272:             2             48  sun.nio.cs.ext.JIS_X_0208_MS5022X
4273:             2             48  sun.nio.cs.ext.JIS_X_0212_MS5022X
4274:             1             48  sun.nio.fs.UnixMountEntry
4275:             2             48  sun.security.jca.ProviderList
4276:             2             48  sun.security.jca.ProviderList$3
4277:             2             48  sun.security.ssl.SSLAlgorithmConstraints
4278:             3             48  sun.security.ssl.SSLAlgorithmDecomposer
4279:             2             48  sun.security.ssl.SunX509KeyManagerImpl
4280:             3             48  sun.security.util.AlgorithmDecomposer
4281:             2             48  sun.security.util.DisabledAlgorithmConstraints$UsageConstraint
4282:             2             48  sun.security.util.DisabledAlgorithmConstraints$jdkCAConstraint
4283:             2             48  sun.security.validator.EndEntityChecker
4284:             3             48  sun.text.normalizer.CharTrie$FriendAgent
4285:             1             48  sun.text.normalizer.IntTrie
4286:             3             48  sun.text.normalizer.NormalizerBase$QuickCheckResult
4287:             3             48  sun.text.normalizer.VersionInfo
4288:             1             48  sun.text.resources.FormatData
4289:             1             48  sun.text.resources.en.FormatData_en
4290:             2             48  sun.util.locale.LocaleExtensions
4291:             2             48  sun.util.logging.PlatformLogger
4292:             2             48  sun.util.logging.PlatformLogger$JavaLoggerProxy
4293:             2             48  sun.util.resources.LocaleData$1
4294:             2             48  sun.util.resources.ParallelListResourceBundle$KeySet
4295:             1             48  winstone.HostConfiguration
4296:             2             48  winstone.cmdline.Option$OClass
4297:             1             40  [Lcom.allot.devops.eaas.Machine;
4298:             1             40  [Lcom.fasterxml.jackson.annotation.JsonAutoDetect$Visibility;
4299:             1             40  [Lcom.fasterxml.jackson.annotation.Nulls;
4300:             1             40  [Lcom.fasterxml.jackson.core.JsonEncoding;
4301:             1             40  [Lcom.fasterxml.jackson.core.JsonParser$NumberType;
4302:             1             40  [Lcom.github.benmanes.caffeine.cache.RemovalCause;
4303:             1             40  [Lcom.google.common.base.CaseFormat;
4304:             1             40  [Lcom.google.common.cache.RemovalCause;
4305:             1             40  [Lcom.google.gson.FieldNamingPolicy;
4306:             1             40  [Lcom.google.gson.FieldNamingPolicy;
4307:             2             40  [Lcom.google.inject.internal.asm.$Type;
4308:             2             40  [Lcom.sun.jmx.mbeanserver.ClassLoaderRepositorySupport$LoaderEntry;
4309:             1             40  [Lcom.sun.org.apache.xerces.internal.util.Status;
4310:             1             40  [Lcom.trilead.ssh2.crypto.digest.MessageMac$Hmac;
4311:             1             40  [Lhudson.plugins.ansicolor.AnsiHtmlOutputStream$State;
4312:             1             40  [Lhudson.tasks.junit.CaseResult$Status;
4313:             1             40  [Lio.jenkins.blueocean.events.PipelineEventChannel$Event;
4314:             1             40  [Lio.jenkins.blueocean.rest.model.BlueRun$BlueRunState;
4315:             1             40  [Lio.jenkins.plugins.casc.model.Scalar$Format;
4316:             1             40  [Ljava.lang.management.MemoryPoolMXBean;
4317:             1             40  [Ljava.time.format.SignStyle;
4318:             1             40  [Ljava.time.format.TextStyle;
4319:             2             40  [Ljava.time.zone.ZoneOffsetTransitionRule;
4320:             1             40  [Ljava.util.stream.StreamOpFlag;
4321:             1             40  [Ljavax.net.ssl.SSLEngineResult$HandshakeStatus;
4322:             1             40  [Ljavax.servlet.DispatcherType;
4323:             1             40  [Ljenkins.install.InstallState;
4324:             1             40  [Ljenkins.scm.api.SCMFile$Type;
4325:             1             40  [Lnet.i2p.crypto.eddsa.math.GroupElement$Representation;
4326:             1             40  [Lnet.sourceforge.pmd.RulePriority;
4327:             1             40  [Lokhttp3.HttpUrl$Builder$ParseResult;
4328:             1             40  [Lokhttp3.TlsVersion;
4329:             1             40  [Lokhttp3.TlsVersion;
4330:             1             40  [Lokhttp3.TlsVersion;
4331:             1             40  [Lokio.ByteString;
4332:             1             40  [Lokio.ByteString;
4333:             2             40  [Lorg.apache.http.HttpResponseInterceptor;
4334:             1             40  [Lorg.apache.http.auth.AuthProtocolState;
4335:             1             40  [Lorg.apache.http.auth.AuthProtocolState;
4336:             1             40  [Lorg.eclipse.jetty.http.HttpGenerator$State;
4337:             1             40  [Lorg.eclipse.jetty.http.HttpParser$FieldState;
4338:             1             40  [Lorg.eclipse.jetty.http.HttpTokens$EndOfContent;
4339:             1             40  [Lorg.eclipse.jetty.http.pathmap.PathSpecGroup;
4340:             1             40  [Lorg.eclipse.jetty.io.AbstractEndPoint$State;
4341:             1             40  [Lorg.eclipse.jetty.server.HttpChannelState$InputState;
4342:             1             40  [Lorg.eclipse.jetty.server.HttpChannelState$State;
4343:             1             40  [Lorg.eclipse.jetty.server.HttpOutput$ApiState;
4344:             1             40  [Lorg.eclipse.jetty.servlet.ListenerHolder;
4345:             1             40  [Lorg.eclipse.jgit.internal.storage.pack.PackExt;
4346:             1             40  [Lorg.eclipse.jgit.lib.Ref$Storage;
4347:             1             40  [Lorg.h2.engine.Session$State;
4348:             1             40  [Lorg.h2.store.FileLockMethod;
4349:             1             40  [Lorg.jenkinsci.plugins.pipeline.utility.steps.shaded.org.yaml.snakeyaml.DumperOptions$ScalarStyle;
4350:             1             40  [Lorg.jenkinsci.plugins.ssegateway.sse.SSEChannel$EventProps;
4351:             1             40  [Lorg.jenkinsci.plugins.workflow.cps.CpsFlowExecution$TimingKind;
4352:             1             40  [Lorg.jenkinsci.plugins.workflow.graphanalysis.ForkScanner$NodeType;
4353:             1             40  [Lorg.kohsuke.stapler.export.Flavor;
4354:             1             40  [Lorg.kohsuke.stapler.export.NamedPathPruner$Token;
4355:             1             40  [Lorg.owasp.html.HtmlElementTables$TextContentModelBit;
4356:             1             40  [Lorg.owasp.html.HtmlTextEscapingMode;
4357:             1             40  [Lorg.owasp.html.HtmlTextEscapingMode;
4358:             1             40  [Lorg.yaml.snakeyaml.DumperOptions$ScalarStyle;
4359:             1             40  [Lsun.security.jca.ServiceId;
4360:             1             40  [Lsun.security.ssl.SignatureAndHashAlgorithm$SignatureAlgorithm;
4361:             1             40  [Lsun.security.util.DisabledAlgorithmConstraints$Constraint$Operator;
4362:             1             40  [Lsun.util.locale.provider.LocaleProviderAdapter$Type;
4363:             1             40  [[Ljava.lang.invoke.LambdaForm$Name;
4364:             1             40  [[[Lsun.awt.FontDescriptor;
4365:             1             40  [[[S
4366:             1             40  biz.neustar.jenkins.plugins.packer.PackerInstallation$DescriptorImpl
4367:             1             40  biz.neustar.jenkins.plugins.packer.PackerPublisher$DescriptorImpl
4368:             1             40  com.allot.devops.eaas.EaasManager
4369:             1             40  com.atlassian.bitbucket.jenkins.internal.config.BitbucketPluginConfiguration
4370:             1             40  com.atlassian.bitbucket.jenkins.internal.config.BitbucketServerConfiguration$DescriptorImpl
4371:             1             40  com.atlassian.bitbucket.jenkins.internal.config.BitbucketTokenCredentialsImpl$DescriptorImpl
4372:             1             40  com.atlassian.bitbucket.jenkins.internal.jenkins.oauth.consumer.OAuthConsumerEntry$OAuthConsumerEntryDescriptor
4373:             1             40  com.atlassian.bitbucket.jenkins.internal.trigger.BitbucketWebhookMultibranchTrigger$DescriptorImpl
4374:             1             40  com.cloudbees.hudson.plugins.folder.computed.ThrottleComputationQueueTaskDispatcher$TimestamppedWeakReference
4375:             1             40  com.cloudbees.hudson.plugins.folder.config.AbstractFolderConfiguration
4376:             1             40  com.cloudbees.hudson.plugins.folder.properties.AuthorizationMatrixProperty
4377:             1             40  com.cloudbees.jenkins.plugins.BitBucketTrigger$DescriptorImpl
4378:             1             40  com.cloudbees.jenkins.plugins.awscredentials.AWSCredentialsImpl$DescriptorImpl
4379:             1             40  com.cloudbees.jenkins.plugins.bitbucket.BitbucketSCMNavigator$DescriptorImpl
4380:             1             40  com.cloudbees.jenkins.plugins.bitbucket.BitbucketSCMSource$DescriptorImpl
4381:             1             40  com.cloudbees.jenkins.plugins.bitbucket.avatars.AvatarCache
4382:             1             40  com.cloudbees.jenkins.plugins.bitbucket.endpoints.BitbucketEndpointConfiguration
4383:             1             40  com.cloudbees.jenkins.plugins.bitbucket.server.client.BitbucketServerAPIClient
4384:             1             40  com.cloudbees.jenkins.plugins.sshcredentials.impl.BasicSSHUserPrivateKey$DescriptorImpl
4385:             1             40  com.cloudbees.plugins.credentials.impl.CertificateCredentialsImpl$DescriptorImpl
4386:             1             40  com.cloudbees.plugins.credentials.impl.UsernamePasswordCredentialsImpl$DescriptorImpl
4387:             1             40  com.cloudbees.syslog.SyslogMessage$1
4388:             1             40  com.cloudbees.syslog.SyslogMessage$1
4389:             1             40  com.datapipe.jenkins.vault.configuration.GlobalVaultConfiguration
4390:             1             40  com.datapipe.jenkins.vault.credentials.VaultAppRoleCredential$DescriptorImpl
4391:             1             40  com.datapipe.jenkins.vault.credentials.VaultGCPCredential$DescriptorImpl
4392:             1             40  com.datapipe.jenkins.vault.credentials.VaultGithubTokenCredential$DescriptorImpl
4393:             1             40  com.datapipe.jenkins.vault.credentials.VaultKubernetesCredential$DescriptorImpl
4394:             1             40  com.datapipe.jenkins.vault.credentials.VaultTokenCredential$DescriptorImpl
4395:             1             40  com.datapipe.jenkins.vault.credentials.VaultTokenFileCredential$DescriptorImpl
4396:             1             40  com.datapipe.jenkins.vault.credentials.common.VaultSSHUserPrivateKeyImpl$DescriptorImpl
4397:             1             40  com.datapipe.jenkins.vault.credentials.common.VaultStringCredentialImpl$DescriptorImpl
4398:             1             40  com.datapipe.jenkins.vault.credentials.common.VaultUsernamePasswordCredentialImpl$DescriptorImpl
4399:             1             40  com.datapipe.jenkins.vault.jcasc.secrets.VaultSecretSource
4400:             1             40  com.fasterxml.jackson.annotation.JsonFormat$Value
4401:             1             40  com.fasterxml.jackson.core.util.DefaultPrettyPrinter
4402:             1             40  com.fasterxml.jackson.databind.deser.std.StringArrayDeserializer
4403:             1             40  com.google.common.collect.EmptyImmutableListMultimap
4404:             1             40  com.google.gson.internal.Excluder
4405:             1             40  com.google.gson.internal.Excluder
4406:             1             40  com.microsoft.jenkins.azurecommons.telemetry.AppInsightsGlobalConfig
4407:             1             40  com.microsoft.jenkins.azurecommons.telemetry.AppInsightsPageDecorator
4408:             1             40  com.microsoft.jenkins.kubernetes.credentials.KubeconfigCredentials$DescriptorImpl
4409:             1             40  com.sonyericsson.rebuild.RebuildDescriptor
4410:             1             40  com.sun.beans.finder.MethodFinder$1
4411:             1             40  com.sun.jmx.interceptor.DefaultMBeanServerInterceptor
4412:             1             40  com.sun.jmx.mbeanserver.JmxMBeanServer
4413:             1             40  com.sun.jmx.mbeanserver.MBeanServerDelegateImpl
4414:             1             40  com.sun.jna.Library$Handler$FunctionInfo
4415:             1             40  com.sun.jndi.toolkit.dir.HierMemDirCtx
4416:             1             40  com.sun.org.apache.xml.internal.serializer.CharInfo
4417:             1             40  com.thoughtworks.xstream.io.StreamException
4418:             1             40  com.tikal.jenkins.plugins.multijob.PhaseJobsConfig$DescriptorImpl
4419:             1             40  com.trilead.ssh2.signature.ECDSAKeyAlgorithm$ECDSASha2Nistp256
4420:             1             40  com.trilead.ssh2.signature.ECDSAKeyAlgorithm$ECDSASha2Nistp384
4421:             1             40  com.trilead.ssh2.signature.ECDSAKeyAlgorithm$ECDSASha2Nistp521
4422:             1             40  com.zaxxer.hikari.util.ConcurrentBag
4423:             1             40  htmlpublisher.HtmlPublisherTarget$HTMLBuildAction
4424:             1             40  htmlpublisher.workflow.PublishHTMLStep$DescriptorImpl
4425:             1             40  hudson.diagnosis.HudsonHomeDiskUsageChecker
4426:             1             40  hudson.ivy.IvyConfig$1
4427:             1             40  hudson.ivy.IvyModuleSet$DescriptorImpl
4428:             1             40  hudson.markup.MyspacePolicy$2
4429:             1             40  hudson.model.JDK$DescriptorImpl
4430:             1             40  hudson.model.LoadStatistics$LoadStatisticsUpdater
4431:             1             40  hudson.model.Queue$MaintainTask
4432:             1             40  hudson.model.UpdateCenter
4433:             1             40  hudson.model.UpdateSite$Data
4434:             1             40  hudson.model.UpdateSite$Entry
4435:             1             40  hudson.plugins.ansicolor.AnsiColorBuildWrapper$DescriptorImpl
4436:             1             40  hudson.plugins.build_timeout.operations.BuildStepOperation$DescriptorImpl
4437:             1             40  hudson.plugins.copyartifact.LastCompletedBuildSelector$DescriptorImpl
4438:             1             40  hudson.plugins.copyartifact.ParameterizedBuildSelector$DescriptorImpl
4439:             1             40  hudson.plugins.copyartifact.SavedBuildSelector$DescriptorImpl
4440:             1             40  hudson.plugins.copyartifact.SimpleBuildSelectorDescriptor
4441:             1             40  hudson.plugins.copyartifact.SpecificBuildSelector$DescriptorImpl
4442:             1             40  hudson.plugins.copyartifact.StatusBuildSelector$DescriptorImpl
4443:             1             40  hudson.plugins.copyartifact.TriggeredBuildSelector$DescriptorImpl
4444:             1             40  hudson.plugins.copyartifact.WorkspaceSelector$DescriptorImpl
4445:             1             40  hudson.plugins.ec2.EC2Cloud$EC2ConnectionUpdater
4446:             1             40  hudson.plugins.ec2.ebs.ZPoolMonitor
4447:             1             40  hudson.plugins.emailext.EmailExtRecipientStep$DescriptorImpl
4448:             1             40  hudson.plugins.emailext.EmailExtStep$DescriptorImpl
4449:             1             40  hudson.plugins.emailext.GroovyTemplateConfig$GroovyTemplateConfigProvider
4450:             1             40  hudson.plugins.emailext.JellyTemplateConfig$JellyTemplateConfigProvider
4451:             1             40  hudson.plugins.emailext.MailAccount
4452:             1             40  hudson.plugins.emailext.plugins.trigger.AbortedTrigger$DescriptorImpl
4453:             1             40  hudson.plugins.emailext.plugins.trigger.AlwaysTrigger$DescriptorImpl
4454:             1             40  hudson.plugins.emailext.plugins.trigger.BuildingTrigger$DescriptorImpl
4455:             1             40  hudson.plugins.emailext.plugins.trigger.FailureTrigger$DescriptorImpl
4456:             1             40  hudson.plugins.emailext.plugins.trigger.FirstFailureTrigger$DescriptorImpl
4457:             1             40  hudson.plugins.emailext.plugins.trigger.FirstUnstableTrigger$DescriptorImpl
4458:             1             40  hudson.plugins.emailext.plugins.trigger.FixedTrigger$DescriptorImpl
4459:             1             40  hudson.plugins.emailext.plugins.trigger.FixedUnhealthyTrigger$DescriptorImpl
4460:             1             40  hudson.plugins.emailext.plugins.trigger.ImprovementTrigger$DescriptorImpl
4461:             1             40  hudson.plugins.emailext.plugins.trigger.NotBuiltTrigger$DescriptorImpl
4462:             1             40  hudson.plugins.emailext.plugins.trigger.PreBuildScriptTrigger$DescriptorImpl
4463:             1             40  hudson.plugins.emailext.plugins.trigger.PreBuildTrigger$DescriptorImpl
4464:             1             40  hudson.plugins.emailext.plugins.trigger.RegressionTrigger$DescriptorImpl
4465:             1             40  hudson.plugins.emailext.plugins.trigger.ScriptTrigger$DescriptorImpl
4466:             1             40  hudson.plugins.emailext.plugins.trigger.SecondFailureTrigger$DescriptorImpl
4467:             1             40  hudson.plugins.emailext.plugins.trigger.StatusChangedTrigger$DescriptorImpl
4468:             1             40  hudson.plugins.emailext.plugins.trigger.StillFailingTrigger$DescriptorImpl
4469:             1             40  hudson.plugins.emailext.plugins.trigger.StillUnstableTrigger$DescriptorImpl
4470:             1             40  hudson.plugins.emailext.plugins.trigger.SuccessTrigger$DescriptorImpl
4471:             1             40  hudson.plugins.emailext.plugins.trigger.UnstableTrigger$DescriptorImpl
4472:             1             40  hudson.plugins.emailext.plugins.trigger.XNthFailureTrigger$DescriptorImpl
4473:             1             40  hudson.plugins.git.GitTool$DescriptorImpl
4474:             1             40  hudson.plugins.gradle.Gradle$DescriptorImpl
4475:             1             40  hudson.plugins.gradle.GradleInstallation$DescriptorImpl
4476:             1             40  hudson.plugins.jira.JiraGlobalConfiguration
4477:             1             40  hudson.plugins.jira.JiraProjectProperty$DescriptorImpl
4478:             1             40  hudson.plugins.jira.pipeline.CommentStep$DescriptorImpl
4479:             1             40  hudson.plugins.jira.pipeline.IssueSelectorStep$DescriptorImpl
4480:             1             40  hudson.plugins.jira.pipeline.SearchIssuesStep$DescriptorImpl
4481:             1             40  hudson.plugins.jobConfigHistory.HistoryDescr
4482:             1             40  hudson.plugins.mercurial.MercurialInstallation$DescriptorImpl
4483:             1             40  hudson.plugins.mercurial.MercurialSCMSource$DescriptorImpl
4484:             1             40  hudson.plugins.sonar.MsBuildSQRunnerInstallation$DescriptorImpl
4485:             1             40  hudson.plugins.sonar.SonarPublisher$DescriptorImpl
4486:             1             40  hudson.plugins.sonar.SonarRunnerInstallation$DescriptorImpl
4487:             1             40  hudson.scm.NullSCM$DescriptorImpl
4488:             1             40  hudson.scm.listtagsparameter.ListSubversionTagsParameterDefinition$DescriptorImpl
4489:             1             40  hudson.security.csrf.DefaultCrumbIssuer$DescriptorImpl
4490:             1             40  hudson.slaves.NodeProvisioner$NodeProvisionerInvoker
4491:             1             40  hudson.tasks.Ant$AntInstallation$DescriptorImpl
4492:             1             40  hudson.tasks.Ant$DescriptorImpl
4493:             1             40  hudson.tasks.Maven$DescriptorImpl
4494:             1             40  hudson.tasks.Maven$MavenInstallation$DescriptorImpl
4495:             1             40  hudson.tasks.Shell$DescriptorImpl
4496:             1             40  hudson.tools.JDKInstaller$DescriptorImpl
4497:             1             40  hudson.util.DoubleLaunchChecker
4498:             1             40  hudson.util.DoubleLaunchChecker$1
4499:             1             40  hudson.util.FormValidation$1
4500:             1             40  hudson.util.FormValidation$2
4501:             1             40  io.jenkins.plugins.analysis.core.steps.IssuesRecorder$Descriptor
4502:             1             40  io.jenkins.plugins.analysis.core.steps.PublishIssuesStep$Descriptor
4503:             1             40  io.jenkins.plugins.analysis.core.steps.RecordIssuesStep$Descriptor
4504:             1             40  io.jenkins.plugins.analysis.core.steps.ScanForIssuesStep$Descriptor
4505:             1             40  io.jenkins.plugins.analysis.core.util.QualityGate$QualityGateDescriptor
4506:             1             40  io.jenkins.plugins.analysis.warnings.axivion.AxivionSuite$AxivionSuiteToolDescriptor
4507:             1             40  io.jenkins.plugins.analysis.warnings.groovy.GroovyParser$DescriptorImpl
4508:             1             40  io.jenkins.plugins.aws.global_configuration.CredentialsAwsGlobalConfiguration
4509:             1             40  io.jenkins.plugins.casc.CasCGlobalConfig
4510:             1             40  io.keen.client.java.RamEventStore
4511:             1             40  io.snyk.jenkins.credentials.DefaultSnykApiToken$DefaultSnykApiTokenDescriptor
4512:             1             40  io.snyk.jenkins.tools.SnykInstallation$SnykInstallationDescriptor
4513:             1             40  io.snyk.jenkins.workflow.SnykSecurityStep$SnykSecurityStepDescriptor
4514:             1             40  java.beans.WeakIdentityMap$Entry
4515:             1             40  java.io.StringReader
4516:             1             40  java.time.format.DateTimeFormatterBuilder
4517:             1             40  java.time.zone.ZoneRules
4518:             1             40  java.util.ResourceBundle$1
4519:             1             40  javaposse.jobdsl.plugin.DescriptorImpl
4520:             1             40  javaposse.jobdsl.plugin.GlobalJobDslSecurityConfiguration
4521:             1             40  javaposse.jobdsl.plugin.actions.ApiViewerRootAction
4522:             1             40  javax.crypto.CryptoAllPermission
4523:             1             40  javax.imageio.ImageTypeSpecifier$Interleaved
4524:             1             40  jenkins.install.SetupWizard
4525:             1             40  jenkins.management.AdministrativeMonitorsDecorator
4526:             1             40  jenkins.model.ArtifactManagerConfiguration
4527:             1             40  jenkins.model.GlobalBuildDiscarderConfiguration
4528:             1             40  jenkins.model.Jenkins$4
4529:             1             40  jenkins.model.Jenkins$get$4
4530:             1             40  jenkins.mvn.GlobalMavenConfig
4531:             1             40  jenkins.plugins.coverity.CoverityToolInstallation$CoverityToolInstallationDescriptor
4532:             1             40  jenkins.plugins.git.GitStep$DescriptorImpl
4533:             1             40  jenkins.plugins.office365connector.WebhookJobPropertyDescriptor
4534:             1             40  jenkins.scm.impl.SingleSCMNavigator$DescriptorImpl
4535:             1             40  jenkins.scm.impl.SingleSCMSource$DescriptorImpl
4536:             1             40  jenkins.scm.impl.avatars.AvatarCache
4537:             1             40  jenkins.scm.impl.subversion.SubversionSCMSource$DescriptorImpl
4538:             1             40  jenkins.security.QueueItemAuthenticatorConfiguration
4539:             1             40  jenkins.security.ResourceDomainConfiguration
4540:             1             40  jenkins.security.UpdateSiteWarningsConfiguration
4541:             1             40  jenkins.security.apitoken.ApiTokenPropertyConfiguration
4542:             1             40  jenkins.security.s2m.MasterKillSwitchConfiguration
4543:             1             40  jenkins.telemetry.Correlator
4544:             1             40  jp.ikedam.jenkins.plugins.extensible_choice_parameter.ExtensibleChoiceParameterDefinition$DescriptorImpl
4545:             1             40  jp.ikedam.jenkins.plugins.extensible_choice_parameter.GlobalTextareaChoiceListProvider$DescriptorImpl
4546:             1             40  net.oauth.SimpleOAuthValidator
4547:             1             40  net.sourceforge.pmd.properties.EnumeratedProperty
4548:             1             40  net.uaznia.lukanus.hudson.plugins.gitparameter.GitParameterDefinition$DescriptorImpl
4549:             1             40  okhttp3.Dispatcher
4550:             1             40  okhttp3.Dispatcher
4551:             1             40  okhttp3.internal.connection.RealConnectionPool
4552:             1             40  okhttp3.internal.connection.RealConnectionPool
4553:             1             40  org.acegisecurity.BadCredentialsException
4554:             1             40  org.apache.http.config.ConnectionConfig
4555:             1             40  org.apache.http.config.ConnectionConfig
4556:             1             40  org.apache.http.config.SocketConfig
4557:             1             40  org.apache.http.config.SocketConfig
4558:             1             40  org.apache.http.conn.routing.HttpRoute
4559:             1             40  org.apache.http.impl.conn.ManagedHttpClientConnectionFactory
4560:             1             40  org.apache.http.impl.conn.ManagedHttpClientConnectionFactory
4561:             1             40  org.apache.http.pool.AbstractConnPool$1
4562:             1             40  org.apache.ivy.plugins.repository.file.FileRepository
4563:             1             40  org.apache.oro.text.regex.Perl5Compiler
4564:             1             40  org.biouno.unochoice.DynamicReferenceParameter$DescriptorImpl
4565:             1             40  org.bouncycastle.jce.provider.BouncyCastleProviderConfiguration
4566:             1             40  org.codehaus.groovy.ast.stmt.EmptyStatement
4567:             1             40  org.codehaus.groovy.util.ReferenceManager$1
4568:             1             40  org.csanchez.jenkins.plugins.kubernetes.KubernetesClientProvider$UpdateConnectionCount
4569:             1             40  org.csanchez.jenkins.plugins.kubernetes.OpenShiftTokenCredentialImpl$DescriptorImpl
4570:             1             40  org.eclipse.jetty.security.UserStore
4571:             1             40  org.eclipse.jetty.webapp.StandardDescriptorProcessor
4572:             1             40  org.eclipse.jetty.webapp.WebAppContext$Context
4573:             1             40  org.eclipse.jgit.lib.ObjectChecker
4574:             1             40  org.eclipse.jgit.util.SimpleLruCache
4575:             1             40  org.h2.engine.FunctionAlias$JavaMethod
4576:             1             40  org.h2.message.DbException
4577:             1             40  org.h2.store.fs.FileNio
4578:             1             40  org.jenkinsci.bytecode.AdaptField$FactoryImpl$1
4579:             1             40  org.jenkinsci.bytecode.AdaptField$FactoryImpl$GetFieldAdapter
4580:             1             40  org.jenkinsci.main.modules.instance_identity.PageDecoratorImpl
4581:             1             40  org.jenkinsci.main.modules.sshd.PortAdvertiser
4582:             1             40  org.jenkinsci.plugins.ParameterizedRemoteTrigger.RemoteBuildConfiguration$DescriptorImpl
4583:             1             40  org.jenkinsci.plugins.ParameterizedRemoteTrigger.utils.DropCachePeriodicWork
4584:             1             40  org.jenkinsci.plugins.ansible.AnsibleAdHocCommandBuilder$DescriptorImpl
4585:             1             40  org.jenkinsci.plugins.ansible.AnsibleInstallation$DescriptorImpl
4586:             1             40  org.jenkinsci.plugins.ansible.AnsiblePlaybookBuilder$DescriptorImpl
4587:             1             40  org.jenkinsci.plugins.ansible.AnsibleVaultBuilder$DescriptorImpl
4588:             1             40  org.jenkinsci.plugins.ansible.workflow.AnsiblePlaybookStep$DescriptorImpl
4589:             1             40  org.jenkinsci.plugins.ansible.workflow.AnsibleVaultStep$DescriptorImpl
4590:             1             40  org.jenkinsci.plugins.bitbucket.BitbucketBuildStatusNotifier$DescriptorImpl
4591:             1             40  org.jenkinsci.plugins.conditionalbuildstep.singlestep.SingleConditionalBuilder$SingleConditionalBuilderDescriptor
4592:             1             40  org.jenkinsci.plugins.configfiles.GlobalConfigFiles
4593:             1             40  org.jenkinsci.plugins.configfiles.custom.CustomConfig$CustomConfigProvider
4594:             1             40  org.jenkinsci.plugins.configfiles.groovy.GroovyScript$GroovyConfigProvider
4595:             1             40  org.jenkinsci.plugins.configfiles.json.JsonConfig$JsonConfigProvider
4596:             1             40  org.jenkinsci.plugins.configfiles.maven.GlobalMavenSettingsConfig$GlobalMavenSettingsConfigProvider
4597:             1             40  org.jenkinsci.plugins.configfiles.maven.MavenSettingsConfig
4598:             1             40  org.jenkinsci.plugins.configfiles.maven.MavenSettingsConfig$MavenSettingsConfigProvider
4599:             1             40  org.jenkinsci.plugins.configfiles.maven.MavenToolchainsConfig$MavenToolchainsConfigProvider
4600:             1             40  org.jenkinsci.plugins.configfiles.properties.PropertiesConfig$PropertiesConfigProvider
4601:             1             40  org.jenkinsci.plugins.configfiles.xml.XmlConfig$XmlConfigProvider
4602:             1             40  org.jenkinsci.plugins.docker.commons.credentials.DockerServerCredentials$DescriptorImpl
4603:             1             40  org.jenkinsci.plugins.docker.commons.tools.DockerTool$DescriptorImpl
4604:             1             40  org.jenkinsci.plugins.docker.workflow.FromFingerprintStep$DescriptorImpl
4605:             1             40  org.jenkinsci.plugins.docker.workflow.RunFingerprintStep$DescriptorImpl
4606:             1             40  org.jenkinsci.plugins.docker.workflow.WithContainerStep$DescriptorImpl
4607:             1             40  org.jenkinsci.plugins.docker.workflow.declarative.GlobalConfig
4608:             1             40  org.jenkinsci.plugins.envinject.EnvInjectNodeProperty$EnvInjectNodePropertyDescriptor
4609:             1             40  org.jenkinsci.plugins.gitclient.JGitApacheTool$DescriptorImpl
4610:             1             40  org.jenkinsci.plugins.gitclient.JGitTool$DescriptorImpl
4611:             1             40  org.jenkinsci.plugins.github_branch_source.Connector$UnusedConnectionDestroyer
4612:             1             40  org.jenkinsci.plugins.github_branch_source.GitHubAppCredentials$DescriptorImpl
4613:             1             40  org.jenkinsci.plugins.github_branch_source.GitHubConfiguration
4614:             1             40  org.jenkinsci.plugins.github_branch_source.GitHubSCMNavigator$DescriptorImpl
4615:             1             40  org.jenkinsci.plugins.github_branch_source.GitHubSCMSource$DescriptorImpl
4616:             1             40  org.jenkinsci.plugins.kubernetes.credentials.FileSystemServiceAccountCredential$DescriptorImpl
4617:             1             40  org.jenkinsci.plugins.kubernetes.credentials.OpenShiftBearerTokenCredentialImpl$DescriptorImpl
4618:             1             40  org.jenkinsci.plugins.multiplescms.MultiSCM$DescriptorImpl
4619:             1             40  org.jenkinsci.plugins.pipeline.modeldefinition.steps.EnvVarsForToolStep$DescriptorImpl
4620:             1             40  org.jenkinsci.plugins.pipeline.modeldefinition.steps.ScriptStep$DescriptorImpl
4621:             1             40  org.jenkinsci.plugins.pipeline.modeldefinition.steps.ValidateDeclarativePipelineStep$DescriptorImpl
4622:             1             40  org.jenkinsci.plugins.plaincredentials.impl.FileCredentialsImpl$DescriptorImpl
4623:             1             40  org.jenkinsci.plugins.plaincredentials.impl.StringCredentialsImpl$DescriptorImpl
4624:             1             40  org.jenkinsci.plugins.resourcedisposer.AsyncResourceDisposer$Scheduler
4625:             1             40  org.jenkinsci.plugins.schedulebuild.ScheduleBuildGlobalConfiguration
4626:             1             40  org.jenkinsci.plugins.ssegateway.EventHistoryStore$DeleteStaleHistoryTask
4627:             1             40  org.jenkinsci.plugins.ssegateway.SubscriptionConfigQueue$SubscriptionConfig
4628:             1             40  org.jenkinsci.plugins.terraform.TerraformBuildWrapper$DescriptorImpl
4629:             1             40  org.jenkinsci.plugins.terraform.TerraformInstallation$DescriptorImpl
4630:             1             40  org.jenkinsci.plugins.workflow.cps.steps.LoadStep$DescriptorImpl
4631:             1             40  org.jenkinsci.plugins.workflow.flow.GlobalDefaultFlowDurabilityLevel$DescriptorImpl
4632:             1             40  org.jenkinsci.plugins.workflow.libs.GlobalLibraries
4633:             1             40  org.jenkinsci.plugins.workflow.libs.LibraryStep$DescriptorImpl
4634:             1             40  org.jenkinsci.plugins.workflow.libs.ResourceStep$DescriptorImpl
4635:             1             40  org.jenkinsci.plugins.workflow.log.DelayBufferedOutputStream$Tuning
4636:             1             40  org.jenkinsci.plugins.workflow.multibranch.JobPropertyStep$DescriptorImpl
4637:             1             40  org.jenkinsci.plugins.workflow.multibranch.ReadTrustedStep$DescriptorImpl
4638:             1             40  org.jenkinsci.plugins.workflow.multibranch.WorkflowBranchProjectFactory$DescriptorImpl
4639:             1             40  org.jenkinsci.plugins.workflow.multibranch.WorkflowMultiBranchProject$DescriptorImpl
4640:             1             40  org.jenkinsci.plugins.workflow.multibranch.yaml.pipeline.PipelineAsYamlWorkflowBranchProjectFactory$DescriptorImpl
4641:             1             40  org.jenkinsci.plugins.workflow.support.steps.build.BuildTriggerStep$DescriptorImpl
4642:             1             40  org.jenkinsci.plugins.workflow.support.steps.input.InputStep$DescriptorImpl
4643:             1             40  org.jenkinsci.plugins.workflow.vSphereStep$DescriptorImpl
4644:             1             40  org.jenkinsci.remoting.engine.JnlpProtocol4Handler
4645:             1             40  org.jfrog.hudson.ArtifactoryRedeployPublisher$DescriptorImpl
4646:             1             40  org.jfrog.hudson.pipeline.declarative.steps.BuildInfoStep$DescriptorImpl
4647:             1             40  org.jfrog.hudson.pipeline.declarative.steps.CollectIssuesStep$DescriptorImpl
4648:             1             40  org.jfrog.hudson.pipeline.declarative.steps.CreateServerStep$DescriptorImpl
4649:             1             40  org.jfrog.hudson.pipeline.declarative.steps.InteractivePromotionStep$DescriptorImpl
4650:             1             40  org.jfrog.hudson.pipeline.declarative.steps.JfPipelinesStep$DescriptorImpl
4651:             1             40  org.jfrog.hudson.pipeline.declarative.steps.PromoteBuildStep$DescriptorImpl
4652:             1             40  org.jfrog.hudson.pipeline.declarative.steps.PublishBuildInfoStep$DescriptorImpl
4653:             1             40  org.jfrog.hudson.pipeline.declarative.steps.conan.ConanClientStep$DescriptorImpl
4654:             1             40  org.jfrog.hudson.pipeline.declarative.steps.conan.ConanRemoteStep$DescriptorImpl
4655:             1             40  org.jfrog.hudson.pipeline.declarative.steps.conan.ConanRunStep$DescriptorImpl
4656:             1             40  org.jfrog.hudson.pipeline.declarative.steps.docker.DockerPushStep$DescriptorImpl
4657:             1             40  org.jfrog.hudson.pipeline.declarative.steps.generic.DeletePropsStep$DescriptorImpl
4658:             1             40  org.jfrog.hudson.pipeline.declarative.steps.generic.DownloadStep$DescriptorImpl
4659:             1             40  org.jfrog.hudson.pipeline.declarative.steps.generic.SetPropsStep$DescriptorImpl
4660:             1             40  org.jfrog.hudson.pipeline.declarative.steps.generic.UploadStep$DescriptorImpl
4661:             1             40  org.jfrog.hudson.pipeline.declarative.steps.go.GoDeployerStep$DescriptorImpl
4662:             1             40  org.jfrog.hudson.pipeline.declarative.steps.go.GoPublishStep$DescriptorImpl
4663:             1             40  org.jfrog.hudson.pipeline.declarative.steps.go.GoResolverStep$DescriptorImpl
4664:             1             40  org.jfrog.hudson.pipeline.declarative.steps.go.GoRunStep$DescriptorImpl
4665:             1             40  org.jfrog.hudson.pipeline.declarative.steps.gradle.GradleDeployerStep$DescriptorImpl
4666:             1             40  org.jfrog.hudson.pipeline.declarative.steps.gradle.GradleResolverStep$DescriptorImpl
4667:             1             40  org.jfrog.hudson.pipeline.declarative.steps.gradle.GradleStep$DescriptorImpl
4668:             1             40  org.jfrog.hudson.pipeline.declarative.steps.maven.MavenDeployerStep$DescriptorImpl
4669:             1             40  org.jfrog.hudson.pipeline.declarative.steps.maven.MavenResolverStep$DescriptorImpl
4670:             1             40  org.jfrog.hudson.pipeline.declarative.steps.maven.MavenStep$DescriptorImpl
4671:             1             40  org.jfrog.hudson.pipeline.declarative.steps.npm.NpmDeployerStep$DescriptorImpl
4672:             1             40  org.jfrog.hudson.pipeline.declarative.steps.npm.NpmInstallStep$DescriptorImpl
4673:             1             40  org.jfrog.hudson.pipeline.declarative.steps.npm.NpmPublishStep$DescriptorImpl
4674:             1             40  org.jfrog.hudson.pipeline.declarative.steps.npm.NpmResolverStep$DescriptorImpl
4675:             1             40  org.jfrog.hudson.pipeline.declarative.steps.xray.XrayScanStep$DescriptorImpl
4676:             1             40  org.jfrog.hudson.pipeline.scripted.steps.AddInteractivePromotionStep$DescriptorImpl
4677:             1             40  org.jfrog.hudson.pipeline.scripted.steps.ArtifactoryGradleBuild$DescriptorImpl
4678:             1             40  org.jfrog.hudson.pipeline.scripted.steps.ArtifactoryMavenBuild$DescriptorImpl
4679:             1             40  org.jfrog.hudson.pipeline.scripted.steps.CollectEnvStep$DescriptorImpl
4680:             1             40  org.jfrog.hudson.pipeline.scripted.steps.CollectIssuesStep$DescriptorImpl
4681:             1             40  org.jfrog.hudson.pipeline.scripted.steps.CreateArtifactoryServerStep$DescriptorImpl
4682:             1             40  org.jfrog.hudson.pipeline.scripted.steps.CreateBuildInfoStep$DescriptorImpl
4683:             1             40  org.jfrog.hudson.pipeline.scripted.steps.CreateGoBuildStep$DescriptorImpl
4684:             1             40  org.jfrog.hudson.pipeline.scripted.steps.CreateGradleBuildStep$DescriptorImpl
4685:             1             40  org.jfrog.hudson.pipeline.scripted.steps.CreateMavenBuildStep$DescriptorImpl
4686:             1             40  org.jfrog.hudson.pipeline.scripted.steps.CreateNpmBuildStep$DescriptorImpl
4687:             1             40  org.jfrog.hudson.pipeline.scripted.steps.DeployStep$DescriptorImpl
4688:             1             40  org.jfrog.hudson.pipeline.scripted.steps.DistributeBuildStep$DescriptorImpl
4689:             1             40  org.jfrog.hudson.pipeline.scripted.steps.DockerPullStep$DescriptorImpl
4690:             1             40  org.jfrog.hudson.pipeline.scripted.steps.DockerPushStep$DescriptorImpl
4691:             1             40  org.jfrog.hudson.pipeline.scripted.steps.DownloadStep$DescriptorImpl
4692:             1             40  org.jfrog.hudson.pipeline.scripted.steps.EditPropsStep$DescriptorImpl
4693:             1             40  org.jfrog.hudson.pipeline.scripted.steps.GetArtifactoryServerStep$DescriptorImpl
4694:             1             40  org.jfrog.hudson.pipeline.scripted.steps.GoPublishStep$DescriptorImpl
4695:             1             40  org.jfrog.hudson.pipeline.scripted.steps.GoRunStep$DescriptorImpl
4696:             1             40  org.jfrog.hudson.pipeline.scripted.steps.MavenDescriptorStep$DescriptorImpl
4697:             1             40  org.jfrog.hudson.pipeline.scripted.steps.NpmInstallStep$DescriptorImpl
4698:             1             40  org.jfrog.hudson.pipeline.scripted.steps.NpmPublishStep$DescriptorImpl
4699:             1             40  org.jfrog.hudson.pipeline.scripted.steps.PromoteBuildStep$DescriptorImpl
4700:             1             40  org.jfrog.hudson.pipeline.scripted.steps.PublishBuildInfoStep$DescriptorImpl
4701:             1             40  org.jfrog.hudson.pipeline.scripted.steps.UploadStep$DescriptorImpl
4702:             1             40  org.jfrog.hudson.pipeline.scripted.steps.XrayScanBuildStep$DescriptorImpl
4703:             1             40  org.jfrog.hudson.pipeline.scripted.steps.conan.AddRemoteStep$DescriptorImpl
4704:             1             40  org.jfrog.hudson.pipeline.scripted.steps.conan.AddUserStep$DescriptorImpl
4705:             1             40  org.jfrog.hudson.pipeline.scripted.steps.conan.InitConanClientStep$DescriptorImpl
4706:             1             40  org.jfrog.hudson.pipeline.scripted.steps.conan.RunCommandStep$DescriptorImpl
4707:             1             40  org.jvnet.hudson.plugins.SSHBuildWrapper$DescriptorImpl
4708:             1             40  org.kohsuke.stapler.MetaClass$6
4709:             1             40  org.kohsuke.stapler.Stapler
4710:             1             40  org.tmatesoft.svn.core.internal.util.SVNHashMap
4711:             1             40  ru.yandex.qatools.allure.jenkins.AllureReportPublisherDescriptor
4712:             1             40  ru.yandex.qatools.allure.jenkins.tools.AllureCommandlineInstallation$DescriptorImpl
4713:             1             40  se.diabol.jenkins.workflow.step.TaskStep$DescriptorImpl
4714:             1             40  sun.awt.resources.awt
4715:             1             40  sun.management.DiagnosticCommandImpl
4716:             1             40  sun.net.idn.StringPrep
4717:             1             40  sun.nio.ch.FileChannelImpl$Unmapper
4718:             1             40  sun.nio.ch.FileLockImpl
4719:             1             40  sun.nio.cs.StandardCharsets$Aliases
4720:             1             40  sun.nio.cs.StandardCharsets$Cache
4721:             1             40  sun.nio.cs.StandardCharsets$Classes
4722:             1             40  sun.nio.cs.ext.ExtendedCharsets
4723:             1             40  sun.security.provider.JavaKeyStore$DualFormatJKS
4724:             1             40  sun.security.ssl.HandshakeHash
4725:             1             40  sun.security.ssl.SSLContextImpl$DefaultSSLContext
4726:             1             40  sun.security.ssl.TrustStoreManager$TrustStoreDescriptor
4727:             1             40  sun.security.x509.NameConstraintsExtension
4728:             1             40  sun.util.logging.resources.logging
4729:             1             40  winstone.Launcher
4730:             1             32  [LResolveMode;
4731:             1             32  [Lcom.cloudbees.groovy.cps.CaseExpression;
4732:             1             32  [Lcom.cloudbees.hudson.plugins.folder.computed.ComputedFolder$Recalculation;
4733:             1             32  [Lcom.cloudbees.hudson.plugins.folder.health.FolderHealthMetric$Type;
4734:             1             32  [Lcom.cloudbees.hudson.plugins.folder.relocate.RelocationHandler$HandlingMode;
4735:             1             32  [Lcom.cloudbees.jenkins.plugins.bitbucket.WebhookRegistration;
4736:             1             32  [Lcom.damnhandy.uri.template.impl.Modifier;
4737:             1             32  [Lcom.damnhandy.uri.template.impl.VarSpec$VarFormat;
4738:             1             32  [Lcom.fasterxml.jackson.core.JsonFactory$Feature;
4739:             2             32  [Lcom.fasterxml.jackson.databind.deser.Deserializers;
4740:             1             32  [Lcom.fasterxml.jackson.databind.util.AccessPattern;
4741:             1             32  [Lcom.google.common.base.Predicates$ObjectPredicate;
4742:             1             32  [Lcom.google.common.cache.LocalCache$Strength;
4743:             1             32  [Lcom.google.common.collect.AbstractIterator$State;
4744:             1             32  [Lcom.google.inject.Stage;
4745:             1             32  [Lcom.google.inject.internal.InjectorImpl$JitLimitation;
4746:             1             32  [Lcom.google.inject.internal.InternalFlags$IncludeStackTraceOption;
4747:             1             32  [Lcom.google.inject.internal.InternalFlags$NullableProvidesOption;
4748:             1             32  [Lcom.google.inject.spi.InjectionPoint$Position;
4749:             1             32  [Lcom.sun.beans.util.Cache$Kind;
4750:             1             32  [Lcom.sun.jndi.ldap.pool.Pool;
4751:             1             32  [Lcom.sun.org.apache.xalan.internal.utils.XMLSecurityManager$NameMap;
4752:             1             32  [Lcom.sun.org.apache.xerces.internal.utils.XMLSecurityManager$NameMap;
4753:             1             32  [Lcom.thoughtworks.xstream.core.util.FastField;
4754:             1             32  [Lgroovy.json.JsonParserType;
4755:             1             32  [Lgroovy.json.internal.CacheType;
4756:             1             32  [Lgroovy.json.internal.FastStringUtils$StringImplementation;
4757:             1             32  [Lhudson.model.MultiStageTimeSeries$TimeScale;
4758:             1             32  [Lhudson.model.Run$State;
4759:             1             32  [Lhudson.remoting.Channel$Mode;
4760:             1             32  [Lhudson.scm.EditType;
4761:             1             32  [Lhudson.scm.PollingResult$Change;
4762:             1             32  [Lhudson.security.SecurityMode;
4763:             1             32  [Lhudson.tasks.BuildStepMonitor;
4764:             1             32  [Lhudson.util.FormValidation$Kind;
4765:             1             32  [Lio.jenkins.blueocean.blueocean_git_pipeline.GitReadSaveService$ReadSaveType;
4766:             1             32  [Lio.jenkins.blueocean.events.BlueMessageEnricher$BlueEventProps;
4767:             1             32  [Lio.jenkins.blueocean.rest.impl.pipeline.FlowNodeWrapper$NodeType;
4768:             1             32  [Lio.jenkins.plugins.casc.ConfigurationContext$Restriction;
4769:             1             32  [Lio.jenkins.plugins.casc.model.CNode$Type;
4770:             1             32  [Lio.jenkins.plugins.checks.api.ChecksStatus;
4771:             1             32  [Lio.jenkins.plugins.coverage.source.SourceFileResolver$SourceFileResolverLevel;
4772:             2             32  [Lio.snyk.jenkins.tools.SnykInstallation;
4773:             1             32  [Ljava.awt.Color;
4774:             1             32  [Ljava.awt.Queue;
4775:             2             32  [Ljava.lang.Enum;
4776:             1             32  [Ljava.lang.OutOfMemoryError;
4777:             1             32  [Ljava.lang.ThreadGroup;
4778:             2             32  [Ljava.lang.Throwable;
4779:             1             32  [Ljava.lang.UNIXProcess$Platform;
4780:             1             32  [Ljava.lang.management.MemoryManagerMXBean;
4781:             1             32  [Ljava.net.Proxy$Type;
4782:             1             32  [Ljava.nio.file.AccessMode;
4783:             1             32  [Ljava.nio.file.FileTreeWalker$EventType;
4784:             1             32  [Ljava.nio.file.StandardCopyOption;
4785:             1             32  [Ljava.text.Normalizer$Form;
4786:             1             32  [Ljava.time.format.DateTimeFormatterBuilder$SettingsParser;
4787:             1             32  [Ljava.time.format.ResolverStyle;
4788:             1             32  [Ljava.time.temporal.IsoFields$Field;
4789:             1             32  [Ljava.time.temporal.TemporalUnit;
4790:             1             32  [Ljava.time.zone.ZoneOffsetTransitionRule$TimeDefinition;
4791:             1             32  [Ljava.util.stream.MatchOps$MatchKind;
4792:             1             32  [Ljava.util.stream.StreamShape;
4793:             1             32  [Ljava.util.zip.Inflater;
4794:             1             32  [Ljavax.net.ssl.SSLEngineResult$Status;
4795:             1             32  [Ljenkins.model.lazy.AbstractLazyLoadRunMap$Direction;
4796:             1             32  [Ljenkins.security.stapler.RoutingDecisionProvider$Decision;
4797:             1             32  [Lnet.sourceforge.pmd.lang.java.rule.bestpractices.AvoidReassigningLoopVariablesRule$ForReassignOption;
4798:             1             32  [Lnet.sourceforge.pmd.lang.java.rule.bestpractices.AvoidReassigningLoopVariablesRule$ForeachReassignOption;
4799:             1             32  [Lnet.sourceforge.pmd.lang.java.rule.documentation.CommentRequiredRule$CommentRequirement;
4800:             1             32  [Lorg.apache.commons.io.IOCase;
4801:             1             32  [Lorg.apache.http.conn.ssl.DefaultHostnameVerifier$HostNameType;
4802:             1             32  [Lorg.apache.http.conn.ssl.DefaultHostnameVerifier$HostNameType;
4803:             1             32  [Lorg.apache.http.conn.util.DomainType;
4804:             1             32  [Lorg.apache.http.conn.util.DomainType;
4805:             1             32  [Lorg.apache.http.impl.cookie.RFC6265CookieSpecProvider$CompatibilityLevel;
4806:             1             32  [Lorg.apache.http.impl.cookie.RFC6265CookieSpecProvider$CompatibilityLevel;
4807:             1             32  [Lorg.apache.sshd.common.NamedFactory;
4808:             1             32  [Lorg.apache.tools.zip.Zip64Mode;
4809:             1             32  [Lorg.bouncycastle.asn1.ASN1ObjectIdentifier;
4810:             1             32  [Lorg.codehaus.groovy.control.customizers.ImportCustomizer$ImportType;
4811:             1             32  [Lorg.codehaus.groovy.util.ReferenceType;
4812:             1             32  [Lorg.eclipse.jetty.http.HttpCookie$SameSite;
4813:             1             32  [Lorg.eclipse.jetty.http.HttpScheme;
4814:             1             32  [Lorg.eclipse.jetty.http.HttpVersion;
4815:             1             32  [Lorg.eclipse.jetty.http.QuotedCSVParser$State;
4816:             1             32  [Lorg.eclipse.jetty.security.UserDataConstraint;
4817:             1             32  [Lorg.eclipse.jetty.server.HttpChannelState$OutputState;
4818:             1             32  [Lorg.eclipse.jetty.server.HttpOutput$State;
4819:             1             32  [Lorg.eclipse.jetty.server.Response$OutputType;
4820:             1             32  [Lorg.eclipse.jetty.server.handler.ContextHandler$Availability;
4821:             1             32  [Lorg.eclipse.jetty.server.session.Session$State;
4822:             1             32  [Lorg.eclipse.jetty.servlet.ErrorPageErrorHandler$PageLookupTechnique;
4823:             1             32  [Lorg.eclipse.jetty.servlet.ServletHolder;
4824:             1             32  [Lorg.eclipse.jetty.servlet.ServletMapping;
4825:             1             32  [Lorg.eclipse.jetty.servlet.Source$Origin;
4826:             1             32  [Lorg.eclipse.jetty.util.IteratingCallback$Action;
4827:             1             32  [Lorg.eclipse.jetty.util.component.ContainerLifeCycle$Managed;
4828:             1             32  [Lorg.eclipse.jetty.util.thread.Invocable$InvocationType;
4829:             1             32  [Lorg.eclipse.jetty.util.thread.strategy.EatWhatYouKill$Mode;
4830:             1             32  [Lorg.eclipse.jetty.util.thread.strategy.EatWhatYouKill$State;
4831:             1             32  [Lorg.eclipse.jetty.webapp.MetaDataComplete;
4832:             1             32  [Lorg.eclipse.jgit.lib.RepositoryCache$Lock;
4833:             1             32  [Lorg.eclipse.jgit.transport.TagOpt;
4834:             1             32  [Lorg.eclipse.jgit.util.FS_POSIX$AtomicFileCreation;
4835:             1             32  [Lorg.h2.command.Parser$NullConstraintType;
4836:             1             32  [Lorg.h2.constraint.Constraint$Type;
4837:             1             32  [Lorg.h2.constraint.ConstraintActionType;
4838:             1             32  [Lorg.h2.engine.Mode$UniqueIndexNullsHandling;
4839:             1             32  [Lorg.h2.mvstore.MVMap$Decision;
4840:             1             32  [Lorg.jenkinsci.plugins.ansible.AnsibleCommand;
4841:             1             32  [Lorg.jenkinsci.plugins.gitclient.MergeCommand$GitPluginFastForwardMode;
4842:             1             32  [Lorg.jenkinsci.plugins.pipeline.utility.steps.shaded.org.yaml.snakeyaml.DumperOptions$FlowStyle;
4843:             1             32  [Lorg.jenkinsci.plugins.pipeline.utility.steps.shaded.org.yaml.snakeyaml.DumperOptions$LineBreak;
4844:             1             32  [Lorg.jenkinsci.plugins.pipeline.utility.steps.shaded.org.yaml.snakeyaml.introspector.BeanAccess;
4845:             1             32  [Lorg.jenkinsci.plugins.workflow.actions.QueueItemAction$QueueState;
4846:             1             32  [Lorg.jenkinsci.remoting.engine.JnlpClientDatabase$ValidationResult;
4847:             1             32  [Lorg.jenkinsci.remoting.protocol.impl.SSLEngineFilterLayer$State;
4848:             1             32  [Lorg.jvnet.hudson.ProcMemInfo$Suffix;
4849:             1             32  [Lorg.owasp.html.HtmlLexer$State;
4850:             1             32  [Lorg.owasp.html.HtmlLexer$State;
4851:             1             32  [Lorg.yaml.snakeyaml.DumperOptions$FlowStyle;
4852:             1             32  [Lorg.yaml.snakeyaml.DumperOptions$LineBreak;
4853:             1             32  [Lorg.yaml.snakeyaml.introspector.BeanAccess;
4854:             1             32  [Lsun.awt.AppContext$State;
4855:             1             32  [Lsun.java2d.StateTrackable$State;
4856:             1             32  [Lsun.misc.FormattedFloatingDecimal$Form;
4857:             1             32  [Lsun.net.www.protocol.http.HttpURLConnection$TunnelState;
4858:             1             32  [Lsun.security.provider.NativePRNG$Variant;
4859:             1             32  [Lsun.security.ssl.CipherSuite$CipherType;
4860:             1             32  [Lsun.security.ssl.CipherSuite$PRF;
4861:             1             32  [Lsun.text.normalizer.NormalizerBase$Mode;
4862:             2             32  antlr.collections.impl.BitSet
4863:             1             32  au.com.centrumsystems.hudson.plugin.buildpipeline.BuildPipelineView$DescriptorImpl
4864:             1             32  au.com.centrumsystems.hudson.plugin.buildpipeline.DownstreamProjectGridBuilder$DescriptorImpl
4865:             1             32  au.com.centrumsystems.hudson.plugin.buildpipeline.extension.BuildVariablesHeader$DescriptorImpl
4866:             1             32  au.com.centrumsystems.hudson.plugin.buildpipeline.extension.FilteredVariablesHeader$DescriptorImpl
4867:             1             32  au.com.centrumsystems.hudson.plugin.buildpipeline.extension.FilteredVariablesHeader$FilteredVariable$DescriptorImpl
4868:             1             32  au.com.centrumsystems.hudson.plugin.buildpipeline.extension.NullColumnHeader$DescriptorImpl
4869:             1             32  au.com.centrumsystems.hudson.plugin.buildpipeline.extension.ParametersActionHeader$DescriptorImpl
4870:             1             32  au.com.centrumsystems.hudson.plugin.buildpipeline.extension.SimpleColumnHeader$DescriptorImpl
4871:             1             32  au.com.centrumsystems.hudson.plugin.buildpipeline.extension.SimpleRowHeader$DescriptorImpl
4872:             1             32  au.com.centrumsystems.hudson.plugin.buildpipeline.extension.StandardBuildCard$DescriptorImpl
4873:             1             32  au.com.centrumsystems.hudson.plugin.buildpipeline.trigger.BuildPipelineTrigger$DescriptorImpl
4874:             1             32  biz.neustar.jenkins.plugins.packer.PackerFileEntry$DescriptorImpl
4875:             1             32  biz.neustar.jenkins.plugins.packer.PackerInstaller$DescriptorImpl
4876:             1             32  com.allot.automation.Suite
4877:             2             32  com.atlassian.bitbucket.jenkins.internal.applink.oauth.RandomizerImpl
4878:             1             32  com.atlassian.bitbucket.jenkins.internal.applink.oauth.serviceprovider.auth.OAuth1aRequestFilter
4879:             1             32  com.atlassian.bitbucket.jenkins.internal.applink.oauth.serviceprovider.rest.AccessTokenRestEndpoint
4880:             1             32  com.atlassian.bitbucket.jenkins.internal.applink.oauth.serviceprovider.rest.RequestTokenRestEndpoint
4881:             1             32  com.atlassian.bitbucket.jenkins.internal.config.BitbucketServerConfiguration
4882:             2             32  com.atlassian.bitbucket.jenkins.internal.config.BitbucketServerConfiguration$DescriptorImpl$$FastClassByGuice$$f631ec80
4883:             1             32  com.atlassian.bitbucket.jenkins.internal.config.BitbucketTokenCredentialsImpl
4884:             1             32  com.atlassian.bitbucket.jenkins.internal.jenkins.oauth.consumer.OAuthConsumerCreateAction$DescriptorImpl
4885:             1             32  com.atlassian.bitbucket.jenkins.internal.jenkins.oauth.consumer.OAuthGlobalConfiguration
4886:             1             32  com.atlassian.bitbucket.jenkins.internal.jenkins.oauth.token.DisplayAccessToken$DescriptorImpl
4887:             2             32  com.atlassian.bitbucket.jenkins.internal.scm.BitbucketSCM$DescriptorImpl$$FastClassByGuice$$51329e7
4888:             2             32  com.atlassian.bitbucket.jenkins.internal.scm.BitbucketSCMStep$DescriptorImpl$$FastClassByGuice$$3cca9f7b
4889:             1             32  com.atlassian.bitbucket.jenkins.internal.status.BuildStatusPoster
4890:             2             32  com.atlassian.bitbucket.jenkins.internal.trigger.BitbucketWebhookTriggerImpl$BitbucketWebhookTriggerDescriptor$$FastClassByGuice$$45d83db0
4891:             1             32  com.atlassian.bitbucket.jenkins.internal.trigger.RetryingWebhookHandler
4892:             1             32  com.bluersw.CheckboxParameterDefinition$DescriptorImpl
4893:             1             32  com.cloudbees.groovy.cps.impl.CollectionLiteralBlock$ContinuationImpl
4894:             1             32  com.cloudbees.groovy.cps.impl.MethodPointerBlock
4895:             1             32  com.cloudbees.groovy.cps.impl.ReferenceStackTrace
4896:             2             32  com.cloudbees.groovy.cps.impl.SuperBlock
4897:             1             32  com.cloudbees.groovy.cps.impl.SwitchBlock
4898:             1             32  com.cloudbees.hudson.plugins.folder.Folder$DescriptorImpl
4899:             1             32  com.cloudbees.hudson.plugins.folder.computed.DefaultOrphanedItemStrategy$DescriptorImpl
4900:             1             32  com.cloudbees.hudson.plugins.folder.computed.PeriodicFolderTrigger$DescriptorImpl
4901:             1             32  com.cloudbees.hudson.plugins.folder.health.WorstChildHealthMetric$DescriptorImpl
4902:             1             32  com.cloudbees.hudson.plugins.folder.icons.StockFolderIcon$DescriptorImpl
4903:             1             32  com.cloudbees.hudson.plugins.folder.properties.AuthorizationMatrixProperty$DescriptorImpl
4904:             1             32  com.cloudbees.hudson.plugins.folder.properties.FolderCredentialsProvider
4905:             2             32  com.cloudbees.hudson.plugins.folder.properties.FolderCredentialsProvider$FolderCredentialsProperty$CredentialsStoreActionImpl
4906:             1             32  com.cloudbees.hudson.plugins.folder.properties.FolderCredentialsProvider$FolderCredentialsProperty$DescriptorImpl
4907:             1             32  com.cloudbees.jenkins.GitHubCommitNotifier$DescriptorImpl
4908:             1             32  com.cloudbees.jenkins.GitHubSetCommitStatusBuilder$Descriptor
4909:             1             32  com.cloudbees.jenkins.plugins.awscredentials.AmazonWebServicesCredentialsBinding$DescriptorImpl
4910:             2             32  com.cloudbees.jenkins.plugins.bitbucket.BranchDiscoveryTrait
4911:             1             32  com.cloudbees.jenkins.plugins.bitbucket.BranchDiscoveryTrait$DescriptorImpl
4912:             1             32  com.cloudbees.jenkins.plugins.bitbucket.ForkPullRequestDiscoveryTrait$DescriptorImpl
4913:             2             32  com.cloudbees.jenkins.plugins.bitbucket.ForkPullRequestDiscoveryTrait$TrustTeamForks
4914:             2             32  com.cloudbees.jenkins.plugins.bitbucket.OriginPullRequestDiscoveryTrait
4915:             1             32  com.cloudbees.jenkins.plugins.bitbucket.OriginPullRequestDiscoveryTrait$DescriptorImpl
4916:             1             32  com.cloudbees.jenkins.plugins.bitbucket.PublicRepoPullRequestFilterTrait$DescriptorImpl
4917:             1             32  com.cloudbees.jenkins.plugins.bitbucket.SSHCheckoutTrait$DescriptorImpl
4918:             1             32  com.cloudbees.jenkins.plugins.bitbucket.TagDiscoveryTrait$DescriptorImpl
4919:             1             32  com.cloudbees.jenkins.plugins.bitbucket.WebhookConfigurationTrait$DescriptorImpl
4920:             1             32  com.cloudbees.jenkins.plugins.bitbucket.WebhookRegistrationTrait$DescriptorImpl
4921:             1             32  com.cloudbees.jenkins.plugins.bitbucket.endpoints.BitbucketCloudEndpoint$DescriptorImpl
4922:             1             32  com.cloudbees.jenkins.plugins.bitbucket.endpoints.BitbucketServerEndpoint$DescriptorImpl
4923:             1             32  com.cloudbees.jenkins.plugins.sshcredentials.impl.BasicSSHUserPrivateKey$DirectEntryPrivateKeySource$DescriptorImpl
4924:             1             32  com.cloudbees.plugins.credentials.CredentialsParameterDefinition$DescriptorImpl
4925:             1             32  com.cloudbees.plugins.credentials.CredentialsProvider$1
4926:             1             32  com.cloudbees.plugins.credentials.CredentialsProviderFilter$Excludes$DescriptorImpl
4927:             1             32  com.cloudbees.plugins.credentials.CredentialsProviderFilter$Includes$DescriptorImpl
4928:             1             32  com.cloudbees.plugins.credentials.CredentialsProviderFilter$None$DescriptorImpl
4929:             1             32  com.cloudbees.plugins.credentials.CredentialsProviderManager
4930:             1             32  com.cloudbees.plugins.credentials.CredentialsProviderManager$Configuration
4931:             1             32  com.cloudbees.plugins.credentials.CredentialsProviderTypeRestriction$Excludes$DescriptorImpl
4932:             1             32  com.cloudbees.plugins.credentials.CredentialsProviderTypeRestriction$Includes$DescriptorImpl
4933:             1             32  com.cloudbees.plugins.credentials.CredentialsSelectHelper
4934:             1             32  com.cloudbees.plugins.credentials.CredentialsStoreAction$CredentialsWrapper$DescriptorImpl
4935:             1             32  com.cloudbees.plugins.credentials.CredentialsStoreAction$DomainWrapper$DescriptorImpl
4936:             1             32  com.cloudbees.plugins.credentials.CredentialsTypeFilter$Excludes$DescriptorImpl
4937:             1             32  com.cloudbees.plugins.credentials.CredentialsTypeFilter$Includes$DescriptorImpl
4938:             1             32  com.cloudbees.plugins.credentials.CredentialsTypeFilter$None$DescriptorImpl
4939:             1             32  com.cloudbees.plugins.credentials.GlobalCredentialsConfiguration$DescriptorImpl
4940:             1             32  com.cloudbees.plugins.credentials.SystemCredentialsProvider$DescriptorImpl
4941:             1             32  com.cloudbees.plugins.credentials.SystemCredentialsProvider$ProviderImpl
4942:             1             32  com.cloudbees.plugins.credentials.UserCredentialsProvider
4943:             1             32  com.cloudbees.plugins.credentials.UserCredentialsProvider$UserCredentialsProperty$DescriptorImpl
4944:             1             32  com.cloudbees.plugins.credentials.domains.HostnamePortSpecification$DescriptorImpl
4945:             1             32  com.cloudbees.plugins.credentials.domains.HostnameSpecification$DescriptorImpl
4946:             1             32  com.cloudbees.plugins.credentials.domains.PathSpecification$DescriptorImpl
4947:             1             32  com.cloudbees.plugins.credentials.domains.SchemeSpecification$DescriptorImpl
4948:             1             32  com.cloudbees.plugins.credentials.impl.CertificateCredentialsImpl$UploadedKeyStoreSource$DescriptorImpl
4949:             2             32  com.cloudbees.plugins.credentials.matchers.AnyOfMatcher
4950:             2             32  com.cloudbees.workflow.flownode.FlowNodeUtil$CacheExtension
4951:             1             32  com.coravy.hudson.plugins.github.GithubProjectProperty$DescriptorImpl
4952:             1             32  com.datapipe.jenkins.vault.VaultBuildWrapper$DescriptorImpl
4953:             1             32  com.datapipe.jenkins.vault.configuration.FolderVaultConfiguration$DescriptorImpl
4954:             1             32  com.datapipe.jenkins.vault.configuration.VaultConfiguration$DescriptorImpl
4955:             1             32  com.datapipe.jenkins.vault.credentials.VaultTokenCredentialBinding$DescriptorImpl
4956:             1             32  com.datapipe.jenkins.vault.credentials.common.VaultSSHUserPrivateKeyBinding$DescriptorImpl
4957:             1             32  com.datapipe.jenkins.vault.credentials.common.VaultStringCredentialBinding$DescriptorImpl
4958:             1             32  com.datapipe.jenkins.vault.credentials.common.VaultUsernamePasswordCredentialBinding$DescriptorImpl
4959:             1             32  com.datapipe.jenkins.vault.model.VaultSecret$DescriptorImpl
4960:             1             32  com.datapipe.jenkins.vault.model.VaultSecretValue$DescriptorImpl
4961:             2             32  com.fasterxml.jackson.core.io.JsonStringEncoder
4962:             1             32  com.fasterxml.jackson.databind.cfg.DeserializerFactoryConfig
4963:             1             32  com.fasterxml.jackson.databind.deser.impl.PropertyBasedCreator
4964:             1             32  com.fasterxml.jackson.databind.deser.std.DateDeserializers$DateDeserializer
4965:             1             32  com.fasterxml.jackson.databind.introspect.VisibilityChecker$Std
4966:             2             32  com.fasterxml.jackson.databind.node.BooleanNode
4967:             2             32  com.fasterxml.jackson.databind.node.JsonNodeFactory
4968:             1             32  com.fasterxml.jackson.databind.ser.impl.PropertySerializerMap$Double
4969:             2             32  com.fasterxml.jackson.databind.ser.impl.PropertySerializerMap$Empty
4970:             1             32  com.fasterxml.jackson.databind.ser.impl.StringArraySerializer
4971:             1             32  com.fasterxml.jackson.databind.ser.std.CalendarSerializer
4972:             1             32  com.fasterxml.jackson.databind.ser.std.DateSerializer
4973:             1             32  com.fasterxml.jackson.databind.ser.std.NumberSerializers$FloatSerializer
4974:             1             32  com.fasterxml.jackson.databind.ser.std.NumberSerializers$IntLikeSerializer
4975:             1             32  com.fasterxml.jackson.databind.ser.std.NumberSerializers$ShortSerializer
4976:             1             32  com.fasterxml.jackson.databind.type.TypeFactory
4977:             1             32  com.fasterxml.jackson.databind.util.EnumValues
4978:             2             32  com.github.benmanes.caffeine.cache.LocalLoadingCache$$Lambda$327/1505117245
4979:             1             32  com.github.benmanes.caffeine.cache.References$WeakValueReference
4980:             2             32  com.google.common.cache.LocalCache$KeySet
4981:             1             32  com.google.common.collect.Iterators$12
4982:             1             32  com.google.common.collect.RegularImmutableMap$KeySet
4983:             2             32  com.google.common.eventbus.AnnotatedHandlerFinder
4984:             2             32  com.google.common.eventbus.EventBus$1
4985:             2             32  com.google.common.eventbus.EventBus$4
4986:             1             32  com.google.common.util.concurrent.ExecutionError
4987:             1             32  com.google.common.util.concurrent.MoreExecutors$SameThreadExecutorService
4988:             1             32  com.google.gson.internal.bind.ReflectiveTypeAdapterFactory
4989:             2             32  com.google.inject.internal.Annotations$AnnotationChecker$1
4990:             2             32  com.google.inject.internal.FailableCache$1
4991:             1             32  com.google.inject.internal.Initializer
4992:             1             32  com.google.inject.internal.cglib.core.$ClassNameReader$EarlyExitException
4993:             2             32  com.microsoft.jenkins.azurecommons.telemetry.JenkinsTelemetryClient
4994:             1             32  com.microsoft.jenkins.kubernetes.KubernetesDeploy$DescriptorImpl
4995:             1             32  com.microsoft.jenkins.kubernetes.KubernetesDeployContext$DescriptorImpl
4996:             1             32  com.microsoft.jenkins.kubernetes.credentials.ConfigFileCredentials$DescriptorImpl
4997:             1             32  com.microsoft.jenkins.kubernetes.credentials.KubeconfigCredentials$DirectEntryKubeconfigSource$DescriptorImpl
4998:             1             32  com.microsoft.jenkins.kubernetes.credentials.KubeconfigCredentials$FileOnKubernetesMasterKubeconfigSource$DescriptorImpl
4999:             1             32  com.microsoft.jenkins.kubernetes.credentials.KubeconfigCredentials$FileOnMasterKubeconfigSource$DescriptorImpl
5000:             1             32  com.microsoft.jenkins.kubernetes.credentials.KubeconfigCredentialsBinding$DescriptorImpl
5001:             1             32  com.microsoft.jenkins.kubernetes.credentials.KubeconfigFileCredentialsBinding$DescriptorImpl
5002:             1             32  com.microsoft.jenkins.kubernetes.credentials.SSHCredentials$DescriptorImpl
5003:             1             32  com.microsoft.jenkins.kubernetes.credentials.TextCredentials$DescriptorImpl
5004:             1             32  com.sonyericsson.rebuild.RebuildSettings$DescriptorImpl
5005:             2             32  com.sun.beans.WeakCache
5006:             1             32  com.sun.beans.finder.BeanInfoFinder
5007:             1             32  com.sun.jmx.mbeanserver.Repository
5008:             1             32  com.sun.jna.Library$Handler
5009:             1             32  com.sun.jndi.ldap.BerDecoder
5010:             1             32  com.sun.org.apache.xerces.internal.impl.XMLEntityScanner$1
5011:             2             32  com.sun.org.apache.xerces.internal.impl.dv.dtd.ENTITYDatatypeValidator
5012:             1             32  com.sun.org.apache.xml.internal.utils.XMLReaderManager
5013:             2             32  com.sun.proxy.$Proxy2
5014:             2             32  com.sun.proxy.$Proxy31
5015:             2             32  com.sun.proxy.$Proxy32
5016:             2             32  com.sun.proxy.$Proxy56
5017:             2             32  com.sun.proxy.$Proxy57
5018:             2             32  com.sun.proxy.$Proxy58
5019:             2             32  com.sun.proxy.$Proxy65
5020:             2             32  com.thoughtworks.xstream.core.MapBackedDataHolder
5021:             2             32  com.thoughtworks.xstream.core.util.Base64Encoder
5022:             1             32  com.thoughtworks.xstream.mapper.ImplicitCollectionMapper$ImplicitCollectionMapperForClass
5023:             1             32  com.tikal.jenkins.plugins.multijob.FileBuildParameters$DescriptorImpl
5024:             1             32  com.tikal.jenkins.plugins.multijob.MultiJobBuilder$DescriptorImpl
5025:             1             32  com.tikal.jenkins.plugins.multijob.MultiJobProject$DescriptorImpl
5026:             1             32  com.tikal.jenkins.plugins.multijob.PredefinedBuildParameters$DescriptorImpl
5027:             1             32  com.tikal.jenkins.plugins.multijob.views.ConsoleColumn$DescriptorImpl
5028:             1             32  com.tikal.jenkins.plugins.multijob.views.JobColumn$DescriptorImpl
5029:             1             32  com.tikal.jenkins.plugins.multijob.views.LastDurationColumn$DescriptorImpl
5030:             1             32  com.tikal.jenkins.plugins.multijob.views.LastFailureColumn$DescriptorImpl
5031:             1             32  com.tikal.jenkins.plugins.multijob.views.LastSuccessColumn$DescriptorImpl
5032:             1             32  com.tikal.jenkins.plugins.multijob.views.MultiJobView$DescriptorImpl
5033:             1             32  com.tikal.jenkins.plugins.multijob.views.StatusColumn$DescriptorImpl
5034:             1             32  com.tikal.jenkins.plugins.multijob.views.WeatherColumn$DescriptorImpl
5035:             1             32  com.trilead.ssh2.signature.DSAKeyAlgorithm
5036:             1             32  com.trilead.ssh2.signature.ED25519KeyAlgorithm
5037:             1             32  com.trilead.ssh2.signature.RSAKeyAlgorithm
5038:             1             32  com.zaxxer.hikari.pool.ProxyLeakTask$1
5039:             1             32  de.taimos.pipeline.aws.AWSIdentityStep$DescriptorImpl
5040:             1             32  de.taimos.pipeline.aws.CFInvalidateStep$DescriptorImpl
5041:             1             32  de.taimos.pipeline.aws.DeployAPIStep$DescriptorImpl
5042:             1             32  de.taimos.pipeline.aws.EC2ShareAmiStep$DescriptorImpl
5043:             1             32  de.taimos.pipeline.aws.ECRLoginStep$DescriptorImpl
5044:             1             32  de.taimos.pipeline.aws.InvokeLambdaStep$DescriptorImpl
5045:             1             32  de.taimos.pipeline.aws.LambdaVersionCleanupStep$DescriptorImpl
5046:             1             32  de.taimos.pipeline.aws.ListAWSAccountsStep$DescriptorImpl
5047:             1             32  de.taimos.pipeline.aws.S3CopyStep$DescriptorImpl
5048:             1             32  de.taimos.pipeline.aws.S3DeleteStep$DescriptorImpl
5049:             1             32  de.taimos.pipeline.aws.S3DoesObjectExistStep$DescriptorImpl
5050:             1             32  de.taimos.pipeline.aws.S3DownloadStep$DescriptorImpl
5051:             1             32  de.taimos.pipeline.aws.S3FindFilesStep$DescriptorImpl
5052:             1             32  de.taimos.pipeline.aws.S3PresignUrlStep$DescriptorImpl
5053:             1             32  de.taimos.pipeline.aws.S3UploadStep$DescriptorImpl
5054:             1             32  de.taimos.pipeline.aws.SNSPublishStep$DescriptorImpl
5055:             1             32  de.taimos.pipeline.aws.SetAccountAliasStep$DescriptorImpl
5056:             1             32  de.taimos.pipeline.aws.UpdateIdP$DescriptorImpl
5057:             1             32  de.taimos.pipeline.aws.UpdateTrustPolicy$DescriptorImpl
5058:             1             32  de.taimos.pipeline.aws.WaitDeployStep$DescriptorImpl
5059:             1             32  de.taimos.pipeline.aws.WithAWSStep$DescriptorImpl
5060:             1             32  de.taimos.pipeline.aws.cloudformation.CFNCreateChangeSetStep$DescriptorImpl
5061:             1             32  de.taimos.pipeline.aws.cloudformation.CFNDeleteStep$DescriptorImpl
5062:             1             32  de.taimos.pipeline.aws.cloudformation.CFNDescribeStep$DescriptorImpl
5063:             1             32  de.taimos.pipeline.aws.cloudformation.CFNExecuteChangeSetStep$DescriptorImpl
5064:             1             32  de.taimos.pipeline.aws.cloudformation.CFNExportsStep$DescriptorImpl
5065:             1             32  de.taimos.pipeline.aws.cloudformation.CFNUpdateStep$DescriptorImpl
5066:             1             32  de.taimos.pipeline.aws.cloudformation.CFNValidateStep$DescriptorImpl
5067:             1             32  de.taimos.pipeline.aws.cloudformation.stacksets.CFNDeleteStackSetStep$DescriptorImpl
5068:             1             32  de.taimos.pipeline.aws.cloudformation.stacksets.CFNUpdateStackSetStep$DescriptorImpl
5069:             1             32  de.taimos.pipeline.aws.ecr.ECRDeleteImagesStep$DescriptorImpl
5070:             1             32  de.taimos.pipeline.aws.ecr.ECRListImagesStep$DescriptorImpl
5071:             1             32  de.taimos.pipeline.aws.ecr.ECRSetRepositoryPolicyStep$DescriptorImpl
5072:             1             32  groovy.lang.MetaClassImpl$DummyMetaMethod
5073:             1             32  htmlpublisher.HtmlPublisher$DescriptorImpl
5074:             1             32  htmlpublisher.HtmlPublisherTarget$DescriptorImpl
5075:             1             32  hudson.BulkChange
5076:             1             32  hudson.ExtensionFinder$GuiceFinder
5077:             2             32  hudson.ExtensionFinder$GuiceFinder$FaultTolerantScope
5078:             1             32  hudson.ExtensionFinder$GuiceFinder$SezpozModule
5079:             1             32  hudson.FileSystemProvisioner$Default$DescriptorImpl
5080:             1             32  hudson.ProxyConfiguration$DescriptorImpl
5081:             1             32  hudson.console.ExpandableDetailsNote$DescriptorImpl
5082:             1             32  hudson.console.HyperlinkNote$DescriptorImpl
5083:             1             32  hudson.console.ModelHyperlinkNote$DescriptorImpl
5084:             1             32  hudson.ivy.IvyBuildTrigger$IvyConfiguration$DescriptorImpl
5085:             1             32  hudson.ivy.IvyMessageImpl
5086:             1             32  hudson.ivy.builder.AntIvyBuilderType$DescriptorImpl
5087:             1             32  hudson.markup.EscapedMarkupFormatter$DescriptorImpl
5088:             2             32  hudson.markup.RawHtmlMarkupFormatter
5089:             1             32  hudson.markup.RawHtmlMarkupFormatter$DescriptorImpl
5090:             1             32  hudson.matrix.DefaultAxisDescriptor
5091:             1             32  hudson.matrix.DefaultMatrixExecutionStrategyImpl$DescriptorImpl
5092:             1             32  hudson.matrix.JDKAxis$DescriptorImpl
5093:             1             32  hudson.matrix.LabelAxis$DescriptorImpl
5094:             1             32  hudson.matrix.LabelExpAxis$DescriptorImpl
5095:             1             32  hudson.matrix.MatrixProject$DescriptorImpl
5096:             1             32  hudson.matrix.NoopMatrixConfigurationSorter$DescriptorImpl
5097:             1             32  hudson.matrix.TextAxis$DescriptorImpl
5098:             1             32  hudson.maven.MavenTestDataPublisher$DescriptorImpl
5099:             1             32  hudson.maven.RedeployPublisher$DescriptorImpl
5100:             1             32  hudson.maven.local_repo.DefaultLocalRepositoryLocator$DescriptorImpl
5101:             1             32  hudson.maven.local_repo.PerExecutorLocalRepositoryLocator$DescriptorImpl
5102:             1             32  hudson.maven.local_repo.PerJobLocalRepositoryLocator$DescriptorImpl
5103:             1             32  hudson.maven.reporters.BuildInfoRecorder$DescriptorImpl
5104:             1             32  hudson.maven.reporters.MavenArtifactArchiver$DescriptorImpl
5105:             1             32  hudson.maven.reporters.MavenFingerprinter$DescriptorImpl
5106:             1             32  hudson.maven.reporters.MavenJavadocArchiver$DescriptorImpl
5107:             1             32  hudson.maven.reporters.MavenMailer$DescriptorImpl
5108:             1             32  hudson.maven.reporters.MavenSiteArchiver$DescriptorImpl
5109:             1             32  hudson.maven.reporters.MavenTestJavadocArchiver$DescriptorImpl
5110:             1             32  hudson.maven.reporters.SurefireArchiver$DescriptorImpl
5111:             1             32  hudson.model.AllView$DescriptorImpl
5112:             1             32  hudson.model.BooleanParameterDefinition$DescriptorImpl
5113:             1             32  hudson.model.ChoiceParameterDefinition$DescriptorImpl
5114:             1             32  hudson.model.ComputerSet$DescriptorImpl
5115:             1             32  hudson.model.ExternalJob$DescriptorImpl
5116:             1             32  hudson.model.FileParameterDefinition$DescriptorImpl
5117:             1             32  hudson.model.FingerprintMap
5118:             1             32  hudson.model.FreeStyleProject$DescriptorImpl
5119:             1             32  hudson.model.Items$AllItemsIterable
5120:             1             32  hudson.model.Items$AllItemsIterable$AllItemsIterator
5121:             1             32  hudson.model.ListView$DescriptorImpl
5122:             1             32  hudson.model.MyView$DescriptorImpl
5123:             1             32  hudson.model.MyViewsProperty$DescriptorImpl
5124:             1             32  hudson.model.PaneStatusProperties$DescriptorImpl
5125:             1             32  hudson.model.ParametersDefinitionProperty$DescriptorImpl
5126:             1             32  hudson.model.PasswordParameterDefinition$ParameterDescriptorImpl
5127:             1             32  hudson.model.ProxyView$DescriptorImpl
5128:             1             32  hudson.model.Queue$Snapshot
5129:             1             32  hudson.model.RunParameterDefinition$DescriptorImpl
5130:             1             32  hudson.model.StringParameterDefinition$DescriptorImpl
5131:             1             32  hudson.model.TextParameterDefinition
5132:             1             32  hudson.model.TextParameterDefinition$DescriptorImpl
5133:             1             32  hudson.model.TimeZoneProperty$DescriptorImpl
5134:             1             32  hudson.os.solaris.ZFSProvisioner$DescriptorImpl
5135:             1             32  hudson.os.windows.ManagedWindowsServiceAccount$Administrator$DescriptorImpl
5136:             1             32  hudson.os.windows.ManagedWindowsServiceAccount$AnotherUser$DescriptorImpl
5137:             1             32  hudson.os.windows.ManagedWindowsServiceAccount$LocalSystem$DescriptorImpl
5138:             1             32  hudson.os.windows.ManagedWindowsServiceConnector$DescriptorImpl
5139:             1             32  hudson.os.windows.ManagedWindowsServiceLauncher$AccountInfo$DescriptorImpl
5140:             1             32  hudson.os.windows.ManagedWindowsServiceLauncher$DescriptorImpl
5141:             1             32  hudson.plugins.ansicolor.AnsiColorStep$StepDescriptorImpl
5142:             2             32  hudson.plugins.ansicolor.ColorConsoleAnnotator$Factory
5143:             1             32  hudson.plugins.awsparameterstore.AwsParameterStoreBuildWrapper$DescriptorImpl
5144:             1             32  hudson.plugins.build_timeout.BuildStepWithTimeout$DescriptorImpl
5145:             1             32  hudson.plugins.build_timeout.BuildTimeoutWrapper$DescriptorImpl
5146:             1             32  hudson.plugins.build_timeout.impl.AbsoluteTimeOutStrategy$DescriptorImpl
5147:             1             32  hudson.plugins.build_timeout.impl.DeadlineTimeOutStrategy$DescriptorImpl
5148:             1             32  hudson.plugins.build_timeout.impl.ElasticTimeOutStrategy$DescriptorImpl
5149:             1             32  hudson.plugins.build_timeout.impl.LikelyStuckTimeOutStrategy$DescriptorImpl
5150:             1             32  hudson.plugins.build_timeout.impl.NoActivityTimeOutStrategy$DescriptorImpl
5151:             1             32  hudson.plugins.build_timeout.operations.AbortOperation$DescriptorImpl
5152:             1             32  hudson.plugins.build_timeout.operations.FailOperation$DescriptorImpl
5153:             1             32  hudson.plugins.build_timeout.operations.WriteDescriptionOperation$DescriptorImpl
5154:             1             32  hudson.plugins.copyartifact.BuildSelectorParameter$DescriptorImpl
5155:             1             32  hudson.plugins.copyartifact.CopyArtifact$DescriptorImpl
5156:             1             32  hudson.plugins.copyartifact.CopyArtifactPermissionProperty$DescriptorImpl
5157:             1             32  hudson.plugins.copyartifact.DownstreamBuildSelector$DescriptorImpl
5158:             1             32  hudson.plugins.copyartifact.LastBuildWithArtifactSelector$DescriptorImpl
5159:             1             32  hudson.plugins.copyartifact.PermalinkBuildSelector$DescriptorImpl
5160:             1             32  hudson.plugins.ec2.AmazonEC2Cloud$DescriptorImpl
5161:             1             32  hudson.plugins.ec2.EC2OndemandSlave$DescriptorImpl
5162:             1             32  hudson.plugins.ec2.EC2SpotSlave$DescriptorImpl
5163:             1             32  hudson.plugins.ec2.EC2Step$DescriptorImpl
5164:             1             32  hudson.plugins.ec2.EC2Tag$DescriptorImpl
5165:             1             32  hudson.plugins.ec2.Eucalyptus$DescriptorImpl
5166:             1             32  hudson.plugins.ec2.PluginImpl$DescriptorImpl
5167:             1             32  hudson.plugins.ec2.SlaveTemplate$DescriptorImpl
5168:             1             32  hudson.plugins.ec2.SpotConfiguration$DescriptorImpl
5169:             1             32  hudson.plugins.ec2.UnixData$DescriptorImpl
5170:             1             32  hudson.plugins.ec2.WindowsData$DescriptorImpl
5171:             1             32  hudson.plugins.emailext.GroovyScriptPath$GroovyScriptPathDescriptor
5172:             1             32  hudson.plugins.emailext.MailAccount$MailAccountDescriptor
5173:             1             32  hudson.plugins.emailext.plugins.recipients.BuildUserRecipientProvider$DescriptorImpl
5174:             1             32  hudson.plugins.emailext.plugins.recipients.CulpritsRecipientProvider$DescriptorImpl
5175:             1             32  hudson.plugins.emailext.plugins.recipients.DevelopersRecipientProvider$DescriptorImpl
5176:             1             32  hudson.plugins.emailext.plugins.recipients.FailingTestSuspectsRecipientProvider$DescriptorImpl
5177:             1             32  hudson.plugins.emailext.plugins.recipients.FirstFailingBuildSuspectsRecipientProvider$DescriptorImpl
5178:             1             32  hudson.plugins.emailext.plugins.recipients.ListRecipientProvider$DescriptorImpl
5179:             1             32  hudson.plugins.emailext.plugins.recipients.RequesterRecipientProvider$DescriptorImpl
5180:             1             32  hudson.plugins.emailext.plugins.recipients.UpstreamComitterRecipientProvider$DescriptorImpl
5181:             1             32  hudson.plugins.emailext.watching.EmailExtWatchAction$UserProperty$DescriptorImpl
5182:             1             32  hudson.plugins.emailext.watching.EmailExtWatchJobProperty$DescriptorImpl
5183:             1             32  hudson.plugins.envfile.EnvFileBuildWrapper$DescriptorImpl
5184:             1             32  hudson.plugins.favorite.column.FavoriteColumn$DescriptorImpl
5185:             1             32  hudson.plugins.favorite.filter.FavoriteFilterDescriptor
5186:             1             32  hudson.plugins.favorite.user.FavoriteUserPropertyDescriptor
5187:             1             32  hudson.plugins.git.BranchSpec$DescriptorImpl
5188:             1             32  hudson.plugins.git.ChangelogToBranchOptions$DescriptorImpl
5189:             1             32  hudson.plugins.git.GitBranchSpecifierColumn$DescriptorImpl
5190:             1             32  hudson.plugins.git.GitPublisher$BranchToPush$DescriptorImpl
5191:             1             32  hudson.plugins.git.GitPublisher$DescriptorImpl
5192:             1             32  hudson.plugins.git.GitPublisher$NoteToPush$DescriptorImpl
5193:             1             32  hudson.plugins.git.GitPublisher$TagToPush$DescriptorImpl
5194:             1             32  hudson.plugins.git.GitRevisionBuildParameters$DescriptorImpl
5195:             1             32  hudson.plugins.git.GitStatus
5196:             1             32  hudson.plugins.git.GitTagAction$DescriptorImpl
5197:             1             32  hudson.plugins.git.UserMergeOptions$DescriptorImpl
5198:             1             32  hudson.plugins.git.UserRemoteConfig$DescriptorImpl
5199:             1             32  hudson.plugins.git.browser.AssemblaWeb$AssemblaWebDescriptor
5200:             1             32  hudson.plugins.git.browser.BitbucketWeb$BitbucketWebDescriptor
5201:             1             32  hudson.plugins.git.browser.CGit$CGITDescriptor
5202:             1             32  hudson.plugins.git.browser.FisheyeGitRepositoryBrowser$FisheyeGitRepositoryBrowserDescriptor
5203:             1             32  hudson.plugins.git.browser.GitBlitRepositoryBrowser$ViewGitWebDescriptor
5204:             1             32  hudson.plugins.git.browser.GitLab$GitLabDescriptor
5205:             1             32  hudson.plugins.git.browser.GitList$GitListDescriptor
5206:             1             32  hudson.plugins.git.browser.GitWeb$GitWebDescriptor
5207:             1             32  hudson.plugins.git.browser.GithubWeb$GithubWebDescriptor
5208:             1             32  hudson.plugins.git.browser.Gitiles$ViewGitWebDescriptor
5209:             1             32  hudson.plugins.git.browser.GitoriousWeb$GitoriousWebDescriptor
5210:             1             32  hudson.plugins.git.browser.GogsGit$GogsGitDescriptor
5211:             1             32  hudson.plugins.git.browser.KilnGit$KilnGitDescriptor
5212:             1             32  hudson.plugins.git.browser.Phabricator$PhabricatorDescriptor
5213:             1             32  hudson.plugins.git.browser.RedmineWeb$RedmineWebDescriptor
5214:             1             32  hudson.plugins.git.browser.RhodeCode$RhodeCodeDescriptor
5215:             1             32  hudson.plugins.git.browser.Stash$StashDescriptor
5216:             1             32  hudson.plugins.git.browser.TFS2013GitRepositoryBrowser$TFS2013GitRepositoryBrowserDescriptor
5217:             1             32  hudson.plugins.git.browser.ViewGitWeb$ViewGitWebDescriptor
5218:             1             32  hudson.plugins.git.extensions.impl.AuthorInChangelog$DescriptorImpl
5219:             1             32  hudson.plugins.git.extensions.impl.BuildChooserSetting$DescriptorImpl
5220:             1             32  hudson.plugins.git.extensions.impl.BuildSingleRevisionOnly$DescriptorImpl
5221:             1             32  hudson.plugins.git.extensions.impl.ChangelogToBranch$DescriptorImpl
5222:             1             32  hudson.plugins.git.extensions.impl.CheckoutOption$DescriptorImpl
5223:             1             32  hudson.plugins.git.extensions.impl.CleanBeforeCheckout$DescriptorImpl
5224:             1             32  hudson.plugins.git.extensions.impl.CleanCheckout$DescriptorImpl
5225:             1             32  hudson.plugins.git.extensions.impl.CloneOption$DescriptorImpl
5226:             1             32  hudson.plugins.git.extensions.impl.DisableRemotePoll$DescriptorImpl
5227:             1             32  hudson.plugins.git.extensions.impl.GitLFSPull$DescriptorImpl
5228:             1             32  hudson.plugins.git.extensions.impl.IgnoreNotifyCommit$DescriptorImpl
5229:             1             32  hudson.plugins.git.extensions.impl.LocalBranch$DescriptorImpl
5230:             1             32  hudson.plugins.git.extensions.impl.MessageExclusion$DescriptorImpl
5231:             1             32  hudson.plugins.git.extensions.impl.PathRestriction$DescriptorImpl
5232:             1             32  hudson.plugins.git.extensions.impl.PerBuildTag$DescriptorImpl
5233:             1             32  hudson.plugins.git.extensions.impl.PreBuildMerge$DescriptorImpl
5234:             1             32  hudson.plugins.git.extensions.impl.PruneStaleBranch$DescriptorImpl
5235:             1             32  hudson.plugins.git.extensions.impl.PruneStaleTag$DescriptorImpl
5236:             1             32  hudson.plugins.git.extensions.impl.RelativeTargetDirectory$DescriptorImpl
5237:             1             32  hudson.plugins.git.extensions.impl.ScmName$DescriptorImpl
5238:             1             32  hudson.plugins.git.extensions.impl.SparseCheckoutPath$DescriptorImpl
5239:             1             32  hudson.plugins.git.extensions.impl.SparseCheckoutPaths$DescriptorImpl
5240:             1             32  hudson.plugins.git.extensions.impl.SubmoduleOption$DescriptorImpl
5241:             1             32  hudson.plugins.git.extensions.impl.UserExclusion$DescriptorImpl
5242:             1             32  hudson.plugins.git.extensions.impl.UserIdentity$DescriptorImpl
5243:             1             32  hudson.plugins.git.extensions.impl.WipeWorkspace$DescriptorImpl
5244:             1             32  hudson.plugins.git.util.AncestryBuildChooser$DescriptorImpl
5245:             1             32  hudson.plugins.git.util.DefaultBuildChooser$DescriptorImpl
5246:             1             32  hudson.plugins.git.util.InverseBuildChooser$DescriptorImpl
5247:             1             32  hudson.plugins.gradle.BuildScanBuildWrapper$DescriptorImpl
5248:             1             32  hudson.plugins.gradle.BuildScanColumn$DescriptorImpl
5249:             1             32  hudson.plugins.gradle.BuildScanPublisher$DescriptorImpl
5250:             1             32  hudson.plugins.gradle.GradleInstaller$DescriptorImpl
5251:             1             32  hudson.plugins.gradle.GradleOutcomeNote$DescriptorImpl
5252:             1             32  hudson.plugins.gradle.GradleTaskNote$DescriptorImpl
5253:             1             32  hudson.plugins.gradle.WithGradle$DescriptorImpl
5254:             1             32  hudson.plugins.greenballs.ColorBlindPropertyDescriptor
5255:             1             32  hudson.plugins.greenballs.GreenBallFilter
5256:             1             32  hudson.plugins.jira.JiraCreateIssueNotifier$DescriptorImpl
5257:             1             32  hudson.plugins.jira.JiraCreateReleaseNotes$Descriptor
5258:             1             32  hudson.plugins.jira.JiraEnvironmentVariableBuilder$DescriptorImpl
5259:             1             32  hudson.plugins.jira.JiraFolderProperty$DescriptorImpl
5260:             1             32  hudson.plugins.jira.JiraIssueMigrator$DescriptorImpl
5261:             1             32  hudson.plugins.jira.JiraIssueUpdateBuilder$DescriptorImpl
5262:             1             32  hudson.plugins.jira.JiraIssueUpdater$DescriptorImpl
5263:             1             32  hudson.plugins.jira.JiraReleaseVersionUpdater$DescriptorImpl
5264:             1             32  hudson.plugins.jira.JiraReleaseVersionUpdaterBuilder$DescriptorImpl
5265:             1             32  hudson.plugins.jira.JiraSite$DescriptorImpl
5266:             1             32  hudson.plugins.jira.JiraVersionCreator$DescriptorImpl
5267:             1             32  hudson.plugins.jira.JiraVersionCreatorBuilder$DescriptorImpl
5268:             1             32  hudson.plugins.jira.listissuesparameter.JiraIssueParameterDefinition$DescriptorImpl
5269:             1             32  hudson.plugins.jira.pipeline.IssueFieldUpdateStep$DescriptorImpl
5270:             1             32  hudson.plugins.jira.selector.DefaultIssueSelector$DescriptorImpl
5271:             1             32  hudson.plugins.jira.selector.ExplicitIssueSelector$DescriptorImpl
5272:             1             32  hudson.plugins.jira.selector.JqlIssueSelector$DescriptorImpl
5273:             1             32  hudson.plugins.jira.selector.perforce.P4JobIssueSelector$DescriptorImpl
5274:             1             32  hudson.plugins.jira.versionparameter.JiraVersionParameterDefinition$DescriptorImpl
5275:             1             32  hudson.plugins.jobConfigHistory.FileHistoryDao
5276:             1             32  hudson.plugins.jobConfigHistory.JobLocalConfiguration$DescriptorImpl
5277:             1             32  hudson.plugins.jquery.JQuery
5278:             1             32  hudson.plugins.mercurial.MercurialRevisionColumn$DescriptorImpl
5279:             1             32  hudson.plugins.mercurial.browser.BitBucket$DescriptorImpl
5280:             1             32  hudson.plugins.mercurial.browser.FishEye$DescriptorImpl
5281:             1             32  hudson.plugins.mercurial.browser.GoogleCode$DescriptorImpl
5282:             1             32  hudson.plugins.mercurial.browser.HgWeb$DescriptorImpl
5283:             1             32  hudson.plugins.mercurial.browser.Kallithea$DescriptorImpl
5284:             1             32  hudson.plugins.mercurial.browser.KilnHG$DescriptorImpl
5285:             1             32  hudson.plugins.mercurial.browser.RhodeCode$DescriptorImpl
5286:             1             32  hudson.plugins.mercurial.browser.RhodeCodeLegacy$DescriptorImpl
5287:             1             32  hudson.plugins.mercurial.traits.CleanMercurialSCMSourceTrait$DescriptorImpl
5288:             1             32  hudson.plugins.mercurial.traits.MercurialBrowserSCMSourceTrait$DescriptorImpl
5289:             1             32  hudson.plugins.mercurial.traits.MercurialInstallationSCMSourceTrait$DescriptorImpl
5290:             1             32  hudson.plugins.parameterizedtrigger.BinaryFileParameterFactory$DescriptorImpl
5291:             1             32  hudson.plugins.parameterizedtrigger.BlockableBuildTriggerConfig$DescriptorImpl
5292:             1             32  hudson.plugins.parameterizedtrigger.BlockingBehaviour$DescriptorImpl
5293:             1             32  hudson.plugins.parameterizedtrigger.BooleanParameterConfig$DescriptorImpl
5294:             1             32  hudson.plugins.parameterizedtrigger.BooleanParameters$DescriptorImpl
5295:             1             32  hudson.plugins.parameterizedtrigger.BuildTrigger$DescriptorImpl
5296:             1             32  hudson.plugins.parameterizedtrigger.BuildTriggerConfig$DescriptorImpl
5297:             1             32  hudson.plugins.parameterizedtrigger.CounterBuildParameterFactory$DescriptorImpl
5298:             1             32  hudson.plugins.parameterizedtrigger.CurrentBuildParameters$DescriptorImpl
5299:             1             32  hudson.plugins.parameterizedtrigger.FileBuildParameterFactory$DescriptorImpl
5300:             1             32  hudson.plugins.parameterizedtrigger.FileBuildParameters$DescriptorImpl
5301:             1             32  hudson.plugins.parameterizedtrigger.NodeParameters$DescriptorImpl
5302:             1             32  hudson.plugins.parameterizedtrigger.PredefinedBuildParameters$DescriptorImpl
5303:             1             32  hudson.plugins.parameterizedtrigger.SubversionRevisionBuildParameters$DescriptorImpl
5304:             2             32  hudson.plugins.parameterizedtrigger.TriggerBuilder
5305:             1             32  hudson.plugins.parameterizedtrigger.TriggerBuilder$DescriptorImpl
5306:             1             32  hudson.plugins.parameterizedtrigger.matrix.MatrixSubsetBuildParameters$DescriptorImpl
5307:             1             32  hudson.plugins.powershell.PowerShell$DescriptorImpl
5308:             1             32  hudson.plugins.setenv.SetEnvBuildWrapper$DescriptorImpl
5309:             1             32  hudson.plugins.sloccount.SloccountDescriptor
5310:             1             32  hudson.plugins.sonar.MsBuildSQRunnerBegin$DescriptorImpl
5311:             1             32  hudson.plugins.sonar.MsBuildSQRunnerEnd$DescriptorImpl
5312:             1             32  hudson.plugins.sonar.MsBuildSonarQubeRunnerInstaller$MsBuildScannerInstallerDescriptorImpl
5313:             1             32  hudson.plugins.sonar.SonarBuildWrapper$DescriptorImpl
5314:             1             32  hudson.plugins.sonar.SonarRunnerBuilder$DescriptorImpl
5315:             1             32  hudson.plugins.sonar.SonarRunnerInstaller$SonarRunnerInstallerDescriptorImpl
5316:             1             32  hudson.plugins.sshslaves.SSHConnector$DescriptorImpl
5317:             1             32  hudson.plugins.sshslaves.SSHLauncher$DescriptorImpl
5318:             1             32  hudson.plugins.sshslaves.verifiers.KnownHostsFileKeyVerificationStrategy$KnownHostsFileKeyVerificationStrategyDescriptor
5319:             1             32  hudson.plugins.sshslaves.verifiers.ManuallyProvidedKeyVerificationStrategy$ManuallyProvidedKeyVerificationStrategyDescriptor
5320:             1             32  hudson.plugins.sshslaves.verifiers.ManuallyTrustedKeyVerificationStrategy$ManuallyTrustedKeyVerificationStrategyDescriptor
5321:             1             32  hudson.plugins.sshslaves.verifiers.NonVerifyingKeyVerificationStrategy$NonVerifyingKeyVerificationStrategyDescriptor
5322:             1             32  hudson.plugins.swarm.SwarmLauncher
5323:             1             32  hudson.plugins.swarm.SwarmLauncher$DescriptorImpl
5324:             1             32  hudson.plugins.swarm.SwarmSlave$DescriptorImpl
5325:             1             32  hudson.plugins.timestamper.TimestamperBuildWrapper$DescriptorImpl
5326:             1             32  hudson.plugins.timestamper.pipeline.TimestamperStep$DescriptorImpl
5327:             1             32  hudson.plugins.validating_string_parameter.ValidatingStringParameterDefinition$DescriptorImpl
5328:             1             32  hudson.plugins.ws_cleanup.DisableDeferredWipeoutNodeProperty$NodePropertyDescriptorImpl
5329:             1             32  hudson.plugins.ws_cleanup.Pattern$DescriptorImpl
5330:             1             32  hudson.plugins.ws_cleanup.PreBuildCleanup$DescriptorImpl
5331:             1             32  hudson.plugins.ws_cleanup.WsCleanup$DescriptorImpl
5332:             1             32  hudson.scm.SubversionSCM$AdditionalCredentials$DescriptorImpl
5333:             1             32  hudson.scm.SubversionSCM$ModuleLocation$DescriptorImpl
5334:             1             32  hudson.scm.SubversionTagAction$DescriptorImpl
5335:             1             32  hudson.scm.browsers.Assembla$DescriptorImpl
5336:             1             32  hudson.scm.browsers.CollabNetSVN$DescriptorImpl
5337:             1             32  hudson.scm.browsers.FishEyeSVN$DescriptorImpl
5338:             1             32  hudson.scm.browsers.Phabricator$PhabricatorDescriptor
5339:             1             32  hudson.scm.browsers.SVNWeb$DescriptorImpl
5340:             1             32  hudson.scm.browsers.Sventon$DescriptorImpl
5341:             1             32  hudson.scm.browsers.Sventon2$DescriptorImpl
5342:             1             32  hudson.scm.browsers.ViewSVN$DescriptorImpl
5343:             1             32  hudson.scm.browsers.VisualSVN$DescriptorImpl
5344:             1             32  hudson.scm.browsers.WebSVN$DescriptorImpl
5345:             1             32  hudson.scm.subversion.CheckoutUpdater$DescriptorImpl
5346:             1             32  hudson.scm.subversion.NoopUpdater$DescriptorImpl
5347:             1             32  hudson.scm.subversion.UpdateUpdater$DescriptorImpl
5348:             1             32  hudson.scm.subversion.UpdateWithCleanUpdater$DescriptorImpl
5349:             1             32  hudson.scm.subversion.UpdateWithRevertUpdater$DescriptorImpl
5350:             1             32  hudson.search.UserSearchProperty$DescriptorImpl
5351:             2             32  hudson.security.AccessDeniedHandlerImpl
5352:             1             32  hudson.security.AuthorizationMatrixProperty$DescriptorImpl
5353:             1             32  hudson.security.AuthorizationStrategy$Unsecured$DescriptorImpl
5354:             2             32  hudson.security.ChainedServletFilter
5355:             1             32  hudson.security.FullControlOnceLoggedInAuthorizationStrategy$DescriptorImpl
5356:             1             32  hudson.security.GlobalMatrixAuthorizationStrategy$DescriptorImpl
5357:             1             32  hudson.security.GlobalSecurityConfiguration$DescriptorImpl
5358:             1             32  hudson.security.HudsonPrivateSecurityRealm$DescriptorImpl
5359:             1             32  hudson.security.HudsonPrivateSecurityRealm$Details$DescriptorImpl
5360:             1             32  hudson.security.LDAPSecurityRealm$CacheConfiguration$DescriptorImpl
5361:             1             32  hudson.security.LDAPSecurityRealm$DescriptorImpl
5362:             1             32  hudson.security.LDAPSecurityRealm$EnvironmentProperty$DescriptorImpl
5363:             1             32  hudson.security.LegacyAuthorizationStrategy$DescriptorImpl
5364:             1             32  hudson.security.LegacySecurityRealm$DescriptorImpl
5365:             1             32  hudson.security.PAMSecurityRealm$DescriptorImpl
5366:             1             32  hudson.security.ProjectMatrixAuthorizationStrategy$2
5367:             1             32  hudson.security.SecurityRealm$None$DescriptorImpl
5368:             2             32  hudson.security.UnwrapSecurityExceptionFilter
5369:             1             32  hudson.security.csrf.GlobalCrumbIssuerConfiguration
5370:             1             32  hudson.slaves.CommandConnector$DescriptorImpl
5371:             1             32  hudson.slaves.CommandLauncher$DescriptorImpl
5372:             1             32  hudson.slaves.ComputerRetentionWork$1
5373:             1             32  hudson.slaves.DumbSlave$DescriptorImpl
5374:             1             32  hudson.slaves.EnvironmentVariablesNodeProperty$DescriptorImpl
5375:             1             32  hudson.slaves.JNLPLauncher
5376:             1             32  hudson.slaves.JNLPLauncher$DescriptorImpl
5377:             1             32  hudson.slaves.RetentionStrategy$Always$DescriptorImpl
5378:             1             32  hudson.slaves.RetentionStrategy$Demand$DescriptorImpl
5379:             1             32  hudson.slaves.RetentionStrategy$NoOp$DescriptorImpl
5380:             1             32  hudson.slaves.SimpleScheduledRetentionStrategy$DescriptorImpl
5381:             2             32  hudson.slaves.SlaveComputer$$Lambda$194/922135864
5382:             1             32  hudson.tasks.Ant$AntInstaller$DescriptorImpl
5383:             1             32  hudson.tasks.AntWrapper$DescriptorImpl
5384:             1             32  hudson.tasks.ArtifactArchiver$DescriptorImpl
5385:             1             32  hudson.tasks.BatchFile$DescriptorImpl
5386:             1             32  hudson.tasks.BuildTrigger$DescriptorImpl
5387:             1             32  hudson.tasks.Fingerprinter$DescriptorImpl
5388:             1             32  hudson.tasks.JavadocArchiver$DescriptorImpl
5389:             1             32  hudson.tasks.LogRotator$LRDescriptor
5390:             1             32  hudson.tasks.Mailer$UserProperty$DescriptorImpl
5391:             1             32  hudson.tasks.Maven$MavenInstaller$DescriptorImpl
5392:             1             32  hudson.tasks.SMTPAuthentication$DescriptorImpl
5393:             1             32  hudson.tasks._ant.AntOutcomeNote$DescriptorImpl
5394:             1             32  hudson.tasks._ant.AntTargetNote$DescriptorImpl
5395:             1             32  hudson.tasks._maven.Maven3MojoNote$DescriptorImpl
5396:             1             32  hudson.tasks._maven.MavenErrorNote$DescriptorImpl
5397:             1             32  hudson.tasks._maven.MavenMojoNote$DescriptorImpl
5398:             1             32  hudson.tasks._maven.MavenWarningNote$DescriptorImpl
5399:             1             32  hudson.tasks.junit.JUnitResultArchiver$DescriptorImpl
5400:             1             32  hudson.tasks.junit.pipeline.JUnitResultsStep$DescriptorImpl
5401:             1             32  hudson.tasks.test.AggregatedTestResultPublisher$DescriptorImpl
5402:             1             32  hudson.tools.BatchCommandInstaller$DescriptorImpl
5403:             1             32  hudson.tools.CommandInstaller$DescriptorImpl
5404:             1             32  hudson.tools.InstallSourceProperty$DescriptorImpl
5405:             1             32  hudson.tools.ToolLocationNodeProperty$DescriptorImpl
5406:             1             32  hudson.tools.ZipExtractionInstaller$DescriptorImpl
5407:             1             32  hudson.triggers.SCMTrigger$Runner
5408:             2             32  hudson.triggers.SCMTrigger$SCMAction
5409:             1             32  hudson.triggers.TimerTrigger$DescriptorImpl
5410:             2             32  hudson.util.EnumConverter
5411:             2             32  hudson.util.LRUStringConverter
5412:             2             32  hudson.util.NoClientBindSSLProtocolSocketFactory
5413:             1             32  hudson.util.ProcessTree$1
5414:             2             32  hudson.util.RunList$12
5415:             1             32  hudson.util.SequentialExecutionQueue$QueueEntry
5416:             2             32  hudson.util.VariableResolver$ByMap
5417:             2             32  hudson.util.io.ArchiverFactory$TarArchiverFactory
5418:             1             32  hudson.views.BuildButtonColumn$DescriptorImpl
5419:             1             32  hudson.views.DefaultMyViewsTabBar$DescriptorImpl
5420:             1             32  hudson.views.DefaultViewsTabBar$DescriptorImpl
5421:             1             32  hudson.views.GlobalDefaultViewConfiguration
5422:             1             32  hudson.views.JobColumn$DescriptorImpl
5423:             1             32  hudson.views.LastDurationColumn$DescriptorImpl
5424:             1             32  hudson.views.LastFailureColumn$DescriptorImpl
5425:             1             32  hudson.views.LastStableColumn$DescriptorImpl
5426:             1             32  hudson.views.LastSuccessColumn$DescriptorImpl
5427:             1             32  hudson.views.MyViewsTabBar$GlobalConfigurationImpl
5428:             1             32  hudson.views.StatusColumn$DescriptorImpl
5429:             1             32  hudson.views.ViewsTabBar$GlobalConfigurationImpl
5430:             1             32  hudson.views.WeatherColumn$DescriptorImpl
5431:             1             32  io.github.stephenc.crypto.sscg.internal.bc.jce.provider.BouncyCastleProviderConfiguration
5432:             1             32  io.jenkins.blueocean.autofavorite.user.FavoritingUserProperty$DescriptorImpl
5433:             1             32  io.jenkins.blueocean.events.PipelineEventListener
5434:             1             32  io.jenkins.blueocean.rest.impl.pipeline.credential.BlueOceanCredentialsProvider
5435:             1             32  io.jenkins.blueocean.rest.impl.pipeline.credential.BlueOceanCredentialsProvider$FolderPropertyImpl$DescriptorImpl
5436:             1             32  io.jenkins.blueocean.service.embedded.rest.UserImpl
5437:             1             32  io.jenkins.plugins.analysis.core.columns.IssuesTotalColumn$IssuesTablePortletDescriptor
5438:             1             32  io.jenkins.plugins.analysis.core.filter.ExcludeCategory$DescriptorImpl
5439:             1             32  io.jenkins.plugins.analysis.core.filter.ExcludeFile$DescriptorImpl
5440:             1             32  io.jenkins.plugins.analysis.core.filter.ExcludeMessage$DescriptorImpl
5441:             1             32  io.jenkins.plugins.analysis.core.filter.ExcludeModule$DescriptorImpl
5442:             1             32  io.jenkins.plugins.analysis.core.filter.ExcludePackage$DescriptorImpl
5443:             1             32  io.jenkins.plugins.analysis.core.filter.ExcludeType$DescriptorImpl
5444:             1             32  io.jenkins.plugins.analysis.core.filter.IncludeCategory$DescriptorImpl
5445:             1             32  io.jenkins.plugins.analysis.core.filter.IncludeFile$DescriptorImpl
5446:             1             32  io.jenkins.plugins.analysis.core.filter.IncludeMessage$DescriptorImpl
5447:             1             32  io.jenkins.plugins.analysis.core.filter.IncludeModule$DescriptorImpl
5448:             1             32  io.jenkins.plugins.analysis.core.filter.IncludePackage$DescriptorImpl
5449:             1             32  io.jenkins.plugins.analysis.core.filter.IncludeType$DescriptorImpl
5450:             1             32  io.jenkins.plugins.analysis.core.model.SourceDirectory$DescriptorImpl
5451:             1             32  io.jenkins.plugins.analysis.core.model.ToolSelection$ToolSelectionDescriptor
5452:             1             32  io.jenkins.plugins.analysis.core.steps.ToolProxy$DescriptorImpl
5453:             1             32  io.jenkins.plugins.autocancel.AutocancelBranchBuildsOnPullRequestBuilds$DescriptorImpl
5454:             1             32  io.jenkins.plugins.autocancel.AutocancelConsecutiveBuilds$DescriptorImpl
5455:             1             32  io.jenkins.plugins.aws.global_configuration.AwsManagementLink$DescriptorImpl
5456:             1             32  io.jenkins.plugins.casc.ConfigurationAsCode
5457:             1             32  io.jenkins.plugins.coverage.CoverageColumn$ColumnDescriptor
5458:             1             32  io.jenkins.plugins.coverage.CoveragePublisher$CoveragePublisherDescriptor
5459:             1             32  io.jenkins.plugins.coverage.adapter.IstanbulCoberturaReportAdapter$IstanbulCoberturaReportAdapterDescriptor
5460:             1             32  io.jenkins.plugins.coverage.adapter.JacocoReportAdapter$JacocoReportAdapterDescriptor
5461:             1             32  io.jenkins.plugins.coverage.detector.AntPathReportDetector$AntPathReportDetectorDescriptor
5462:             1             32  io.jenkins.plugins.coverage.source.DefaultSourceFileResolver$DefaultSourceFileResolverDescriptor
5463:             1             32  io.jenkins.plugins.coverage.threshold.Threshold$ThreshHoldDescriptor
5464:             1             32  io.jenkins.plugins.forensics.miner.RepositoryMinerStep$Descriptor
5465:             1             32  io.jenkins.plugins.luxair.ImageTagParameterDefinition$DescriptorImpl
5466:             2             32  io.jenkins.plugins.util.GlobalConfigurationItem$$Lambda$189/372707556
5467:             2             32  io.jenkins.plugins.util.GlobalConfigurationItem$$Lambda$190/1342235648
5468:             1             32  io.snyk.jenkins.credentials.DefaultSnykApiToken
5469:             1             32  io.snyk.jenkins.tools.SnykInstaller$SnykInstallerDescriptor
5470:             1             32  java.awt.color.ICC_ProfileRGB
5471:             1             32  java.awt.font.FontRenderContext
5472:             1             32  java.beans.ThreadGroupContext
5473:             1             32  java.beans.ThreadGroupContext$1
5474:             1             32  java.io.RandomAccessFile
5475:             1             32  java.io.SerializablePermission
5476:             1             32  java.io.UnixFileSystem
5477:             1             32  java.lang.ArithmeticException
5478:             1             32  java.lang.ArrayIndexOutOfBoundsException
5479:             1             32  java.lang.ClassCastException
5480:             1             32  java.lang.NullPointerException
5481:             2             32  java.lang.Shutdown$Lock
5482:             1             32  java.lang.invoke.BoundMethodHandle$Species_I
5483:             1             32  java.lang.reflect.WeakCache
5484:             2             32  java.nio.ByteOrder
5485:             2             32  java.nio.file.attribute.PosixFilePermissions$1
5486:             1             32  java.security.BasicPermissionCollection
5487:             1             32  java.security.KeyStore
5488:             1             32  java.text.DontCareFieldPosition
5489:             2             32  java.time.Clock$SystemClock
5490:             2             32  java.time.format.DateTimeFormatterBuilder$StringLiteralPrinterParser
5491:             2             32  java.util.Comparator$$Lambda$118/830869556
5492:             2             32  java.util.IdentityHashMap$Values
5493:             1             32  java.util.LinkedHashMap$LinkedValueIterator
5494:             1             32  java.util.PriorityQueue
5495:             1             32  java.util.RandomAccessSubList
5496:             2             32  java.util.Timer$1
5497:             1             32  java.util.TreeMap$KeyIterator
5498:             2             32  java.util.concurrent.CountDownLatch
5499:             1             32  java.util.concurrent.DelayQueue
5500:             1             32  java.util.concurrent.SynchronousQueue$TransferQueue$QNode
5501:             1             32  java.util.concurrent.ThreadLocalRandom
5502:             2             32  java.util.concurrent.ThreadPoolExecutor$DiscardPolicy
5503:             1             32  java.util.concurrent.atomic.AtomicIntegerFieldUpdater$AtomicIntegerFieldUpdaterImpl
5504:             1             32  java.util.logging.LogManager$SystemLoggerContext
5505:             2             32  java.util.logging.SimpleFormatter
5506:             1             32  java.util.regex.Pattern$Behind
5507:             1             32  java.util.regex.Pattern$NotBehind
5508:             1             32  javaposse.jobdsl.plugin.casc.FromFileScriptSource$DescriptorImpl
5509:             1             32  javaposse.jobdsl.plugin.casc.FromUrlScriptSource$DescriptorImpl
5510:             1             32  javaposse.jobdsl.plugin.casc.InlineGroovyScriptSource$DescriptorImpl
5511:             1             32  javax.management.MBeanConstructorInfo
5512:             2             32  javax.xml.bind.DatatypeConverterImpl
5513:             2             32  javax.xml.xpath.SecuritySupport
5514:             1             32  jenkins.branch.BranchSource$DescriptorImpl
5515:             1             32  jenkins.branch.BranchStatusColumn$DescriptorImpl
5516:             1             32  jenkins.branch.BuildRetentionBranchProperty$DescriptorImpl
5517:             2             32  jenkins.branch.CustomOrganizationFolderDescriptor$ListenerImpl
5518:             1             32  jenkins.branch.DefaultBranchPropertyStrategy$DescriptorImpl
5519:             1             32  jenkins.branch.DescriptionColumn$DescriptorImpl
5520:             1             32  jenkins.branch.ItemColumn$DescriptorImpl
5521:             2             32  jenkins.branch.MetadataActionFolderIcon
5522:             1             32  jenkins.branch.MetadataActionFolderIcon$DescriptorImpl
5523:             1             32  jenkins.branch.MultiBranchProjectViewHolder
5524:             1             32  jenkins.branch.MultiBranchProjectViewHolder$ViewImpl$ViewDescriptorImpl
5525:             1             32  jenkins.branch.NamedExceptionsBranchPropertyStrategy$DescriptorImpl
5526:             1             32  jenkins.branch.NamedExceptionsBranchPropertyStrategy$Named$DescriptorImpl
5527:             1             32  jenkins.branch.NoTriggerBranchProperty$DescriptorImpl
5528:             1             32  jenkins.branch.NoTriggerOrganizationFolderProperty$DescriptorImpl
5529:             1             32  jenkins.branch.NoTriggerOrganizationFolderProperty$PropertyMigrationImpl
5530:             1             32  jenkins.branch.OrganizationChildHealthMetricsProperty$DescriptorImpl
5531:             1             32  jenkins.branch.OrganizationChildOrphanedItemsProperty$DescriptorImpl
5532:             1             32  jenkins.branch.OrganizationChildOrphanedItemsProperty$Inherit$DescriptorImpl
5533:             1             32  jenkins.branch.OrganizationChildTriggersProperty$DescriptorImpl
5534:             1             32  jenkins.branch.OrganizationFolder$DescriptorImpl
5535:             1             32  jenkins.branch.OrganizationFolderViewHolder
5536:             1             32  jenkins.branch.OrganizationFolderViewHolder$ViewImpl$ViewDescriptorImpl
5537:             1             32  jenkins.branch.OverrideIndexTriggersJobProperty$DescriptorImpl
5538:             1             32  jenkins.branch.PrimaryBranchHealthMetric$DescriptorImpl
5539:             1             32  jenkins.branch.ProjectNameProperty$DescriptorImpl
5540:             1             32  jenkins.branch.RateLimitBranchProperty$DescriptorImpl
5541:             1             32  jenkins.branch.RateLimitBranchProperty$JobPropertyImpl$DescriptorImpl
5542:             1             32  jenkins.branch.UntrustedBranchProperty$DescriptorImpl
5543:             1             32  jenkins.management.AdministrativeMonitorsConfiguration
5544:             1             32  jenkins.model.BuildDiscarderProperty$DescriptorImpl
5545:             1             32  jenkins.model.DefaultSimplePageDecorator
5546:             1             32  jenkins.model.DefaultUserCanonicalIdResolver$1
5547:             1             32  jenkins.model.GlobalNodePropertiesConfiguration
5548:             1             32  jenkins.model.GlobalPluginConfiguration
5549:             1             32  jenkins.model.GlobalProjectNamingStrategyConfiguration
5550:             1             32  jenkins.model.GlobalQuietPeriodConfiguration
5551:             1             32  jenkins.model.GlobalSCMRetryCountConfiguration
5552:             1             32  jenkins.model.IdStrategy$CaseInsensitive$DescriptorImpl
5553:             1             32  jenkins.model.IdStrategy$CaseSensitive$DescriptorImpl
5554:             1             32  jenkins.model.IdStrategy$CaseSensitiveEmailAddress$DescriptorImpl
5555:             1             32  jenkins.model.Jenkins$DescriptorImpl
5556:             1             32  jenkins.model.JobGlobalBuildDiscarderStrategy$DescriptorImpl
5557:             1             32  jenkins.model.MasterBuildConfiguration
5558:             2             32  jenkins.model.ProjectNamingStrategy$DefaultProjectNamingStrategy
5559:             1             32  jenkins.model.ProjectNamingStrategy$DefaultProjectNamingStrategy$DescriptorImpl
5560:             1             32  jenkins.model.ProjectNamingStrategy$PatternProjectNamingStrategy$DescriptorImpl
5561:             1             32  jenkins.model.SimpleGlobalBuildDiscarderStrategy$DescriptorImpl
5562:             1             32  jenkins.mvn.DefaultGlobalSettingsProvider$DescriptorImpl
5563:             1             32  jenkins.mvn.DefaultSettingsProvider$DescriptorImpl
5564:             1             32  jenkins.mvn.FilePathGlobalSettingsProvider$DescriptorImpl
5565:             1             32  jenkins.mvn.FilePathSettingsProvider$DescriptorImpl
5566:             1             32  jenkins.org.apache.commons.validator.routines.UrlValidator
5567:             1             32  jenkins.plugins.coverity.CIMStream$DescriptorImpl
5568:             1             32  jenkins.plugins.coverity.CheckConfig$DescriptorImpl
5569:             1             32  jenkins.plugins.coverity.CoverityBuildStep$CoverityBuildStepDescriptor
5570:             1             32  jenkins.plugins.coverity.CoverityEnvBuildWrapper$DescriptorImpl
5571:             1             32  jenkins.plugins.coverity.CoverityInstallation$DescriptorImpl
5572:             1             32  jenkins.plugins.coverity.CoverityViewResultsDescriptor
5573:             1             32  jenkins.plugins.docker_compose.DockerComposeBuilder$DescriptorImpl
5574:             1             32  jenkins.plugins.docker_compose.ExecuteCommandInsideContainer$DescriptorImpl
5575:             1             32  jenkins.plugins.docker_compose.StartAllServices$DescriptorImpl
5576:             1             32  jenkins.plugins.docker_compose.StartService$DescriptorImpl
5577:             1             32  jenkins.plugins.docker_compose.StopAllServices$DescriptorImpl
5578:             1             32  jenkins.plugins.docker_compose.StopService$DescriptorImpl
5579:             1             32  jenkins.plugins.git.traits.BranchDiscoveryTrait$DescriptorImpl
5580:             1             32  jenkins.plugins.git.traits.DiscoverOtherRefsTrait$DescriptorImpl
5581:             1             32  jenkins.plugins.git.traits.GitBrowserSCMSourceTrait$DescriptorImpl
5582:             1             32  jenkins.plugins.git.traits.GitToolSCMSourceTrait$DescriptorImpl
5583:             1             32  jenkins.plugins.git.traits.IgnoreOnPushNotificationTrait$DescriptorImpl
5584:             1             32  jenkins.plugins.git.traits.RefSpecsSCMSourceTrait$DescriptorImpl
5585:             1             32  jenkins.plugins.git.traits.RefSpecsSCMSourceTrait$RefSpecTemplate$DescriptorImpl
5586:             1             32  jenkins.plugins.git.traits.RemoteNameSCMSourceTrait$DescriptorImpl
5587:             1             32  jenkins.plugins.git.traits.TagDiscoveryTrait$DescriptorImpl
5588:             1             32  jenkins.plugins.logstash.LogstashBuildWrapper$DescriptorImpl
5589:             1             32  jenkins.plugins.logstash.LogstashJobProperty$DescriptorImpl
5590:             1             32  jenkins.plugins.logstash.LogstashNotifier$Descriptor
5591:             1             32  jenkins.plugins.logstash.configuration.ElasticSearch$ElasticSearchDescriptor
5592:             1             32  jenkins.plugins.logstash.configuration.Logstash$Descriptor
5593:             1             32  jenkins.plugins.logstash.configuration.RabbitMq$RabbitMqDescriptor
5594:             1             32  jenkins.plugins.logstash.configuration.Redis$RedisDescriptor
5595:             1             32  jenkins.plugins.logstash.configuration.Syslog$SyslogDescriptor
5596:             1             32  jenkins.plugins.logstash.persistence.SyslogDao
5597:             1             32  jenkins.plugins.logstash.pipeline.LogstashSendStep$DescriptorImpl
5598:             1             32  jenkins.plugins.logstash.pipeline.LogstashStep$DescriptorImpl
5599:             1             32  jenkins.plugins.office365connector.Webhook$DescriptorImpl
5600:             1             32  jenkins.plugins.office365connector.model.FactDefinition$DescriptorImpl
5601:             1             32  jenkins.plugins.office365connector.model.Macro$DescriptorImpl
5602:             1             32  jenkins.plugins.office365connector.workflow.Office365ConnectorSendStep$DescriptorImpl
5603:             1             32  jenkins.plugins.sloccount.steps.SloccountPublisherStep$DescriptorImpl
5604:             1             32  jenkins.scm.DefaultSCMCheckoutStrategyImpl$DescriptorImpl
5605:             2             32  jenkins.scm.api.SCMHeadOrigin$Fork
5606:             1             32  jenkins.scm.impl.subversion.SubversionStep$DescriptorImpl
5607:             1             32  jenkins.scm.impl.trait.RegexSCMHeadFilterTrait$DescriptorImpl
5608:             1             32  jenkins.scm.impl.trait.RegexSCMSourceFilterTrait$DescriptorImpl
5609:             1             32  jenkins.scm.impl.trait.WildcardSCMHeadFilterTrait$DescriptorImpl
5610:             1             32  jenkins.scm.impl.trait.WildcardSCMSourceFilterTrait$DescriptorImpl
5611:             1             32  jenkins.security.ApiTokenProperty$DescriptorImpl
5612:             1             32  jenkins.security.FrameOptionsPageDecorator
5613:             1             32  jenkins.security.LastGrantedAuthoritiesProperty$DescriptorImpl
5614:             1             32  jenkins.security.RekeySecretAdminMonitor
5615:             1             32  jenkins.security.plugins.ldap.FromGroupSearchLDAPGroupMembershipStrategy$DescriptorImpl
5616:             1             32  jenkins.security.plugins.ldap.FromUserRecordLDAPGroupMembershipStrategy$DescriptorImpl
5617:             1             32  jenkins.security.plugins.ldap.LDAPConfiguration$LDAPConfigurationDescriptor
5618:             1             32  jenkins.security.s2m.AdminWhitelistRule
5619:             1             32  jenkins.security.seed.UserSeedProperty$DescriptorImpl
5620:             1             32  jenkins.security.stapler.StaticRoutingDecisionProvider
5621:             1             32  jenkins.slaves.JnlpSlaveAgentProtocol4
5622:             2             32  jenkins.slaves.JnlpSlaveAgentProtocol4$$FastClassByGuice$$b470638c
5623:             1             32  jenkins.slaves.RemotingWorkDirSettings$DescriptorImpl
5624:             1             32  jenkins.triggers.ReverseBuildTrigger$DescriptorImpl
5625:             1             32  jenkins.util.AtmostOneTaskExecutor
5626:             1             32  jenkins.widgets.BuildQueueWidget.index
5627:             1             32  jenkins.widgets.BuildQueueWidget.index
5628:             1             32  jenkins.widgets.BuildQueueWidget.index
5629:             1             32  jenkins.widgets.BuildQueueWidget.index
5630:             1             32  jenkins.widgets.ExecutorsWidget.index
5631:             1             32  jenkins.widgets.ExecutorsWidget.index
5632:             1             32  jp.ikedam.jenkins.plugins.extensible_choice_parameter.FilenameChoiceListProvider$DescriptorImpl
5633:             1             32  jp.ikedam.jenkins.plugins.extensible_choice_parameter.GlobalTextareaChoiceListEntry$DescriptorImpl
5634:             1             32  jp.ikedam.jenkins.plugins.extensible_choice_parameter.SystemGroovyChoiceListProvider$DescriptorImpl
5635:             1             32  jp.ikedam.jenkins.plugins.extensible_choice_parameter.TextareaChoiceListProvider$DescriptorImpl
5636:             1             32  net.i2p.crypto.eddsa.spec.EdDSANamedCurveSpec
5637:             2             32  net.sf.saxon.expr.parser.OptimizerOptions
5638:             1             32  net.sf.saxon.pattern.AnyNodeTest
5639:             1             32  net.sf.saxon.type.AnyItemType
5640:             1             32  net.sf.saxon.type.ErrorType
5641:             1             32  net.sourceforge.pmd.lang.java.rule.bestpractices.JUnitAssertionsShouldIncludeMessageRule$1
5642:             1             32  net.sourceforge.pmd.lang.java.rule.errorprone.ConstructorCallsOverridableMethodRule$NullEvalPackage
5643:             1             32  net.sourceforge.pmd.properties.CharacterProperty
5644:             1             32  net.sourceforge.pmd.properties.FileProperty
5645:             1             32  net.sourceforge.pmd.properties.RegexProperty
5646:             1             32  okhttp3.MediaType
5647:             1             32  okhttp3.RequestBody$2
5648:             1             32  okhttp3.RequestBody$2
5649:             1             32  okhttp3.RequestBody$2
5650:             1             32  okhttp3.ResponseBody$1
5651:             1             32  okhttp3.ResponseBody$1
5652:             1             32  okhttp3.ResponseBody$1
5653:             1             32  okhttp3.internal.platform.JdkWithJettyBootPlatform
5654:             1             32  okio.Timeout$1
5655:             2             32  org.acegisecurity.concurrent.NullConcurrentSessionController
5656:             2             32  org.acegisecurity.providers.dao.AbstractUserDetailsAuthenticationProvider$DefaultPostAuthenticationChecks
5657:             2             32  org.acegisecurity.providers.dao.AbstractUserDetailsAuthenticationProvider$DefaultPreAuthenticationChecks
5658:             2             32  org.acegisecurity.providers.dao.cache.NullUserCache
5659:             2             32  org.apache.commons.collections.map.ListOrderedMap$KeySetView
5660:             1             32  org.apache.commons.jexl.parser.JJTParserState
5661:             1             32  org.apache.commons.jexl.parser.Parser$LookaheadSuccess
5662:             1             32  org.apache.commons.jexl.util.introspection.Introspector
5663:             2             32  org.apache.commons.lang.time.FastDateFormat$TimeZoneNumberRule
5664:             2             32  org.apache.commons.lang3.text.translate.UnicodeUnpairedSurrogateRemover
5665:             2             32  org.apache.commons.text.matcher.AbstractStringMatcher$CharSetMatcher
5666:             1             32  org.apache.http.HttpHost
5667:             1             32  org.apache.http.auth.AuthScope
5668:             1             32  org.apache.http.conn.ssl.SSLConnectionSocketFactory
5669:             1             32  org.apache.http.impl.conn.DefaultHttpClientConnectionOperator
5670:             1             32  org.apache.http.impl.conn.PoolingHttpClientConnectionManager
5671:             1             32  org.apache.http.impl.conn.PoolingHttpClientConnectionManager$ConfigData
5672:             2             32  org.apache.http.impl.cookie.BasicMaxAgeHandler
5673:             1             32  org.apache.http.impl.cookie.DefaultCookieSpecProvider
5674:             1             32  org.apache.http.impl.execchain.RedirectExec
5675:             2             32  org.apache.http.message.BasicHeaderValueParser
5676:             2             32  org.apache.http.message.BasicHeaderValueParser
5677:             2             32  org.apache.http.message.BasicLineFormatter
5678:             2             32  org.apache.http.message.BasicLineFormatter
5679:             2             32  org.apache.http.message.BasicLineParser
5680:             2             32  org.apache.http.message.BasicLineParser
5681:             2             32  org.apache.http.protocol.RequestTargetHost
5682:             2             32  org.apache.http.protocol.RequestUserAgent
5683:             1             32  org.apache.ivy.core.resolve.ResolveEngine
5684:             1             32  org.apache.ivy.osgi.core.OsgiLatestStrategy
5685:             1             32  org.apache.ivy.plugins.conflict.LatestCompatibleConflictManager
5686:             2             32  org.apache.ivy.plugins.latest.LatestRevisionStrategy$ArtifactInfoComparator
5687:             2             32  org.apache.ivy.plugins.latest.LatestRevisionStrategy$MridComparator
5688:             1             32  org.apache.ivy.plugins.lock.CreateFileLockStrategy
5689:             1             32  org.apache.ivy.plugins.lock.NIOFileLockStrategy
5690:             1             32  org.apache.ivy.plugins.namespace.Namespace
5691:             1             32  org.apache.ivy.util.DefaultMessageLogger
5692:             1             32  org.apache.ivy.util.MessageLoggerEngine
5693:             1             32  org.apache.xerces.impl.XMLEntityScanner$1
5694:             2             32  org.apache.xerces.impl.dv.dtd.ENTITYDatatypeValidator
5695:             1             32  org.biouno.unochoice.CascadeChoiceParameter$DescriptImpl
5696:             1             32  org.biouno.unochoice.ChoiceParameter$DescriptImpl
5697:             1             32  org.biouno.unochoice.model.GroovyScript$DescriptorImpl
5698:             2             32  org.bouncycastle.jcajce.provider.asymmetric.dh.KeyFactorySpi
5699:             2             32  org.bouncycastle.jcajce.provider.asymmetric.dstu.KeyFactorySpi
5700:             2             32  org.bouncycastle.jcajce.provider.asymmetric.ecgost.KeyFactorySpi
5701:             2             32  org.bouncycastle.pqc.jcajce.provider.qtesla.QTESLAKeyFactorySpi
5702:             1             32  org.codehaus.groovy.reflection.GroovyClassValuePreJava7$GroovyClassValuePreJava7Map
5703:             1             32  org.codehaus.groovy.runtime.dgmimpl.NumberNumberDiv
5704:             1             32  org.codehaus.groovy.runtime.dgmimpl.NumberNumberMinus
5705:             1             32  org.codehaus.groovy.runtime.dgmimpl.NumberNumberMultiply
5706:             1             32  org.codehaus.groovy.runtime.dgmimpl.NumberNumberPlus
5707:             1             32  org.codehaus.groovy.runtime.dgmimpl.arrays.BooleanArrayGetAtMetaMethod
5708:             1             32  org.codehaus.groovy.runtime.dgmimpl.arrays.BooleanArrayPutAtMetaMethod
5709:             1             32  org.codehaus.groovy.runtime.dgmimpl.arrays.ByteArrayGetAtMetaMethod
5710:             1             32  org.codehaus.groovy.runtime.dgmimpl.arrays.ByteArrayPutAtMetaMethod
5711:             1             32  org.codehaus.groovy.runtime.dgmimpl.arrays.CharacterArrayGetAtMetaMethod
5712:             1             32  org.codehaus.groovy.runtime.dgmimpl.arrays.CharacterArrayPutAtMetaMethod
5713:             1             32  org.codehaus.groovy.runtime.dgmimpl.arrays.DoubleArrayGetAtMetaMethod
5714:             1             32  org.codehaus.groovy.runtime.dgmimpl.arrays.DoubleArrayPutAtMetaMethod
5715:             1             32  org.codehaus.groovy.runtime.dgmimpl.arrays.FloatArrayGetAtMetaMethod
5716:             1             32  org.codehaus.groovy.runtime.dgmimpl.arrays.FloatArrayPutAtMetaMethod
5717:             1             32  org.codehaus.groovy.runtime.dgmimpl.arrays.IntegerArrayGetAtMetaMethod
5718:             1             32  org.codehaus.groovy.runtime.dgmimpl.arrays.IntegerArrayPutAtMetaMethod
5719:             1             32  org.codehaus.groovy.runtime.dgmimpl.arrays.LongArrayGetAtMetaMethod
5720:             1             32  org.codehaus.groovy.runtime.dgmimpl.arrays.LongArrayPutAtMetaMethod
5721:             1             32  org.codehaus.groovy.runtime.dgmimpl.arrays.ObjectArrayGetAtMetaMethod
5722:             1             32  org.codehaus.groovy.runtime.dgmimpl.arrays.ObjectArrayPutAtMetaMethod
5723:             1             32  org.codehaus.groovy.runtime.dgmimpl.arrays.ShortArrayGetAtMetaMethod
5724:             1             32  org.codehaus.groovy.runtime.dgmimpl.arrays.ShortArrayPutAtMetaMethod
5725:             1             32  org.codehaus.groovy.runtime.m12n.MetaInfExtensionModule
5726:             1             32  org.codehaus.groovy.util.ManagedConcurrentMap
5727:             1             32  org.csanchez.jenkins.plugins.kubernetes.ContainerEnvVar$DescriptorImpl
5728:             1             32  org.csanchez.jenkins.plugins.kubernetes.ContainerLivenessProbe$DescriptorImpl
5729:             1             32  org.csanchez.jenkins.plugins.kubernetes.ContainerTemplate$DescriptorImpl
5730:             1             32  org.csanchez.jenkins.plugins.kubernetes.KubectlBuildWrapper$DescriptorImpl
5731:             1             32  org.csanchez.jenkins.plugins.kubernetes.KubernetesCloud$DescriptorImpl
5732:             1             32  org.csanchez.jenkins.plugins.kubernetes.KubernetesFolderProperty$DescriptorImpl
5733:             1             32  org.csanchez.jenkins.plugins.kubernetes.KubernetesSlave$DescriptorImpl
5734:             1             32  org.csanchez.jenkins.plugins.kubernetes.NonConfigurableKubernetesCloud$DescriptorImpl
5735:             1             32  org.csanchez.jenkins.plugins.kubernetes.PodAnnotation$DescriptorImpl
5736:             1             32  org.csanchez.jenkins.plugins.kubernetes.PodEnvVar$DescriptorImpl
5737:             1             32  org.csanchez.jenkins.plugins.kubernetes.PodImagePullSecret$DescriptorImpl
5738:             1             32  org.csanchez.jenkins.plugins.kubernetes.PodLabel$DescriptorImpl
5739:             1             32  org.csanchez.jenkins.plugins.kubernetes.PodTemplate$DescriptorImpl
5740:             1             32  org.csanchez.jenkins.plugins.kubernetes.PortMapping$DescriptorImpl
5741:             1             32  org.csanchez.jenkins.plugins.kubernetes.model.KeyValueEnvVar$DescriptorImpl
5742:             1             32  org.csanchez.jenkins.plugins.kubernetes.model.SecretEnvVar$DescriptorImpl
5743:             1             32  org.csanchez.jenkins.plugins.kubernetes.pipeline.ContainerLogStep$DescriptorImpl
5744:             1             32  org.csanchez.jenkins.plugins.kubernetes.pipeline.ContainerStep$DescriptorImpl
5745:             1             32  org.csanchez.jenkins.plugins.kubernetes.pipeline.KubernetesDeclarativeAgent$DescriptorImpl
5746:             1             32  org.csanchez.jenkins.plugins.kubernetes.pipeline.PodTemplateStep$DescriptorImpl
5747:             1             32  org.csanchez.jenkins.plugins.kubernetes.pod.retention.Always$DescriptorImpl
5748:             1             32  org.csanchez.jenkins.plugins.kubernetes.pod.retention.Default$DescriptorImpl
5749:             1             32  org.csanchez.jenkins.plugins.kubernetes.pod.retention.Never$DescriptorImpl
5750:             1             32  org.csanchez.jenkins.plugins.kubernetes.pod.retention.OnFailure$DescriptorImpl
5751:             1             32  org.csanchez.jenkins.plugins.kubernetes.pod.yaml.Merge$DescriptorImpl
5752:             1             32  org.csanchez.jenkins.plugins.kubernetes.pod.yaml.Overrides$DescriptorImpl
5753:             1             32  org.csanchez.jenkins.plugins.kubernetes.volumes.ConfigMapVolume$DescriptorImpl
5754:             1             32  org.csanchez.jenkins.plugins.kubernetes.volumes.EmptyDirVolume$DescriptorImpl
5755:             1             32  org.csanchez.jenkins.plugins.kubernetes.volumes.HostPathVolume$DescriptorImpl
5756:             1             32  org.csanchez.jenkins.plugins.kubernetes.volumes.NfsVolume$DescriptorImpl
5757:             1             32  org.csanchez.jenkins.plugins.kubernetes.volumes.PersistentVolumeClaim$DescriptorImpl
5758:             1             32  org.csanchez.jenkins.plugins.kubernetes.volumes.SecretVolume$DescriptorImpl
5759:             1             32  org.csanchez.jenkins.plugins.kubernetes.volumes.workspace.DynamicPVCWorkspaceVolume$DescriptorImpl
5760:             1             32  org.csanchez.jenkins.plugins.kubernetes.volumes.workspace.EmptyDirWorkspaceVolume$DescriptorImpl
5761:             1             32  org.csanchez.jenkins.plugins.kubernetes.volumes.workspace.HostPathWorkspaceVolume$DescriptorImpl
5762:             1             32  org.csanchez.jenkins.plugins.kubernetes.volumes.workspace.NfsWorkspaceVolume$DescriptorImpl
5763:             1             32  org.csanchez.jenkins.plugins.kubernetes.volumes.workspace.PersistentVolumeClaimWorkspaceVolume$DescriptorImpl
5764:             1             32  org.eclipse.jetty.http.pathmap.PathMappings
5765:             2             32  org.eclipse.jetty.security.DefaultIdentityService
5766:             1             32  org.eclipse.jetty.server.ShutdownMonitor
5767:             1             32  org.eclipse.jetty.server.session.SessionContext
5768:             2             32  org.eclipse.jetty.servlet.ServletHolder$NotAsyncServlet
5769:             1             32  org.eclipse.jetty.util.JavaVersion
5770:             1             32  org.eclipse.jetty.util.statistic.SampleStatistic
5771:             1             32  org.eclipse.jetty.util.thread.ThreadPoolBudget
5772:             1             32  org.eclipse.jetty.xml.XmlParser$Handler
5773:             1             32  org.eclipse.jgit.internal.storage.file.RefDirectory$PackedRefList
5774:             1             32  org.eclipse.jgit.internal.storage.file.WindowCache$SoftCleanupQueue
5775:             1             32  org.eclipse.jgit.lib.MutableObjectId
5776:             1             32  org.eclipse.jgit.lib.RepositoryCache
5777:             2             32  org.eclipse.jgit.util.FS$Holder
5778:             1             32  org.eclipse.jgit.util.FS_POSIX
5779:             1             32  org.eclipse.jgit.util.SystemReader$Default
5780:             1             32  org.h2.jmx.DocumentedMBean
5781:             2             32  org.h2.mvstore.db.MVTableEngine
5782:             2             32  org.h2.value.ValueBoolean
5783:             1             32  org.jenkins.plugins.builton.BuiltOnColumn$DescriptorImpl
5784:             1             32  org.jenkins.plugins.lockableresources.LockStep$DescriptorImpl
5785:             1             32  org.jenkins.plugins.lockableresources.LockStepResource$DescriptorImpl
5786:             1             32  org.jenkins.plugins.lockableresources.LockableResource$DescriptorImpl
5787:             1             32  org.jenkins.plugins.lockableresources.RequiredResourcesProperty$DescriptorImpl
5788:             1             32  org.jenkins.ui.icon.IconSet
5789:             1             32  org.jenkins_ci.plugins.run_condition.BuildStepRunner$DontRun$DontRunDescriptor
5790:             1             32  org.jenkins_ci.plugins.run_condition.BuildStepRunner$Fail$FailDescriptor
5791:             1             32  org.jenkins_ci.plugins.run_condition.BuildStepRunner$Run$RunDescriptor
5792:             1             32  org.jenkins_ci.plugins.run_condition.BuildStepRunner$RunUnstable$RunUnstableDescriptor
5793:             1             32  org.jenkins_ci.plugins.run_condition.BuildStepRunner$Unstable$UnstableDescriptor
5794:             1             32  org.jenkins_ci.plugins.run_condition.common.BaseDirectory$ArtifactsDir$ArtifactsDirDescriptor
5795:             1             32  org.jenkins_ci.plugins.run_condition.common.BaseDirectory$JenkinsHome$JenkinsHomeDescriptor
5796:             1             32  org.jenkins_ci.plugins.run_condition.common.BaseDirectory$Workspace$WorkspaceDescriptor
5797:             1             32  org.jenkins_ci.plugins.run_condition.contributed.BatchFileCondition$BatchFileConditionDescriptor
5798:             1             32  org.jenkins_ci.plugins.run_condition.contributed.ShellCondition$ShellConditionDescriptor
5799:             1             32  org.jenkins_ci.plugins.run_condition.core.AlwaysRun$AlwaysRunDescriptor
5800:             1             32  org.jenkins_ci.plugins.run_condition.core.BooleanCondition$BooleanConditionDescriptor
5801:             1             32  org.jenkins_ci.plugins.run_condition.core.CauseCondition$CauseConditionDescriptor
5802:             1             32  org.jenkins_ci.plugins.run_condition.core.DayCondition$Day$DayDescriptor
5803:             1             32  org.jenkins_ci.plugins.run_condition.core.DayCondition$DayConditionDescriptor
5804:             1             32  org.jenkins_ci.plugins.run_condition.core.DayCondition$SelectDays$SelectDaysDescriptor
5805:             1             32  org.jenkins_ci.plugins.run_condition.core.DayCondition$Weekday$WeekdayDescriptor
5806:             1             32  org.jenkins_ci.plugins.run_condition.core.DayCondition$Weekend$WeekendDescriptor
5807:             1             32  org.jenkins_ci.plugins.run_condition.core.ExpressionCondition$ExpressionConditionDescriptor
5808:             1             32  org.jenkins_ci.plugins.run_condition.core.FileExistsCondition$FileExistsConditionDescriptor
5809:             1             32  org.jenkins_ci.plugins.run_condition.core.FilesMatchCondition$FilesMatchConditionDescriptor
5810:             1             32  org.jenkins_ci.plugins.run_condition.core.NeverRun$NeverRunDescriptor
5811:             1             32  org.jenkins_ci.plugins.run_condition.core.NodeCondition$NodeConditionDescriptor
5812:             1             32  org.jenkins_ci.plugins.run_condition.core.NumericalComparisonCondition$EqualTo$EqualToDescriptor
5813:             1             32  org.jenkins_ci.plugins.run_condition.core.NumericalComparisonCondition$GreaterThan$GreaterThanDescriptor
5814:             1             32  org.jenkins_ci.plugins.run_condition.core.NumericalComparisonCondition$GreaterThanOrEqualTo$GreaterThanOrEqualToDescriptor
5815:             1             32  org.jenkins_ci.plugins.run_condition.core.NumericalComparisonCondition$LessThan$LessThanDescriptor
5816:             1             32  org.jenkins_ci.plugins.run_condition.core.NumericalComparisonCondition$LessThanOrEqualTo$LessThanOrEqualToDescriptor
5817:             1             32  org.jenkins_ci.plugins.run_condition.core.NumericalComparisonCondition$NotEqualTo$NotEqualToDescriptor
5818:             1             32  org.jenkins_ci.plugins.run_condition.core.NumericalComparisonCondition$NumericalComparisonConditionDescriptor
5819:             1             32  org.jenkins_ci.plugins.run_condition.core.StatusCondition$StatusConditionDescriptor
5820:             1             32  org.jenkins_ci.plugins.run_condition.core.StringsMatchCondition$StringsMatchDescriptor
5821:             1             32  org.jenkins_ci.plugins.run_condition.core.TimeCondition$TimeConditionDescriptor
5822:             1             32  org.jenkins_ci.plugins.run_condition.core.VariableExistsCondition$StringsMatchDescriptor
5823:             1             32  org.jenkins_ci.plugins.run_condition.logic.And$AndDescriptor
5824:             1             32  org.jenkins_ci.plugins.run_condition.logic.ConditionContainer$ConditionContainerDescriptor
5825:             1             32  org.jenkins_ci.plugins.run_condition.logic.Not$NotDescriptor
5826:             1             32  org.jenkins_ci.plugins.run_condition.logic.Or$OrDescriptor
5827:             1             32  org.jenkinsci.main.modules.cli.auth.ssh.UserPropertyImpl$DescriptorImpl
5828:             1             32  org.jenkinsci.plugins.ParameterizedRemoteTrigger.Auth$DescriptorImpl
5829:             1             32  org.jenkinsci.plugins.ParameterizedRemoteTrigger.RemoteJenkinsServer$DescriptorImpl
5830:             1             32  org.jenkinsci.plugins.ParameterizedRemoteTrigger.auth2.BearerTokenAuth$BearerTokenAuthDescriptor
5831:             1             32  org.jenkinsci.plugins.ParameterizedRemoteTrigger.auth2.CredentialsAuth$CredentialsAuthDescriptor
5832:             1             32  org.jenkinsci.plugins.ParameterizedRemoteTrigger.auth2.NoneAuth$NoneAuthDescriptor
5833:             1             32  org.jenkinsci.plugins.ParameterizedRemoteTrigger.auth2.NullAuth$NullAuthDescriptor
5834:             1             32  org.jenkinsci.plugins.ParameterizedRemoteTrigger.auth2.TokenAuth$TokenAuthDescriptor
5835:             1             32  org.jenkinsci.plugins.ParameterizedRemoteTrigger.pipeline.RemoteBuildPipelineStep$DescriptorImpl
5836:             1             32  org.jenkinsci.plugins.ansible.ExtraVar$DescriptorImpl
5837:             1             32  org.jenkinsci.plugins.ansible.InventoryContent$DescriptorImpl
5838:             1             32  org.jenkinsci.plugins.ansible.InventoryDoNotSpecify$DescriptorImpl
5839:             1             32  org.jenkinsci.plugins.ansible.InventoryPath$DescriptorImpl
5840:             1             32  org.jenkinsci.plugins.builduser.BuildUser$DescriptorImpl
5841:             1             32  org.jenkinsci.plugins.conditionalbuildstep.BuilderChain$DescriptorImpl
5842:             1             32  org.jenkinsci.plugins.conditionalbuildstep.ConditionalBuilder$DescriptorImpl
5843:             1             32  org.jenkinsci.plugins.conditionalbuildstep.LegacyBuildstepCondition$LegacyConditionDescriptor
5844:             1             32  org.jenkinsci.plugins.conditionalbuildstep.lister.DefaultBuilderDescriptorLister$DescriptorImpl
5845:             2             32  org.jenkinsci.plugins.configfiles.ConfigByIdComparator
5846:             2             32  org.jenkinsci.plugins.configfiles.ConfigProviderComparator
5847:             1             32  org.jenkinsci.plugins.configfiles.builder.ConfigFileBuildStep$DescriptorImpl
5848:             1             32  org.jenkinsci.plugins.configfiles.buildwrapper.ConfigFileBuildWrapper$DescriptorImpl
5849:             1             32  org.jenkinsci.plugins.configfiles.buildwrapper.ManagedFile$DescriptorImpl
5850:             2             32  org.jenkinsci.plugins.configfiles.folder.FolderConfigFileProperty$1
5851:             1             32  org.jenkinsci.plugins.configfiles.folder.FolderConfigFileProperty$DescriptorImpl
5852:             1             32  org.jenkinsci.plugins.configfiles.maven.job.MvnGlobalSettingsProvider$DescriptorImpl
5853:             1             32  org.jenkinsci.plugins.configfiles.maven.job.MvnSettingsProvider$DescriptorImpl
5854:             1             32  org.jenkinsci.plugins.configfiles.maven.security.MavenServerIdSpecification$DescriptorImpl
5855:             1             32  org.jenkinsci.plugins.configfiles.properties.security.PropertiesCredentialMapping$DescriptorImpl
5856:             1             32  org.jenkinsci.plugins.credentialsbinding.impl.BindingStep$DescriptorImpl
5857:             1             32  org.jenkinsci.plugins.credentialsbinding.impl.BindingStep$Execution2
5858:             1             32  org.jenkinsci.plugins.credentialsbinding.impl.CertificateMultiBinding$DescriptorImpl
5859:             1             32  org.jenkinsci.plugins.credentialsbinding.impl.FileBinding$DescriptorImpl
5860:             1             32  org.jenkinsci.plugins.credentialsbinding.impl.SSHUserPrivateKeyBinding$DescriptorImpl
5861:             1             32  org.jenkinsci.plugins.credentialsbinding.impl.SecretBuildWrapper$DescriptorImpl
5862:             1             32  org.jenkinsci.plugins.credentialsbinding.impl.StringBinding$DescriptorImpl
5863:             1             32  org.jenkinsci.plugins.credentialsbinding.impl.UsernamePasswordBinding$DescriptorImpl
5864:             1             32  org.jenkinsci.plugins.credentialsbinding.impl.UsernamePasswordMultiBinding$DescriptorImpl
5865:             1             32  org.jenkinsci.plugins.credentialsbinding.impl.ZipFileBinding$DescriptorImpl
5866:             1             32  org.jenkinsci.plugins.displayurlapi.user.PreferredProviderUserPropertyDescriptor
5867:             1             32  org.jenkinsci.plugins.docker.commons.credentials.DockerRegistryEndpoint$DescriptorImpl
5868:             1             32  org.jenkinsci.plugins.docker.commons.credentials.DockerServerCredentialsBinding$DescriptorImpl
5869:             1             32  org.jenkinsci.plugins.docker.commons.credentials.DockerServerDomainSpecification$DescriptorImpl
5870:             1             32  org.jenkinsci.plugins.docker.commons.credentials.DockerServerEndpoint$DescriptorImpl
5871:             1             32  org.jenkinsci.plugins.docker.commons.tools.DockerToolInstaller$DescriptorImpl
5872:             1             32  org.jenkinsci.plugins.docker.workflow.Docker$Image
5873:             1             32  org.jenkinsci.plugins.docker.workflow.Docker$Image
5874:             1             32  org.jenkinsci.plugins.docker.workflow.Docker$Image
5875:             1             32  org.jenkinsci.plugins.docker.workflow.Docker$Image
5876:             1             32  org.jenkinsci.plugins.docker.workflow.Docker$Image
5877:             1             32  org.jenkinsci.plugins.docker.workflow.Docker$Image
5878:             1             32  org.jenkinsci.plugins.docker.workflow.Docker$Image
5879:             1             32  org.jenkinsci.plugins.docker.workflow.Docker$Image
5880:             1             32  org.jenkinsci.plugins.docker.workflow.Docker$Image
5881:             1             32  org.jenkinsci.plugins.docker.workflow.RegistryEndpointStep$DescriptorImpl
5882:             1             32  org.jenkinsci.plugins.docker.workflow.ServerEndpointStep$DescriptorImpl
5883:             1             32  org.jenkinsci.plugins.docker.workflow.declarative.ContainerPerStage$DescriptorImpl
5884:             1             32  org.jenkinsci.plugins.docker.workflow.declarative.DockerPipeline$DescriptorImpl
5885:             1             32  org.jenkinsci.plugins.docker.workflow.declarative.DockerPipelineFromDockerfile$DescriptorImpl
5886:             1             32  org.jenkinsci.plugins.docker.workflow.declarative.FolderConfig$DescriptorImpl
5887:             1             32  org.jenkinsci.plugins.durabletask.BourneShellScript$DescriptorImpl
5888:             1             32  org.jenkinsci.plugins.durabletask.PowershellScript$DescriptorImpl
5889:             1             32  org.jenkinsci.plugins.durabletask.WindowsBatchScript$DescriptorImpl
5890:             1             32  org.jenkinsci.plugins.envinject.EnvInjectBuildWrapper$DescriptorImpl
5891:             1             32  org.jenkinsci.plugins.envinject.EnvInjectBuilder$DescriptorImpl
5892:             1             32  org.jenkinsci.plugins.envinject.EnvInjectGlobalPasswordWrapper$DescriptorImpl
5893:             1             32  org.jenkinsci.plugins.envinject.EnvInjectJobProperty$DescriptorImpl
5894:             1             32  org.jenkinsci.plugins.envinject.EnvInjectJobPropertyInfo$DescriptorImpl
5895:             1             32  org.jenkinsci.plugins.envinject.EnvInjectPasswordWrapper$DescriptorImpl
5896:             1             32  org.jenkinsci.plugins.folder.FolderVSphereCloudProperty$DescriptorImpl
5897:             2             32  org.jenkinsci.plugins.github.admin.RespondWithRedirect$Processor
5898:             2             32  org.jenkinsci.plugins.github.admin.ValidateRepoName$Processor
5899:             1             32  org.jenkinsci.plugins.github.common.ExpandableMessage$DescriptorImpl
5900:             1             32  org.jenkinsci.plugins.github.config.GitHubServerConfig$DescriptorImpl
5901:             1             32  org.jenkinsci.plugins.github.config.GitHubTokenCredentialsCreator
5902:             1             32  org.jenkinsci.plugins.github.config.HookSecretConfig$DescriptorImpl
5903:             1             32  org.jenkinsci.plugins.github.status.GitHubCommitStatusSetter$GitHubCommitStatusSetterDescr
5904:             1             32  org.jenkinsci.plugins.github.status.err.ChangingBuildStatusErrorHandler$ChangingBuildStatusErrorHandlerDescriptor
5905:             1             32  org.jenkinsci.plugins.github.status.err.ShallowAnyErrorHandler$ShallowAnyErrorHandlerDescriptor
5906:             1             32  org.jenkinsci.plugins.github.status.sources.AnyDefinedRepositorySource$AnyDefinedRepoSourceDescriptor
5907:             1             32  org.jenkinsci.plugins.github.status.sources.BuildDataRevisionShaSource$BuildDataRevisionShaSourceDescriptor
5908:             1             32  org.jenkinsci.plugins.github.status.sources.BuildRefBackrefSource$BuildRefBackrefSourceDescriptor
5909:             1             32  org.jenkinsci.plugins.github.status.sources.ConditionalStatusResultSource$ConditionalStatusResultSourceDescriptor
5910:             1             32  org.jenkinsci.plugins.github.status.sources.DefaultCommitContextSource$DefaultContextSourceDescriptor
5911:             1             32  org.jenkinsci.plugins.github.status.sources.DefaultStatusResultSource$DefaultResultSourceDescriptor
5912:             1             32  org.jenkinsci.plugins.github.status.sources.ManuallyEnteredBackrefSource$ManuallyEnteredBackrefSourceDescriptor
5913:             1             32  org.jenkinsci.plugins.github.status.sources.ManuallyEnteredCommitContextSource$ManuallyEnteredCommitContextSourceDescriptor
5914:             1             32  org.jenkinsci.plugins.github.status.sources.ManuallyEnteredRepositorySource$ManuallyEnteredRepositorySourceDescriptor
5915:             1             32  org.jenkinsci.plugins.github.status.sources.ManuallyEnteredShaSource$ManuallyEnteredShaSourceDescriptor
5916:             1             32  org.jenkinsci.plugins.github.status.sources.misc.AnyBuildResult$AnyBuildResultDescriptor
5917:             1             32  org.jenkinsci.plugins.github.status.sources.misc.BetterThanOrEqualBuildResult$BetterThanOrEqualBuildResultDescriptor
5918:             1             32  org.jenkinsci.plugins.github_branch_source.BranchDiscoveryTrait$DescriptorImpl
5919:             1             32  org.jenkinsci.plugins.github_branch_source.Endpoint$DescriptorImpl
5920:             1             32  org.jenkinsci.plugins.github_branch_source.ExcludeArchivedRepositoriesTrait$DescriptorImpl
5921:             1             32  org.jenkinsci.plugins.github_branch_source.ForkPullRequestDiscoveryTrait$DescriptorImpl
5922:             1             32  org.jenkinsci.plugins.github_branch_source.GitHubBranchFilter$DescriptorImpl
5923:             1             32  org.jenkinsci.plugins.github_branch_source.GitHubConsoleNote$DescriptorImpl
5924:             1             32  org.jenkinsci.plugins.github_branch_source.GitHubPullRequestFilter$DescriptorImpl
5925:             1             32  org.jenkinsci.plugins.github_branch_source.OriginPullRequestDiscoveryTrait$DescriptorImpl
5926:             1             32  org.jenkinsci.plugins.github_branch_source.SSHCheckoutTrait$DescriptorImpl
5927:             1             32  org.jenkinsci.plugins.github_branch_source.TagDiscoveryTrait$DescriptorImpl
5928:             1             32  org.jenkinsci.plugins.github_branch_source.TeamSlugTrait$DescriptorImpl
5929:             1             32  org.jenkinsci.plugins.github_branch_source.TopicsTrait$DescriptorImpl
5930:             1             32  org.jenkinsci.plugins.kubernetes.cli.KubectlBuildStep$DescriptorImpl
5931:             1             32  org.jenkinsci.plugins.kubernetes.cli.KubectlBuildWrapper$DescriptorImpl
5932:             1             32  org.jenkinsci.plugins.kubernetes.cli.KubectlCredential$DescriptorImpl
5933:             1             32  org.jenkinsci.plugins.kubernetes.cli.MultiKubectlBuildStep$DescriptorImpl
5934:             1             32  org.jenkinsci.plugins.kubernetes.cli.MultiKubectlBuildWrapper$DescriptorImpl
5935:             1             32  org.jenkinsci.plugins.matrixauth.AuthorizationMatrixNodeProperty$DescriptorImpl
5936:             1             32  org.jenkinsci.plugins.matrixauth.inheritance.InheritGlobalStrategy$DescriptorImpl
5937:             1             32  org.jenkinsci.plugins.matrixauth.inheritance.InheritParentStrategy$DescriptorImpl
5938:             1             32  org.jenkinsci.plugins.matrixauth.inheritance.NonInheritingStrategy$DescriptorImpl
5939:             1             32  org.jenkinsci.plugins.openjdk_native.OpenJDKErrorNote$DescriptorImpl
5940:             1             32  org.jenkinsci.plugins.openjdk_native.OpenJDKInstaller$DescriptorImpl
5941:             1             32  org.jenkinsci.plugins.pipeline.maven.MavenConfigFolderOverrideProperty$DescriptorImpl
5942:             1             32  org.jenkinsci.plugins.pipeline.maven.WithMavenStep$DescriptorImpl
5943:             1             32  org.jenkinsci.plugins.pipeline.maven.dao.PipelineMavenPluginMonitoringDao
5944:             1             32  org.jenkinsci.plugins.pipeline.maven.publishers.ConcordionTestsPublisher$DescriptorImpl
5945:             1             32  org.jenkinsci.plugins.pipeline.maven.publishers.DependenciesFingerprintPublisher$DescriptorImpl
5946:             1             32  org.jenkinsci.plugins.pipeline.maven.publishers.FindbugsAnalysisPublisher$DescriptorImpl
5947:             1             32  org.jenkinsci.plugins.pipeline.maven.publishers.GeneratedArtifactsPublisher$DescriptorImpl
5948:             1             32  org.jenkinsci.plugins.pipeline.maven.publishers.InvokerRunsPublisher$DescriptorImpl
5949:             1             32  org.jenkinsci.plugins.pipeline.maven.publishers.JGivenTestsPublisher$DescriptorImpl
5950:             1             32  org.jenkinsci.plugins.pipeline.maven.publishers.JacocoReportPublisher$DescriptorImpl
5951:             1             32  org.jenkinsci.plugins.pipeline.maven.publishers.JunitTestsPublisher$DescriptorImpl
5952:             1             32  org.jenkinsci.plugins.pipeline.maven.publishers.MavenLinkerPublisher2$DescriptorImpl
5953:             1             32  org.jenkinsci.plugins.pipeline.maven.publishers.PipelineGraphPublisher$DescriptorImpl
5954:             1             32  org.jenkinsci.plugins.pipeline.maven.publishers.SpotBugsAnalysisPublisher$DescriptorImpl
5955:             1             32  org.jenkinsci.plugins.pipeline.maven.publishers.TasksScannerPublisher$DescriptorImpl
5956:             1             32  org.jenkinsci.plugins.pipeline.maven.trigger.WorkflowJobDependencyTrigger$DescriptorImpl
5957:             1             32  org.jenkinsci.plugins.pipeline.modeldefinition.DescriptorLookupCache
5958:             1             32  org.jenkinsci.plugins.pipeline.modeldefinition.ModelInterpreter$WhenEvaluator
5959:             1             32  org.jenkinsci.plugins.pipeline.modeldefinition.ModelInterpreter$WhenEvaluator
5960:             1             32  org.jenkinsci.plugins.pipeline.modeldefinition.agent.impl.Any$DescriptorImpl
5961:             1             32  org.jenkinsci.plugins.pipeline.modeldefinition.agent.impl.Label$DescriptorImpl
5962:             1             32  org.jenkinsci.plugins.pipeline.modeldefinition.agent.impl.None$DescriptorImpl
5963:             1             32  org.jenkinsci.plugins.pipeline.modeldefinition.generator.AgentDirective$DescriptorImpl
5964:             1             32  org.jenkinsci.plugins.pipeline.modeldefinition.generator.AxesDirective$DescriptorImpl
5965:             1             32  org.jenkinsci.plugins.pipeline.modeldefinition.generator.AxisDirective$DescriptorImpl
5966:             1             32  org.jenkinsci.plugins.pipeline.modeldefinition.generator.EnvironmentDirective$DescriptorImpl
5967:             1             32  org.jenkinsci.plugins.pipeline.modeldefinition.generator.ExcludeDirective$DescriptorImpl
5968:             1             32  org.jenkinsci.plugins.pipeline.modeldefinition.generator.ExcludesDirective$DescriptorImpl
5969:             1             32  org.jenkinsci.plugins.pipeline.modeldefinition.generator.InputDirective$DescriptorImpl
5970:             1             32  org.jenkinsci.plugins.pipeline.modeldefinition.generator.LibrariesDirective$DescriptorImpl
5971:             1             32  org.jenkinsci.plugins.pipeline.modeldefinition.generator.MatrixDirective$DescriptorImpl
5972:             1             32  org.jenkinsci.plugins.pipeline.modeldefinition.generator.OptionsDirective$DescriptorImpl
5973:             1             32  org.jenkinsci.plugins.pipeline.modeldefinition.generator.ParametersDirective$DescriptorImpl
5974:             1             32  org.jenkinsci.plugins.pipeline.modeldefinition.generator.PostDirective$DescriptorImpl
5975:             1             32  org.jenkinsci.plugins.pipeline.modeldefinition.generator.StageDirective$DescriptorImpl
5976:             1             32  org.jenkinsci.plugins.pipeline.modeldefinition.generator.StagesDirective$DescriptorImpl
5977:             1             32  org.jenkinsci.plugins.pipeline.modeldefinition.generator.ToolsDirective$DescriptorImpl
5978:             1             32  org.jenkinsci.plugins.pipeline.modeldefinition.generator.TriggersDirective$DescriptorImpl
5979:             1             32  org.jenkinsci.plugins.pipeline.modeldefinition.generator.WhenDirective$DescriptorImpl
5980:             1             32  org.jenkinsci.plugins.pipeline.modeldefinition.options.impl.CheckoutToSubdirectory$DescriptorImpl
5981:             1             32  org.jenkinsci.plugins.pipeline.modeldefinition.options.impl.ParallelsAlwaysFailFast$DescriptorImpl
5982:             1             32  org.jenkinsci.plugins.pipeline.modeldefinition.options.impl.QuietPeriod$DescriptorImpl
5983:             1             32  org.jenkinsci.plugins.pipeline.modeldefinition.options.impl.SkipDefaultCheckout$DescriptorImpl
5984:             1             32  org.jenkinsci.plugins.pipeline.modeldefinition.options.impl.SkipStagesAfterUnstable$DescriptorImpl
5985:             1             32  org.jenkinsci.plugins.pipeline.modeldefinition.properties.PreserveStashesJobProperty$DescriptorImpl
5986:             1             32  org.jenkinsci.plugins.pipeline.modeldefinition.when.impl.AllOfConditional$DescriptorImpl
5987:             1             32  org.jenkinsci.plugins.pipeline.modeldefinition.when.impl.AnyOfConditional$DescriptorImpl
5988:             1             32  org.jenkinsci.plugins.pipeline.modeldefinition.when.impl.BranchConditional$DescriptorImpl
5989:             1             32  org.jenkinsci.plugins.pipeline.modeldefinition.when.impl.BuildingTagConditional$DescriptorImpl
5990:             1             32  org.jenkinsci.plugins.pipeline.modeldefinition.when.impl.ChangeLogConditional$DescriptorImpl
5991:             1             32  org.jenkinsci.plugins.pipeline.modeldefinition.when.impl.ChangeRequestConditional$DescriptorImpl
5992:             1             32  org.jenkinsci.plugins.pipeline.modeldefinition.when.impl.ChangeSetConditional$DescriptorImpl
5993:             1             32  org.jenkinsci.plugins.pipeline.modeldefinition.when.impl.EnvironmentConditional$DescriptorImpl
5994:             1             32  org.jenkinsci.plugins.pipeline.modeldefinition.when.impl.EqualsConditional$DescriptorImpl
5995:             1             32  org.jenkinsci.plugins.pipeline.modeldefinition.when.impl.ExpressionConditional$DescriptorImpl
5996:             1             32  org.jenkinsci.plugins.pipeline.modeldefinition.when.impl.IsRestartedRunConditional$DescriptorImpl
5997:             1             32  org.jenkinsci.plugins.pipeline.modeldefinition.when.impl.NotConditional$DescriptorImpl
5998:             1             32  org.jenkinsci.plugins.pipeline.modeldefinition.when.impl.TagConditional$DescriptorImpl
5999:             1             32  org.jenkinsci.plugins.pipeline.modeldefinition.when.impl.TriggeredByConditional$DescriptorImpl
6000:             1             32  org.jenkinsci.plugins.pipeline.utility.steps.CompareVersionsStep$DescriptorImpl
6001:             1             32  org.jenkinsci.plugins.pipeline.utility.steps.conf.ReadPropertiesStep$DescriptorImpl
6002:             1             32  org.jenkinsci.plugins.pipeline.utility.steps.conf.ReadYamlStep$DescriptorImpl
6003:             1             32  org.jenkinsci.plugins.pipeline.utility.steps.conf.WriteYamlStep$DescriptorImpl
6004:             1             32  org.jenkinsci.plugins.pipeline.utility.steps.conf.mf.ReadManifestStep$DescriptorImpl
6005:             1             32  org.jenkinsci.plugins.pipeline.utility.steps.csv.ReadCSVStep$DescriptorImpl
6006:             1             32  org.jenkinsci.plugins.pipeline.utility.steps.csv.WriteCSVStep$DescriptorImpl
6007:             1             32  org.jenkinsci.plugins.pipeline.utility.steps.fs.FileSha1Step$DescriptorImpl
6008:             1             32  org.jenkinsci.plugins.pipeline.utility.steps.fs.FindFilesStep$DescriptorImpl
6009:             1             32  org.jenkinsci.plugins.pipeline.utility.steps.fs.TeeStep$DescriptorImpl
6010:             1             32  org.jenkinsci.plugins.pipeline.utility.steps.fs.TouchStep$DescriptorImpl
6011:             1             32  org.jenkinsci.plugins.pipeline.utility.steps.jenkins.NodesByLabelStep$DescriptorImpl
6012:             1             32  org.jenkinsci.plugins.pipeline.utility.steps.json.ReadJSONStep$DescriptorImpl
6013:             1             32  org.jenkinsci.plugins.pipeline.utility.steps.json.WriteJSONStep$DescriptorImpl
6014:             1             32  org.jenkinsci.plugins.pipeline.utility.steps.maven.ReadMavenPomStep$DescriptorImpl
6015:             1             32  org.jenkinsci.plugins.pipeline.utility.steps.maven.WriteMavenPomStep$DescriptorImpl
6016:             1             32  org.jenkinsci.plugins.pipeline.utility.steps.zip.UnZipStep$DescriptorImpl
6017:             1             32  org.jenkinsci.plugins.pipeline.utility.steps.zip.ZipStep$DescriptorImpl
6018:             1             32  org.jenkinsci.plugins.pubsub.GuavaPubsubBus
6019:             1             32  org.jenkinsci.plugins.schedulebuild.ScheduleBuildButtonColumn$DescriptorImpl
6020:             2             32  org.jenkinsci.plugins.scriptsecurity.sandbox.groovy.SandboxResolvingClassLoader$$Lambda$325/450831882
6021:             1             32  org.jenkinsci.plugins.scriptsecurity.sandbox.groovy.SecureGroovyScript$DescriptorImpl
6022:             2             32  org.jenkinsci.plugins.scriptsecurity.sandbox.whitelists.AnnotatedWhitelist$Impl
6023:             1             32  org.jenkinsci.plugins.scriptsecurity.scripts.ClasspathEntry$DescriptorImpl
6024:             1             32  org.jenkinsci.plugins.scriptsecurity.scripts.ScriptApprovalNote$DescriptorImpl
6025:             1             32  org.jenkinsci.plugins.simpletheme.CssTextThemeElement$DescriptorImpl
6026:             1             32  org.jenkinsci.plugins.simpletheme.CssUrlThemeElement$DescriptorImpl
6027:             1             32  org.jenkinsci.plugins.simpletheme.FaviconUrlThemeElement$DescriptorImpl
6028:             1             32  org.jenkinsci.plugins.simpletheme.JsUrlThemeElement$DescriptorImpl
6029:             2             32  org.jenkinsci.plugins.ssegateway.EventHistoryStore$EventHistoryLogger
6030:             1             32  org.jenkinsci.plugins.sshsteps.steps.CommandStep$DescriptorImpl
6031:             1             32  org.jenkinsci.plugins.sshsteps.steps.GetStep$DescriptorImpl
6032:             1             32  org.jenkinsci.plugins.sshsteps.steps.PutStep$DescriptorImpl
6033:             1             32  org.jenkinsci.plugins.sshsteps.steps.RemoveStep$DescriptorImpl
6034:             1             32  org.jenkinsci.plugins.sshsteps.steps.ScriptStep$DescriptorImpl
6035:             1             32  org.jenkinsci.plugins.structs.SymbolLookup
6036:             1             32  org.jenkinsci.plugins.terraform.TerraformInstaller$DescriptorImpl
6037:             1             32  org.jenkinsci.plugins.tokenmacro.TokenMacroStep$DescriptorImpl
6038:             1             32  org.jenkinsci.plugins.vSphereCloudProvisionedSlave$DescriptorImpl
6039:             1             32  org.jenkinsci.plugins.vSphereCloudSlave$DescriptorImpl
6040:             1             32  org.jenkinsci.plugins.vSphereCloudSlaveTemplate$DescriptorImpl
6041:             1             32  org.jenkinsci.plugins.vsphere.RunOnceCloudRetentionStrategy$DescriptorImpl
6042:             1             32  org.jenkinsci.plugins.vsphere.VSphereBuildStepContainer$VSphereBuildStepContainerDescriptor
6043:             1             32  org.jenkinsci.plugins.vsphere.VSphereCloudRetentionStrategy$DescriptorImpl
6044:             1             32  org.jenkinsci.plugins.vsphere.VSphereConnectionConfig$DescriptorImpl
6045:             1             32  org.jenkinsci.plugins.vsphere.VSphereGuestInfoProperty$VSphereGuestInfoPropertyDescriptorImpl
6046:             1             32  org.jenkinsci.plugins.vsphere.builders.Clone$CloneDescriptor
6047:             1             32  org.jenkinsci.plugins.vsphere.builders.ConvertToTemplate$ConvertToTemplateDescriptor
6048:             1             32  org.jenkinsci.plugins.vsphere.builders.ConvertToVm$ConvertToVmDescriptor
6049:             1             32  org.jenkinsci.plugins.vsphere.builders.Delete$DeleteDescriptor
6050:             1             32  org.jenkinsci.plugins.vsphere.builders.DeleteSnapshot$DeleteSnapshotDescriptor
6051:             1             32  org.jenkinsci.plugins.vsphere.builders.Deploy$DeployDescriptor
6052:             1             32  org.jenkinsci.plugins.vsphere.builders.ExposeGuestInfo$ExposeGuestInfoDescriptor
6053:             1             32  org.jenkinsci.plugins.vsphere.builders.PowerOff$PowerOffDescriptor
6054:             1             32  org.jenkinsci.plugins.vsphere.builders.PowerOn$PowerOnDescriptor
6055:             1             32  org.jenkinsci.plugins.vsphere.builders.Reconfigure$ReconfigureDescriptor
6056:             1             32  org.jenkinsci.plugins.vsphere.builders.ReconfigureAnnotation$ReconfigureAnnotationDescriptor
6057:             1             32  org.jenkinsci.plugins.vsphere.builders.ReconfigureCpu$ReconfigureCpuDescriptor
6058:             1             32  org.jenkinsci.plugins.vsphere.builders.ReconfigureDisk$ReconfigureDiskDescriptor
6059:             1             32  org.jenkinsci.plugins.vsphere.builders.ReconfigureMemory$ReconfigureMemoryDescriptor
6060:             1             32  org.jenkinsci.plugins.vsphere.builders.ReconfigureNetworkAdapters$ReconfigureNetworkAdaptersDescriptor
6061:             1             32  org.jenkinsci.plugins.vsphere.builders.Rename$RenameDescriptor
6062:             1             32  org.jenkinsci.plugins.vsphere.builders.RenameSnapshot$RenameSnapshotDescriptor
6063:             1             32  org.jenkinsci.plugins.vsphere.builders.RevertToSnapshot$RevertToSnapshotDescriptor
6064:             1             32  org.jenkinsci.plugins.vsphere.builders.SuspendVm$SuspendVmDescriptor
6065:             1             32  org.jenkinsci.plugins.vsphere.builders.TakeSnapshot$TakeSnapshotDescriptor
6066:             1             32  org.jenkinsci.plugins.vsphere.parameters.CloudSelectorParameter$DescriptorImpl
6067:             1             32  org.jenkinsci.plugins.workflow.cps.CpsFlowDefinition$DescriptorImpl
6068:             1             32  org.jenkinsci.plugins.workflow.cps.CpsFlowDefinitionValidator$CheckStatus
6069:             1             32  org.jenkinsci.plugins.workflow.cps.CpsScmFlowDefinition$DescriptorImpl
6070:             1             32  org.jenkinsci.plugins.workflow.cps.CpsStepContext$2
6071:             2             32  org.jenkinsci.plugins.workflow.cps.CpsVmExecutorService$$Lambda$376/363545524
6072:             1             32  org.jenkinsci.plugins.workflow.cps.global.WorkflowLibRepository
6073:             1             32  org.jenkinsci.plugins.workflow.cps.steps.ParallelStep$DescriptorImpl
6074:             1             32  org.jenkinsci.plugins.workflow.job.WorkflowJob$DescriptorImpl
6075:             1             32  org.jenkinsci.plugins.workflow.job.console.NewNodeConsoleNote$DescriptorImpl
6076:             1             32  org.jenkinsci.plugins.workflow.job.properties.DisableConcurrentBuildsJobProperty$DescriptorImpl
6077:             1             32  org.jenkinsci.plugins.workflow.job.properties.DisableResumeJobProperty$DescriptorImpl
6078:             1             32  org.jenkinsci.plugins.workflow.job.properties.DurabilityHintJobProperty$DescriptorImpl
6079:             1             32  org.jenkinsci.plugins.workflow.job.properties.PipelineTriggersJobProperty$DescriptorImpl
6080:             1             32  org.jenkinsci.plugins.workflow.libs.FolderLibraries$DescriptorImpl
6081:             1             32  org.jenkinsci.plugins.workflow.libs.LibraryConfiguration$DescriptorImpl
6082:             1             32  org.jenkinsci.plugins.workflow.libs.SCMRetriever$DescriptorImpl
6083:             1             32  org.jenkinsci.plugins.workflow.libs.SCMSourceRetriever$DescriptorImpl
6084:             1             32  org.jenkinsci.plugins.workflow.multibranch.BranchJobProperty$DescriptorImpl
6085:             1             32  org.jenkinsci.plugins.workflow.multibranch.DurabilityHintBranchProperty$DescriptorImpl
6086:             2             32  org.jenkinsci.plugins.workflow.multibranch.JobPropertyTrackerAction
6087:             1             32  org.jenkinsci.plugins.workflow.multibranch.ResolveScmStep$DescriptorImpl
6088:             1             32  org.jenkinsci.plugins.workflow.multibranch.SCMBinder$DescriptorImpl
6089:             1             32  org.jenkinsci.plugins.workflow.multibranch.SCMBinder$WarningNote$DescriptorImpl
6090:             1             32  org.jenkinsci.plugins.workflow.multibranch.WorkflowMultiBranchProjectFactory$DescriptorImpl
6091:             1             32  org.jenkinsci.plugins.workflow.multibranch.yaml.pipeline.PipelineAsYamlScmFlowDefinition$DescriptorImpl
6092:             1             32  org.jenkinsci.plugins.workflow.multibranch.yaml.pipeline.PipelineAsYamlScriptFlowDefinition$DescriptorImpl
6093:             1             32  org.jenkinsci.plugins.workflow.steps.ArtifactArchiverStep$DescriptorImpl
6094:             1             32  org.jenkinsci.plugins.workflow.steps.ArtifactUnarchiverStep$DescriptorImpl
6095:             1             32  org.jenkinsci.plugins.workflow.steps.CatchErrorStep$DescriptorImpl
6096:             1             32  org.jenkinsci.plugins.workflow.steps.CoreStep$DescriptorImpl
6097:             1             32  org.jenkinsci.plugins.workflow.steps.CoreWrapperStep$DescriptorImpl
6098:             1             32  org.jenkinsci.plugins.workflow.steps.DeleteDirStep$DescriptorImpl
6099:             1             32  org.jenkinsci.plugins.workflow.steps.EchoStep$DescriptorImpl
6100:             1             32  org.jenkinsci.plugins.workflow.steps.EnvStep$DescriptorImpl
6101:             1             32  org.jenkinsci.plugins.workflow.steps.ErrorStep$DescriptorImpl
6102:             1             32  org.jenkinsci.plugins.workflow.steps.FileExistsStep$DescriptorImpl
6103:             1             32  org.jenkinsci.plugins.workflow.steps.GetContextStep$DescriptorImpl
6104:             1             32  org.jenkinsci.plugins.workflow.steps.IsUnixStep$DescriptorImpl
6105:             1             32  org.jenkinsci.plugins.workflow.steps.MailStep$DescriptorImpl
6106:             1             32  org.jenkinsci.plugins.workflow.steps.PushdStep$DescriptorImpl
6107:             1             32  org.jenkinsci.plugins.workflow.steps.PwdStep$DescriptorImpl
6108:             1             32  org.jenkinsci.plugins.workflow.steps.ReadFileStep$DescriptorImpl
6109:             1             32  org.jenkinsci.plugins.workflow.steps.RetryStep$DescriptorImpl
6110:             1             32  org.jenkinsci.plugins.workflow.steps.SleepStep$DescriptorImpl
6111:             1             32  org.jenkinsci.plugins.workflow.steps.TimeoutStep$DescriptorImpl
6112:             1             32  org.jenkinsci.plugins.workflow.steps.ToolStep$DescriptorImpl
6113:             1             32  org.jenkinsci.plugins.workflow.steps.UnstableStep$DescriptorImpl
6114:             1             32  org.jenkinsci.plugins.workflow.steps.WaitForConditionStep$DescriptorImpl
6115:             1             32  org.jenkinsci.plugins.workflow.steps.WarnErrorStep$DescriptorImpl
6116:             1             32  org.jenkinsci.plugins.workflow.steps.WithContextStep$DescriptorImpl
6117:             1             32  org.jenkinsci.plugins.workflow.steps.WriteFileStep$DescriptorImpl
6118:             1             32  org.jenkinsci.plugins.workflow.steps.durable_task.BatchScriptStep$DescriptorImpl
6119:             1             32  org.jenkinsci.plugins.workflow.steps.durable_task.PowerShellCoreScriptStep$DescriptorImpl
6120:             1             32  org.jenkinsci.plugins.workflow.steps.durable_task.PowershellScriptStep$DescriptorImpl
6121:             1             32  org.jenkinsci.plugins.workflow.steps.durable_task.ShellStep$DescriptorImpl
6122:             1             32  org.jenkinsci.plugins.workflow.steps.scm.GenericSCMStep$DescriptorImpl
6123:             1             32  org.jenkinsci.plugins.workflow.support.steps.ExecutorStep$DescriptorImpl
6124:             1             32  org.jenkinsci.plugins.workflow.support.steps.StageStep$DescriptorImpl
6125:             1             32  org.jenkinsci.plugins.workflow.support.steps.WorkspaceStep$DescriptorImpl
6126:             1             32  org.jenkinsci.plugins.workflow.support.steps.input.POSTHyperlinkNote$DescriptorImpl
6127:             1             32  org.jenkinsci.plugins.workflow.support.steps.stash.StashStep$DescriptorImpl
6128:             1             32  org.jenkinsci.plugins.workflow.support.steps.stash.UnstashStep$DescriptorImpl
6129:             1             32  org.jenkinsci.plugins.workflow.support.visualization.table.ArgumentsColumn$DescriptorImpl
6130:             1             32  org.jenkinsci.plugins.workflow.support.visualization.table.ConsoleColumn$DescriptorImpl
6131:             1             32  org.jenkinsci.plugins.workflow.support.visualization.table.StatusColumn$DescriptorImpl
6132:             1             32  org.jenkinsci.remoting.engine.JnlpProtocol4Handler$Handler
6133:             1             32  org.jenkinsci.remoting.util.SettableFuture
6134:             1             32  org.jfrog.hudson.jfpipelines.JFrogPipelinesParameter$DescriptorImpl
6135:             1             32  org.jfrog.hudson.jfpipelines.JFrogPipelinesServer
6136:             1             32  org.jfrog.hudson.maven2.MavenDependenciesRecorder$DescriptorImpl
6137:             1             32  org.jfrog.hudson.maven3.Maven3Builder$DescriptorImpl
6138:             1             32  org.jfrog.hudson.trigger.ArtifactoryTrigger$DescriptorImpl
6139:             1             32  org.joda.time.format.DateTimeFormatterBuilder$Composite
6140:             1             32  org.joda.time.format.DateTimeFormatterBuilder$TimeZoneOffset
6141:             1             32  org.jvnet.hudson.plugins.SSHBuilder$DescriptorImpl
6142:             1             32  org.jvnet.jenkins.plugins.nodelabelparameter.LabelParameterDefinition$DescriptorImpl
6143:             1             32  org.jvnet.jenkins.plugins.nodelabelparameter.NodeParameterDefinition$DescriptorImpl
6144:             1             32  org.jvnet.jenkins.plugins.nodelabelparameter.node.AllNodeEligibility$Descriptor
6145:             1             32  org.jvnet.jenkins.plugins.nodelabelparameter.node.IgnoreOfflineNodeEligibility$Descriptor
6146:             1             32  org.jvnet.jenkins.plugins.nodelabelparameter.node.IgnoreTempOfflineNodeEligibility$Descriptor
6147:             1             32  org.jvnet.jenkins.plugins.nodelabelparameter.parameterizedtrigger.AllNodesBuildParameterFactory$DescriptorImpl
6148:             1             32  org.jvnet.jenkins.plugins.nodelabelparameter.parameterizedtrigger.AllNodesForLabelBuildParameterFactory$DescriptorImpl
6149:             1             32  org.jvnet.jenkins.plugins.nodelabelparameter.parameterizedtrigger.NodeLabelBuildParameter$DescriptorImpl
6150:             1             32  org.jvnet.jenkins.plugins.nodelabelparameter.parameterizedtrigger.NodeListBuildParameterFactory$DescriptorImpl
6151:             1             32  org.kohsuke.stapler.HttpResponses$5
6152:             2             32  org.kohsuke.stapler.export.ModelBuilder
6153:             2             32  org.owasp.html.HtmlElementTables$DenseElementSet
6154:             1             32  org.parboiled.common.ImmutableLinkedList$1
6155:             1             32  org.parboiled.matchers.AnyMatcher
6156:             1             32  org.parboiled.matchers.EmptyMatcher
6157:             1             32  org.parboiled.matchers.NothingMatcher
6158:             1             32  org.sonarsource.scanner.jenkins.pipeline.WaitForQualityGateStep$DescriptorImpl
6159:             1             32  ru.yandex.qatools.allure.jenkins.tools.AllureCommandlineInstaller$DescriptorImpl
6160:             1             32  se.diabol.jenkins.pipeline.DeliveryPipelineView$ComponentSpec$DescriptorImpl
6161:             1             32  se.diabol.jenkins.pipeline.DeliveryPipelineView$DescriptorImpl
6162:             1             32  se.diabol.jenkins.pipeline.DeliveryPipelineView$RegExpSpec$DescriptorImpl
6163:             1             32  se.diabol.jenkins.pipeline.PipelineProperty$DescriptorImpl
6164:             1             32  se.diabol.jenkins.pipeline.PipelineVersionContributor$DescriptorImpl
6165:             1             32  se.diabol.jenkins.pipeline.sort.FailedJobComparator$DescriptorImpl
6166:             1             32  se.diabol.jenkins.pipeline.sort.LatestActivityComparator$DescriptorImpl
6167:             1             32  se.diabol.jenkins.pipeline.sort.NameComparator$DescriptorImpl
6168:             1             32  se.diabol.jenkins.workflow.WorkflowPipelineView$ComponentSpec$DescriptorImpl
6169:             1             32  se.diabol.jenkins.workflow.WorkflowPipelineView$DescriptorImpl
6170:             1             32  sun.awt.PostEventQueue
6171:             1             32  sun.java2d.cmm.ProfileDeferralInfo
6172:             1             32  sun.net.www.http.KeepAliveStreamCleaner
6173:             1             32  sun.net.www.protocol.https.Handler
6174:             1             32  sun.nio.ch.FileKey
6175:             1             32  sun.nio.ch.SharedFileLockTable$FileLockReference
6176:             1             32  sun.nio.ch.SocketAdaptor$SocketInputStream
6177:             2             32  sun.nio.ch.SocketDispatcher
6178:             1             32  sun.nio.cs.StandardCharsets
6179:             1             32  sun.nio.fs.LinuxFileStore
6180:             2             32  sun.nio.fs.LinuxFileSystemProvider
6181:             1             32  sun.reflect.UnsafeQualifiedFloatFieldAccessorImpl
6182:             2             32  sun.security.provider.X509Factory
6183:             1             32  sun.security.rsa.RSACore$BlindingParameters
6184:             2             32  sun.security.util.HostnameChecker
6185:             1             32  sun.security.util.math.intpoly.IntegerPolynomialP256
6186:             1             32  sun.security.util.math.intpoly.IntegerPolynomialP384
6187:             1             32  sun.security.util.math.intpoly.IntegerPolynomialP521
6188:             1             32  sun.security.util.math.intpoly.P256OrderField
6189:             1             32  sun.security.util.math.intpoly.P384OrderField
6190:             1             32  sun.security.util.math.intpoly.P521OrderField
6191:             1             32  sun.security.x509.PrivateKeyUsageExtension
6192:             1             24  [Lcom.cloudbees.jenkins.plugins.bitbucket.api.BitbucketRepositoryProtocol;
6193:             1             24  [Lcom.cloudbees.workflow.flownode.FlowNodeUtil$CacheExtension;
6194:             1             24  [Lcom.coravy.hudson.plugins.github.GithubLinkAnnotator$LinkMarkup;
6195:             1             24  [Lcom.damnhandy.uri.template.UriTemplate$Encoding;
6196:             1             24  [Lcom.fasterxml.jackson.databind.AnnotationIntrospector$ReferenceProperty$Type;
6197:             1             24  [Lcom.fasterxml.jackson.databind.deser.KeyDeserializers;
6198:             1             24  [Lcom.github.benmanes.caffeine.cache.Caffeine$Strength;
6199:             1             24  [Lcom.github.benmanes.caffeine.cache.DisabledBuffer;
6200:             1             24  [Lcom.github.benmanes.caffeine.cache.DisabledScheduler;
6201:             1             24  [Lcom.github.benmanes.caffeine.cache.DisabledTicker;
6202:             1             24  [Lcom.github.benmanes.caffeine.cache.DisabledWriter;
6203:             1             24  [Lcom.github.benmanes.caffeine.cache.SingletonWeigher;
6204:             1             24  [Lcom.github.benmanes.caffeine.cache.SystemTicker;
6205:             1             24  [Lcom.google.common.cache.CacheBuilder$NullListener;
6206:             1             24  [Lcom.google.common.cache.CacheBuilder$OneWeigher;
6207:             1             24  [Lcom.google.common.cache.LocalCache$NullEntry;
6208:             1             24  [Lcom.google.gson.LongSerializationPolicy;
6209:             1             24  [Lcom.google.gson.LongSerializationPolicy;
6210:             1             24  [Lcom.google.inject.Key$NullAnnotationStrategy;
6211:             1             24  [Lcom.google.inject.internal.BytecodeGen$Visibility;
6212:             1             24  [Lcom.google.inject.internal.InternalFlags$CustomClassLoadingOption;
6213:             1             24  [Lcom.sun.org.apache.xalan.internal.utils.XMLSecurityPropertyManager$Property;
6214:             1             24  [Lcom.sun.org.apache.xerces.internal.utils.XMLSecurityPropertyManager$Property;
6215:             1             24  [Ledu.hm.hafner.echarts.ChartModelConfiguration$AxisType;
6216:             1             24  [Ledu.hm.hafner.echarts.LineSeries$FilledMode;
6217:             1             24  [Ledu.hm.hafner.echarts.LineSeries$StackedMode;
6218:             1             24  [Lgroovy.lang.GroovyClassLoader;
6219:             1             24  [Lhudson.FilePath$TarCompression;
6220:             1             24  [Lhudson.plugins.git.GitTool;
6221:             1             24  [Lhudson.plugins.sonar.SonarRunnerInstallation;
6222:             1             24  [Lhudson.plugins.ws_cleanup.Pattern$PatternType;
6223:             1             24  [Lhudson.slaves.NodeProvisioner$StrategyDecision;
6224:             1             24  [Lio.jenkins.blueocean.commons.stapler.export.Flavor;
6225:             1             24  [Lio.jenkins.plugins.casc.ConfigurationContext$Deprecation;
6226:             1             24  [Lio.jenkins.plugins.casc.ConfigurationContext$Unknown;
6227:             1             24  [Lio.jenkins.plugins.casc.ConfigurationContext$Version;
6228:             1             24  [Lio.keen.client.java.KeenClient$ClientSingleton;
6229:             1             24  [Lio.vavr.collection.HashArrayMappedTrieModule$Action;
6230:             1             24  [Ljava.io.File$PathStatus;
6231:             1             24  [Ljava.lang.management.MemoryType;
6232:             1             24  [Ljava.net.InetAddress$Cache$Type;
6233:             1             24  [Ljava.net.StandardProtocolFamily;
6234:             1             24  [Ljava.nio.file.FileVisitOption;
6235:             1             24  [Ljava.time.temporal.IsoFields$Unit;
6236:             1             24  [Ljava.time.zone.ZoneOffsetTransition;
6237:             1             24  [Ljava.util.Comparators$NaturalOrderComparator;
6238:             1             24  [Ljava.util.Locale$Category;
6239:             1             24  [Ljava.util.Properties;
6240:             1             24  [Ljavax.net.ssl.KeyManager;
6241:             1             24  [Ljavax.net.ssl.TrustManager;
6242:             1             24  [Ljdk.xml.internal.JdkXmlFeatures$XmlFeature;
6243:             1             24  [Ljenkins.plugins.coverity.CoverityToolInstallation;
6244:             1             24  [Lnet.sf.saxon.type.AnySimpleType;
6245:             1             24  [Lnet.sf.saxon.type.AnyType;
6246:             1             24  [Lnet.sf.saxon.type.Untyped;
6247:             1             24  [Lnet.sourceforge.pmd.lang.java.metrics.impl.CycloMetric$CycloOption;
6248:             1             24  [Lnet.sourceforge.pmd.lang.java.metrics.impl.NcssMetric$NcssOption;
6249:             1             24  [Lokhttp3.ConnectionSpec;
6250:             1             24  [Lokhttp3.ConnectionSpec;
6251:             1             24  [Lokhttp3.ConnectionSpec;
6252:             1             24  [Lorg.acegisecurity.acls.sid.Sid;
6253:             1             24  [Lorg.apache.http.conn.routing.RouteInfo$LayerType;
6254:             1             24  [Lorg.apache.http.conn.routing.RouteInfo$LayerType;
6255:             1             24  [Lorg.apache.http.conn.routing.RouteInfo$TunnelType;
6256:             1             24  [Lorg.apache.http.conn.routing.RouteInfo$TunnelType;
6257:             1             24  [Lorg.apache.http.impl.cookie.DefaultCookieSpecProvider$CompatibilityLevel;
6258:             1             24  [Lorg.apache.http.impl.cookie.DefaultCookieSpecProvider$CompatibilityLevel;
6259:             1             24  [Lorg.eclipse.jetty.http.CookieCompliance;
6260:             1             24  [Lorg.eclipse.jetty.http.HttpFieldPreEncoder;
6261:             1             24  [Lorg.eclipse.jetty.io.ManagedSelector;
6262:             1             24  [Lorg.eclipse.jetty.server.MultiPartFormDataCompliance;
6263:             1             24  [Lorg.eclipse.jgit.transport.RefSpec$WildcardMode;
6264:             1             24  [Lorg.eclipse.jgit.treewalk.TreeWalk$OperationType;
6265:             1             24  [Lorg.h2.engine.FunctionAlias$JavaMethod;
6266:             1             24  [Lorg.jenkins.ui.icon.IconType;
6267:             1             24  [Lorg.jenkinsci.bytecode.Kind;
6268:             1             24  [Lorg.jenkinsci.plugins.ssegateway.sse.SSEChannel$Event;
6269:             1             24  [Lorg.jenkinsci.plugins.workflow.job.WorkflowRun$StopState;
6270:             1             24  [Lorg.jfrog.build.extractor.clientConfiguration.util.EditPropertiesHelper$EditPropertiesActionType;
6271:             1             24  [Lorg.jfrog.hudson.generic.GenericArtifactsDeployer$FilesDeployerCallable$PatternType;
6272:             1             24  [Lorg.kohsuke.asm6.Type;
6273:             1             24  [Lorg.kohsuke.stapler.ResponseImpl$OutputMode;
6274:             1             24  [Lorg.yaml.snakeyaml.DumperOptions$NonPrintableStyle;
6275:             1             24  [Lru.yandex.qatools.allure.jenkins.tools.AllureCommandlineInstallation;
6276:             1             24  [Lsun.launcher.LauncherHelper;
6277:             1             24  Script1
6278:             1             24  Script1
6279:             1             24  Script1
6280:             1             24  Script1
6281:             1             24  Script1
6282:             1             24  Script1
6283:             1             24  Script1
6284:             1             24  Script1
6285:             1             24  Script1
6286:             1             24  Script1
6287:             1             24  Script2
6288:             1             24  Script2
6289:             1             24  Script2
6290:             1             24  Script2
6291:             1             24  Script2
6292:             1             24  Script2
6293:             1             24  Script2
6294:             1             24  Script2
6295:             1             24  Script2
6296:             1             24  Script2
6297:             1             24  Script3
6298:             1             24  Script3
6299:             1             24  Script3
6300:             1             24  Script3
6301:             1             24  Script3
6302:             1             24  Script3
6303:             1             24  Script3
6304:             1             24  Script3
6305:             1             24  Script3
6306:             1             24  Script3
6307:             1             24  Script4
6308:             1             24  Script4
6309:             1             24  Script4
6310:             1             24  Script4
6311:             1             24  Script4
6312:             1             24  Script4
6313:             1             24  Script4
6314:             1             24  Script4
6315:             1             24  Script4
6316:             1             24  Script4
6317:             1             24  WorkflowScript
6318:             1             24  WorkflowScript
6319:             1             24  WorkflowScript
6320:             1             24  WorkflowScript
6321:             1             24  WorkflowScript
6322:             1             24  WorkflowScript
6323:             1             24  WorkflowScript
6324:             1             24  WorkflowScript
6325:             1             24  WorkflowScript
6326:             1             24  WorkflowScript
6327:             1             24  WorkflowScript
6328:             1             24  WorkflowScript
6329:             1             24  aAddMachines
6330:             1             24  aClone
6331:             1             24  aCloneAll
6332:             1             24  aDownload
6333:             1             24  aExportEaaS
6334:             1             24  aGetAutomation
6335:             1             24  aGetEaasVCD
6336:             1             24  aGetEnvConfig
6337:             1             24  aGetTarget
6338:             1             24  aLogStash
6339:             1             24  aPrintInstallKits
6340:             1             24  aResolve
6341:             1             24  com.allot.devops.scm.ScmManager
6342:             1             24  com.atlassian.bitbucket.jenkins.internal.applink.oauth.serviceprovider.consumer.PersistentServiceProviderConsumerStore
6343:             1             24  com.atlassian.bitbucket.jenkins.internal.applink.oauth.serviceprovider.rest.TokenEndpoint
6344:             1             24  com.atlassian.bitbucket.jenkins.internal.applink.oauth.serviceprovider.token.PersistentServiceProviderTokenStore
6345:             1             24  com.atlassian.bitbucket.jenkins.internal.jenkins.oauth.token.OAuthTokenConfiguration
6346:             1             24  com.atlassian.bitbucket.jenkins.internal.scm.BitbucketScmFormFillDelegate
6347:             1             24  com.atlassian.bitbucket.jenkins.internal.scm.BitbucketScmFormValidationDelegate
6348:             1             24  com.atlassian.bitbucket.jenkins.internal.trigger.BitbucketWebhookEndpoint
6349:             1             24  com.atlassian.bitbucket.jenkins.internal.trigger.BitbucketWebhookTriggerImpl
6350:             1             24  com.cloudbees.groovy.cps.impl.IfBlock$ContinuationImpl
6351:             1             24  com.cloudbees.hudson.plugins.folder.ItemDeletion
6352:             1             24  com.cloudbees.jenkins.plugins.bitbucket.BitbucketDefaultBranch
6353:             1             24  com.cloudbees.jenkins.plugins.bitbucket.BitbucketTeamMetadataAction$BitbucketAvatarCacheSource
6354:             1             24  com.cloudbees.jenkins.plugins.bitbucket.PullRequestSCMHead$FixLegacyMigration1
6355:             1             24  com.cloudbees.jenkins.plugins.bitbucket.PullRequestSCMHead$FixLegacyMigration2
6356:             1             24  com.cloudbees.jenkins.plugins.bitbucket.SCMHeadWithOwnerAndRepo$GitMigrationImpl
6357:             1             24  com.cloudbees.jenkins.plugins.bitbucket.SCMHeadWithOwnerAndRepo$HgMigrationImpl
6358:             1             24  com.cloudbees.jenkins.plugins.bitbucket.api.credentials.BitbucketClientCertificateAuthenticatorSource
6359:             1             24  com.cloudbees.jenkins.plugins.bitbucket.api.credentials.BitbucketOAuthAuthenticatorSource
6360:             1             24  com.cloudbees.jenkins.plugins.bitbucket.api.credentials.BitbucketUsernamePasswordAuthenticator
6361:             1             24  com.cloudbees.jenkins.plugins.bitbucket.api.credentials.BitbucketUsernamePasswordAuthenticatorSource
6362:             1             24  com.cloudbees.jenkins.plugins.bitbucket.avatars.AvatarCacheSource$AvatarImage
6363:             1             24  com.cloudbees.plugins.credentials.CredentialsScope$1
6364:             1             24  com.cloudbees.plugins.credentials.CredentialsScope$2
6365:             1             24  com.cloudbees.plugins.credentials.CredentialsScope$3
6366:             1             24  com.cloudbees.plugins.credentials.SystemCredentialsProvider
6367:             1             24  com.cloudbees.plugins.credentials.SystemCredentialsProvider$StoreImpl
6368:             1             24  com.cloudbees.syslog.util.InternalLogger
6369:             1             24  com.cloudbees.syslog.util.InternalLogger
6370:             1             24  com.coravy.hudson.plugins.github.GithubLinkAnnotator$LinkMarkup
6371:             1             24  com.fasterxml.jackson.annotation.JsonFormat$Features
6372:             1             24  com.fasterxml.jackson.annotation.JsonIgnoreProperties$Value
6373:             1             24  com.fasterxml.jackson.annotation.JsonSetter$Value
6374:             1             24  com.fasterxml.jackson.core.util.DefaultIndenter
6375:             1             24  com.fasterxml.jackson.core.util.MinimalPrettyPrinter
6376:             1             24  com.fasterxml.jackson.core.util.Separators
6377:             1             24  com.fasterxml.jackson.databind.AnnotationIntrospector$ReferenceProperty
6378:             1             24  com.fasterxml.jackson.databind.ObjectWriter$Prefetch
6379:             1             24  com.fasterxml.jackson.databind.cfg.ContextAttributes$Impl
6380:             1             24  com.fasterxml.jackson.databind.cfg.SerializerFactoryConfig
6381:             1             24  com.fasterxml.jackson.databind.deser.impl.FailingDeserializer
6382:             1             24  com.fasterxml.jackson.databind.deser.std.JsonNodeDeserializer
6383:             1             24  com.fasterxml.jackson.databind.deser.std.JsonNodeDeserializer$ObjectDeserializer
6384:             1             24  com.fasterxml.jackson.databind.deser.std.NumberDeserializers$NumberDeserializer
6385:             1             24  com.fasterxml.jackson.databind.deser.std.StringDeserializer
6386:             1             24  com.fasterxml.jackson.databind.deser.std.UntypedObjectDeserializer$Vanilla
6387:             1             24  com.fasterxml.jackson.databind.introspect.AnnotationCollector$OneAnnotation
6388:             1             24  com.fasterxml.jackson.databind.introspect.JacksonAnnotationIntrospector
6389:             1             24  com.fasterxml.jackson.databind.ser.impl.FailingSerializer
6390:             1             24  com.fasterxml.jackson.databind.ser.impl.IndexedStringListSerializer
6391:             1             24  com.fasterxml.jackson.databind.ser.std.EnumSerializer
6392:             1             24  com.github.benmanes.caffeine.cache.DisabledBuffer
6393:             1             24  com.github.benmanes.caffeine.cache.DisabledScheduler
6394:             1             24  com.github.benmanes.caffeine.cache.DisabledTicker
6395:             1             24  com.github.benmanes.caffeine.cache.DisabledWriter
6396:             1             24  com.github.benmanes.caffeine.cache.RemovalCause$1
6397:             1             24  com.github.benmanes.caffeine.cache.RemovalCause$2
6398:             1             24  com.github.benmanes.caffeine.cache.RemovalCause$3
6399:             1             24  com.github.benmanes.caffeine.cache.RemovalCause$4
6400:             1             24  com.github.benmanes.caffeine.cache.RemovalCause$5
6401:             1             24  com.github.benmanes.caffeine.cache.SingletonWeigher
6402:             1             24  com.github.benmanes.caffeine.cache.SystemTicker
6403:             1             24  com.google.common.base.Predicates$ObjectPredicate$1
6404:             1             24  com.google.common.base.Predicates$ObjectPredicate$2
6405:             1             24  com.google.common.base.Predicates$ObjectPredicate$3
6406:             1             24  com.google.common.base.Predicates$ObjectPredicate$4
6407:             1             24  com.google.common.cache.CacheBuilder$NullListener
6408:             1             24  com.google.common.cache.CacheBuilder$OneWeigher
6409:             1             24  com.google.common.cache.LocalCache$EntryFactory$1
6410:             1             24  com.google.common.cache.LocalCache$EntryFactory$2
6411:             1             24  com.google.common.cache.LocalCache$EntryFactory$3
6412:             1             24  com.google.common.cache.LocalCache$EntryFactory$4
6413:             1             24  com.google.common.cache.LocalCache$EntryFactory$5
6414:             1             24  com.google.common.cache.LocalCache$EntryFactory$6
6415:             1             24  com.google.common.cache.LocalCache$EntryFactory$7
6416:             1             24  com.google.common.cache.LocalCache$EntryFactory$8
6417:             1             24  com.google.common.cache.LocalCache$NullEntry
6418:             1             24  com.google.common.cache.LocalCache$Strength$1
6419:             1             24  com.google.common.cache.LocalCache$Strength$2
6420:             1             24  com.google.common.cache.LocalCache$Strength$3
6421:             1             24  com.google.common.cache.RemovalCause$1
6422:             1             24  com.google.common.cache.RemovalCause$2
6423:             1             24  com.google.common.cache.RemovalCause$3
6424:             1             24  com.google.common.cache.RemovalCause$4
6425:             1             24  com.google.common.cache.RemovalCause$5
6426:             1             24  com.google.common.collect.AbstractMapBasedMultiset$MapBasedElementSet
6427:             1             24  com.google.common.collect.ByFunctionOrdering
6428:             1             24  com.google.common.collect.EmptyImmutableSortedSet
6429:             1             24  com.google.common.collect.RegularImmutableMap$EntrySet
6430:             1             24  com.google.common.collect.Sets$SetFromMap
6431:             1             24  com.google.gson.FieldNamingPolicy$1
6432:             1             24  com.google.gson.FieldNamingPolicy$1
6433:             1             24  com.google.gson.FieldNamingPolicy$2
6434:             1             24  com.google.gson.FieldNamingPolicy$2
6435:             1             24  com.google.gson.FieldNamingPolicy$3
6436:             1             24  com.google.gson.FieldNamingPolicy$3
6437:             1             24  com.google.gson.FieldNamingPolicy$4
6438:             1             24  com.google.gson.FieldNamingPolicy$4
6439:             1             24  com.google.gson.FieldNamingPolicy$5
6440:             1             24  com.google.gson.FieldNamingPolicy$5
6441:             1             24  com.google.gson.FieldNamingPolicy$6
6442:             1             24  com.google.gson.LongSerializationPolicy$1
6443:             1             24  com.google.gson.LongSerializationPolicy$1
6444:             1             24  com.google.gson.LongSerializationPolicy$2
6445:             1             24  com.google.gson.LongSerializationPolicy$2
6446:             1             24  com.google.gson.internal.ConstructorConstructor
6447:             1             24  com.google.gson.internal.bind.MapTypeAdapterFactory
6448:             1             24  com.google.gson.internal.bind.TypeAdapters$30
6449:             1             24  com.google.gson.internal.bind.TypeAdapters$34
6450:             1             24  com.google.gson.reflect.TypeToken
6451:             1             24  com.google.inject.Key$NullAnnotationStrategy
6452:             1             24  com.google.inject.internal.BytecodeGen$Visibility$1
6453:             1             24  com.google.inject.internal.BytecodeGen$Visibility$2
6454:             1             24  com.google.inject.internal.ConstructorInjectorStore
6455:             1             24  com.google.inject.internal.ConstructorInjectorStore$1
6456:             1             24  com.google.inject.internal.CycleDetectingLock$CycleDetectingLockFactory
6457:             1             24  com.google.inject.internal.InjectorImpl$InjectorOptions
6458:             1             24  com.google.inject.internal.MembersInjectorStore
6459:             1             24  com.google.inject.internal.MembersInjectorStore$1
6460:             1             24  com.google.inject.internal.ProvisionListenerCallbackStore
6461:             1             24  com.google.inject.internal.WeakKeySet
6462:             1             24  com.google.inject.internal.cglib.core.$EmitUtils$ArrayDelimiters
6463:             1             24  com.google.inject.internal.cglib.core.$MethodWrapper$MethodWrapperKey$$$KeyFactoryByCGLIB$$e23ecb5d
6464:             1             24  com.google.inject.internal.util.SourceProvider
6465:             1             24  com.google.inject.spi.ProvisionListenerBinding
6466:             1             24  com.google.inject.spi.TypeListenerBinding
6467:             1             24  com.sun.akuma.JavaVMArguments
6468:             1             24  com.sun.beans.util.Cache$Kind$1
6469:             1             24  com.sun.beans.util.Cache$Kind$2
6470:             1             24  com.sun.beans.util.Cache$Kind$3
6471:             1             24  com.sun.crypto.provider.TlsMasterSecretGenerator$TlsMasterSecretKey
6472:             1             24  com.sun.imageio.spi.FileImageInputStreamSpi
6473:             1             24  com.sun.imageio.spi.FileImageOutputStreamSpi
6474:             1             24  com.sun.imageio.spi.InputStreamImageInputStreamSpi
6475:             1             24  com.sun.imageio.spi.OutputStreamImageOutputStreamSpi
6476:             1             24  com.sun.imageio.spi.RAFImageInputStreamSpi
6477:             1             24  com.sun.imageio.spi.RAFImageOutputStreamSpi
6478:             1             24  com.sun.jmx.mbeanserver.ClassLoaderRepositorySupport
6479:             1             24  com.sun.jmx.mbeanserver.MXBeanLookup
6480:             1             24  com.sun.jmx.mbeanserver.StandardMBeanSupport
6481:             1             24  com.sun.jmx.remote.util.ClassLogger
6482:             1             24  com.sun.jna.Structure$3
6483:             1             24  com.sun.jna.WeakMemoryHolder
6484:             1             24  com.sun.jndi.ldap.ManageReferralControl
6485:             1             24  com.sun.org.apache.xerces.internal.impl.Constants$ArrayEnumeration
6486:             1             24  com.sun.org.apache.xerces.internal.parsers.AbstractSAXParser$LocatorProxy
6487:             1             24  com.sun.org.apache.xml.internal.serializer.Encodings$EncodingInfos
6488:             1             24  com.vmware.vim25.ManagedObjectReference
6489:             1             24  com.zaxxer.hikari.pool.HikariPool$HouseKeeper
6490:             1             24  com.zaxxer.hikari.pool.ProxyLeakTaskFactory
6491:             1             24  com.zaxxer.hikari.util.DriverDataSource
6492:             1             24  eaasPwsh
6493:             1             24  getStartedBy
6494:             1             24  groovy.json.internal.FastStringUtils$StringImplementation$1
6495:             1             24  groovy.json.internal.FastStringUtils$StringImplementation$2
6496:             1             24  groovy.json.internal.FastStringUtils$StringImplementation$3
6497:             1             24  groovy.lang.GString$1
6498:             1             24  hudson.ClassicPluginStrategy
6499:             1             24  hudson.FilePath$TarCompression$1
6500:             1             24  hudson.FilePath$TarCompression$2
6501:             1             24  hudson.PluginManager$PluginCycleDependenciesMonitor
6502:             1             24  hudson.PluginManager$PluginUpdateMonitor
6503:             1             24  hudson.PluginWrapper$PluginWrapperAdministrativeMonitor
6504:             1             24  hudson.WebAppMain
6505:             1             24  hudson.diagnosis.HudsonHomeDiskUsageMonitor
6506:             1             24  hudson.diagnosis.NullIdDescriptorMonitor
6507:             1             24  hudson.diagnosis.OldDataMonitor
6508:             1             24  hudson.lifecycle.UnixLifecycle
6509:             1             24  hudson.model.Computer$2
6510:             1             24  hudson.model.Fingerprint$3
6511:             1             24  hudson.model.Hudson$CloudList
6512:             1             24  hudson.model.LoadBalancer$2
6513:             1             24  hudson.model.PaneStatusProperties$PaneStatusPropertiesSessionFallback
6514:             1             24  hudson.model.Queue$2
6515:             1             24  hudson.model.Queue$Saver
6516:             1             24  hudson.model.ResourceList
6517:             1             24  hudson.model.StreamBuildListener
6518:             1             24  hudson.model.UserIdMapper
6519:             1             24  hudson.model.labels.LabelAtom$LabelAtomConverter
6520:             1             24  hudson.node_monitors.DiskSpaceMonitor
6521:             1             24  hudson.node_monitors.MonitorMarkedNodeOffline
6522:             1             24  hudson.node_monitors.TemporarySpaceMonitor
6523:             1             24  hudson.plugins.ec2.PluginImpl
6524:             1             24  hudson.plugins.ec2.ebs.ZPoolExpandNotice
6525:             1             24  hudson.plugins.ec2.ssh.verifiers.SshHostKeyVerificationAdministrativeMonitor
6526:             1             24  hudson.plugins.ec2.win.SelfSignedCertificateAllowedMonitor
6527:             1             24  hudson.plugins.git.GitTool
6528:             1             24  hudson.plugins.git.RemoteConfigConverter
6529:             1             24  hudson.plugins.greenballs.ColorBlindProperty
6530:             1             24  hudson.plugins.greenballs.PluginImpl
6531:             1             24  hudson.plugins.jobConfigHistory.ComputerConfigHistoryAction
6532:             1             24  hudson.plugins.jobConfigHistory.JobLocalConfiguration
6533:             1             24  hudson.plugins.jobConfigHistory.MimickedUser
6534:             1             24  hudson.plugins.mercurial.MercurialSCM$RevisionType$1
6535:             1             24  hudson.plugins.mercurial.MercurialSCM$RevisionType$2
6536:             1             24  hudson.plugins.mercurial.MercurialSCM$RevisionType$3
6537:             1             24  hudson.plugins.mercurial.MercurialSCM$RevisionType$4
6538:             1             24  hudson.plugins.parameterizedtrigger.ResultCondition$1
6539:             1             24  hudson.plugins.parameterizedtrigger.ResultCondition$2
6540:             1             24  hudson.plugins.parameterizedtrigger.ResultCondition$3
6541:             1             24  hudson.plugins.parameterizedtrigger.ResultCondition$4
6542:             1             24  hudson.plugins.parameterizedtrigger.ResultCondition$5
6543:             1             24  hudson.plugins.parameterizedtrigger.ResultCondition$6
6544:             1             24  hudson.plugins.parameterizedtrigger.ResultCondition$7
6545:             1             24  hudson.plugins.sonar.SonarRunnerInstaller
6546:             1             24  hudson.remoting.Channel$Mode$1
6547:             1             24  hudson.remoting.NamingThreadFactory
6548:             1             24  hudson.security.HttpSessionContextIntegrationFilter2
6549:             1             24  hudson.security.HudsonFilter
6550:             1             24  hudson.security.LDAPSecurityRealm$LDAPAuthenticationManager
6551:             1             24  hudson.security.ProjectMatrixAuthorizationStrategy
6552:             1             24  hudson.security.SecurityRealm$None
6553:             1             24  hudson.security.SecurityRealm$SecurityComponents
6554:             1             24  hudson.security.csrf.DefaultCrumbIssuer
6555:             1             24  hudson.slaves.ChannelPinger
6556:             1             24  hudson.slaves.EnvironmentVariablesNodeProperty
6557:             1             24  hudson.slaves.OfflineCause$LaunchFailed
6558:             1             24  hudson.tasks.BuildStep$PublisherList
6559:             1             24  hudson.tasks.BuildStepMonitor$1
6560:             1             24  hudson.tasks.BuildStepMonitor$2
6561:             1             24  hudson.tasks.BuildStepMonitor$3
6562:             1             24  hudson.tasks.Shell
6563:             1             24  hudson.triggers.SCMTrigger$AdministrativeMonitorImpl
6564:             1             24  hudson.triggers.SlowTriggerAdminMonitor
6565:             1             24  hudson.util.PluginServletFilter
6566:             1             24  hudson.util.RingBufferLogHandler$1
6567:             1             24  initEnvironnement
6568:             1             24  io.github.stephenc.crypto.sscg.internal.bc.asn1.DERSequence
6569:             1             24  io.github.stephenc.crypto.sscg.internal.bc.asn1.DERSet
6570:             1             24  io.github.stephenc.crypto.sscg.internal.bc.asn1.x500.style.BCStyle
6571:             1             24  io.jenkins.blueocean.commons.stapler.export.Flavor$1
6572:             1             24  io.jenkins.blueocean.commons.stapler.export.Flavor$2
6573:             1             24  io.jenkins.blueocean.commons.stapler.export.Range
6574:             1             24  io.jenkins.blueocean.dev.RunBundleWatches$1
6575:             1             24  io.jenkins.blueocean.rest.ApiHead
6576:             1             24  io.jenkins.blueocean.rest.factory.BlueTestResultFactory$Result
6577:             1             24  io.jenkins.blueocean.rest.impl.pipeline.PipelineImpl
6578:             1             24  io.jenkins.blueocean.service.embedded.BlueOceanRootAction
6579:             1             24  io.jenkins.blueocean.service.embedded.rest.OrganizationImpl
6580:             1             24  io.jenkins.plugins.analysis.warnings.PyLint$PyLintDescriptions
6581:             1             24  io.jenkins.plugins.casc.ConfigurationContext$Version
6582:             1             24  io.jenkins.plugins.casc.ObsoleteConfigurationMonitor
6583:             1             24  io.keen.client.java.KeenClient$ClientSingleton
6584:             1             24  java.lang.ProcessEnvironment$StringEnvironment
6585:             1             24  java.lang.invoke.DirectMethodHandle$EnsureInitialized
6586:             1             24  java.lang.invoke.MethodHandleImpl$4
6587:             1             24  java.lang.invoke.MethodHandleImpl$ArrayAccessor$1
6588:             1             24  java.lang.invoke.MethodHandleImpl$BindCaller$1
6589:             1             24  java.lang.invoke.MethodType$ConcurrentWeakInternSet
6590:             1             24  java.lang.invoke.SwitchPoint
6591:             1             24  java.math.MutableBigInteger
6592:             1             24  java.net.Inet4AddressImpl
6593:             1             24  java.net.InetAddress
6594:             1             24  java.net.Proxy
6595:             1             24  java.net.ServerSocket
6596:             1             24  java.nio.file.FileVisitOption
6597:             1             24  java.nio.file.LinkOption
6598:             1             24  java.security.AllPermissionCollection
6599:             1             24  java.sql.DriverInfo
6600:             1             24  java.time.Period
6601:             1             24  java.time.format.DecimalStyle
6602:             1             24  java.time.temporal.IsoFields$Field$1
6603:             1             24  java.time.temporal.IsoFields$Field$2
6604:             1             24  java.time.temporal.IsoFields$Field$3
6605:             1             24  java.time.temporal.IsoFields$Field$4
6606:             1             24  java.time.zone.TzdbZoneRulesProvider
6607:             1             24  java.util.Collections$EmptyMap
6608:             1             24  java.util.Collections$SynchronizedList
6609:             1             24  java.util.Comparator$$Lambda$320/1812002791
6610:             1             24  java.util.Comparators$NaturalOrderComparator
6611:             1             24  java.util.Comparators$NullComparator
6612:             1             24  java.util.Locale$Cache
6613:             1             24  java.util.OptionalInt
6614:             1             24  java.util.ResourceBundle$Control$CandidateListCache
6615:             1             24  java.util.Vector$1
6616:             1             24  java.util.concurrent.Executors$DelegatedScheduledExecutorService
6617:             1             24  java.util.concurrent.SynchronousQueue$TransferQueue
6618:             1             24  java.util.concurrent.TimeUnit$1
6619:             1             24  java.util.concurrent.TimeUnit$2
6620:             1             24  java.util.concurrent.TimeUnit$3
6621:             1             24  java.util.concurrent.TimeUnit$4
6622:             1             24  java.util.concurrent.TimeUnit$5
6623:             1             24  java.util.concurrent.TimeUnit$6
6624:             1             24  java.util.concurrent.TimeUnit$7
6625:             1             24  java.util.logging.LogManager$LoggerContext
6626:             1             24  java.util.logging.LoggingPermission
6627:             1             24  java.util.regex.Pattern$Bound
6628:             1             24  javaposse.jobdsl.plugin.actions.ApiViewerRootAction$1
6629:             1             24  javax.crypto.CryptoAllPermissionCollection
6630:             1             24  javax.imageio.ImageIO$CacheInfo
6631:             1             24  javax.management.NotificationBroadcasterSupport
6632:             1             24  javax.net.ssl.SNIHostName
6633:             1             24  javax.xml.bind.JAXBPermission
6634:             1             24  jenkins.branch.BranchSource
6635:             1             24  jenkins.branch.MultiBranchProject$BranchSourceList
6636:             1             24  jenkins.branch.MultiBranchProject$State
6637:             1             24  jenkins.branch.NoTriggerOrganizationFolderProperty
6638:             1             24  jenkins.branch.OrganizationChildHealthMetricsProperty
6639:             1             24  jenkins.branch.OrganizationChildOrphanedItemsProperty
6640:             1             24  jenkins.branch.OrganizationChildTriggersProperty
6641:             1             24  jenkins.branch.OrganizationFolder$State
6642:             1             24  jenkins.branch.PropertyMigration$MonitorImpl
6643:             1             24  jenkins.branch.WorkspaceLocatorImpl
6644:             1             24  jenkins.diagnosis.HsErrPidList
6645:             1             24  jenkins.install.InstallState$1
6646:             1             24  jenkins.install.InstallState$2
6647:             1             24  jenkins.install.InstallState$3
6648:             1             24  jenkins.install.InstallState$4
6649:             1             24  jenkins.install.InstallState$5
6650:             1             24  jenkins.install.InstallState$6
6651:             1             24  jenkins.install.InstallState$ConfigureInstance
6652:             1             24  jenkins.install.InstallState$CreateAdminUser
6653:             1             24  jenkins.install.InstallState$Downgrade
6654:             1             24  jenkins.install.InstallState$InitialSecuritySetup
6655:             1             24  jenkins.install.InstallState$InitialSetupCompleted
6656:             1             24  jenkins.install.InstallState$Restart
6657:             1             24  jenkins.install.InstallState$Unknown
6658:             1             24  jenkins.install.UpgradeWizard
6659:             1             24  jenkins.model.Jenkins$1
6660:             1             24  jenkins.model.Jenkins$2
6661:             1             24  jenkins.model.Jenkins$EnforceSlaveAgentPortAdministrativeMonitor
6662:             1             24  jenkins.model.Nodes
6663:             1             24  jenkins.model.TransientActionFactory$1$1
6664:             1             24  jenkins.model.TransientActionFactory$1$2
6665:             1             24  jenkins.model.Uptime
6666:             1             24  jenkins.model.queue.ItemDeletion
6667:             1             24  jenkins.plugins.coverity.CoverityToolInstallation
6668:             1             24  jenkins.plugins.coverity.SSLConfigurations
6669:             1             24  jenkins.plugins.git.GitBranchSCMHead$SCMHeadMigrationImpl
6670:             1             24  jenkins.plugins.logstash.persistence.LogstashIndexerDao$SyslogProtocol
6671:             1             24  jenkins.plugins.logstash.utils.URIConverter
6672:             1             24  jenkins.scm.impl.NullSCMSource
6673:             1             24  jenkins.scm.impl.trait.WildcardSCMHeadFilterTrait
6674:             1             24  jenkins.security.BasicHeaderProcessor
6675:             1             24  jenkins.security.ClassFilterImpl
6676:             1             24  jenkins.security.DefaultConfidentialStore
6677:             1             24  jenkins.security.ImpersonatingScheduledExecutorService
6678:             1             24  jenkins.security.UserDetailsCache
6679:             1             24  jenkins.security.s2m.AdminCallableMonitor
6680:             1             24  jenkins.security.s2m.CallableRejectionConfig
6681:             1             24  jenkins.security.s2m.CallableWhitelistConfig
6682:             1             24  jenkins.security.s2m.FilePathRuleConfig
6683:             1             24  jenkins.security.s2m.MasterKillSwitchWarning
6684:             1             24  jenkins.security.stapler.StaplerDispatchValidator$ValidatorCache
6685:             1             24  jenkins.slaves.DefaultJnlpSlaveReceiver$State
6686:             1             24  jenkins.telemetry.impl.java11.MissingClassEvents
6687:             1             24  jenkins.triggers.ReverseBuildTrigger$RunListenerImpl
6688:             1             24  net.minidev.json.reader.JsonWriter
6689:             1             24  net.minidev.json.writer.JsonReader
6690:             1             24  net.sf.ezmorph.array.BooleanArrayMorpher
6691:             1             24  net.sf.ezmorph.array.ByteArrayMorpher
6692:             1             24  net.sf.ezmorph.array.CharArrayMorpher
6693:             1             24  net.sf.ezmorph.array.DoubleArrayMorpher
6694:             1             24  net.sf.ezmorph.array.FloatArrayMorpher
6695:             1             24  net.sf.ezmorph.array.IntArrayMorpher
6696:             1             24  net.sf.ezmorph.array.LongArrayMorpher
6697:             1             24  net.sf.ezmorph.array.ShortArrayMorpher
6698:             1             24  net.sf.ezmorph.primitive.BooleanMorpher
6699:             1             24  net.sf.ezmorph.primitive.ByteMorpher
6700:             1             24  net.sf.ezmorph.primitive.CharMorpher
6701:             1             24  net.sf.ezmorph.primitive.DoubleMorpher
6702:             1             24  net.sf.ezmorph.primitive.FloatMorpher
6703:             1             24  net.sf.ezmorph.primitive.IntMorpher
6704:             1             24  net.sf.ezmorph.primitive.LongMorpher
6705:             1             24  net.sf.ezmorph.primitive.ShortMorpher
6706:             1             24  net.sf.saxon.expr.parser.ExplicitLocation
6707:             1             24  net.sf.saxon.om.FingerprintedQName
6708:             1             24  net.sf.saxon.type.AnySimpleType
6709:             1             24  net.sf.saxon.type.AnyType
6710:             1             24  net.sf.saxon.type.StringConverter$StringToName
6711:             1             24  net.sf.saxon.type.Untyped
6712:             1             24  net.sourceforge.pmd.lang.java.metrics.impl.NcssMetric$NcssOption
6713:             1             24  net.sourceforge.pmd.properties.BooleanMultiProperty$1
6714:             1             24  net.sourceforge.pmd.properties.BooleanProperty$1
6715:             1             24  net.sourceforge.pmd.properties.CharacterMultiProperty$1
6716:             1             24  net.sourceforge.pmd.properties.CharacterProperty$1
6717:             1             24  net.sourceforge.pmd.properties.DoubleMultiProperty$1
6718:             1             24  net.sourceforge.pmd.properties.DoubleProperty$1
6719:             1             24  net.sourceforge.pmd.properties.FloatMultiProperty$1
6720:             1             24  net.sourceforge.pmd.properties.FloatProperty$1
6721:             1             24  net.sourceforge.pmd.properties.IntegerMultiProperty$1
6722:             1             24  net.sourceforge.pmd.properties.IntegerProperty$1
6723:             1             24  net.sourceforge.pmd.properties.LongMultiProperty$1
6724:             1             24  net.sourceforge.pmd.properties.LongProperty$1
6725:             1             24  net.sourceforge.pmd.properties.RegexProperty$1
6726:             1             24  net.sourceforge.pmd.properties.StringMultiProperty$1
6727:             1             24  net.sourceforge.pmd.properties.StringProperty$1
6728:             1             24  net.sourceforge.pmd.properties.TypeMultiProperty$1
6729:             1             24  net.sourceforge.pmd.properties.TypeProperty$1
6730:             1             24  net.sourceforge.pmd.properties.modules.EnumeratedPropertyModule
6731:             1             24  okhttp3.CertificatePinner
6732:             1             24  okhttp3.internal.Util$$Lambda$185/2033757770
6733:             1             24  okhttp3.internal.Util$$Lambda$344/1476596503
6734:             1             24  okhttp3.internal.Util$2
6735:             1             24  okio.Buffer
6736:             1             24  okio.Buffer
6737:             1             24  okio.Buffer
6738:             1             24  okio.Options
6739:             1             24  okio.Options
6740:             1             24  org.acegisecurity.ui.rememberme.RememberMeProcessingFilter
6741:             1             24  org.apache.commons.beanutils.BeanUtilsBean$1
6742:             1             24  org.apache.commons.beanutils.WrapDynaClass$1
6743:             1             24  org.apache.commons.jelly.tags.xml.XMLTagLibrary
6744:             1             24  org.apache.commons.logging.impl.SLF4JLogFactory
6745:             1             24  org.apache.commons.text.lookup.InterpolatorStringLookup
6746:             1             24  org.apache.http.auth.UsernamePasswordCredentials
6747:             1             24  org.apache.http.client.protocol.ResponseContentEncoding
6748:             1             24  org.apache.http.config.MessageConstraints
6749:             1             24  org.apache.http.config.MessageConstraints
6750:             1             24  org.apache.http.conn.ssl.DefaultHostnameVerifier
6751:             1             24  org.apache.http.conn.util.PublicSuffixMatcher
6752:             1             24  org.apache.http.conn.util.PublicSuffixMatcher
6753:             1             24  org.apache.http.impl.client.BasicCookieStore
6754:             1             24  org.apache.http.impl.client.DefaultHttpRequestRetryHandler
6755:             1             24  org.apache.http.impl.client.DefaultRedirectStrategy
6756:             1             24  org.apache.http.impl.client.HttpClientBuilder$2
6757:             1             24  org.apache.http.impl.client.ProxyAuthenticationStrategy
6758:             1             24  org.apache.http.impl.client.ProxyAuthenticationStrategy
6759:             1             24  org.apache.http.impl.client.TargetAuthenticationStrategy
6760:             1             24  org.apache.http.impl.client.TargetAuthenticationStrategy
6761:             1             24  org.apache.http.impl.conn.DefaultHttpResponseParserFactory
6762:             1             24  org.apache.http.impl.conn.DefaultHttpResponseParserFactory
6763:             1             24  org.apache.http.impl.conn.PoolingHttpClientConnectionManager$InternalConnectionFactory
6764:             1             24  org.apache.http.impl.cookie.DefaultCookieSpec
6765:             1             24  org.apache.http.impl.cookie.NetscapeDraftSpecProvider
6766:             1             24  org.apache.http.impl.cookie.RFC2109Spec
6767:             1             24  org.apache.http.impl.cookie.RFC2965Spec
6768:             1             24  org.apache.http.impl.execchain.ProtocolExec
6769:             1             24  org.apache.http.impl.execchain.RetryExec
6770:             1             24  org.apache.ivy.core.install.InstallEngine
6771:             1             24  org.apache.ivy.core.publish.PublishEngine
6772:             1             24  org.apache.ivy.core.retrieve.RetrieveEngine
6773:             1             24  org.apache.ivy.core.settings.IvyVariableContainerImpl
6774:             1             24  org.apache.ivy.plugins.circular.IgnoreCircularDependencyStrategy
6775:             1             24  org.apache.ivy.plugins.circular.WarnCircularDependencyStrategy
6776:             1             24  org.apache.ivy.plugins.conflict.NoConflictManager
6777:             1             24  org.apache.ivy.plugins.conflict.StrictConflictManager
6778:             1             24  org.apache.ivy.plugins.latest.LatestLexicographicStrategy
6779:             1             24  org.apache.ivy.plugins.latest.LatestTimeStrategy
6780:             1             24  org.apache.ivy.plugins.lock.FileBasedLockStrategy$NIOFileLocker
6781:             1             24  org.apache.ivy.plugins.lock.NoLockStrategy
6782:             1             24  org.apache.oro.text.regex.CharStringPointer
6783:             1             24  org.apache.tools.ant.Location
6784:             1             24  org.apache.tools.ant.PropertyHelper$1
6785:             1             24  org.apache.tools.ant.PropertyHelper$2
6786:             1             24  org.apache.tools.ant.taskdefs.Zip$UnicodeExtraField
6787:             1             24  org.apache.tools.ant.types.selectors.TokenizedPath
6788:             1             24  org.apache.tools.ant.types.selectors.TokenizedPattern
6789:             1             24  org.apache.tools.ant.util.FileUtils
6790:             1             24  org.apache.xerces.impl.Constants$ArrayEnumeration
6791:             1             24  org.bouncycastle.jcajce.provider.asymmetric.edec.KeyFactorySpi$ED25519
6792:             1             24  org.bouncycastle.jcajce.provider.asymmetric.edec.KeyFactorySpi$ED448
6793:             1             24  org.bouncycastle.jcajce.provider.asymmetric.edec.KeyFactorySpi$X25519
6794:             1             24  org.bouncycastle.jcajce.provider.asymmetric.edec.KeyFactorySpi$X448
6795:             1             24  org.bouncycastle.util.encoders.HexEncoder
6796:             1             24  org.codehaus.groovy.control.io.NullWriter
6797:             1             24  org.codehaus.groovy.reflection.GroovyClassValuePreJava7
6798:             1             24  org.codehaus.groovy.runtime.GroovyCategorySupport$MyThreadLocal
6799:             1             24  org.codehaus.groovy.transform.stc.StaticTypeCheckingSupport$ExtensionMethodCache
6800:             1             24  org.codehaus.groovy.util.LazyReference$1
6801:             1             24  org.codehaus.groovy.util.LazyReference$2
6802:             1             24  org.codehaus.groovy.util.ReferenceType$1
6803:             1             24  org.codehaus.groovy.util.ReferenceType$2
6804:             1             24  org.codehaus.groovy.util.ReferenceType$3
6805:             1             24  org.codehaus.groovy.util.ReferenceType$4
6806:             1             24  org.codehaus.groovy.util.TripleKeyHashMap
6807:             1             24  org.csanchez.jenkins.plugins.kubernetes.KubernetesFolderProperty
6808:             1             24  org.csanchez.jenkins.plugins.kubernetes.pod.retention.Reaper
6809:             1             24  org.dom4j.DocumentFactory
6810:             1             24  org.eclipse.jetty.http.HttpGenerator$1
6811:             1             24  org.eclipse.jetty.server.AbstractConnector$Acceptor
6812:             1             24  org.eclipse.jetty.server.Server$DateField
6813:             1             24  org.eclipse.jetty.servlet.NoJspServlet
6814:             1             24  org.eclipse.jetty.util.IO$NullWrite
6815:             1             24  org.eclipse.jetty.util.Uptime$DefaultImpl
6816:             1             24  org.eclipse.jetty.util.component.DumpableCollection
6817:             1             24  org.eclipse.jetty.xml.XmlParser$NoopHandler
6818:             1             24  org.eclipse.jgit.internal.storage.file.ObjectDirectory$PackList
6819:             1             24  org.eclipse.jgit.lib.FileMode$1
6820:             1             24  org.eclipse.jgit.lib.FileMode$2
6821:             1             24  org.eclipse.jgit.lib.FileMode$3
6822:             1             24  org.eclipse.jgit.lib.FileMode$4
6823:             1             24  org.eclipse.jgit.lib.FileMode$5
6824:             1             24  org.eclipse.jgit.lib.FileMode$6
6825:             1             24  org.eclipse.jgit.revwalk.AbstractRevQueue$AlwaysEmptyQueue
6826:             1             24  org.eclipse.jgit.util.RefList
6827:             1             24  org.h2.engine.Engine
6828:             1             24  org.h2.mvstore.FreeSpaceBitSet
6829:             1             24  org.h2.mvstore.WriteBuffer
6830:             1             24  org.h2.mvstore.cache.FilePathCache
6831:             1             24  org.h2.mvstore.type.ObjectDataType$IntegerType
6832:             1             24  org.h2.mvstore.type.ObjectDataType$LongType
6833:             1             24  org.h2.store.fs.FilePathAsync
6834:             1             24  org.h2.store.fs.FilePathNio
6835:             1             24  org.h2.store.fs.FilePathNioMapped
6836:             1             24  org.h2.store.fs.FilePathNioMem
6837:             1             24  org.h2.store.fs.FilePathNioMemLZF
6838:             1             24  org.h2.store.fs.FilePathRetryOnInterrupt
6839:             1             24  org.h2.store.fs.FilePathSplit
6840:             1             24  org.h2.value.CompareMode
6841:             1             24  org.jboss.marshalling.reflect.SerializableClassRegistry$1
6842:             1             24  org.jenkinsci.bytecode.Kind$1
6843:             1             24  org.jenkinsci.bytecode.Kind$2
6844:             1             24  org.jenkinsci.bytecode.TransformationSpec
6845:             1             24  org.jenkinsci.main.modules.cli.auth.ssh.UserPropertyImpl
6846:             1             24  org.jenkinsci.plugins.credentialsbinding.impl.BindingStep$Execution2$Callback2
6847:             1             24  org.jenkinsci.plugins.credentialsbinding.impl.BindingStep$Filter
6848:             1             24  org.jenkinsci.plugins.displayurlapi.user.PreferredProviderUserProperty$ProviderOption
6849:             1             24  org.jenkinsci.plugins.docker.commons.impl.ServerKeyMaterialFactoryFromDockerCredentials
6850:             1             24  org.jenkinsci.plugins.docker.commons.impl.UsernamePasswordDockerRegistryTokenSource
6851:             1             24  org.jenkinsci.plugins.docker.workflow.Docker
6852:             1             24  org.jenkinsci.plugins.docker.workflow.Docker
6853:             1             24  org.jenkinsci.plugins.docker.workflow.Docker
6854:             1             24  org.jenkinsci.plugins.docker.workflow.Docker
6855:             1             24  org.jenkinsci.plugins.docker.workflow.Docker
6856:             1             24  org.jenkinsci.plugins.docker.workflow.Docker
6857:             1             24  org.jenkinsci.plugins.docker.workflow.Docker
6858:             1             24  org.jenkinsci.plugins.docker.workflow.Docker
6859:             1             24  org.jenkinsci.plugins.docker.workflow.Docker
6860:             1             24  org.jenkinsci.plugins.docker.workflow.Docker
6861:             1             24  org.jenkinsci.plugins.docker.workflow.Docker
6862:             1             24  org.jenkinsci.plugins.github.admin.GitHubHookRegisterProblemMonitor
6863:             1             24  org.jenkinsci.plugins.github_branch_source.ApiRateLimitChecker$1
6864:             1             24  org.jenkinsci.plugins.github_branch_source.ApiRateLimitChecker$2
6865:             1             24  org.jenkinsci.plugins.github_branch_source.BranchSCMHead$MigrationImpl
6866:             1             24  org.jenkinsci.plugins.github_branch_source.PullRequestSCMHead$FixMetadataMigration
6867:             1             24  org.jenkinsci.plugins.github_branch_source.PullRequestSCMHead$FixOriginMigration
6868:             1             24  org.jenkinsci.plugins.kubernetes.tokensource.DockerServerCredentialsTokenSource
6869:             1             24  org.jenkinsci.plugins.kubernetes.tokensource.FileCredentialsTokenSource
6870:             1             24  org.jenkinsci.plugins.kubernetes.tokensource.StandardCertificateCredentialsTokenSource
6871:             1             24  org.jenkinsci.plugins.kubernetes.tokensource.StringCredentialsTokenSource
6872:             1             24  org.jenkinsci.plugins.kubernetes.tokensource.UsernamePasswordCredentialsTokenSource
6873:             1             24  org.jenkinsci.plugins.pipeline.maven.dao.PipelineMavenPluginH2Dao
6874:             1             24  org.jenkinsci.plugins.pipeline.maven.listeners.DatabaseSyncRunListener
6875:             1             24  org.jenkinsci.plugins.pipeline.maven.listeners.DownstreamPipelineTriggerRunListener
6876:             1             24  org.jenkinsci.plugins.pipeline.modeldefinition.ModelInterpreter
6877:             1             24  org.jenkinsci.plugins.pipeline.modeldefinition.ModelInterpreter
6878:             1             24  org.jenkinsci.plugins.pipeline.modeldefinition.ModelInterpreter
6879:             1             24  org.jenkinsci.plugins.pipeline.modeldefinition.ModelInterpreter
6880:             1             24  org.jenkinsci.plugins.pipeline.modeldefinition.ModelInterpreter
6881:             1             24  org.jenkinsci.plugins.pipeline.modeldefinition.ModelInterpreter
6882:             1             24  org.jenkinsci.plugins.pipeline.modeldefinition.ModelInterpreter
6883:             1             24  org.jenkinsci.plugins.pipeline.modeldefinition.ModelInterpreter
6884:             1             24  org.jenkinsci.plugins.pipeline.modeldefinition.ModelInterpreter
6885:             1             24  org.jenkinsci.plugins.pipeline.modeldefinition.ModelInterpreter
6886:             1             24  org.jenkinsci.plugins.pipeline.modeldefinition.ModelInterpreter
6887:             1             24  org.jenkinsci.plugins.pipeline.modeldefinition.ModelInterpreter
6888:             1             24  org.jenkinsci.plugins.pipeline.modeldefinition.agent.impl.LabelScript
6889:             1             24  org.jenkinsci.plugins.pipeline.modeldefinition.agent.impl.LabelScript
6890:             1             24  org.jenkinsci.plugins.pipeline.modeldefinition.agent.impl.LabelScript
6891:             1             24  org.jenkinsci.plugins.pipeline.modeldefinition.agent.impl.LabelScript
6892:             1             24  org.jenkinsci.plugins.pipeline.modeldefinition.agent.impl.LabelScript
6893:             1             24  org.jenkinsci.plugins.pipeline.modeldefinition.agent.impl.LabelScript
6894:             1             24  org.jenkinsci.plugins.pipeline.modeldefinition.agent.impl.LabelScript
6895:             1             24  org.jenkinsci.plugins.pipeline.modeldefinition.agent.impl.LabelScript
6896:             1             24  org.jenkinsci.plugins.pipeline.modeldefinition.agent.impl.LabelScript
6897:             1             24  org.jenkinsci.plugins.pipeline.modeldefinition.agent.impl.LabelScript
6898:             1             24  org.jenkinsci.plugins.pipeline.modeldefinition.agent.impl.LabelScript
6899:             1             24  org.jenkinsci.plugins.pipeline.modeldefinition.agent.impl.LabelScript
6900:             1             24  org.jenkinsci.plugins.pipeline.modeldefinition.causes.RestartDeclarativePipelineCause
6901:             1             24  org.jenkinsci.plugins.pipeline.utility.steps.shaded.org.yaml.snakeyaml.external.com.google.gdata.util.common.base.PercentEscaper
6902:             1             24  org.jenkinsci.plugins.resourcedisposer.AsyncResourceDisposer
6903:             1             24  org.jenkinsci.plugins.scriptsecurity.sandbox.groovy.GroovySandbox
6904:             1             24  org.jenkinsci.plugins.scriptsecurity.sandbox.groovy.GroovySandbox$$Lambda$329/1829942677
6905:             1             24  org.jenkinsci.plugins.scriptsecurity.sandbox.whitelists.AclAwareWhitelist
6906:             1             24  org.jenkinsci.plugins.scriptsecurity.sandbox.whitelists.AnnotatedWhitelist
6907:             1             24  org.jenkinsci.plugins.scriptsecurity.scripts.ApprovalContext
6908:             1             24  org.jenkinsci.plugins.sysloglogger.SyslogLoggerPlugin$SyslogTransport$1
6909:             1             24  org.jenkinsci.plugins.sysloglogger.SyslogLoggerPlugin$SyslogTransport$2
6910:             1             24  org.jenkinsci.plugins.sysloglogger.SyslogLoggerPlugin$SyslogTransport$3
6911:             1             24  org.jenkinsci.plugins.vSphereCloudRunListener
6912:             1             24  org.jenkinsci.plugins.vsphere.VSphereConnectionConfig
6913:             1             24  org.jenkinsci.plugins.vsphere.tools.CloudProvisioningState
6914:             1             24  org.jenkinsci.plugins.workflow.cps.CpsBodySubContext
6915:             1             24  org.jenkinsci.plugins.workflow.cps.CpsFlowExecution$ConverterImpl
6916:             1             24  org.jenkinsci.plugins.workflow.cps.GroovyClassLoaderWhitelist
6917:             1             24  org.jenkinsci.plugins.workflow.cps.global.UserDefinedGlobalVariableList
6918:             1             24  org.jenkinsci.plugins.workflow.flow.FlowExecutionList
6919:             1             24  org.jenkinsci.plugins.workflow.libs.FolderLibraries
6920:             1             24  org.jenkinsci.plugins.workflow.multibranch.WorkflowBranchProjectFactory
6921:             1             24  org.jenkinsci.plugins.workflow.support.storage.SimpleXStreamFlowNodeStorage$2
6922:             1             24  org.jenkinsci.plugins.workflow.support.storage.SimpleXStreamFlowNodeStorage$Tag
6923:             1             24  org.jenkinsci.remoting.protocol.cert.PublicKeyMatchingX509ExtendedTrustManager
6924:             1             24  org.jenkinsci.remoting.util.DirectByteBufferPool
6925:             1             24  org.jfrog.build.client.Version
6926:             1             24  org.jfrog.build.extractor.clientConfiguration.IncludeExcludePatterns
6927:             1             24  org.jfrog.hudson.ArtifactoryServer$ConverterImpl
6928:             1             24  org.jfrog.hudson.CredentialsConfig$ConverterImpl
6929:             1             24  org.jfrog.hudson.util.Credentials
6930:             1             24  org.joda.time.format.DateTimeFormatterBuilder$Fraction
6931:             1             24  org.kohsuke.stapler.Function$StaticFunction
6932:             1             24  org.kohsuke.stapler.SingleLinkedList
6933:             1             24  org.kohsuke.stapler.Stapler$1
6934:             1             24  org.kohsuke.stapler.Stapler$2
6935:             1             24  org.kohsuke.stapler.export.Flavor$1
6936:             1             24  org.kohsuke.stapler.export.Flavor$2
6937:             1             24  org.kohsuke.stapler.export.Flavor$3
6938:             1             24  org.kohsuke.stapler.export.Flavor$4
6939:             1             24  org.kohsuke.stapler.export.Flavor$5
6940:             1             24  org.kohsuke.stapler.export.Range
6941:             1             24  org.kohsuke.stapler.jelly.JellyFacet
6942:             1             24  org.kohsuke.stapler.jelly.ThisTagLibrary
6943:             1             24  org.owasp.html.HtmlElementTables$HtmlElementNames
6944:             1             24  org.owasp.html.HtmlPolicyBuilder$2$1
6945:             1             24  org.owasp.html.PolicyFactory
6946:             1             24  org.owasp.html.StylingPolicy
6947:             1             24  org.parboiled.common.Base64
6948:             1             24  org.parboiled.common.ImmutableLinkedList$IllIterator
6949:             1             24  org.slf4j.helpers.BasicMarker
6950:             1             24  org.slf4j.helpers.FormattingTuple
6951:             1             24  org.slf4j.helpers.SubstituteLoggerFactory
6952:             1             24  org.springframework.core.NamedInheritableThreadLocal
6953:             1             24  org.yaml.snakeyaml.external.com.google.gdata.util.common.base.PercentEscaper
6954:             1             24  ru.yandex.qatools.allure.jenkins.tools.AllureCommandlineInstallation
6955:             1             24  ru.yandex.qatools.allure.jenkins.tools.AllureCommandlineInstaller
6956:             1             24  runSuite
6957:             1             24  sun.awt.SunHints$LCDContrastKey
6958:             1             24  sun.font.FontConfigManager$FontConfigInfo
6959:             1             24  sun.launcher.LauncherHelper
6960:             1             24  sun.management.CompilationImpl
6961:             1             24  sun.management.MemoryImpl
6962:             1             24  sun.management.OperatingSystemImpl
6963:             1             24  sun.management.RuntimeImpl
6964:             1             24  sun.management.ThreadImpl
6965:             1             24  sun.management.VMManagementImpl
6966:             1             24  sun.net.ProgressMonitor
6967:             1             24  sun.net.sdp.SdpProvider
6968:             1             24  sun.net.www.MimeTable
6969:             1             24  sun.net.www.protocol.http.Handler
6970:             1             24  sun.net.www.protocol.jar.JarURLConnection$JarURLInputStream
6971:             1             24  sun.nio.ch.SharedFileLockTable
6972:             1             24  sun.nio.cs.CESU_8
6973:             1             24  sun.nio.cs.IBM437
6974:             1             24  sun.nio.cs.IBM737
6975:             1             24  sun.nio.cs.IBM775
6976:             1             24  sun.nio.cs.IBM850
6977:             1             24  sun.nio.cs.IBM852
6978:             1             24  sun.nio.cs.IBM855
6979:             1             24  sun.nio.cs.IBM857
6980:             1             24  sun.nio.cs.IBM858
6981:             1             24  sun.nio.cs.IBM862
6982:             1             24  sun.nio.cs.IBM866
6983:             1             24  sun.nio.cs.IBM874
6984:             1             24  sun.nio.cs.ISO_8859_1
6985:             1             24  sun.nio.cs.ISO_8859_13
6986:             1             24  sun.nio.cs.ISO_8859_15
6987:             1             24  sun.nio.cs.ISO_8859_2
6988:             1             24  sun.nio.cs.ISO_8859_4
6989:             1             24  sun.nio.cs.ISO_8859_5
6990:             1             24  sun.nio.cs.ISO_8859_7
6991:             1             24  sun.nio.cs.ISO_8859_9
6992:             1             24  sun.nio.cs.KOI8_R
6993:             1             24  sun.nio.cs.KOI8_U
6994:             1             24  sun.nio.cs.MS1250
6995:             1             24  sun.nio.cs.MS1251
6996:             1             24  sun.nio.cs.MS1252
6997:             1             24  sun.nio.cs.MS1253
6998:             1             24  sun.nio.cs.MS1254
6999:             1             24  sun.nio.cs.MS1257
7000:             1             24  sun.nio.cs.ThreadLocalCoders$1
7001:             1             24  sun.nio.cs.ThreadLocalCoders$2
7002:             1             24  sun.nio.cs.US_ASCII
7003:             1             24  sun.nio.cs.UTF_16
7004:             1             24  sun.nio.cs.UTF_16BE
7005:             1             24  sun.nio.cs.UTF_16LE
7006:             1             24  sun.nio.cs.UTF_16LE_BOM
7007:             1             24  sun.nio.cs.UTF_32
7008:             1             24  sun.nio.cs.UTF_32BE
7009:             1             24  sun.nio.cs.UTF_32BE_BOM
7010:             1             24  sun.nio.cs.UTF_32LE
7011:             1             24  sun.nio.cs.UTF_32LE_BOM
7012:             1             24  sun.nio.cs.UTF_8
7013:             1             24  sun.nio.cs.ext.Big5
7014:             1             24  sun.nio.cs.ext.Big5_HKSCS
7015:             1             24  sun.nio.cs.ext.Big5_HKSCS_2001
7016:             1             24  sun.nio.cs.ext.Big5_Solaris
7017:             1             24  sun.nio.cs.ext.COMPOUND_TEXT
7018:             1             24  sun.nio.cs.ext.EUC_CN
7019:             1             24  sun.nio.cs.ext.EUC_JP
7020:             1             24  sun.nio.cs.ext.EUC_JP_LINUX
7021:             1             24  sun.nio.cs.ext.EUC_JP_Open
7022:             1             24  sun.nio.cs.ext.EUC_TW
7023:             1             24  sun.nio.cs.ext.GB18030
7024:             1             24  sun.nio.cs.ext.GBK
7025:             1             24  sun.nio.cs.ext.IBM037
7026:             1             24  sun.nio.cs.ext.IBM1006
7027:             1             24  sun.nio.cs.ext.IBM1025
7028:             1             24  sun.nio.cs.ext.IBM1026
7029:             1             24  sun.nio.cs.ext.IBM1046
7030:             1             24  sun.nio.cs.ext.IBM1047
7031:             1             24  sun.nio.cs.ext.IBM1097
7032:             1             24  sun.nio.cs.ext.IBM1098
7033:             1             24  sun.nio.cs.ext.IBM1112
7034:             1             24  sun.nio.cs.ext.IBM1122
7035:             1             24  sun.nio.cs.ext.IBM1123
7036:             1             24  sun.nio.cs.ext.IBM1124
7037:             1             24  sun.nio.cs.ext.IBM1140
7038:             1             24  sun.nio.cs.ext.IBM1141
7039:             1             24  sun.nio.cs.ext.IBM1142
7040:             1             24  sun.nio.cs.ext.IBM1143
7041:             1             24  sun.nio.cs.ext.IBM1144
7042:             1             24  sun.nio.cs.ext.IBM1145
7043:             1             24  sun.nio.cs.ext.IBM1146
7044:             1             24  sun.nio.cs.ext.IBM1147
7045:             1             24  sun.nio.cs.ext.IBM1148
7046:             1             24  sun.nio.cs.ext.IBM1149
7047:             1             24  sun.nio.cs.ext.IBM1166
7048:             1             24  sun.nio.cs.ext.IBM1364
7049:             1             24  sun.nio.cs.ext.IBM1381
7050:             1             24  sun.nio.cs.ext.IBM1383
7051:             1             24  sun.nio.cs.ext.IBM273
7052:             1             24  sun.nio.cs.ext.IBM277
7053:             1             24  sun.nio.cs.ext.IBM278
7054:             1             24  sun.nio.cs.ext.IBM280
7055:             1             24  sun.nio.cs.ext.IBM284
7056:             1             24  sun.nio.cs.ext.IBM285
7057:             1             24  sun.nio.cs.ext.IBM290
7058:             1             24  sun.nio.cs.ext.IBM297
7059:             1             24  sun.nio.cs.ext.IBM300
7060:             1             24  sun.nio.cs.ext.IBM33722
7061:             1             24  sun.nio.cs.ext.IBM420
7062:             1             24  sun.nio.cs.ext.IBM424
7063:             1             24  sun.nio.cs.ext.IBM500
7064:             1             24  sun.nio.cs.ext.IBM833
7065:             1             24  sun.nio.cs.ext.IBM834
7066:             1             24  sun.nio.cs.ext.IBM838
7067:             1             24  sun.nio.cs.ext.IBM856
7068:             1             24  sun.nio.cs.ext.IBM860
7069:             1             24  sun.nio.cs.ext.IBM861
7070:             1             24  sun.nio.cs.ext.IBM863
7071:             1             24  sun.nio.cs.ext.IBM864
7072:             1             24  sun.nio.cs.ext.IBM865
7073:             1             24  sun.nio.cs.ext.IBM868
7074:             1             24  sun.nio.cs.ext.IBM869
7075:             1             24  sun.nio.cs.ext.IBM870
7076:             1             24  sun.nio.cs.ext.IBM871
7077:             1             24  sun.nio.cs.ext.IBM875
7078:             1             24  sun.nio.cs.ext.IBM918
7079:             1             24  sun.nio.cs.ext.IBM921
7080:             1             24  sun.nio.cs.ext.IBM922
7081:             1             24  sun.nio.cs.ext.IBM930
7082:             1             24  sun.nio.cs.ext.IBM933
7083:             1             24  sun.nio.cs.ext.IBM935
7084:             1             24  sun.nio.cs.ext.IBM937
7085:             1             24  sun.nio.cs.ext.IBM939
7086:             1             24  sun.nio.cs.ext.IBM942
7087:             1             24  sun.nio.cs.ext.IBM942C
7088:             1             24  sun.nio.cs.ext.IBM943
7089:             1             24  sun.nio.cs.ext.IBM943C
7090:             1             24  sun.nio.cs.ext.IBM948
7091:             1             24  sun.nio.cs.ext.IBM949
7092:             1             24  sun.nio.cs.ext.IBM949C
7093:             1             24  sun.nio.cs.ext.IBM950
7094:             1             24  sun.nio.cs.ext.IBM964
7095:             1             24  sun.nio.cs.ext.IBM970
7096:             1             24  sun.nio.cs.ext.ISCII91
7097:             1             24  sun.nio.cs.ext.ISO2022_CN
7098:             1             24  sun.nio.cs.ext.ISO2022_CN_CNS
7099:             1             24  sun.nio.cs.ext.ISO2022_CN_GB
7100:             1             24  sun.nio.cs.ext.ISO2022_JP
7101:             1             24  sun.nio.cs.ext.ISO2022_JP_2
7102:             1             24  sun.nio.cs.ext.ISO2022_KR
7103:             1             24  sun.nio.cs.ext.ISO_8859_11
7104:             1             24  sun.nio.cs.ext.ISO_8859_3
7105:             1             24  sun.nio.cs.ext.ISO_8859_6
7106:             1             24  sun.nio.cs.ext.ISO_8859_8
7107:             1             24  sun.nio.cs.ext.JISAutoDetect
7108:             1             24  sun.nio.cs.ext.JIS_X_0201
7109:             1             24  sun.nio.cs.ext.JIS_X_0208
7110:             1             24  sun.nio.cs.ext.JIS_X_0212
7111:             1             24  sun.nio.cs.ext.Johab
7112:             1             24  sun.nio.cs.ext.MS1255
7113:             1             24  sun.nio.cs.ext.MS1256
7114:             1             24  sun.nio.cs.ext.MS1258
7115:             1             24  sun.nio.cs.ext.MS50220
7116:             1             24  sun.nio.cs.ext.MS50221
7117:             1             24  sun.nio.cs.ext.MS874
7118:             1             24  sun.nio.cs.ext.MS932
7119:             1             24  sun.nio.cs.ext.MS932_0213
7120:             1             24  sun.nio.cs.ext.MS936
7121:             1             24  sun.nio.cs.ext.MS949
7122:             1             24  sun.nio.cs.ext.MS950
7123:             1             24  sun.nio.cs.ext.MS950_HKSCS
7124:             1             24  sun.nio.cs.ext.MS950_HKSCS_XP
7125:             1             24  sun.nio.cs.ext.MSISO2022JP
7126:             1             24  sun.nio.cs.ext.MacArabic
7127:             1             24  sun.nio.cs.ext.MacCentralEurope
7128:             1             24  sun.nio.cs.ext.MacCroatian
7129:             1             24  sun.nio.cs.ext.MacCyrillic
7130:             1             24  sun.nio.cs.ext.MacDingbat
7131:             1             24  sun.nio.cs.ext.MacGreek
7132:             1             24  sun.nio.cs.ext.MacHebrew
7133:             1             24  sun.nio.cs.ext.MacIceland
7134:             1             24  sun.nio.cs.ext.MacRoman
7135:             1             24  sun.nio.cs.ext.MacRomania
7136:             1             24  sun.nio.cs.ext.MacSymbol
7137:             1             24  sun.nio.cs.ext.MacThai
7138:             1             24  sun.nio.cs.ext.MacTurkish
7139:             1             24  sun.nio.cs.ext.MacUkraine
7140:             1             24  sun.nio.cs.ext.PCK
7141:             1             24  sun.nio.cs.ext.SJIS
7142:             1             24  sun.nio.cs.ext.SJIS_0213
7143:             1             24  sun.nio.cs.ext.TIS_620
7144:             1             24  sun.security.provider.JavaKeyStore$KeyEntry
7145:             1             24  sun.security.provider.NativeSeedGenerator
7146:             1             24  sun.security.ssl.EllipticPointFormatsExtension
7147:             1             24  sun.security.ssl.EngineWriter
7148:             1             24  sun.security.ssl.SunX509KeyManagerImpl$X509Credentials
7149:             1             24  sun.security.ssl.TrustStoreManager$TrustAnchorManager
7150:             1             24  sun.security.util.LegacyAlgorithmConstraints
7151:             1             24  sun.security.validator.CADistrustPolicy$1
7152:             1             24  sun.util.locale.BaseLocale$Cache
7153:             1             24  sun.util.locale.provider.CalendarDataProviderImpl
7154:             1             24  sun.util.locale.provider.CalendarNameProviderImpl
7155:             1             24  sun.util.locale.provider.CalendarProviderImpl
7156:             1             24  sun.util.locale.provider.CollatorProviderImpl
7157:             1             24  sun.util.locale.provider.CurrencyNameProviderImpl
7158:             1             24  sun.util.locale.provider.DateFormatProviderImpl
7159:             1             24  sun.util.locale.provider.DateFormatSymbolsProviderImpl
7160:             1             24  sun.util.locale.provider.DecimalFormatSymbolsProviderImpl
7161:             1             24  sun.util.locale.provider.NumberFormatProviderImpl
7162:             1             24  sun.util.locale.provider.TimeZoneNameProviderImpl
7163:             1             24  ua_parser.Parser
7164:             1             24  winstone.HostGroup
7165:             1             16  [Lbiz.neustar.jenkins.plugins.packer.PackerInstallation;
7166:             1             16  [Lcom.fasterxml.jackson.databind.AbstractTypeResolver;
7167:             1             16  [Lcom.fasterxml.jackson.databind.deser.BeanDeserializerModifier;
7168:             1             16  [Lcom.fasterxml.jackson.databind.deser.ValueInstantiators;
7169:             1             16  [Lcom.fasterxml.jackson.databind.ser.BeanSerializerModifier;
7170:             1             16  [Lcom.fasterxml.jackson.databind.ser.Serializers;
7171:             1             16  [Lcom.fasterxml.jackson.databind.util.ClassUtil$Ctor;
7172:             1             16  [Lcom.google.inject.internal.util.StackTraceElements$InMemoryStackTraceElement;
7173:             1             16  [Lcom.tikal.jenkins.plugins.multijob.ParserRuleFile;
7174:             1             16  [Lhudson.ivy.IvyBuildTrigger$IvyConfiguration;
7175:             1             16  [Lhudson.model.Action;
7176:             1             16  [Lhudson.plugins.gradle.GradleInstallation;
7177:             1             16  [Lhudson.plugins.mercurial.MercurialInstallation;
7178:             1             16  [Lhudson.tasks.Ant$AntInstallation;
7179:             1             16  [Lhudson.tasks.Maven$MavenInstallation;
7180:             1             16  [Ljava.beans.EventSetDescriptor;
7181:             1             16  [Ljava.lang.reflect.Field;
7182:             1             16  [Ljava.nio.file.attribute.FileAttribute;
7183:             1             16  [Ljava.security.Provider;
7184:             1             16  [Ljava.text.FieldPosition;
7185:             1             16  [Ljava.util.concurrent.atomic.AtomicReference;
7186:             1             16  [Ljava.util.logging.Handler;
7187:             1             16  [Ljavax.naming.ldap.Control;
7188:             1             16  [Lnet.sf.saxon.om.NamespaceBinding;
7189:             1             16  [Lorg.apache.commons.compress.archivers.tar.TarArchiveEntry;
7190:             1             16  [Lorg.apache.http.Header;
7191:             1             16  [Lorg.apache.http.HeaderElement;
7192:             1             16  [Lorg.apache.http.HeaderElement;
7193:             1             16  [Lorg.apache.tools.zip.ZipExtraField;
7194:             1             16  [Lorg.codehaus.groovy.ast.MixinNode;
7195:             1             16  [Lorg.codehaus.groovy.tools.GroovyClass;
7196:             1             16  [Lorg.eclipse.jetty.http.CompressedContentFormat;
7197:             1             16  [Lorg.eclipse.jgit.internal.storage.file.PackFile;
7198:             1             16  [Lorg.eclipse.jgit.lib.Ref;
7199:             1             16  [Lorg.eclipse.jgit.revwalk.RevCommit;
7200:             1             16  [Lorg.eclipse.jgit.treewalk.AbstractTreeIterator;
7201:             1             16  [Lorg.eclipse.jgit.treewalk.WorkingTreeIterator$Entry;
7202:             1             16  [Lorg.h2.engine.Session;
7203:             1             16  [Lorg.jenkinsci.plugins.envinject.EnvInjectGlobalPasswordEntry;
7204:             1             16  [Lorg.jenkinsci.plugins.terraform.TerraformInstallation;
7205:             1             16  $javaposse.jobdsl.plugin.DescriptorImpl$$FastClassByGuice$$d57716c6
7206:             1             16  $javaposse.jobdsl.plugin.DescriptorImpl$GeneratedJobMapItemListener$$FastClassByGuice$$215cadd7
7207:             1             16  $javaposse.jobdsl.plugin.GlobalJobDslSecurityConfiguration$$FastClassByGuice$$f8652d1c
7208:             1             16  $javaposse.jobdsl.plugin.MonitorTemplateJobs$$FastClassByGuice$$eff4b433
7209:             1             16  $javaposse.jobdsl.plugin.actions.ApiViewerActionFactory$$FastClassByGuice$$bea8330
7210:             1             16  $javaposse.jobdsl.plugin.actions.ApiViewerRootAction$$FastClassByGuice$$24efa1fc
7211:             1             16  $javaposse.jobdsl.plugin.actions.SeedJobTransientActionFactory$$FastClassByGuice$$123b9e8e
7212:             1             16  $javaposse.jobdsl.plugin.casc.FromFileScriptSource$DescriptorImpl$$FastClassByGuice$$9e86409e
7213:             1             16  $javaposse.jobdsl.plugin.casc.FromUrlScriptSource$DescriptorImpl$$FastClassByGuice$$4f7d8f91
7214:             1             16  $javaposse.jobdsl.plugin.casc.InlineGroovyScriptSource$DescriptorImpl$$FastClassByGuice$$98098cbd
7215:             1             16  $javaposse.jobdsl.plugin.casc.SeedJobConfigurator$$FastClassByGuice$$25a29db8
7216:             1             16  antlr.Token
7217:             1             16  au.com.centrumsystems.hudson.plugin.buildpipeline.BuildPipelineView$DescriptorImpl$$FastClassByGuice$$e05a7189
7218:             1             16  au.com.centrumsystems.hudson.plugin.buildpipeline.DownstreamProjectGridBuilder$DescriptorImpl$$FastClassByGuice$$ff25e74a
7219:             1             16  au.com.centrumsystems.hudson.plugin.buildpipeline.extension.BuildVariablesHeader$DescriptorImpl$$FastClassByGuice$$ecb94923
7220:             1             16  au.com.centrumsystems.hudson.plugin.buildpipeline.extension.FilteredVariablesHeader$DescriptorImpl$$FastClassByGuice$$98ef8b40
7221:             1             16  au.com.centrumsystems.hudson.plugin.buildpipeline.extension.FilteredVariablesHeader$FilteredVariable$DescriptorImpl$$FastClassByGuice$$afab046f
7222:             1             16  au.com.centrumsystems.hudson.plugin.buildpipeline.extension.NullColumnHeader$DescriptorImpl$$FastClassByGuice$$7c251f8f
7223:             1             16  au.com.centrumsystems.hudson.plugin.buildpipeline.extension.ParametersActionHeader$$FastClassByGuice$$736752a7
7224:             1             16  au.com.centrumsystems.hudson.plugin.buildpipeline.extension.ParametersActionHeader$DescriptorImpl$$FastClassByGuice$$dd1641ec
7225:             1             16  au.com.centrumsystems.hudson.plugin.buildpipeline.extension.SimpleColumnHeader$DescriptorImpl$$FastClassByGuice$$76e10704
7226:             1             16  au.com.centrumsystems.hudson.plugin.buildpipeline.extension.SimpleRowHeader$DescriptorImpl$$FastClassByGuice$$88a5d098
7227:             1             16  au.com.centrumsystems.hudson.plugin.buildpipeline.extension.StandardBuildCard$$FastClassByGuice$$4d778e7
7228:             1             16  au.com.centrumsystems.hudson.plugin.buildpipeline.extension.StandardBuildCard$DescriptorImpl$$FastClassByGuice$$490cd3ac
7229:             1             16  au.com.centrumsystems.hudson.plugin.buildpipeline.trigger.BuildPipelineTrigger$DescriptorImpl$$FastClassByGuice$$6dbddb4a
7230:             1             16  au.com.centrumsystems.hudson.plugin.buildpipeline.trigger.BuildPipelineTrigger$DescriptorImpl$ItemListenerImpl
7231:             1             16  au.com.centrumsystems.hudson.plugin.buildpipeline.trigger.BuildPipelineTrigger$DescriptorImpl$ItemListenerImpl$$FastClassByGuice$$7ec249e1
7232:             1             16  biz.neustar.jenkins.plugins.packer.PackerFileEntry$DescriptorImpl$$FastClassByGuice$$c6a1306c
7233:             1             16  biz.neustar.jenkins.plugins.packer.PackerInstallation$DescriptorImpl$$FastClassByGuice$$d22d4f8a
7234:             1             16  biz.neustar.jenkins.plugins.packer.PackerInstaller$DescriptorImpl$$FastClassByGuice$$ea6e9efa
7235:             1             16  biz.neustar.jenkins.plugins.packer.PackerPublisher$DescriptorImpl$$FastClassByGuice$$4c9b7e06
7236:             1             16  com.atlassian.bitbucket.jenkins.internal.applink.oauth.OAuthModule
7237:             1             16  com.atlassian.bitbucket.jenkins.internal.applink.oauth.OAuthModule$$FastClassByGuice$$c168a2c4
7238:             1             16  com.atlassian.bitbucket.jenkins.internal.applink.oauth.RandomizerImpl$$FastClassByGuice$$5976a440
7239:             1             16  com.atlassian.bitbucket.jenkins.internal.applink.oauth.serviceprovider.auth.OAuth1aRequestFilter$$FastClassByGuice$$88e3f25f
7240:             1             16  com.atlassian.bitbucket.jenkins.internal.applink.oauth.serviceprovider.consumer.PersistentServiceProviderConsumerStore$$FastClassByGuice$$ef0601cd
7241:             1             16  com.atlassian.bitbucket.jenkins.internal.applink.oauth.serviceprovider.consumer.PersistentServiceProviderConsumerStore$ConsumerConverter
7242:             1             16  com.atlassian.bitbucket.jenkins.internal.applink.oauth.serviceprovider.rest.AccessTokenRestEndpoint$$FastClassByGuice$$ae33d36b
7243:             1             16  com.atlassian.bitbucket.jenkins.internal.applink.oauth.serviceprovider.rest.BaseApplinkRestAPI
7244:             1             16  com.atlassian.bitbucket.jenkins.internal.applink.oauth.serviceprovider.rest.BaseApplinkRestAPI$$FastClassByGuice$$1f16fe4f
7245:             1             16  com.atlassian.bitbucket.jenkins.internal.applink.oauth.serviceprovider.rest.RequestTokenRestEndpoint$$FastClassByGuice$$a12b26a6
7246:             1             16  com.atlassian.bitbucket.jenkins.internal.applink.oauth.serviceprovider.rest.TokenEndpoint$$FastClassByGuice$$6d90e93b
7247:             1             16  com.atlassian.bitbucket.jenkins.internal.applink.oauth.serviceprovider.token.PersistentServiceProviderTokenStore$$FastClassByGuice$$9ffd6b3b
7248:             1             16  com.atlassian.bitbucket.jenkins.internal.applink.oauth.serviceprovider.token.PersistentServiceProviderTokenStore$ServiceProviderTokenConverter
7249:             1             16  com.atlassian.bitbucket.jenkins.internal.applink.oauth.serviceprovider.token.ServiceProviderTokenFactoryImpl
7250:             1             16  com.atlassian.bitbucket.jenkins.internal.applink.oauth.serviceprovider.token.ServiceProviderTokenFactoryImpl$$FastClassByGuice$$a4f0a7bb
7251:             1             16  com.atlassian.bitbucket.jenkins.internal.client.BitbucketClientFactoryProvider
7252:             1             16  com.atlassian.bitbucket.jenkins.internal.client.BitbucketClientFactoryProvider$$FastClassByGuice$$3d443447
7253:             1             16  com.atlassian.bitbucket.jenkins.internal.config.BitbucketPluginConfiguration$$FastClassByGuice$$7a6c78a3
7254:             1             16  com.atlassian.bitbucket.jenkins.internal.config.BitbucketPluginConfiguration$$Lambda$593/62001114
7255:             1             16  com.atlassian.bitbucket.jenkins.internal.config.BitbucketTokenCredentialsImpl$DescriptorImpl$$FastClassByGuice$$63f46130
7256:             1             16  com.atlassian.bitbucket.jenkins.internal.credentials.JenkinsToBitbucketCredentialsImpl
7257:             1             16  com.atlassian.bitbucket.jenkins.internal.credentials.JenkinsToBitbucketCredentialsImpl$$FastClassByGuice$$10569b2f
7258:             1             16  com.atlassian.bitbucket.jenkins.internal.http.HttpRequestExecutorImpl
7259:             1             16  com.atlassian.bitbucket.jenkins.internal.http.HttpRequestExecutorImpl$$FastClassByGuice$$f7e67769
7260:             1             16  com.atlassian.bitbucket.jenkins.internal.http.HttpRequestExecutorImpl$UserAgentInterceptor
7261:             1             16  com.atlassian.bitbucket.jenkins.internal.jenkins.auth.OAuthFilterRegistrar
7262:             1             16  com.atlassian.bitbucket.jenkins.internal.jenkins.auth.OAuthFilterRegistrar$$FastClassByGuice$$64db8c57
7263:             1             16  com.atlassian.bitbucket.jenkins.internal.jenkins.auth.TrustedJenkinsAuthorizer
7264:             1             16  com.atlassian.bitbucket.jenkins.internal.jenkins.auth.TrustedJenkinsAuthorizer$$FastClassByGuice$$f7b8fa01
7265:             1             16  com.atlassian.bitbucket.jenkins.internal.jenkins.oauth.consumer.OAuthConsumerCreateAction$DescriptorImpl$$FastClassByGuice$$a471ae28
7266:             1             16  com.atlassian.bitbucket.jenkins.internal.jenkins.oauth.consumer.OAuthConsumerEntry$OAuthConsumerEntryDescriptor$$FastClassByGuice$$47a19bdf
7267:             1             16  com.atlassian.bitbucket.jenkins.internal.jenkins.oauth.consumer.OAuthGlobalConfiguration$$FastClassByGuice$$be2dc530
7268:             1             16  com.atlassian.bitbucket.jenkins.internal.jenkins.oauth.servlet.AuthorizeConfirmationConfig$AuthorizeConfirmationConfigDescriptor$$FastClassByGuice$$5ac1bbe
7269:             1             16  com.atlassian.bitbucket.jenkins.internal.jenkins.oauth.token.DisplayAccessToken$DescriptorImpl$$FastClassByGuice$$4fd946a7
7270:             1             16  com.atlassian.bitbucket.jenkins.internal.jenkins.oauth.token.OAuthTokenConfiguration$$FastClassByGuice$$c570cfbb
7271:             1             16  com.atlassian.bitbucket.jenkins.internal.provider.DefaultJenkinsAuthWrapper
7272:             1             16  com.atlassian.bitbucket.jenkins.internal.provider.DefaultJenkinsAuthWrapper$$FastClassByGuice$$dd244c8e
7273:             1             16  com.atlassian.bitbucket.jenkins.internal.provider.DefaultJenkinsProvider
7274:             1             16  com.atlassian.bitbucket.jenkins.internal.provider.DefaultJenkinsProvider$$FastClassByGuice$$19ef7a0e
7275:             1             16  com.atlassian.bitbucket.jenkins.internal.scm.BitbucketLinkActionFactory
7276:             1             16  com.atlassian.bitbucket.jenkins.internal.scm.BitbucketLinkActionFactory$$FastClassByGuice$$99b1d5c9
7277:             1             16  com.atlassian.bitbucket.jenkins.internal.scm.BitbucketSCMSource$DescriptorImpl$$FastClassByGuice$$bb26d14c
7278:             1             16  com.atlassian.bitbucket.jenkins.internal.scm.BitbucketScmFormFillDelegate$$FastClassByGuice$$fe9e338
7279:             1             16  com.atlassian.bitbucket.jenkins.internal.scm.BitbucketScmFormFillDelegate$$Lambda$586/1120477431
7280:             1             16  com.atlassian.bitbucket.jenkins.internal.scm.BitbucketScmFormFillDelegate$$Lambda$588/1776074226
7281:             1             16  com.atlassian.bitbucket.jenkins.internal.scm.BitbucketScmFormValidationDelegate$$FastClassByGuice$$acb2542e
7282:             1             16  com.atlassian.bitbucket.jenkins.internal.status.BitbucketBuildStatusFactoryImpl
7283:             1             16  com.atlassian.bitbucket.jenkins.internal.status.BitbucketBuildStatusFactoryImpl$$FastClassByGuice$$93702ba
7284:             1             16  com.atlassian.bitbucket.jenkins.internal.status.BuildStatusPoster$$FastClassByGuice$$e32db7a6
7285:             1             16  com.atlassian.bitbucket.jenkins.internal.status.LocalSCMListener
7286:             1             16  com.atlassian.bitbucket.jenkins.internal.status.LocalSCMListener$$FastClassByGuice$$a5417a2d
7287:             1             16  com.atlassian.bitbucket.jenkins.internal.status.LocalSCMListener$$Lambda$537/1848120978
7288:             1             16  com.atlassian.bitbucket.jenkins.internal.trigger.BitbucketWebhookConsumer
7289:             1             16  com.atlassian.bitbucket.jenkins.internal.trigger.BitbucketWebhookConsumer$$FastClassByGuice$$692d8d41
7290:             1             16  com.atlassian.bitbucket.jenkins.internal.trigger.BitbucketWebhookCrumbExclusion
7291:             1             16  com.atlassian.bitbucket.jenkins.internal.trigger.BitbucketWebhookCrumbExclusion$$FastClassByGuice$$e3935f1e
7292:             1             16  com.atlassian.bitbucket.jenkins.internal.trigger.BitbucketWebhookEndpoint$$FastClassByGuice$$f2cc26e0
7293:             1             16  com.atlassian.bitbucket.jenkins.internal.trigger.BitbucketWebhookMultibranchTrigger$DescriptorImpl$$FastClassByGuice$$c1064dcb
7294:             1             16  com.atlassian.bitbucket.jenkins.internal.trigger.InstanceBasedNameGenerator
7295:             1             16  com.atlassian.bitbucket.jenkins.internal.trigger.InstanceBasedNameGenerator$$FastClassByGuice$$9673e635
7296:             1             16  com.atlassian.bitbucket.jenkins.internal.trigger.RetryingWebhookHandler$$FastClassByGuice$$36bd6258
7297:             1             16  com.bluersw.CheckboxParameterDefinition$DescriptorImpl$$FastClassByGuice$$5b485859
7298:             1             16  com.bluersw.CheckboxParameterRebuild
7299:             1             16  com.bluersw.CheckboxParameterRebuild$$FastClassByGuice$$93806af4
7300:             1             16  com.cloudbees.groovy.cps.Block$Noop
7301:             1             16  com.cloudbees.groovy.cps.Continuation$Halt
7302:             1             16  com.cloudbees.groovy.cps.impl.BreakBlock
7303:             1             16  com.cloudbees.groovy.cps.impl.Caller$1
7304:             1             16  com.cloudbees.groovy.cps.impl.JavaThisBlock
7305:             1             16  com.cloudbees.groovy.cps.impl.SuspendBlock
7306:             1             16  com.cloudbees.groovy.cps.sandbox.DefaultInvoker
7307:             1             16  com.cloudbees.groovy.cps.sandbox.Trusted
7308:             1             16  com.cloudbees.groovy.cps.sandbox.Untrusted
7309:             1             16  com.cloudbees.hudson.plugins.folder.AbstractFolder$$Lambda$312/458163773
7310:             1             16  com.cloudbees.hudson.plugins.folder.AbstractFolder$ItemListenerImpl
7311:             1             16  com.cloudbees.hudson.plugins.folder.AbstractFolder$ItemListenerImpl$$FastClassByGuice$$5e9b7fc7
7312:             1             16  com.cloudbees.hudson.plugins.folder.AbstractFolder$RunListenerImpl
7313:             1             16  com.cloudbees.hudson.plugins.folder.AbstractFolder$RunListenerImpl$$FastClassByGuice$$581e1eff
7314:             1             16  com.cloudbees.hudson.plugins.folder.Folder$DeprecatedTransientActions
7315:             1             16  com.cloudbees.hudson.plugins.folder.Folder$DeprecatedTransientActions$$FastClassByGuice$$8def2f08
7316:             1             16  com.cloudbees.hudson.plugins.folder.Folder$DescriptorImpl$$FastClassByGuice$$8fbb1951
7317:             1             16  com.cloudbees.hudson.plugins.folder.FolderAddFilter
7318:             1             16  com.cloudbees.hudson.plugins.folder.FolderAddFilter$$FastClassByGuice$$9aafd3b7
7319:             1             16  com.cloudbees.hudson.plugins.folder.FolderJobQueueDecisionHandler
7320:             1             16  com.cloudbees.hudson.plugins.folder.FolderJobQueueDecisionHandler$$FastClassByGuice$$8d2d5598
7321:             1             16  com.cloudbees.hudson.plugins.folder.ItemDeletion$$FastClassByGuice$$75573a75
7322:             1             16  com.cloudbees.hudson.plugins.folder.computed.DefaultOrphanedItemStrategy$DescriptorImpl$$FastClassByGuice$$7ba87632
7323:             1             16  com.cloudbees.hudson.plugins.folder.computed.FolderCron$$FastClassByGuice$$3166f8e9
7324:             1             16  com.cloudbees.hudson.plugins.folder.computed.PeriodicFolderTrigger$DescriptorImpl$$FastClassByGuice$$88cdbf91
7325:             1             16  com.cloudbees.hudson.plugins.folder.computed.ThrottleComputationQueueTaskDispatcher
7326:             1             16  com.cloudbees.hudson.plugins.folder.computed.ThrottleComputationQueueTaskDispatcher$$FastClassByGuice$$48ee814d
7327:             1             16  com.cloudbees.hudson.plugins.folder.config.AbstractFolderConfiguration$$FastClassByGuice$$2295d22e
7328:             1             16  com.cloudbees.hudson.plugins.folder.health.WorstChildHealthMetric$DescriptorImpl$$FastClassByGuice$$bd6b68c8
7329:             1             16  com.cloudbees.hudson.plugins.folder.icons.StockFolderIcon$DescriptorImpl$$FastClassByGuice$$beb6bde
7330:             1             16  com.cloudbees.hudson.plugins.folder.properties.AuthorizationMatrixProperty$AclImpl
7331:             1             16  com.cloudbees.hudson.plugins.folder.properties.AuthorizationMatrixProperty$ConverterImpl
7332:             1             16  com.cloudbees.hudson.plugins.folder.properties.AuthorizationMatrixProperty$DescriptorImpl$$FastClassByGuice$$2ff8d5eb
7333:             1             16  com.cloudbees.hudson.plugins.folder.properties.AuthorizationMatrixProperty$ItemListenerImpl
7334:             1             16  com.cloudbees.hudson.plugins.folder.properties.AuthorizationMatrixProperty$ItemListenerImpl$$FastClassByGuice$$bde26863
7335:             1             16  com.cloudbees.hudson.plugins.folder.properties.FolderCredentialsProvider$$FastClassByGuice$$2cb936f8
7336:             1             16  com.cloudbees.hudson.plugins.folder.properties.FolderCredentialsProvider$FolderCredentialsProperty$DescriptorImpl$$FastClassByGuice$$ea433bbc
7337:             1             16  com.cloudbees.hudson.plugins.folder.relocate.DefaultRelocationUI
7338:             1             16  com.cloudbees.hudson.plugins.folder.relocate.DefaultRelocationUI$$FastClassByGuice$$508bae68
7339:             1             16  com.cloudbees.hudson.plugins.folder.relocate.ItemGroupModifier$StandardModifier$$FastClassByGuice$$ffb04bca
7340:             1             16  com.cloudbees.hudson.plugins.folder.relocate.RelocationAction$TransientActionFactoryImpl
7341:             1             16  com.cloudbees.hudson.plugins.folder.relocate.RelocationAction$TransientActionFactoryImpl$$FastClassByGuice$$66d1eb1b
7342:             1             16  com.cloudbees.hudson.plugins.folder.relocate.StandardHandler
7343:             1             16  com.cloudbees.hudson.plugins.folder.relocate.StandardHandler$$FastClassByGuice$$b5441158
7344:             1             16  com.cloudbees.jenkins.Cleaner$$FastClassByGuice$$2eceff29
7345:             1             16  com.cloudbees.jenkins.GitHubCommitNotifier$DescriptorImpl$$FastClassByGuice$$3fa614c6
7346:             1             16  com.cloudbees.jenkins.GitHubPushTrigger$DescriptorImpl$$FastClassByGuice$$f5737585
7347:             1             16  com.cloudbees.jenkins.GitHubRepositoryNameContributor$FromSCM$$FastClassByGuice$$ee9f68e5
7348:             1             16  com.cloudbees.jenkins.GitHubSetCommitStatusBuilder$$FastClassByGuice$$e2a20ea0
7349:             1             16  com.cloudbees.jenkins.GitHubSetCommitStatusBuilder$Descriptor$$FastClassByGuice$$44906013
7350:             1             16  com.cloudbees.jenkins.GitHubTrigger$GitHubRepositoryNameContributorImpl$$FastClassByGuice$$4486d4c7
7351:             1             16  com.cloudbees.jenkins.GitHubWebHook
7352:             1             16  com.cloudbees.jenkins.GitHubWebHook$$FastClassByGuice$$9f38f587
7353:             1             16  com.cloudbees.jenkins.GitHubWebHookCrumbExclusion
7354:             1             16  com.cloudbees.jenkins.GitHubWebHookCrumbExclusion$$FastClassByGuice$$99a9c37a
7355:             1             16  com.cloudbees.jenkins.plugins.BitBucketTrigger$DescriptorImpl$$FastClassByGuice$$fd320117
7356:             1             16  com.cloudbees.jenkins.plugins.BitbucketCrumbExclusion
7357:             1             16  com.cloudbees.jenkins.plugins.BitbucketCrumbExclusion$$FastClassByGuice$$cec9084f
7358:             1             16  com.cloudbees.jenkins.plugins.BitbucketHookReceiver
7359:             1             16  com.cloudbees.jenkins.plugins.BitbucketHookReceiver$$FastClassByGuice$$e5271d6e
7360:             1             16  com.cloudbees.jenkins.plugins.BitbucketJobProbe
7361:             1             16  com.cloudbees.jenkins.plugins.BitbucketPayloadProcessor
7362:             1             16  com.cloudbees.jenkins.plugins.awscredentials.AWSCredentialsImpl$DescriptorImpl$$FastClassByGuice$$97be5f00
7363:             1             16  com.cloudbees.jenkins.plugins.awscredentials.AWSDeclarativeCredentialsHandler
7364:             1             16  com.cloudbees.jenkins.plugins.awscredentials.AWSDeclarativeCredentialsHandler$$FastClassByGuice$$f59efd2f
7365:             1             16  com.cloudbees.jenkins.plugins.awscredentials.AmazonWebServicesCredentialsBinding$DescriptorImpl$$FastClassByGuice$$35a31070
7366:             1             16  com.cloudbees.jenkins.plugins.bitbucket.BitbucketBuildStatusNotifications$$Lambda$526/45006783
7367:             1             16  com.cloudbees.jenkins.plugins.bitbucket.BitbucketBuildStatusNotifications$JobCheckOutListener
7368:             1             16  com.cloudbees.jenkins.plugins.bitbucket.BitbucketBuildStatusNotifications$JobCheckOutListener$$FastClassByGuice$$2fdfb960
7369:             1             16  com.cloudbees.jenkins.plugins.bitbucket.BitbucketBuildStatusNotifications$JobCompletedListener
7370:             1             16  com.cloudbees.jenkins.plugins.bitbucket.BitbucketBuildStatusNotifications$JobCompletedListener$$FastClassByGuice$$cc8f79
7371:             1             16  com.cloudbees.jenkins.plugins.bitbucket.BitbucketRepoMetadataAction
7372:             1             16  com.cloudbees.jenkins.plugins.bitbucket.BitbucketSCMNavigator$DescriptorImpl$$FastClassByGuice$$ca1c0554
7373:             1             16  com.cloudbees.jenkins.plugins.bitbucket.BitbucketSCMSource$DescriptorImpl$$FastClassByGuice$$ac8e7be0
7374:             1             16  com.cloudbees.jenkins.plugins.bitbucket.BitbucketSCMSource$DescriptorImpl$$Lambda$602/1350082990
7375:             1             16  com.cloudbees.jenkins.plugins.bitbucket.BitbucketSCMSource$DescriptorImpl$$Lambda$603/1396965191
7376:             1             16  com.cloudbees.jenkins.plugins.bitbucket.BitbucketTeamMetadataAction
7377:             1             16  com.cloudbees.jenkins.plugins.bitbucket.BranchDiscoveryTrait$BranchSCMHeadAuthority$DescriptorImpl$$FastClassByGuice$$1f66bd59
7378:             1             16  com.cloudbees.jenkins.plugins.bitbucket.BranchDiscoveryTrait$DescriptorImpl$$FastClassByGuice$$87c34d21
7379:             1             16  com.cloudbees.jenkins.plugins.bitbucket.ForkPullRequestDiscoveryTrait$DescriptorImpl$$FastClassByGuice$$b62aa57f
7380:             1             16  com.cloudbees.jenkins.plugins.bitbucket.ForkPullRequestDiscoveryTrait$TrustEveryone$DescriptorImpl$$FastClassByGuice$$9b494880
7381:             1             16  com.cloudbees.jenkins.plugins.bitbucket.ForkPullRequestDiscoveryTrait$TrustNobody$DescriptorImpl$$FastClassByGuice$$13466208
7382:             1             16  com.cloudbees.jenkins.plugins.bitbucket.ForkPullRequestDiscoveryTrait$TrustTeamForks$DescriptorImpl$$FastClassByGuice$$4e93687
7383:             1             16  com.cloudbees.jenkins.plugins.bitbucket.OriginPullRequestDiscoveryTrait$DescriptorImpl$$FastClassByGuice$$ae03f763
7384:             1             16  com.cloudbees.jenkins.plugins.bitbucket.OriginPullRequestDiscoveryTrait$OriginChangeRequestSCMHeadAuthority$DescriptorImpl$$FastClassByGuice$$8eece748
7385:             1             16  com.cloudbees.jenkins.plugins.bitbucket.PublicRepoPullRequestFilterTrait$DescriptorImpl$$FastClassByGuice$$3bb2a7da
7386:             1             16  com.cloudbees.jenkins.plugins.bitbucket.PullRequestSCMHead$FixLegacyMigration1$$FastClassByGuice$$fe6f6d82
7387:             1             16  com.cloudbees.jenkins.plugins.bitbucket.PullRequestSCMHead$FixLegacyMigration2$$FastClassByGuice$$fe6f6d83
7388:             1             16  com.cloudbees.jenkins.plugins.bitbucket.SCMHeadWithOwnerAndRepo$GitMigrationImpl$$FastClassByGuice$$a7e49af9
7389:             1             16  com.cloudbees.jenkins.plugins.bitbucket.SCMHeadWithOwnerAndRepo$HgMigrationImpl$$FastClassByGuice$$8762e212
7390:             1             16  com.cloudbees.jenkins.plugins.bitbucket.SSHCheckoutTrait$DescriptorImpl$$FastClassByGuice$$2d6ea161
7391:             1             16  com.cloudbees.jenkins.plugins.bitbucket.TagDiscoveryTrait$DescriptorImpl$$FastClassByGuice$$46e7788d
7392:             1             16  com.cloudbees.jenkins.plugins.bitbucket.TagDiscoveryTrait$TagSCMHeadAuthority$DescriptorImpl$$FastClassByGuice$$5a4b4af1
7393:             1             16  com.cloudbees.jenkins.plugins.bitbucket.WebhookConfigurationTrait$DescriptorImpl$$FastClassByGuice$$b6827c96
7394:             1             16  com.cloudbees.jenkins.plugins.bitbucket.WebhookRegistrationTrait$DescriptorImpl$$FastClassByGuice$$daa163c3
7395:             1             16  com.cloudbees.jenkins.plugins.bitbucket.api.credentials.BitbucketClientCertificateAuthenticatorSource$$FastClassByGuice$$ac886341
7396:             1             16  com.cloudbees.jenkins.plugins.bitbucket.api.credentials.BitbucketOAuthAuthenticatorSource$$FastClassByGuice$$c5769f6
7397:             1             16  com.cloudbees.jenkins.plugins.bitbucket.api.credentials.BitbucketUsernamePasswordAuthenticatorSource$$FastClassByGuice$$50336dfe
7398:             1             16  com.cloudbees.jenkins.plugins.bitbucket.avatars.AvatarCache$$FastClassByGuice$$6188c223
7399:             1             16  com.cloudbees.jenkins.plugins.bitbucket.client.BitbucketCloudApiFactory
7400:             1             16  com.cloudbees.jenkins.plugins.bitbucket.client.BitbucketCloudApiFactory$$FastClassByGuice$$a50af19f
7401:             1             16  com.cloudbees.jenkins.plugins.bitbucket.endpoints.BitbucketCloudEndpoint$DescriptorImpl$$FastClassByGuice$$cba96cde
7402:             1             16  com.cloudbees.jenkins.plugins.bitbucket.endpoints.BitbucketEndpointConfiguration$$FastClassByGuice$$c6944d6c
7403:             1             16  com.cloudbees.jenkins.plugins.bitbucket.endpoints.BitbucketServerEndpoint$DescriptorImpl$$FastClassByGuice$$b7d3bb86
7404:             1             16  com.cloudbees.jenkins.plugins.bitbucket.filesystem.BitbucketSCMFileSystem$BuilderImpl
7405:             1             16  com.cloudbees.jenkins.plugins.bitbucket.filesystem.BitbucketSCMFileSystem$BuilderImpl$$FastClassByGuice$$d59715f9
7406:             1             16  com.cloudbees.jenkins.plugins.bitbucket.hooks.BitbucketSCMSourcePushHookReceiver
7407:             1             16  com.cloudbees.jenkins.plugins.bitbucket.hooks.BitbucketSCMSourcePushHookReceiver$$FastClassByGuice$$8d6bf33d
7408:             1             16  com.cloudbees.jenkins.plugins.bitbucket.hooks.WebhookAutoRegisterListener
7409:             1             16  com.cloudbees.jenkins.plugins.bitbucket.hooks.WebhookAutoRegisterListener$$FastClassByGuice$$e5ed25cd
7410:             1             16  com.cloudbees.jenkins.plugins.bitbucket.server.client.BitbucketServerAPIClient$$Lambda$400/1783264111
7411:             1             16  com.cloudbees.jenkins.plugins.bitbucket.server.client.BitbucketServerAPIClient$$Lambda$606/576433775
7412:             1             16  com.cloudbees.jenkins.plugins.bitbucket.server.client.BitbucketServerApiFactory
7413:             1             16  com.cloudbees.jenkins.plugins.bitbucket.server.client.BitbucketServerApiFactory$$FastClassByGuice$$96d8a8a0
7414:             1             16  com.cloudbees.jenkins.plugins.extensions.dsl.BitbucketHookJobDslExtension$$FastClassByGuice$$ae2f9715
7415:             1             16  com.cloudbees.jenkins.plugins.sshcredentials.impl.BasicSSHUserPrivateKey$DescriptorImpl$$FastClassByGuice$$387f0883
7416:             1             16  com.cloudbees.jenkins.plugins.sshcredentials.impl.BasicSSHUserPrivateKey$DirectEntryPrivateKeySource
7417:             1             16  com.cloudbees.jenkins.plugins.sshcredentials.impl.BasicSSHUserPrivateKey$DirectEntryPrivateKeySource$DescriptorImpl$$FastClassByGuice$$e89a1287
7418:             1             16  com.cloudbees.jenkins.plugins.sshcredentials.impl.JSchSSHPasswordAuthenticator$Factory
7419:             1             16  com.cloudbees.jenkins.plugins.sshcredentials.impl.JSchSSHPasswordAuthenticator$Factory$$FastClassByGuice$$1d051233
7420:             1             16  com.cloudbees.jenkins.plugins.sshcredentials.impl.JSchSSHPublicKeyAuthenticator$Factory
7421:             1             16  com.cloudbees.jenkins.plugins.sshcredentials.impl.JSchSSHPublicKeyAuthenticator$Factory$$FastClassByGuice$$a714a06e
7422:             1             16  com.cloudbees.jenkins.plugins.sshcredentials.impl.TrileadSSHPasswordAuthenticator$Factory
7423:             1             16  com.cloudbees.jenkins.plugins.sshcredentials.impl.TrileadSSHPasswordAuthenticator$Factory$$FastClassByGuice$$3c523dee
7424:             1             16  com.cloudbees.jenkins.plugins.sshcredentials.impl.TrileadSSHPublicKeyAuthenticator$Factory
7425:             1             16  com.cloudbees.jenkins.plugins.sshcredentials.impl.TrileadSSHPublicKeyAuthenticator$Factory$$FastClassByGuice$$716cec13
7426:             1             16  com.cloudbees.plugins.credentials.CredentialsParameterDefinition$DescriptorImpl$$FastClassByGuice$$ecdcdcde
7427:             1             16  com.cloudbees.plugins.credentials.CredentialsProvider$$Lambda$199/2014600071
7428:             1             16  com.cloudbees.plugins.credentials.CredentialsProvider$$Lambda$201/1853126770
7429:             1             16  com.cloudbees.plugins.credentials.CredentialsProvider$$Lambda$579/1912268157
7430:             1             16  com.cloudbees.plugins.credentials.CredentialsProvider$$Lambda$580/986692898
7431:             1             16  com.cloudbees.plugins.credentials.CredentialsProviderFilter$Excludes$DescriptorImpl$$FastClassByGuice$$2e53d8c6
7432:             1             16  com.cloudbees.plugins.credentials.CredentialsProviderFilter$Includes$DescriptorImpl$$FastClassByGuice$$15e0f394
7433:             1             16  com.cloudbees.plugins.credentials.CredentialsProviderFilter$None$DescriptorImpl$$FastClassByGuice$$42fa4387
7434:             1             16  com.cloudbees.plugins.credentials.CredentialsProviderManager$$FastClassByGuice$$6c7da115
7435:             1             16  com.cloudbees.plugins.credentials.CredentialsProviderManager$Configuration$$FastClassByGuice$$10929787
7436:             1             16  com.cloudbees.plugins.credentials.CredentialsProviderTypeRestriction$Excludes$DescriptorImpl$$FastClassByGuice$$effcdb50
7437:             1             16  com.cloudbees.plugins.credentials.CredentialsProviderTypeRestriction$Includes$DescriptorImpl$$FastClassByGuice$$d789f61e
7438:             1             16  com.cloudbees.plugins.credentials.CredentialsSelectHelper$$FastClassByGuice$$1aa591d1
7439:             1             16  com.cloudbees.plugins.credentials.CredentialsSelectHelper$ContextResolver$1
7440:             1             16  com.cloudbees.plugins.credentials.CredentialsSelectHelper$ItemContextResolver
7441:             1             16  com.cloudbees.plugins.credentials.CredentialsSelectHelper$ItemContextResolver$$FastClassByGuice$$3634f7cf
7442:             1             16  com.cloudbees.plugins.credentials.CredentialsSelectHelper$SystemContextResolver
7443:             1             16  com.cloudbees.plugins.credentials.CredentialsSelectHelper$SystemContextResolver$$FastClassByGuice$$a66875f3
7444:             1             16  com.cloudbees.plugins.credentials.CredentialsSelectHelper$UserContextResolver
7445:             1             16  com.cloudbees.plugins.credentials.CredentialsSelectHelper$UserContextResolver$$FastClassByGuice$$7d790017
7446:             1             16  com.cloudbees.plugins.credentials.CredentialsStoreAction$1
7447:             1             16  com.cloudbees.plugins.credentials.CredentialsStoreAction$2
7448:             1             16  com.cloudbees.plugins.credentials.CredentialsStoreAction$CredentialsWrapper$DescriptorImpl$$FastClassByGuice$$1bc2e068
7449:             1             16  com.cloudbees.plugins.credentials.CredentialsStoreAction$DomainWrapper$DescriptorImpl$$FastClassByGuice$$19b8e518
7450:             1             16  com.cloudbees.plugins.credentials.CredentialsTypeFilter$Excludes$DescriptorImpl$$FastClassByGuice$$b30c77cf
7451:             1             16  com.cloudbees.plugins.credentials.CredentialsTypeFilter$Includes$DescriptorImpl$$FastClassByGuice$$9a99929d
7452:             1             16  com.cloudbees.plugins.credentials.CredentialsTypeFilter$None$DescriptorImpl$$FastClassByGuice$$6e5cf10
7453:             1             16  com.cloudbees.plugins.credentials.GlobalCredentialsConfiguration
7454:             1             16  com.cloudbees.plugins.credentials.GlobalCredentialsConfiguration$$FastClassByGuice$$5c906ad2
7455:             1             16  com.cloudbees.plugins.credentials.GlobalCredentialsConfiguration$$Lambda$146/1096615610
7456:             1             16  com.cloudbees.plugins.credentials.GlobalCredentialsConfiguration$Category
7457:             1             16  com.cloudbees.plugins.credentials.GlobalCredentialsConfiguration$Category$$FastClassByGuice$$73025eb0
7458:             1             16  com.cloudbees.plugins.credentials.GlobalCredentialsConfiguration$DescriptorImpl$$FastClassByGuice$$ed1a6e61
7459:             1             16  com.cloudbees.plugins.credentials.ManageCredentialsConfiguration
7460:             1             16  com.cloudbees.plugins.credentials.ManageCredentialsConfiguration$$FastClassByGuice$$ddd15e94
7461:             1             16  com.cloudbees.plugins.credentials.PluginImpl
7462:             1             16  com.cloudbees.plugins.credentials.SystemCredentialsProvider$$FastClassByGuice$$ed8ee489
7463:             1             16  com.cloudbees.plugins.credentials.SystemCredentialsProvider$DescriptorImpl$$FastClassByGuice$$b1806fca
7464:             1             16  com.cloudbees.plugins.credentials.SystemCredentialsProvider$ProviderImpl$$FastClassByGuice$$ebad3c0c
7465:             1             16  com.cloudbees.plugins.credentials.SystemCredentialsProvider$UserFacingAction
7466:             1             16  com.cloudbees.plugins.credentials.UserCredentialsProvider$$FastClassByGuice$$d26efc2d
7467:             1             16  com.cloudbees.plugins.credentials.UserCredentialsProvider$UserCredentialsProperty$DescriptorImpl$$FastClassByGuice$$d3381004
7468:             1             16  com.cloudbees.plugins.credentials.ViewCredentialsAction$$Lambda$567/1598934007
7469:             1             16  com.cloudbees.plugins.credentials.ViewCredentialsAction$$Lambda$568/1337379815
7470:             1             16  com.cloudbees.plugins.credentials.ViewCredentialsAction$RootActionImpl
7471:             1             16  com.cloudbees.plugins.credentials.ViewCredentialsAction$RootActionImpl$$FastClassByGuice$$7a233264
7472:             1             16  com.cloudbees.plugins.credentials.ViewCredentialsAction$TransientTopLevelItemActionFactoryImpl
7473:             1             16  com.cloudbees.plugins.credentials.ViewCredentialsAction$TransientTopLevelItemActionFactoryImpl$$FastClassByGuice$$be87f374
7474:             1             16  com.cloudbees.plugins.credentials.ViewCredentialsAction$TransientUserActionFactoryImpl
7475:             1             16  com.cloudbees.plugins.credentials.ViewCredentialsAction$TransientUserActionFactoryImpl$$FastClassByGuice$$4fbaafab
7476:             1             16  com.cloudbees.plugins.credentials.casc.CredentialsRootConfigurator
7477:             1             16  com.cloudbees.plugins.credentials.casc.CredentialsRootConfigurator$$FastClassByGuice$$b40d44c8
7478:             1             16  com.cloudbees.plugins.credentials.casc.CredentialsRootConfigurator$$Lambda$232/268677569
7479:             1             16  com.cloudbees.plugins.credentials.casc.SystemCredentialsProviderConfigurator
7480:             1             16  com.cloudbees.plugins.credentials.casc.SystemCredentialsProviderConfigurator$$FastClassByGuice$$f8206ee8
7481:             1             16  com.cloudbees.plugins.credentials.casc.SystemCredentialsProviderConfigurator$$Lambda$234/1614138688
7482:             1             16  com.cloudbees.plugins.credentials.cli.CreateCredentialsByXmlCommand$$FastClassByGuice$$549e648
7483:             1             16  com.cloudbees.plugins.credentials.cli.CreateCredentialsDomainByXmlCommand$$FastClassByGuice$$a7f84f6c
7484:             1             16  com.cloudbees.plugins.credentials.cli.DeleteCredentialsCommand$$FastClassByGuice$$7e8f20bd
7485:             1             16  com.cloudbees.plugins.credentials.cli.DeleteCredentialsDomainCommand$$FastClassByGuice$$fbd561d9
7486:             1             16  com.cloudbees.plugins.credentials.cli.GetCredentialsAsXmlCommand$$FastClassByGuice$$75b8a42f
7487:             1             16  com.cloudbees.plugins.credentials.cli.GetCredentialsDomainAsXmlCommand$$FastClassByGuice$$66e40453
7488:             1             16  com.cloudbees.plugins.credentials.cli.ImportCredentialsAsXmlCommand$$FastClassByGuice$$101b4f9a
7489:             1             16  com.cloudbees.plugins.credentials.cli.ListCredentialsAsXmlCommand$$FastClassByGuice$$3c9dc1
7490:             1             16  com.cloudbees.plugins.credentials.cli.ListCredentialsCommand$$FastClassByGuice$$185e79b0
7491:             1             16  com.cloudbees.plugins.credentials.cli.ListCredentialsContextResolversCommand$$FastClassByGuice$$cfa56192
7492:             1             16  com.cloudbees.plugins.credentials.cli.ListCredentialsProvidersCommand$$FastClassByGuice$$700f6b84
7493:             1             16  com.cloudbees.plugins.credentials.cli.UpdateCredentialsByXmlCommand$$FastClassByGuice$$d1f4d7db
7494:             1             16  com.cloudbees.plugins.credentials.cli.UpdateCredentialsDomainByXmlCommand$$FastClassByGuice$$eb1e86bf
7495:             1             16  com.cloudbees.plugins.credentials.domains.HostnamePortSpecification$DescriptorImpl$$FastClassByGuice$$805869d8
7496:             1             16  com.cloudbees.plugins.credentials.domains.HostnameSpecification$DescriptorImpl$$FastClassByGuice$$9f2b0437
7497:             1             16  com.cloudbees.plugins.credentials.domains.PathSpecification$DescriptorImpl$$FastClassByGuice$$36a7d729
7498:             1             16  com.cloudbees.plugins.credentials.domains.SchemeSpecification$DescriptorImpl$$FastClassByGuice$$7bb2a3a9
7499:             1             16  com.cloudbees.plugins.credentials.domains.URIRequirementBuilder$$Lambda$353/715276323
7500:             1             16  com.cloudbees.plugins.credentials.domains.URIRequirementBuilder$$Lambda$354/1871176774
7501:             1             16  com.cloudbees.plugins.credentials.domains.URIRequirementBuilder$$Lambda$355/1965979338
7502:             1             16  com.cloudbees.plugins.credentials.domains.URIRequirementBuilder$$Lambda$356/1246440409
7503:             1             16  com.cloudbees.plugins.credentials.impl.CertificateCredentialsImpl$DescriptorImpl$$FastClassByGuice$$d9e95855
7504:             1             16  com.cloudbees.plugins.credentials.impl.CertificateCredentialsImpl$UploadedKeyStoreSource$DescriptorImpl$$FastClassByGuice$$1ad4c9f0
7505:             1             16  com.cloudbees.plugins.credentials.impl.UsernamePasswordCredentialsImpl$DescriptorImpl$$FastClassByGuice$$1851b6e1
7506:             1             16  com.cloudbees.workflow.flownode.FlowNodeUtil$CacheExtension$$FastClassByGuice$$a91ffeb
7507:             1             16  com.cloudbees.workflow.flownode.FlowNodeUtil$RenameHandler
7508:             1             16  com.cloudbees.workflow.flownode.FlowNodeUtil$RenameHandler$$FastClassByGuice$$8d133b5e
7509:             1             16  com.cloudbees.workflow.rest.endpoints.FlowNodeAPI$$FastClassByGuice$$cb08705a
7510:             1             16  com.cloudbees.workflow.rest.endpoints.JobAPI$$FastClassByGuice$$94fe4e6d
7511:             1             16  com.cloudbees.workflow.rest.endpoints.RunAPI
7512:             1             16  com.cloudbees.workflow.rest.endpoints.RunAPI$$FastClassByGuice$$a2ff14df
7513:             1             16  com.cloudbees.workflow.ui.view.PluginImpl
7514:             1             16  com.cloudbees.workflow.ui.view.WorkflowStageViewAction$Factory
7515:             1             16  com.cloudbees.workflow.ui.view.WorkflowStageViewAction$Factory$$FastClassByGuice$$d25d2577
7516:             1             16  com.coravy.hudson.plugins.github.GithubLinkAction$GithubLinkActionFactory
7517:             1             16  com.coravy.hudson.plugins.github.GithubLinkAction$GithubLinkActionFactory$$FastClassByGuice$$99bd8d33
7518:             1             16  com.coravy.hudson.plugins.github.GithubLinkAnnotator
7519:             1             16  com.coravy.hudson.plugins.github.GithubLinkAnnotator$$FastClassByGuice$$62156c52
7520:             1             16  com.coravy.hudson.plugins.github.GithubProjectProperty$DescriptorImpl$$FastClassByGuice$$4e61b655
7521:             1             16  com.datapipe.jenkins.vault.VaultBuildWrapper$DescriptorImpl$$FastClassByGuice$$589f9479
7522:             1             16  com.datapipe.jenkins.vault.configuration.FolderVaultConfiguration$DescriptorImpl$$FastClassByGuice$$d0cbd7ec
7523:             1             16  com.datapipe.jenkins.vault.configuration.FolderVaultConfiguration$ForJob$$FastClassByGuice$$c2cd00f1
7524:             1             16  com.datapipe.jenkins.vault.configuration.GlobalVaultConfiguration$$FastClassByGuice$$813ee09c
7525:             1             16  com.datapipe.jenkins.vault.configuration.GlobalVaultConfiguration$ForJob$$FastClassByGuice$$7fa12f5c
7526:             1             16  com.datapipe.jenkins.vault.configuration.VaultConfiguration$DescriptorImpl$$FastClassByGuice$$5ad28afa
7527:             1             16  com.datapipe.jenkins.vault.credentials.VaultAppRoleCredential$DescriptorImpl$$FastClassByGuice$$9c0e6c8
7528:             1             16  com.datapipe.jenkins.vault.credentials.VaultGCPCredential$DescriptorImpl$$FastClassByGuice$$1b730e0b
7529:             1             16  com.datapipe.jenkins.vault.credentials.VaultGithubTokenCredential$DescriptorImpl$$FastClassByGuice$$d3c9c089
7530:             1             16  com.datapipe.jenkins.vault.credentials.VaultKubernetesCredential$DescriptorImpl$$FastClassByGuice$$45a4f7b3
7531:             1             16  com.datapipe.jenkins.vault.credentials.VaultTokenCredential$DescriptorImpl$$FastClassByGuice$$12f5e606
7532:             1             16  com.datapipe.jenkins.vault.credentials.VaultTokenCredentialBinding$DescriptorImpl$$FastClassByGuice$$826dd07b
7533:             1             16  com.datapipe.jenkins.vault.credentials.VaultTokenFileCredential$DescriptorImpl$$FastClassByGuice$$2dcd3eea
7534:             1             16  com.datapipe.jenkins.vault.credentials.common.VaultSSHUserPrivateKeyBinding$DescriptorImpl$$FastClassByGuice$$cf22451f
7535:             1             16  com.datapipe.jenkins.vault.credentials.common.VaultSSHUserPrivateKeyImpl$DescriptorImpl$$FastClassByGuice$$e8c0b422
7536:             1             16  com.datapipe.jenkins.vault.credentials.common.VaultStringCredentialBinding$DescriptorImpl$$FastClassByGuice$$4943fbb4
7537:             1             16  com.datapipe.jenkins.vault.credentials.common.VaultStringCredentialImpl$DescriptorImpl$$FastClassByGuice$$4a438dad
7538:             1             16  com.datapipe.jenkins.vault.credentials.common.VaultUsernamePasswordCredentialBinding$DescriptorImpl$$FastClassByGuice$$5224a7b4
7539:             1             16  com.datapipe.jenkins.vault.credentials.common.VaultUsernamePasswordCredentialImpl$DescriptorImpl$$FastClassByGuice$$410261ad
7540:             1             16  com.datapipe.jenkins.vault.jcasc.secrets.VaultSecretSource$$FastClassByGuice$$acda9ddf
7541:             1             16  com.datapipe.jenkins.vault.jcasc.secrets.VaultSecretSource$$Lambda$219/415508120
7542:             1             16  com.datapipe.jenkins.vault.jcasc.secrets.VaultSecretSource$$Lambda$221/1105981786
7543:             1             16  com.datapipe.jenkins.vault.jcasc.secrets.VaultSecretSource$$Lambda$222/10016160
7544:             1             16  com.datapipe.jenkins.vault.model.VaultSecret$DescriptorImpl$$FastClassByGuice$$8ebbb913
7545:             1             16  com.datapipe.jenkins.vault.model.VaultSecretValue$DescriptorImpl$$FastClassByGuice$$e4d7ec62
7546:             1             16  com.fasterxml.jackson.core.util.DefaultPrettyPrinter$FixedSpaceIndenter
7547:             1             16  com.fasterxml.jackson.core.util.DefaultPrettyPrinter$NopIndenter
7548:             1             16  com.fasterxml.jackson.databind.deser.BeanDeserializerFactory
7549:             1             16  com.fasterxml.jackson.databind.deser.impl.JDKValueInstantiators$ArrayListInstantiator
7550:             1             16  com.fasterxml.jackson.databind.deser.impl.JDKValueInstantiators$LinkedHashMapInstantiator
7551:             1             16  com.fasterxml.jackson.databind.deser.std.StdKeyDeserializers
7552:             1             16  com.fasterxml.jackson.databind.ext.Java7HandlersImpl
7553:             1             16  com.fasterxml.jackson.databind.ext.Java7SupportImpl
7554:             1             16  com.fasterxml.jackson.databind.ext.OptionalHandlerFactory
7555:             1             16  com.fasterxml.jackson.databind.introspect.AnnotationCollector$EmptyCollector
7556:             1             16  com.fasterxml.jackson.databind.introspect.AnnotationCollector$NoAnnotations
7557:             1             16  com.fasterxml.jackson.databind.jsontype.impl.LaissezFaireSubTypeValidator
7558:             1             16  com.fasterxml.jackson.databind.jsontype.impl.SubTypeValidator
7559:             1             16  com.fasterxml.jackson.databind.node.NullNode
7560:             1             16  com.fasterxml.jackson.databind.node.TextNode
7561:             1             16  com.fasterxml.jackson.databind.ser.BeanSerializerFactory
7562:             1             16  com.fasterxml.jackson.databind.ser.impl.UnknownSerializer
7563:             1             16  com.fasterxml.jackson.databind.ser.std.NullSerializer
7564:             1             16  com.fasterxml.jackson.databind.ser.std.SerializableSerializer
7565:             1             16  com.fasterxml.jackson.databind.ser.std.StdKeySerializer
7566:             1             16  com.fasterxml.jackson.databind.ser.std.StdKeySerializers$StringKeySerializer
7567:             1             16  com.fasterxml.jackson.databind.ser.std.StringSerializer
7568:             1             16  com.fasterxml.jackson.databind.ser.std.UUIDSerializer
7569:             1             16  com.fasterxml.jackson.databind.type.TypeParser
7570:             1             16  com.github.benmanes.caffeine.cache.BoundedLocalCache$$Lambda$326/330116203
7571:             1             16  com.github.benmanes.caffeine.cache.Caffeine$$Lambda$324/474290760
7572:             1             16  com.google.common.base.CharMatcher$1
7573:             1             16  com.google.common.base.CharMatcher$2
7574:             1             16  com.google.common.base.CharMatcher$3
7575:             1             16  com.google.common.base.CharMatcher$4
7576:             1             16  com.google.common.base.CharMatcher$5
7577:             1             16  com.google.common.base.CharMatcher$6
7578:             1             16  com.google.common.base.CharMatcher$7
7579:             1             16  com.google.common.base.Equivalences$Equals
7580:             1             16  com.google.common.base.Equivalences$Identity
7581:             1             16  com.google.common.base.Optional$Absent
7582:             1             16  com.google.common.base.Platform$1
7583:             1             16  com.google.common.base.Predicates$InstanceOfPredicate
7584:             1             16  com.google.common.base.Suppliers$SupplierOfInstance
7585:             1             16  com.google.common.base.Ticker$1
7586:             1             16  com.google.common.cache.CacheBuilder$1
7587:             1             16  com.google.common.cache.CacheBuilder$2
7588:             1             16  com.google.common.cache.CacheBuilder$3
7589:             1             16  com.google.common.cache.LocalCache$1
7590:             1             16  com.google.common.cache.LocalCache$2
7591:             1             16  com.google.common.cache.LocalCache$Values
7592:             1             16  com.google.common.collect.AbstractMultimap$2
7593:             1             16  com.google.common.collect.EmptyImmutableList
7594:             1             16  com.google.common.collect.EmptyImmutableList$1
7595:             1             16  com.google.common.collect.EmptyImmutableMap
7596:             1             16  com.google.common.collect.EmptyImmutableSet
7597:             1             16  com.google.common.collect.ImmutableCollection$EmptyImmutableCollection
7598:             1             16  com.google.common.collect.Iterators$1
7599:             1             16  com.google.common.collect.Iterators$2
7600:             1             16  com.google.common.collect.Multisets$2
7601:             1             16  com.google.common.collect.NaturalOrdering
7602:             1             16  com.google.common.collect.ReverseOrdering
7603:             1             16  com.google.common.hash.Murmur3_128HashFunction
7604:             1             16  com.google.common.hash.Murmur3_32HashFunction
7605:             1             16  com.google.common.util.concurrent.Futures$7
7606:             1             16  com.google.gson.Gson$1
7607:             1             16  com.google.gson.Gson$2
7608:             1             16  com.google.gson.Gson$4
7609:             1             16  com.google.gson.Gson$5
7610:             1             16  com.google.gson.internal.bind.ArrayTypeAdapter$1
7611:             1             16  com.google.gson.internal.bind.ArrayTypeAdapter$1
7612:             1             16  com.google.gson.internal.bind.CollectionTypeAdapterFactory
7613:             1             16  com.google.gson.internal.bind.DateTypeAdapter$1
7614:             1             16  com.google.gson.internal.bind.DateTypeAdapter$1
7615:             1             16  com.google.gson.internal.bind.JsonAdapterAnnotationTypeAdapterFactory
7616:             1             16  com.google.gson.internal.bind.ObjectTypeAdapter$1
7617:             1             16  com.google.gson.internal.bind.ObjectTypeAdapter$1
7618:             1             16  com.google.gson.internal.bind.SqlDateTypeAdapter$1
7619:             1             16  com.google.gson.internal.bind.SqlDateTypeAdapter$1
7620:             1             16  com.google.gson.internal.bind.TimeTypeAdapter$1
7621:             1             16  com.google.gson.internal.bind.TimeTypeAdapter$1
7622:             1             16  com.google.gson.internal.bind.TypeAdapters$1
7623:             1             16  com.google.gson.internal.bind.TypeAdapters$1
7624:             1             16  com.google.gson.internal.bind.TypeAdapters$10
7625:             1             16  com.google.gson.internal.bind.TypeAdapters$10
7626:             1             16  com.google.gson.internal.bind.TypeAdapters$11
7627:             1             16  com.google.gson.internal.bind.TypeAdapters$11
7628:             1             16  com.google.gson.internal.bind.TypeAdapters$12
7629:             1             16  com.google.gson.internal.bind.TypeAdapters$12
7630:             1             16  com.google.gson.internal.bind.TypeAdapters$13
7631:             1             16  com.google.gson.internal.bind.TypeAdapters$13
7632:             1             16  com.google.gson.internal.bind.TypeAdapters$14
7633:             1             16  com.google.gson.internal.bind.TypeAdapters$14
7634:             1             16  com.google.gson.internal.bind.TypeAdapters$15
7635:             1             16  com.google.gson.internal.bind.TypeAdapters$15
7636:             1             16  com.google.gson.internal.bind.TypeAdapters$16
7637:             1             16  com.google.gson.internal.bind.TypeAdapters$16
7638:             1             16  com.google.gson.internal.bind.TypeAdapters$17
7639:             1             16  com.google.gson.internal.bind.TypeAdapters$17
7640:             1             16  com.google.gson.internal.bind.TypeAdapters$18
7641:             1             16  com.google.gson.internal.bind.TypeAdapters$18
7642:             1             16  com.google.gson.internal.bind.TypeAdapters$19
7643:             1             16  com.google.gson.internal.bind.TypeAdapters$19
7644:             1             16  com.google.gson.internal.bind.TypeAdapters$2
7645:             1             16  com.google.gson.internal.bind.TypeAdapters$2
7646:             1             16  com.google.gson.internal.bind.TypeAdapters$20
7647:             1             16  com.google.gson.internal.bind.TypeAdapters$20
7648:             1             16  com.google.gson.internal.bind.TypeAdapters$21
7649:             1             16  com.google.gson.internal.bind.TypeAdapters$21
7650:             1             16  com.google.gson.internal.bind.TypeAdapters$22
7651:             1             16  com.google.gson.internal.bind.TypeAdapters$22
7652:             1             16  com.google.gson.internal.bind.TypeAdapters$23
7653:             1             16  com.google.gson.internal.bind.TypeAdapters$23
7654:             1             16  com.google.gson.internal.bind.TypeAdapters$24
7655:             1             16  com.google.gson.internal.bind.TypeAdapters$24
7656:             1             16  com.google.gson.internal.bind.TypeAdapters$25
7657:             1             16  com.google.gson.internal.bind.TypeAdapters$25
7658:             1             16  com.google.gson.internal.bind.TypeAdapters$26
7659:             1             16  com.google.gson.internal.bind.TypeAdapters$26
7660:             1             16  com.google.gson.internal.bind.TypeAdapters$27
7661:             1             16  com.google.gson.internal.bind.TypeAdapters$28
7662:             1             16  com.google.gson.internal.bind.TypeAdapters$29
7663:             1             16  com.google.gson.internal.bind.TypeAdapters$3
7664:             1             16  com.google.gson.internal.bind.TypeAdapters$3
7665:             1             16  com.google.gson.internal.bind.TypeAdapters$30
7666:             1             16  com.google.gson.internal.bind.TypeAdapters$4
7667:             1             16  com.google.gson.internal.bind.TypeAdapters$4
7668:             1             16  com.google.gson.internal.bind.TypeAdapters$5
7669:             1             16  com.google.gson.internal.bind.TypeAdapters$5
7670:             1             16  com.google.gson.internal.bind.TypeAdapters$6
7671:             1             16  com.google.gson.internal.bind.TypeAdapters$6
7672:             1             16  com.google.gson.internal.bind.TypeAdapters$7
7673:             1             16  com.google.gson.internal.bind.TypeAdapters$7
7674:             1             16  com.google.gson.internal.bind.TypeAdapters$8
7675:             1             16  com.google.gson.internal.bind.TypeAdapters$8
7676:             1             16  com.google.gson.internal.bind.TypeAdapters$9
7677:             1             16  com.google.gson.internal.bind.TypeAdapters$9
7678:             1             16  com.google.gson.internal.reflect.PreJava9ReflectionAccessor
7679:             1             16  com.google.inject.Scopes$1
7680:             1             16  com.google.inject.Scopes$2
7681:             1             16  com.google.inject.internal.Annotations$1
7682:             1             16  com.google.inject.internal.Annotations$3
7683:             1             16  com.google.inject.internal.BytecodeGen$1
7684:             1             16  com.google.inject.internal.BytecodeGen$2
7685:             1             16  com.google.inject.internal.BytecodeGen$3
7686:             1             16  com.google.inject.internal.Errors$2
7687:             1             16  com.google.inject.internal.Errors$3
7688:             1             16  com.google.inject.internal.Errors$4
7689:             1             16  com.google.inject.internal.Initializables$1
7690:             1             16  com.google.inject.internal.InjectorImpl$BindingsMultimap
7691:             1             16  com.google.inject.internal.InjectorShell$InjectorFactory
7692:             1             16  com.google.inject.internal.InjectorShell$LoggerFactory
7693:             1             16  com.google.inject.internal.ProviderMethodsModule$1
7694:             1             16  com.google.inject.internal.ProvisionListenerCallbackStore$1
7695:             1             16  com.google.inject.internal.Scoping$1
7696:             1             16  com.google.inject.internal.Scoping$2
7697:             1             16  com.google.inject.internal.Scoping$3
7698:             1             16  com.google.inject.internal.Scoping$4
7699:             1             16  com.google.inject.internal.SingletonScope
7700:             1             16  com.google.inject.internal.State$1
7701:             1             16  com.google.inject.internal.TypeConverterBindingProcessor$1
7702:             1             16  com.google.inject.internal.TypeConverterBindingProcessor$2
7703:             1             16  com.google.inject.internal.TypeConverterBindingProcessor$3
7704:             1             16  com.google.inject.internal.TypeConverterBindingProcessor$4
7705:             1             16  com.google.inject.internal.WeakKeySet$1
7706:             1             16  com.google.inject.internal.cglib.core.$DefaultGeneratorStrategy
7707:             1             16  com.google.inject.internal.cglib.core.$DefaultNamingPolicy
7708:             1             16  com.google.inject.internal.cglib.core.$KeyFactory$1
7709:             1             16  com.google.inject.internal.cglib.core.$KeyFactory$2
7710:             1             16  com.google.inject.internal.cglib.core.$MethodInfoTransformer
7711:             1             16  com.google.inject.internal.util.StackTraceElements$1
7712:             1             16  com.google.inject.matcher.Matchers$Any
7713:             1             16  com.google.inject.matcher.Matchers$SubclassesOf
7714:             1             16  com.google.inject.spi.Elements$1
7715:             1             16  com.google.inject.util.Modules$EmptyModule
7716:             1             16  com.microsoft.jenkins.azurecommons.AzureCommonsPlugin
7717:             1             16  com.microsoft.jenkins.azurecommons.EnvironmentInjector$CustomEnvironmentContributor
7718:             1             16  com.microsoft.jenkins.azurecommons.EnvironmentInjector$CustomEnvironmentContributor$$FastClassByGuice$$d1a5c726
7719:             1             16  com.microsoft.jenkins.azurecommons.core.EnvironmentInjector$CustomEnvironmentContributor
7720:             1             16  com.microsoft.jenkins.azurecommons.core.EnvironmentInjector$CustomEnvironmentContributor$$FastClassByGuice$$fe828f35
7721:             1             16  com.microsoft.jenkins.azurecommons.telemetry.AppInsightsGlobalConfig$$FastClassByGuice$$147e5e7c
7722:             1             16  com.microsoft.jenkins.azurecommons.telemetry.AppInsightsPageDecorator$$FastClassByGuice$$b9122b95
7723:             1             16  com.microsoft.jenkins.azurecommons.telemetry.AppInsightsPluginLoadListener$$FastClassByGuice$$6c234304
7724:             1             16  com.microsoft.jenkins.azurecommons.telemetry.AppInsightsPluginLoadListener$$Lambda$179/1995111805
7725:             1             16  com.microsoft.jenkins.kubernetes.KubernetesCDPlugin
7726:             1             16  com.microsoft.jenkins.kubernetes.KubernetesDeploy$DescriptorImpl$$FastClassByGuice$$35bfcbc3
7727:             1             16  com.microsoft.jenkins.kubernetes.KubernetesDeployContext$DescriptorImpl$$FastClassByGuice$$af6b6bb4
7728:             1             16  com.microsoft.jenkins.kubernetes.credentials.ConfigFileCredentials$DescriptorImpl$$FastClassByGuice$$2eb450a
7729:             1             16  com.microsoft.jenkins.kubernetes.credentials.KubeconfigCredentials$CredentialsSnapshotTakerImpl
7730:             1             16  com.microsoft.jenkins.kubernetes.credentials.KubeconfigCredentials$CredentialsSnapshotTakerImpl$$FastClassByGuice$$96f53f7
7731:             1             16  com.microsoft.jenkins.kubernetes.credentials.KubeconfigCredentials$DescriptorImpl$$FastClassByGuice$$68038a9b
7732:             1             16  com.microsoft.jenkins.kubernetes.credentials.KubeconfigCredentials$DirectEntryKubeconfigSource$DescriptorImpl$$FastClassByGuice$$acadebac
7733:             1             16  com.microsoft.jenkins.kubernetes.credentials.KubeconfigCredentials$FileOnKubernetesMasterKubeconfigSource$DescriptorImpl$$FastClassByGuice$$b933ba3a
7734:             1             16  com.microsoft.jenkins.kubernetes.credentials.KubeconfigCredentials$FileOnMasterKubeconfigSource$DescriptorImpl$$FastClassByGuice$$ca72dd20
7735:             1             16  com.microsoft.jenkins.kubernetes.credentials.KubeconfigCredentialsBinding$DescriptorImpl$$FastClassByGuice$$8b8eca46
7736:             1             16  com.microsoft.jenkins.kubernetes.credentials.KubeconfigFileCredentialsBinding$DescriptorImpl$$FastClassByGuice$$3e38a62a
7737:             1             16  com.microsoft.jenkins.kubernetes.credentials.SSHCredentials$DescriptorImpl$$FastClassByGuice$$a8469d2a
7738:             1             16  com.microsoft.jenkins.kubernetes.credentials.TextCredentials$DescriptorImpl$$FastClassByGuice$$164b0d59
7739:             1             16  com.sonyericsson.rebuild.RebuildActionFactory
7740:             1             16  com.sonyericsson.rebuild.RebuildActionFactory$$FastClassByGuice$$3636aa60
7741:             1             16  com.sonyericsson.rebuild.RebuildConfiguration
7742:             1             16  com.sonyericsson.rebuild.RebuildProjectActionFactory
7743:             1             16  com.sonyericsson.rebuild.RebuildProjectActionFactory$$FastClassByGuice$$64d8bd6f
7744:             1             16  com.sonyericsson.rebuild.RebuildSettings$DescriptorImpl$$FastClassByGuice$$399425c
7745:             1             16  com.sonyericsson.rebuild.Rebuilder
7746:             1             16  com.sonyericsson.rebuild.Rebuilder$$FastClassByGuice$$cb4873a1
7747:             1             16  com.sun.crypto.provider.Preconditions$1
7748:             1             16  com.sun.crypto.provider.RangeUtil$$Lambda$178/1797040489
7749:             1             16  com.sun.imageio.stream.StreamCloser$1
7750:             1             16  com.sun.jmx.interceptor.DefaultMBeanServerInterceptor$ResourceContext$1
7751:             1             16  com.sun.jmx.mbeanserver.DefaultMXBeanMappingFactory
7752:             1             16  com.sun.jmx.mbeanserver.DescriptorCache
7753:             1             16  com.sun.jmx.mbeanserver.MBeanAnalyzer$MethodOrder
7754:             1             16  com.sun.jmx.mbeanserver.MBeanInstantiator
7755:             1             16  com.sun.jmx.mbeanserver.MXBeanIntrospector
7756:             1             16  com.sun.jmx.mbeanserver.SecureClassLoaderRepository
7757:             1             16  com.sun.jmx.mbeanserver.StandardMBeanIntrospector
7758:             1             16  com.sun.jna.JNIEnv
7759:             1             16  com.sun.jna.Native$1
7760:             1             16  com.sun.jna.Native$2
7761:             1             16  com.sun.jna.Native$7
7762:             1             16  com.sun.jna.Structure$1
7763:             1             16  com.sun.jna.Structure$2
7764:             1             16  com.sun.jna.VarArgsChecker$RealVarArgsChecker
7765:             1             16  com.sun.jndi.ldap.Connection$$Lambda$336/684382226
7766:             1             16  com.sun.jndi.ldap.DefaultResponseControlFactory
7767:             1             16  com.sun.jndi.ldap.LdapNameParser
7768:             1             16  com.sun.jndi.ldap.VersionHelper12
7769:             1             16  com.sun.jndi.ldap.pool.ConnectionsRef
7770:             1             16  com.sun.jndi.toolkit.dir.HierarchicalNameParser
7771:             1             16  com.sun.naming.internal.VersionHelper12
7772:             1             16  com.sun.org.apache.xalan.internal.utils.SecuritySupport
7773:             1             16  com.sun.org.apache.xerces.internal.dom.CharacterDataImpl$1
7774:             1             16  com.sun.org.apache.xerces.internal.impl.dv.dtd.IDDatatypeValidator
7775:             1             16  com.sun.org.apache.xerces.internal.impl.dv.dtd.IDREFDatatypeValidator
7776:             1             16  com.sun.org.apache.xerces.internal.impl.dv.dtd.NMTOKENDatatypeValidator
7777:             1             16  com.sun.org.apache.xerces.internal.impl.dv.dtd.NOTATIONDatatypeValidator
7778:             1             16  com.sun.org.apache.xerces.internal.impl.dv.dtd.StringDatatypeValidator
7779:             1             16  com.sun.org.apache.xerces.internal.impl.dv.dtd.XML11IDDatatypeValidator
7780:             1             16  com.sun.org.apache.xerces.internal.impl.dv.dtd.XML11IDREFDatatypeValidator
7781:             1             16  com.sun.org.apache.xerces.internal.impl.dv.dtd.XML11NMTOKENDatatypeValidator
7782:             1             16  com.sun.org.apache.xerces.internal.util.EntityResolverWrapper
7783:             1             16  com.sun.org.apache.xerces.internal.utils.SecuritySupport
7784:             1             16  com.sun.org.apache.xpath.internal.objects.EqualComparator
7785:             1             16  com.sun.org.apache.xpath.internal.objects.GreaterThanComparator
7786:             1             16  com.sun.org.apache.xpath.internal.objects.GreaterThanOrEqualComparator
7787:             1             16  com.sun.org.apache.xpath.internal.objects.LessThanComparator
7788:             1             16  com.sun.org.apache.xpath.internal.objects.LessThanOrEqualComparator
7789:             1             16  com.sun.org.apache.xpath.internal.objects.NotEqualComparator
7790:             1             16  com.sun.org.apache.xpath.internal.objects.XMLStringFactoryImpl
7791:             1             16  com.sun.proxy.$Proxy101
7792:             1             16  com.sun.proxy.$Proxy114
7793:             1             16  com.sun.proxy.$Proxy13
7794:             1             16  com.sun.proxy.$Proxy33
7795:             1             16  com.sun.proxy.$Proxy38
7796:             1             16  com.sun.proxy.$Proxy39
7797:             1             16  com.sun.proxy.$Proxy54
7798:             1             16  com.sun.proxy.$Proxy6
7799:             1             16  com.sun.proxy.$Proxy66
7800:             1             16  com.sun.proxy.$Proxy67
7801:             1             16  com.sun.proxy.$Proxy69
7802:             1             16  com.sun.proxy.$Proxy71
7803:             1             16  com.sun.proxy.$Proxy73
7804:             1             16  com.sun.proxy.$Proxy74
7805:             1             16  com.sun.proxy.$Proxy79
7806:             1             16  com.sun.proxy.$Proxy80
7807:             1             16  com.sun.proxy.$Proxy83
7808:             1             16  com.sun.proxy.$Proxy86
7809:             1             16  com.sun.proxy.$Proxy98
7810:             1             16  com.thoughtworks.xstream.converters.collections.TreeMapConverter$NullComparator
7811:             1             16  com.thoughtworks.xstream.converters.extended.DynamicProxyConverter$1
7812:             1             16  com.thoughtworks.xstream.converters.extended.StackTraceElementFactory15
7813:             1             16  com.thoughtworks.xstream.mapper.PackageAliasingMapper$1
7814:             1             16  com.thoughtworks.xstream.security.AnyTypePermission
7815:             1             16  com.thoughtworks.xstream.security.NoTypePermission
7816:             1             16  com.tikal.jenkins.plugins.multijob.FileBuildParameters$DescriptorImpl$$FastClassByGuice$$67f9a3a1
7817:             1             16  com.tikal.jenkins.plugins.multijob.MultiJobBuilder$DescriptorImpl$$FastClassByGuice$$728799e6
7818:             1             16  com.tikal.jenkins.plugins.multijob.MultiJobParametersAction$MultiJobParametersActionEnvironmentContributor
7819:             1             16  com.tikal.jenkins.plugins.multijob.MultiJobParametersAction$MultiJobParametersActionEnvironmentContributor$$FastClassByGuice$$32a5d762
7820:             1             16  com.tikal.jenkins.plugins.multijob.PhaseJobsConfig$DescriptorImpl$$FastClassByGuice$$2f2c968a
7821:             1             16  com.tikal.jenkins.plugins.multijob.PredefinedBuildParameters$DescriptorImpl$$FastClassByGuice$$125ecf2b
7822:             1             16  com.tikal.jenkins.plugins.multijob.listeners.MultiJobListener
7823:             1             16  com.tikal.jenkins.plugins.multijob.listeners.MultiJobListener$$FastClassByGuice$$5a98d3f1
7824:             1             16  com.tikal.jenkins.plugins.multijob.views.ConsoleColumn$DescriptorImpl$$FastClassByGuice$$5bc0bd50
7825:             1             16  com.tikal.jenkins.plugins.multijob.views.JobColumn$DescriptorImpl$$FastClassByGuice$$7f8637aa
7826:             1             16  com.tikal.jenkins.plugins.multijob.views.LastDurationColumn$DescriptorImpl$$FastClassByGuice$$ccc5de69
7827:             1             16  com.tikal.jenkins.plugins.multijob.views.LastFailureColumn$DescriptorImpl$$FastClassByGuice$$3ed213b3
7828:             1             16  com.tikal.jenkins.plugins.multijob.views.LastSuccessColumn$DescriptorImpl$$FastClassByGuice$$2862fada
7829:             1             16  com.tikal.jenkins.plugins.multijob.views.MultiJobView$DescriptorImpl$$FastClassByGuice$$9c9a6d80
7830:             1             16  com.tikal.jenkins.plugins.multijob.views.StatusColumn$DescriptorImpl$$FastClassByGuice$$5de91641
7831:             1             16  com.tikal.jenkins.plugins.multijob.views.WeatherColumn$DescriptorImpl$$FastClassByGuice$$44761ed3
7832:             1             16  com.trilead.ssh2.util.TimeoutService$1
7833:             1             16  com.vmware.vim25.ws.TrustAllSSL$1
7834:             1             16  com.vmware.vim25.ws.TrustAllSSL$TrustAllManager
7835:             1             16  com.zaxxer.hikari.pool.PoolBase$NopMetricsTrackerDelegate
7836:             1             16  com.zaxxer.hikari.pool.ProxyConnection$ClosedConnection$$Lambda$490/1894059327
7837:             1             16  com.zaxxer.hikari.util.ClockSource$NanosecondClockSource
7838:             1             16  com.zaxxer.hikari.util.ConcurrentBag$$Lambda$467/828765068
7839:             1             16  com.zaxxer.hikari.util.SuspendResumeLock$1
7840:             1             16  de.taimos.pipeline.aws.AWSIdentityStep$DescriptorImpl$$FastClassByGuice$$42214c5d
7841:             1             16  de.taimos.pipeline.aws.CFInvalidateStep$DescriptorImpl$$FastClassByGuice$$deb48e78
7842:             1             16  de.taimos.pipeline.aws.DeployAPIStep$DescriptorImpl$$FastClassByGuice$$feb6cc5
7843:             1             16  de.taimos.pipeline.aws.EC2ShareAmiStep$DescriptorImpl$$FastClassByGuice$$f35fe8e6
7844:             1             16  de.taimos.pipeline.aws.ECRLoginStep$DescriptorImpl$$FastClassByGuice$$f92b5241
7845:             1             16  de.taimos.pipeline.aws.InvokeLambdaStep$DescriptorImpl$$FastClassByGuice$$90012c57
7846:             1             16  de.taimos.pipeline.aws.LambdaVersionCleanupStep$DescriptorImpl$$FastClassByGuice$$f71c4e3
7847:             1             16  de.taimos.pipeline.aws.ListAWSAccountsStep$DescriptorImpl$$FastClassByGuice$$7ce803f3
7848:             1             16  de.taimos.pipeline.aws.S3CopyStep$DescriptorImpl$$FastClassByGuice$$3b757081
7849:             1             16  de.taimos.pipeline.aws.S3DeleteStep$DescriptorImpl$$FastClassByGuice$$d9c98acb
7850:             1             16  de.taimos.pipeline.aws.S3DoesObjectExistStep$DescriptorImpl$$FastClassByGuice$$95f55379
7851:             1             16  de.taimos.pipeline.aws.S3DownloadStep$DescriptorImpl$$FastClassByGuice$$e7e7810e
7852:             1             16  de.taimos.pipeline.aws.S3FindFilesStep$DescriptorImpl$$FastClassByGuice$$d54ac45a
7853:             1             16  de.taimos.pipeline.aws.S3PresignUrlStep$DescriptorImpl$$FastClassByGuice$$a71b9807
7854:             1             16  de.taimos.pipeline.aws.S3UploadStep$DescriptorImpl$$FastClassByGuice$$df4d06b5
7855:             1             16  de.taimos.pipeline.aws.SNSPublishStep$DescriptorImpl$$FastClassByGuice$$f21522ff
7856:             1             16  de.taimos.pipeline.aws.SetAccountAliasStep$DescriptorImpl$$FastClassByGuice$$f8c844d3
7857:             1             16  de.taimos.pipeline.aws.UpdateIdP$DescriptorImpl$$FastClassByGuice$$2481f9b8
7858:             1             16  de.taimos.pipeline.aws.UpdateTrustPolicy$DescriptorImpl$$FastClassByGuice$$6e591c03
7859:             1             16  de.taimos.pipeline.aws.WaitDeployStep$DescriptorImpl$$FastClassByGuice$$38d84c9a
7860:             1             16  de.taimos.pipeline.aws.WithAWSStep$DescriptorImpl$$FastClassByGuice$$c0c0e1e1
7861:             1             16  de.taimos.pipeline.aws.cloudformation.CFNCreateChangeSetStep$DescriptorImpl$$FastClassByGuice$$e67aa6db
7862:             1             16  de.taimos.pipeline.aws.cloudformation.CFNDeleteStep$DescriptorImpl$$FastClassByGuice$$7f8be3b2
7863:             1             16  de.taimos.pipeline.aws.cloudformation.CFNDescribeStep$DescriptorImpl$$FastClassByGuice$$b969a912
7864:             1             16  de.taimos.pipeline.aws.cloudformation.CFNExecuteChangeSetStep$DescriptorImpl$$FastClassByGuice$$c076b600
7865:             1             16  de.taimos.pipeline.aws.cloudformation.CFNExportsStep$DescriptorImpl$$FastClassByGuice$$8b5afbf2
7866:             1             16  de.taimos.pipeline.aws.cloudformation.CFNUpdateStep$DescriptorImpl$$FastClassByGuice$$af2e6fd4
7867:             1             16  de.taimos.pipeline.aws.cloudformation.CFNValidateStep$DescriptorImpl$$FastClassByGuice$$a44bd4e7
7868:             1             16  de.taimos.pipeline.aws.cloudformation.stacksets.CFNDeleteStackSetStep$DescriptorImpl$$FastClassByGuice$$aec9b64d
7869:             1             16  de.taimos.pipeline.aws.cloudformation.stacksets.CFNUpdateStackSetStep$DescriptorImpl$$FastClassByGuice$$3a37006f
7870:             1             16  de.taimos.pipeline.aws.ecr.ECRDeleteImagesStep$DescriptorImpl$$FastClassByGuice$$90ccf79b
7871:             1             16  de.taimos.pipeline.aws.ecr.ECRListImagesStep$DescriptorImpl$$FastClassByGuice$$c422e5c8
7872:             1             16  de.taimos.pipeline.aws.ecr.ECRSetRepositoryPolicyStep$DescriptorImpl$$FastClassByGuice$$6f6a3352
7873:             1             16  edu.hm.hafner.analysis.SecureDigester$$Lambda$191/586221677
7874:             1             16  edu.hm.hafner.echarts.SeriesBuilder$$Lambda$545/2138083469
7875:             1             16  edu.hm.hafner.echarts.SeriesBuilder$$Lambda$546/1421695007
7876:             1             16  edu.hm.hafner.util.PathUtil
7877:             1             16  groovy.json.JsonSlurperClassic
7878:             1             16  groovy.lang.MetaClassImpl$1
7879:             1             16  groovy.lang.MetaClassImpl$16
7880:             1             16  groovy.lang.MetaClassImpl$17
7881:             1             16  groovy.lang.MetaClassRegistry$MetaClassCreationHandle
7882:             1             16  groovyjarjarantlr.Token
7883:             1             16  htmlpublisher.HtmlPublisher$DescriptorImpl$$FastClassByGuice$$c4925aff
7884:             1             16  htmlpublisher.HtmlPublisherTarget$DescriptorImpl$$FastClassByGuice$$5adec2e
7885:             1             16  htmlpublisher.workflow.PublishHTMLStep$DescriptorImpl$$FastClassByGuice$$5081617f
7886:             1             16  htmlpublisher.workflow.WorkflowActionsFactory
7887:             1             16  htmlpublisher.workflow.WorkflowActionsFactory$$FastClassByGuice$$2a041ade
7888:             1             16  hudson.AboutJenkins
7889:             1             16  hudson.AboutJenkins$$FastClassByGuice$$cbb5c65c
7890:             1             16  hudson.BulkChange$1
7891:             1             16  hudson.ClassicPluginStrategy$1
7892:             1             16  hudson.DescriptorExtensionList$$Lambda$131/1259457312
7893:             1             16  hudson.ExpressionFactory2
7894:             1             16  hudson.ExtensionFinder$$Lambda$168/1835483101
7895:             1             16  hudson.ExtensionFinder$$Lambda$169/86082603
7896:             1             16  hudson.ExtensionFinder$DefaultGuiceExtensionAnnotation
7897:             1             16  hudson.ExtensionFinder$DefaultGuiceExtensionAnnotation$$FastClassByGuice$$c50e37c0
7898:             1             16  hudson.ExtensionFinder$GuiceFinder$$FastClassByGuice$$b996da11
7899:             1             16  hudson.ExtensionFinder$GuiceFinder$2
7900:             1             16  hudson.ExtensionFinder$GuiceFinder$SezpozModule$$Lambda$166/1631812267
7901:             1             16  hudson.ExtensionFinder$GuiceFinder$SezpozModule$$Lambda$167/2138042221
7902:             1             16  hudson.ExtensionFinder$Sezpoz
7903:             1             16  hudson.ExtensionList$$Lambda$41/2012577787
7904:             1             16  hudson.ExtensionList$Lock
7905:             1             16  hudson.FilePath$3
7906:             1             16  hudson.FilePath$UrlFactory
7907:             1             16  hudson.FileSystemProvisioner$Default
7908:             1             16  hudson.FileSystemProvisioner$Default$DescriptorImpl$$FastClassByGuice$$fb5e0bf2
7909:             1             16  hudson.Functions$$Lambda$571/445671570
7910:             1             16  hudson.Functions$$Lambda$572/624629725
7911:             1             16  hudson.Lookup
7912:             1             16  hudson.PluginManager$$Lambda$691/2069313908
7913:             1             16  hudson.PluginManager$$Lambda$692/2130174423
7914:             1             16  hudson.PluginManager$PluginCycleDependenciesMonitor$$FastClassByGuice$$a1ab827b
7915:             1             16  hudson.PluginManager$PluginInstanceStore
7916:             1             16  hudson.PluginManager$PluginUpdateMonitor$$FastClassByGuice$$e5f43901
7917:             1             16  hudson.ProxyConfiguration$DescriptorImpl$$FastClassByGuice$$3d330538
7918:             1             16  hudson.TcpSlaveAgentListener$$Lambda$313/1622110784
7919:             1             16  hudson.TcpSlaveAgentListener$PingAgentProtocol
7920:             1             16  hudson.TcpSlaveAgentListener$PingAgentProtocol$$FastClassByGuice$$28bd2417
7921:             1             16  hudson.TcpSlaveAgentListener$TcpSlaveAgentListenerRescheduler$$FastClassByGuice$$ddb45ab9
7922:             1             16  hudson.WebAppMain$2
7923:             1             16  hudson.cli.AddJobToViewCommand$$FastClassByGuice$$6fb93bce
7924:             1             16  hudson.cli.BuildCommand$$FastClassByGuice$$556e3b7e
7925:             1             16  hudson.cli.CLIAction
7926:             1             16  hudson.cli.CLIAction$$FastClassByGuice$$bfe48495
7927:             1             16  hudson.cli.CancelQuietDownCommand$$FastClassByGuice$$a1686550
7928:             1             16  hudson.cli.ClearQueueCommand$$FastClassByGuice$$74bb9e06
7929:             1             16  hudson.cli.CliCrumbExclusion
7930:             1             16  hudson.cli.CliCrumbExclusion$$FastClassByGuice$$7622f572
7931:             1             16  hudson.cli.ConnectNodeCommand$$FastClassByGuice$$e1781960
7932:             1             16  hudson.cli.ConsoleCommand$$FastClassByGuice$$bbf09835
7933:             1             16  hudson.cli.CopyJobCommand$$FastClassByGuice$$7f3c8064
7934:             1             16  hudson.cli.CreateJobCommand$$FastClassByGuice$$b5d3e8eb
7935:             1             16  hudson.cli.CreateNodeCommand$$FastClassByGuice$$38899a6c
7936:             1             16  hudson.cli.CreateViewCommand$$FastClassByGuice$$8102069
7937:             1             16  hudson.cli.DeleteBuildsCommand$$FastClassByGuice$$72ddea3a
7938:             1             16  hudson.cli.DeleteJobCommand$$FastClassByGuice$$ee5dfeda
7939:             1             16  hudson.cli.DeleteNodeCommand$$FastClassByGuice$$1142425d
7940:             1             16  hudson.cli.DeleteViewCommand$$FastClassByGuice$$e0c8c85a
7941:             1             16  hudson.cli.DisablePluginCommand$$FastClassByGuice$$1fe1011
7942:             1             16  hudson.cli.DisconnectNodeCommand$$FastClassByGuice$$4c2b74c
7943:             1             16  hudson.cli.EnablePluginCommand$$FastClassByGuice$$17f0ca34
7944:             1             16  hudson.cli.GetJobCommand$$FastClassByGuice$$58f2a263
7945:             1             16  hudson.cli.GetNodeCommand$$FastClassByGuice$$f9420ff4
7946:             1             16  hudson.cli.GetViewCommand$$FastClassByGuice$$c8c895f1
7947:             1             16  hudson.cli.GroovyCommand$$FastClassByGuice$$8637f4fc
7948:             1             16  hudson.cli.GroovyshCommand$$FastClassByGuice$$2407dcc7
7949:             1             16  hudson.cli.HelpCommand$$FastClassByGuice$$cf135629
7950:             1             16  hudson.cli.InstallPluginCommand$$FastClassByGuice$$d495483e
7951:             1             16  hudson.cli.ListChangesCommand$$FastClassByGuice$$bd667107
7952:             1             16  hudson.cli.ListJobsCommand$$FastClassByGuice$$50fd9876
7953:             1             16  hudson.cli.ListPluginsCommand$$FastClassByGuice$$9650998a
7954:             1             16  hudson.cli.MailCommand$$FastClassByGuice$$8a130ef3
7955:             1             16  hudson.cli.OfflineNodeCommand$$FastClassByGuice$$d5bfdec7
7956:             1             16  hudson.cli.OnlineNodeCommand$$FastClassByGuice$$671498b5
7957:             1             16  hudson.cli.QuietDownCommand$$FastClassByGuice$$f8b76b76
7958:             1             16  hudson.cli.ReloadConfigurationCommand$$FastClassByGuice$$17eb9d6f
7959:             1             16  hudson.cli.ReloadJobCommand$$FastClassByGuice$$6e626948
7960:             1             16  hudson.cli.RemoveJobFromViewCommand$$FastClassByGuice$$e45cda04
7961:             1             16  hudson.cli.SessionIdCommand$$FastClassByGuice$$25f85bb
7962:             1             16  hudson.cli.SetBuildDescriptionCommand$$FastClassByGuice$$36021cbc
7963:             1             16  hudson.cli.SetBuildDisplayNameCommand$$FastClassByGuice$$310592b
7964:             1             16  hudson.cli.SetExternalBuildResultCommand$$FastClassByGuice$$b48656c
7965:             1             16  hudson.cli.UpdateJobCommand$$FastClassByGuice$$fc80e478
7966:             1             16  hudson.cli.UpdateNodeCommand$$FastClassByGuice$$c77c107f
7967:             1             16  hudson.cli.UpdateViewCommand$$FastClassByGuice$$9702967c
7968:             1             16  hudson.cli.VersionCommand$$FastClassByGuice$$f70e1d94
7969:             1             16  hudson.cli.WaitNodeOfflineCommand$$FastClassByGuice$$edf7b220
7970:             1             16  hudson.cli.WaitNodeOnlineCommand$$FastClassByGuice$$688ac840
7971:             1             16  hudson.cli.WhoAmICommand$$FastClassByGuice$$8ba542eb
7972:             1             16  hudson.cli.declarative.CLIRegisterer
7973:             1             16  hudson.cli.declarative.CLIRegisterer$$FastClassByGuice$$eb1e1e4b
7974:             1             16  hudson.console.ExpandableDetailsNote$DescriptorImpl$$FastClassByGuice$$1fbb79dd
7975:             1             16  hudson.console.HyperlinkNote$$Lambda$613/1234069528
7976:             1             16  hudson.console.HyperlinkNote$DescriptorImpl$$FastClassByGuice$$af6d1925
7977:             1             16  hudson.console.ModelHyperlinkNote$$Lambda$383/1042458106
7978:             1             16  hudson.console.ModelHyperlinkNote$DescriptorImpl$$FastClassByGuice$$427416da
7979:             1             16  hudson.console.UrlAnnotator
7980:             1             16  hudson.console.UrlAnnotator$$FastClassByGuice$$96f4f57
7981:             1             16  hudson.diagnosis.HudsonHomeDiskUsageChecker$$FastClassByGuice$$31aaa3fb
7982:             1             16  hudson.diagnosis.HudsonHomeDiskUsageMonitor$$FastClassByGuice$$4f1c91a0
7983:             1             16  hudson.diagnosis.MemoryUsageMonitor$$FastClassByGuice$$f0a6862a
7984:             1             16  hudson.diagnosis.NullIdDescriptorMonitor$$FastClassByGuice$$56c2fdf9
7985:             1             16  hudson.diagnosis.OldDataMonitor$$FastClassByGuice$$a877c3b9
7986:             1             16  hudson.diagnosis.OldDataMonitor$1
7987:             1             16  hudson.diagnosis.OldDataMonitor$2
7988:             1             16  hudson.diagnosis.OldDataMonitor$3
7989:             1             16  hudson.diagnosis.OldDataMonitor$ManagementLinkImpl
7990:             1             16  hudson.diagnosis.OldDataMonitor$ManagementLinkImpl$$FastClassByGuice$$adcba588
7991:             1             16  hudson.diagnosis.ReverseProxySetupMonitor
7992:             1             16  hudson.diagnosis.ReverseProxySetupMonitor$$FastClassByGuice$$37562cf9
7993:             1             16  hudson.diagnosis.TooManyJobsButNoView
7994:             1             16  hudson.diagnosis.TooManyJobsButNoView$$FastClassByGuice$$4978452e
7995:             1             16  hudson.init.impl.InstallUncaughtExceptionHandler$$Lambda$67/776032246
7996:             1             16  hudson.init.impl.InstallUncaughtExceptionHandler$DefaultUncaughtExceptionHandler
7997:             1             16  hudson.ivy.IvyBuildTrigger$IvyConfiguration$DescriptorImpl$$FastClassByGuice$$c03ed626
7998:             1             16  hudson.ivy.builder.AntIvyBuilderType$DescriptorImpl$$FastClassByGuice$$e5a6276b
7999:             1             16  hudson.lifecycle.ExitLifecycle$$FastClassByGuice$$a0251c95
8000:             1             16  hudson.logging.LogRecorder$ComputerLogInitializer
8001:             1             16  hudson.logging.LogRecorder$ComputerLogInitializer$$FastClassByGuice$$e3054f7d
8002:             1             16  hudson.logging.LogRecorderManager
8003:             1             16  hudson.markup.EscapedMarkupFormatter$DescriptorImpl$$FastClassByGuice$$964a6301
8004:             1             16  hudson.markup.MyspacePolicy$1
8005:             1             16  hudson.markup.RawHtmlMarkupFormatter$DescriptorImpl$$FastClassByGuice$$5a5a2ef1
8006:             1             16  hudson.matrix.DefaultAxisDescriptor$$FastClassByGuice$$7c6663d7
8007:             1             16  hudson.matrix.DefaultMatrixExecutionStrategyImpl$DescriptorImpl$$FastClassByGuice$$ce3ec170
8008:             1             16  hudson.matrix.FilterScript$ImpliesWhitelist$$FastClassByGuice$$5a78bcd7
8009:             1             16  hudson.matrix.JDKAxis$DescriptorImpl$$FastClassByGuice$$84e68efb
8010:             1             16  hudson.matrix.LabelAxis$DescriptorImpl$$FastClassByGuice$$dc256318
8011:             1             16  hudson.matrix.LabelExpAxis$DescriptorImpl$$FastClassByGuice$$a5b7552f
8012:             1             16  hudson.matrix.MatrixChildParametersAction$MatrixChildParametersActionEnvironmentContributor
8013:             1             16  hudson.matrix.MatrixChildParametersAction$MatrixChildParametersActionEnvironmentContributor$$FastClassByGuice$$15aa8ee0
8014:             1             16  hudson.matrix.NoopMatrixConfigurationSorter$DescriptorImpl$$FastClassByGuice$$eb53bf0f
8015:             1             16  hudson.matrix.TextAxis$DescriptorImpl$$FastClassByGuice$$c7d3b70b
8016:             1             16  hudson.maven.AbstractMavenProcessFactory$UserInetTcpSocketHostLocator$$FastClassByGuice$$e6d7548f
8017:             1             16  hudson.maven.MavenTestDataPublisher$DescriptorImpl$$FastClassByGuice$$5289e0a8
8018:             1             16  hudson.maven.PluginImpl
8019:             1             16  hudson.maven.RedeployPublisher$DescriptorImpl$$FastClassByGuice$$5d9a927
8020:             1             16  hudson.maven.local_repo.DefaultLocalRepositoryLocator
8021:             1             16  hudson.maven.local_repo.DefaultLocalRepositoryLocator$DescriptorImpl$$FastClassByGuice$$83a0fa43
8022:             1             16  hudson.maven.local_repo.PerExecutorLocalRepositoryLocator$DescriptorImpl$$FastClassByGuice$$2a428bd4
8023:             1             16  hudson.maven.local_repo.PerJobLocalRepositoryLocator$DescriptorImpl$$FastClassByGuice$$395c6760
8024:             1             16  hudson.maven.reporters.BuildInfoRecorder$DescriptorImpl$$FastClassByGuice$$f6e8ca8b
8025:             1             16  hudson.maven.reporters.MavenArtifactArchiver$DescriptorImpl$$FastClassByGuice$$584f16b8
8026:             1             16  hudson.maven.reporters.MavenFingerprinter$DescriptorImpl$$FastClassByGuice$$18fdd8bb
8027:             1             16  hudson.maven.reporters.MavenJavadocArchiver$DescriptorImpl$$FastClassByGuice$$85e0a086
8028:             1             16  hudson.maven.reporters.MavenMailer$DescriptorImpl$$FastClassByGuice$$1d1e2e76
8029:             1             16  hudson.maven.reporters.MavenSiteArchiver$DescriptorImpl$$FastClassByGuice$$3e633523
8030:             1             16  hudson.maven.reporters.MavenTestJavadocArchiver$DescriptorImpl$$FastClassByGuice$$69a82138
8031:             1             16  hudson.maven.reporters.SurefireArchiver$DescriptorImpl$$FastClassByGuice$$e9750b86
8032:             1             16  hudson.model.AbstractProject$2
8033:             1             16  hudson.model.AllView$DescriptorImpl$$FastClassByGuice$$df772725
8034:             1             16  hudson.model.AperiodicWork$AperiodicWorkExtensionListListener
8035:             1             16  hudson.model.BooleanParameterDefinition$DescriptorImpl$$FastClassByGuice$$d84aa507
8036:             1             16  hudson.model.Cause$UpstreamCause$ConverterImpl
8037:             1             16  hudson.model.ChoiceParameterDefinition$DescriptorImpl$$FastClassByGuice$$b4b5f1f0
8038:             1             16  hudson.model.Computer$DisplayExecutor$InternalComputerListener
8039:             1             16  hudson.model.Computer$DisplayExecutor$InternalComputerListener$$FastClassByGuice$$bc64442c
8040:             1             16  hudson.model.ComputerPinger$BuiltInComputerPinger$$FastClassByGuice$$d3d1d96b
8041:             1             16  hudson.model.ComputerSet$1
8042:             1             16  hudson.model.ComputerSet$DescriptorImpl$$FastClassByGuice$$c95b1a4
8043:             1             16  hudson.model.DependencyGraph$3
8044:             1             16  hudson.model.DisplayNameListener
8045:             1             16  hudson.model.DisplayNameListener$$FastClassByGuice$$9fb8d8e9
8046:             1             16  hudson.model.DownloadService$$FastClassByGuice$$63e97b5
8047:             1             16  hudson.model.DownloadService$DownloadableListener
8048:             1             16  hudson.model.EnvironmentContributor$EnvVarsHtml
8049:             1             16  hudson.model.EnvironmentContributor$EnvVarsHtml$$FastClassByGuice$$f72c7260
8050:             1             16  hudson.model.FileParameterDefinition$DescriptorImpl$$FastClassByGuice$$76c3890b
8051:             1             16  hudson.model.Fingerprint$ProjectRenameListener
8052:             1             16  hudson.model.Fingerprint$ProjectRenameListener$$FastClassByGuice$$8eb63e53
8053:             1             16  hudson.model.Fingerprint$RangeSet$ConverterImpl
8054:             1             16  hudson.model.FingerprintCleanupThread$$FastClassByGuice$$7672f1a2
8055:             1             16  hudson.model.FingerprintCleanupThread$$Lambda$678/1959573565
8056:             1             16  hudson.model.FingerprintCleanupThread$$Lambda$679/2047559892
8057:             1             16  hudson.model.FingerprintCleanupThread$$Lambda$680/2117391181
8058:             1             16  hudson.model.FreeStyleProject$DescriptorImpl$$FastClassByGuice$$d6e11ee7
8059:             1             16  hudson.model.ItemGroupMixIn$2
8060:             1             16  hudson.model.Items$$Lambda$316/643537379
8061:             1             16  hudson.model.Items$$Lambda$387/187821125
8062:             1             16  hudson.model.Items$1
8063:             1             16  hudson.model.Items$2
8064:             1             16  hudson.model.Items$3
8065:             1             16  hudson.model.JDK$DescriptorImpl$$FastClassByGuice$$f9ca53a
8066:             1             16  hudson.model.Job$2
8067:             1             16  hudson.model.Job$LastItemListener
8068:             1             16  hudson.model.Job$LastItemListener$$FastClassByGuice$$2118071c
8069:             1             16  hudson.model.Job$SubItemBuildsLocationImpl
8070:             1             16  hudson.model.Job$SubItemBuildsLocationImpl$$FastClassByGuice$$a44b110e
8071:             1             16  hudson.model.Label$3
8072:             1             16  hudson.model.ListView$DescriptorImpl$$FastClassByGuice$$ba680758
8073:             1             16  hudson.model.ListView$Listener
8074:             1             16  hudson.model.ListView$Listener$$FastClassByGuice$$1a11c49d
8075:             1             16  hudson.model.LoadBalancer$1
8076:             1             16  hudson.model.LoadStatistics$LoadStatisticsUpdater$$FastClassByGuice$$b39fa05d
8077:             1             16  hudson.model.ManageJenkinsAction
8078:             1             16  hudson.model.ManageJenkinsAction$$FastClassByGuice$$1726b3cf
8079:             1             16  hudson.model.MyView$DescriptorImpl$$FastClassByGuice$$3465cd8a
8080:             1             16  hudson.model.MyViewsProperty$DescriptorImpl$$FastClassByGuice$$b7026ed4
8081:             1             16  hudson.model.MyViewsProperty$GlobalAction
8082:             1             16  hudson.model.MyViewsProperty$GlobalAction$$FastClassByGuice$$e4dde19e
8083:             1             16  hudson.model.Node$InternalComputerListener
8084:             1             16  hudson.model.Node$InternalComputerListener$$FastClassByGuice$$e5dc62f6
8085:             1             16  hudson.model.PaneStatusProperties$DescriptorImpl$$FastClassByGuice$$5b00902e
8086:             1             16  hudson.model.ParametersDefinitionProperty$DescriptorImpl$$FastClassByGuice$$83a6cc09
8087:             1             16  hudson.model.PasswordParameterDefinition$ParameterDescriptorImpl$$FastClassByGuice$$e63d05d
8088:             1             16  hudson.model.PeriodicWork$PeriodicWorkExtensionListListener
8089:             1             16  hudson.model.PermalinkProjectAction$Permalink$1
8090:             1             16  hudson.model.PermalinkProjectAction$Permalink$2
8091:             1             16  hudson.model.PermalinkProjectAction$Permalink$3
8092:             1             16  hudson.model.PermalinkProjectAction$Permalink$4
8093:             1             16  hudson.model.PermalinkProjectAction$Permalink$5
8094:             1             16  hudson.model.PermalinkProjectAction$Permalink$6
8095:             1             16  hudson.model.PermalinkProjectAction$Permalink$7
8096:             1             16  hudson.model.ProxyView$DescriptorImpl$$FastClassByGuice$$730ecb38
8097:             1             16  hudson.model.Queue$$Lambda$364/403642531
8098:             1             16  hudson.model.Queue$1
8099:             1             16  hudson.model.Queue$3
8100:             1             16  hudson.model.Queue$4
8101:             1             16  hudson.model.Queue$5
8102:             1             16  hudson.model.Queue$6
8103:             1             16  hudson.model.Queue$LockedRunnable
8104:             1             16  hudson.model.Queue$Saver$$FastClassByGuice$$d8adfbca
8105:             1             16  hudson.model.ResourceController$1
8106:             1             16  hudson.model.RestartListener$Default$$FastClassByGuice$$92017508
8107:             1             16  hudson.model.Result$1
8108:             1             16  hudson.model.Result$2
8109:             1             16  hudson.model.Run$1
8110:             1             16  hudson.model.Run$2
8111:             1             16  hudson.model.Run$DefaultFeedAdapter
8112:             1             16  hudson.model.RunMap$2
8113:             1             16  hudson.model.RunParameterDefinition$DescriptorImpl$$FastClassByGuice$$abee2eaa
8114:             1             16  hudson.model.RunnerStack
8115:             1             16  hudson.model.RunnerStack$$Lambda$609/219087640
8116:             1             16  hudson.model.Saveable$1
8117:             1             16  hudson.model.StringParameterDefinition$DescriptorImpl$$FastClassByGuice$$83015860
8118:             1             16  hudson.model.TextParameterDefinition$DescriptorImpl$$FastClassByGuice$$f452ac7c
8119:             1             16  hudson.model.TimeZoneProperty$DescriptorImpl$$FastClassByGuice$$79a19f4d
8120:             1             16  hudson.model.UpdateCenter$$Lambda$462/774524628
8121:             1             16  hudson.model.UpdateCenter$$Lambda$464/563565021
8122:             1             16  hudson.model.UpdateCenter$CoreUpdateMonitor
8123:             1             16  hudson.model.UpdateCenter$CoreUpdateMonitor$$FastClassByGuice$$81c2c284
8124:             1             16  hudson.model.UpdateCenter$UpdateCenterConfiguration
8125:             1             16  hudson.model.UpdateSite$$Lambda$173/496899398
8126:             1             16  hudson.model.UpdateSite$$Lambda$174/1990948835
8127:             1             16  hudson.model.UsageStatistics$$FastClassByGuice$$a7df604c
8128:             1             16  hudson.model.User$$Lambda$195/754828734
8129:             1             16  hudson.model.User$AllUsers
8130:             1             16  hudson.model.User$AllUsers$$FastClassByGuice$$8d82de68
8131:             1             16  hudson.model.User$FullNameIdResolver
8132:             1             16  hudson.model.User$FullNameIdResolver$$FastClassByGuice$$7b913fdc
8133:             1             16  hudson.model.User$UserIDCanonicalIdResolver
8134:             1             16  hudson.model.User$UserIDCanonicalIdResolver$$FastClassByGuice$$625722ee
8135:             1             16  hudson.model.User$UserIDCanonicalIdResolver$$Lambda$141/23437152
8136:             1             16  hudson.model.UserIdMapper$$FastClassByGuice$$47efa27f
8137:             1             16  hudson.model.View$3
8138:             1             16  hudson.model.WorkspaceCleanupThread$$FastClassByGuice$$d6cdeb91
8139:             1             16  hudson.model.queue.LoadPredictor$CurrentlyRunningTasks
8140:             1             16  hudson.model.queue.LoadPredictor$CurrentlyRunningTasks$$FastClassByGuice$$eff18732
8141:             1             16  hudson.model.queue.MappingWorksheet$$Lambda$381/459872647
8142:             1             16  hudson.model.queue.MappingWorksheet$$Lambda$382/1598355990
8143:             1             16  hudson.model.queue.QueueSorter$1
8144:             1             16  hudson.node_monitors.ArchitectureMonitor
8145:             1             16  hudson.node_monitors.ArchitectureMonitor$DescriptorImpl$$FastClassByGuice$$47e80d77
8146:             1             16  hudson.node_monitors.ClockMonitor
8147:             1             16  hudson.node_monitors.ClockMonitor$DescriptorImpl$$FastClassByGuice$$2117c97c
8148:             1             16  hudson.node_monitors.MonitorMarkedNodeOffline$$FastClassByGuice$$87353aa6
8149:             1             16  hudson.node_monitors.NodeMonitorUpdater
8150:             1             16  hudson.node_monitors.NodeMonitorUpdater$$FastClassByGuice$$af82341c
8151:             1             16  hudson.node_monitors.NodeMonitorUpdater$1
8152:             1             16  hudson.node_monitors.ResponseTimeMonitor
8153:             1             16  hudson.node_monitors.SwapSpaceMonitor
8154:             1             16  hudson.node_monitors.SwapSpaceMonitor$DescriptorImpl$$FastClassByGuice$$f0f74461
8155:             1             16  hudson.node_monitors.TemporarySpaceMonitor$DescriptorImpl$$FastClassByGuice$$17cd19
8156:             1             16  hudson.os.solaris.ZFSProvisioner$DescriptorImpl$$FastClassByGuice$$37ff99be
8157:             1             16  hudson.os.windows.ManagedWindowsServiceAccount$Administrator$DescriptorImpl$$FastClassByGuice$$ba807b8c
8158:             1             16  hudson.os.windows.ManagedWindowsServiceAccount$AnotherUser$DescriptorImpl$$FastClassByGuice$$84b9444b
8159:             1             16  hudson.os.windows.ManagedWindowsServiceAccount$LocalSystem$DescriptorImpl$$FastClassByGuice$$cef196bf
8160:             1             16  hudson.os.windows.ManagedWindowsServiceConnector$DescriptorImpl$$FastClassByGuice$$ea9e4155
8161:             1             16  hudson.os.windows.ManagedWindowsServiceLauncher$AccountInfo$DescriptorImpl$$FastClassByGuice$$1b79080d
8162:             1             16  hudson.os.windows.ManagedWindowsServiceLauncher$DescriptorImpl$$FastClassByGuice$$39d9fc24
8163:             1             16  hudson.plugins.ansicolor.AnsiColorBuildWrapper$DescriptorImpl$$FastClassByGuice$$92a939fd
8164:             1             16  hudson.plugins.ansicolor.AnsiColorBuildWrapper$DescriptorImpl$$Lambda$148/168071370
8165:             1             16  hudson.plugins.ansicolor.AnsiColorBuildWrapper$DescriptorImpl$$Lambda$149/1494109900
8166:             1             16  hudson.plugins.ansicolor.AnsiColorBuildWrapper$DescriptorImpl$$Lambda$150/424089543
8167:             1             16  hudson.plugins.ansicolor.AnsiColorBuildWrapper$DescriptorImpl$$Lambda$151/1818006716
8168:             1             16  hudson.plugins.ansicolor.AnsiColorBuildWrapper$DescriptorImpl$$Lambda$152/1123081021
8169:             1             16  hudson.plugins.ansicolor.AnsiColorBuildWrapper$DescriptorImpl$$Lambda$153/1772324225
8170:             1             16  hudson.plugins.ansicolor.AnsiColorBuildWrapper$DescriptorImpl$$Lambda$154/1216044637
8171:             1             16  hudson.plugins.ansicolor.AnsiColorBuildWrapper$DescriptorImpl$$Lambda$155/1074453146
8172:             1             16  hudson.plugins.ansicolor.AnsiColorBuildWrapper$DescriptorImpl$$Lambda$156/82303125
8173:             1             16  hudson.plugins.ansicolor.AnsiColorBuildWrapper$DescriptorImpl$$Lambda$157/1897781765
8174:             1             16  hudson.plugins.ansicolor.AnsiColorBuildWrapper$DescriptorImpl$$Lambda$158/1661397965
8175:             1             16  hudson.plugins.ansicolor.AnsiColorBuildWrapper$DescriptorImpl$$Lambda$159/1968055101
8176:             1             16  hudson.plugins.ansicolor.AnsiColorBuildWrapper$DescriptorImpl$$Lambda$160/1331134065
8177:             1             16  hudson.plugins.ansicolor.AnsiColorBuildWrapper$DescriptorImpl$$Lambda$161/1342523500
8178:             1             16  hudson.plugins.ansicolor.AnsiColorBuildWrapper$DescriptorImpl$$Lambda$162/76122402
8179:             1             16  hudson.plugins.ansicolor.AnsiColorBuildWrapper$DescriptorImpl$$Lambda$163/14292293
8180:             1             16  hudson.plugins.ansicolor.AnsiColorStep$AnsiColorExecution$$Lambda$669/1170858992
8181:             1             16  hudson.plugins.ansicolor.AnsiColorStep$StepDescriptorImpl$$FastClassByGuice$$6cd7e402
8182:             1             16  hudson.plugins.ansicolor.ColorConsoleAnnotator$Factory$$FastClassByGuice$$fd948d7f
8183:             1             16  hudson.plugins.ansicolor.action.ShortlogActionCreator$Listener
8184:             1             16  hudson.plugins.ansicolor.action.ShortlogActionCreator$Listener$$FastClassByGuice$$82a86b73
8185:             1             16  hudson.plugins.ansicolor.action.ShortlogActionCreator$Listener$$Lambda$509/520689486
8186:             1             16  hudson.plugins.awsparameterstore.AwsParameterStoreBuildWrapper$DescriptorImpl$$FastClassByGuice$$f7738b3
8187:             1             16  hudson.plugins.build_timeout.BuildStepWithTimeout$DescriptorImpl$$FastClassByGuice$$faca3a13
8188:             1             16  hudson.plugins.build_timeout.impl.DeadlineTimeOutStrategy$DescriptorImpl$$FastClassByGuice$$e934c026
8189:             1             16  hudson.plugins.build_timeout.impl.NoActivityTimeOutStrategy$DescriptorImpl$$FastClassByGuice$$b461b7fe
8190:             1             16  hudson.plugins.build_timeout.operations.AbortAndRestartOperation$DescriptorImpl$$FastClassByGuice$$7e648b1
8191:             1             16  hudson.plugins.build_timeout.operations.AbortOperation$DescriptorImpl$$FastClassByGuice$$755f2499
8192:             1             16  hudson.plugins.build_timeout.operations.BuildStepOperation$DescriptorImpl$$FastClassByGuice$$5b35a743
8193:             1             16  hudson.plugins.build_timeout.operations.FailOperation$DescriptorImpl$$FastClassByGuice$$96ddaaad
8194:             1             16  hudson.plugins.build_timeout.operations.WriteDescriptionOperation$DescriptorImpl$$FastClassByGuice$$52da3cac
8195:             1             16  hudson.plugins.copyartifact.BuildSelectorParameter$DescriptorImpl$$FastClassByGuice$$a5ac0751
8196:             1             16  hudson.plugins.copyartifact.CopyArtifact$DescriptorImpl$$FastClassByGuice$$49d88dc6
8197:             1             16  hudson.plugins.copyartifact.CopyArtifact$ListenerImpl
8198:             1             16  hudson.plugins.copyartifact.CopyArtifact$ListenerImpl$$FastClassByGuice$$e5724e4b
8199:             1             16  hudson.plugins.copyartifact.CopyArtifactPermissionProperty$DescriptorImpl$$FastClassByGuice$$9ae355a2
8200:             1             16  hudson.plugins.copyartifact.CopyArtifactPlugin
8201:             1             16  hudson.plugins.copyartifact.DownstreamBuildSelector$DescriptorImpl$$FastClassByGuice$$f010354e
8202:             1             16  hudson.plugins.copyartifact.FilePathCopyMethod$$FastClassByGuice$$9d06b47d
8203:             1             16  hudson.plugins.copyartifact.FingerprintingCopyMethod$$FastClassByGuice$$564b5c7a
8204:             1             16  hudson.plugins.copyartifact.LastBuildWithArtifactSelector$DescriptorImpl$$FastClassByGuice$$70f8a2ea
8205:             1             16  hudson.plugins.copyartifact.LastCompletedBuildSelector$DescriptorImpl$$FastClassByGuice$$781b6e75
8206:             1             16  hudson.plugins.copyartifact.ParameterizedBuildSelector$DescriptorImpl$$FastClassByGuice$$185decd9
8207:             1             16  hudson.plugins.copyartifact.PermalinkBuildSelector$DescriptorImpl$$FastClassByGuice$$1f44dd0b
8208:             1             16  hudson.plugins.copyartifact.SavedBuildSelector$DescriptorImpl$$FastClassByGuice$$4edb2ba7
8209:             1             16  hudson.plugins.copyartifact.SpecificBuildSelector$DescriptorImpl$$FastClassByGuice$$6113055e
8210:             1             16  hudson.plugins.copyartifact.StatusBuildSelector
8211:             1             16  hudson.plugins.copyartifact.StatusBuildSelector$DescriptorImpl$$FastClassByGuice$$f8c9fd9e
8212:             1             16  hudson.plugins.copyartifact.TriggeredBuildSelector$DescriptorImpl$$FastClassByGuice$$17671c77
8213:             1             16  hudson.plugins.copyartifact.WorkspaceSelector$DescriptorImpl$$FastClassByGuice$$ed198805
8214:             1             16  hudson.plugins.ec2.AmazonEC2Cloud$DescriptorImpl$$FastClassByGuice$$7b43fe93
8215:             1             16  hudson.plugins.ec2.EC2Cloud$EC2ConnectionUpdater$$FastClassByGuice$$c6d2bfbf
8216:             1             16  hudson.plugins.ec2.EC2ComputerListener
8217:             1             16  hudson.plugins.ec2.EC2ComputerListener$$FastClassByGuice$$9753a1c8
8218:             1             16  hudson.plugins.ec2.EC2OndemandSlave$DescriptorImpl$$FastClassByGuice$$1527641f
8219:             1             16  hudson.plugins.ec2.EC2SlaveMonitor$$FastClassByGuice$$aa205cdc
8220:             1             16  hudson.plugins.ec2.EC2SpotSlave$DescriptorImpl$$FastClassByGuice$$807720b7
8221:             1             16  hudson.plugins.ec2.EC2Step$DescriptorImpl$$FastClassByGuice$$21ffffae
8222:             1             16  hudson.plugins.ec2.EC2Tag$DescriptorImpl$$FastClassByGuice$$58786332
8223:             1             16  hudson.plugins.ec2.Eucalyptus$DescriptorImpl$$FastClassByGuice$$8d371e1b
8224:             1             16  hudson.plugins.ec2.InstanceTypeConverter
8225:             1             16  hudson.plugins.ec2.NoDelayProvisionerStrategy
8226:             1             16  hudson.plugins.ec2.NoDelayProvisionerStrategy$$FastClassByGuice$$7c2f5d4e
8227:             1             16  hudson.plugins.ec2.PluginImpl$$FastClassByGuice$$83d49d0e
8228:             1             16  hudson.plugins.ec2.PluginImpl$DescriptorImpl$$FastClassByGuice$$30dbfca5
8229:             1             16  hudson.plugins.ec2.SlaveTemplate$DescriptorImpl$$FastClassByGuice$$b0e6543d
8230:             1             16  hudson.plugins.ec2.SlaveTemplate$OnSaveListener
8231:             1             16  hudson.plugins.ec2.SlaveTemplate$OnSaveListener$$FastClassByGuice$$4d8ca2de
8232:             1             16  hudson.plugins.ec2.SpotConfiguration$DescriptorImpl$$FastClassByGuice$$912c40ba
8233:             1             16  hudson.plugins.ec2.UnixData$DescriptorImpl$$FastClassByGuice$$35488aa6
8234:             1             16  hudson.plugins.ec2.WindowsData$DescriptorImpl$$FastClassByGuice$$5df7ca21
8235:             1             16  hudson.plugins.ec2.ebs.ZPoolExpandNotice$$FastClassByGuice$$46bd4875
8236:             1             16  hudson.plugins.ec2.ebs.ZPoolMonitor$$FastClassByGuice$$ccbcc917
8237:             1             16  hudson.plugins.ec2.ssh.verifiers.SshHostKeyVerificationAdministrativeMonitor$$FastClassByGuice$$49475450
8238:             1             16  hudson.plugins.ec2.util.AmazonEC2FactoryImpl$$FastClassByGuice$$79dd358b
8239:             1             16  hudson.plugins.ec2.util.EC2AgentFactoryImpl$$FastClassByGuice$$36943348
8240:             1             16  hudson.plugins.ec2.util.MinimumInstanceChecker$$Lambda$135/1813679470
8241:             1             16  hudson.plugins.ec2.util.MinimumInstanceChecker$$Lambda$136/1490063426
8242:             1             16  hudson.plugins.ec2.util.MinimumInstanceChecker$$Lambda$137/1383353402
8243:             1             16  hudson.plugins.ec2.win.SelfSignedCertificateAllowedMonitor$$FastClassByGuice$$2ef17714
8244:             1             16  hudson.plugins.emailext.EmailExtRecipientStep$DescriptorImpl$$FastClassByGuice$$d15f4fb
8245:             1             16  hudson.plugins.emailext.EmailExtStep$DescriptorImpl$$FastClassByGuice$$bf0867da
8246:             1             16  hudson.plugins.emailext.EmailExtTemplateActionFactory
8247:             1             16  hudson.plugins.emailext.EmailExtTemplateActionFactory$$FastClassByGuice$$87a6e38d
8248:             1             16  hudson.plugins.emailext.EmailExtensionPlugin
8249:             1             16  hudson.plugins.emailext.ExtendedEmailPublisherDescriptor$$FastClassByGuice$$5dfa54d0
8250:             1             16  hudson.plugins.emailext.GroovyScriptPath$GroovyScriptPathDescriptor$$FastClassByGuice$$9a3ad86b
8251:             1             16  hudson.plugins.emailext.GroovyTemplateConfig$GroovyTemplateConfigProvider$$FastClassByGuice$$9d9ec66d
8252:             1             16  hudson.plugins.emailext.JellyTemplateConfig$JellyTemplateConfigProvider$$FastClassByGuice$$7ffe07d9
8253:             1             16  hudson.plugins.emailext.MailAccount$MailAccountDescriptor$$FastClassByGuice$$d1f4328f
8254:             1             16  hudson.plugins.emailext.groovy.sandbox.StaticJavaxMailWhitelist$$FastClassByGuice$$c68625a7
8255:             1             16  hudson.plugins.emailext.plugins.content.FailedTestsContent$$FastClassByGuice$$9a09e1c0
8256:             1             16  hudson.plugins.emailext.plugins.content.TestCountsContent$$FastClassByGuice$$dc6de3f8
8257:             1             16  hudson.plugins.emailext.plugins.recipients.BuildUserRecipientProvider$DescriptorImpl$$FastClassByGuice$$f8617984
8258:             1             16  hudson.plugins.emailext.plugins.recipients.CulpritsRecipientProvider$DescriptorImpl$$FastClassByGuice$$db81ed53
8259:             1             16  hudson.plugins.emailext.plugins.recipients.DevelopersRecipientProvider$DescriptorImpl$$FastClassByGuice$$28150e50
8260:             1             16  hudson.plugins.emailext.plugins.recipients.FailingTestSuspectsRecipientProvider$DescriptorImpl$$FastClassByGuice$$4ddfe4dd
8261:             1             16  hudson.plugins.emailext.plugins.recipients.FirstFailingBuildSuspectsRecipientProvider$DescriptorImpl$$FastClassByGuice$$e8958041
8262:             1             16  hudson.plugins.emailext.plugins.recipients.ListRecipientProvider$DescriptorImpl$$FastClassByGuice$$7230df85
8263:             1             16  hudson.plugins.emailext.plugins.recipients.RequesterRecipientProvider$DescriptorImpl$$FastClassByGuice$$1e5d85a7
8264:             1             16  hudson.plugins.emailext.plugins.recipients.UpstreamComitterRecipientProvider$DescriptorImpl$$FastClassByGuice$$c4733717
8265:             1             16  hudson.plugins.emailext.plugins.trigger.AbortedTrigger$DescriptorImpl$$FastClassByGuice$$8779dbbe
8266:             1             16  hudson.plugins.emailext.plugins.trigger.AlwaysTrigger$DescriptorImpl$$FastClassByGuice$$f29872d6
8267:             1             16  hudson.plugins.emailext.plugins.trigger.BuildingTrigger$DescriptorImpl$$FastClassByGuice$$bdaf9ebb
8268:             1             16  hudson.plugins.emailext.plugins.trigger.FailureTrigger$DescriptorImpl$$FastClassByGuice$$9cb01b39
8269:             1             16  hudson.plugins.emailext.plugins.trigger.FirstFailureTrigger$DescriptorImpl$$FastClassByGuice$$19db3e41
8270:             1             16  hudson.plugins.emailext.plugins.trigger.FirstUnstableTrigger$DescriptorImpl$$FastClassByGuice$$d4f8c513
8271:             1             16  hudson.plugins.emailext.plugins.trigger.FixedTrigger$DescriptorImpl$$FastClassByGuice$$d218aaa3
8272:             1             16  hudson.plugins.emailext.plugins.trigger.FixedUnhealthyTrigger$DescriptorImpl$$FastClassByGuice$$c6c565d7
8273:             1             16  hudson.plugins.emailext.plugins.trigger.ImprovementTrigger$DescriptorImpl$$FastClassByGuice$$b126cb85
8274:             1             16  hudson.plugins.emailext.plugins.trigger.NotBuiltTrigger$DescriptorImpl$$FastClassByGuice$$ab871032
8275:             1             16  hudson.plugins.emailext.plugins.trigger.PreBuildScriptTrigger$DescriptorImpl$$FastClassByGuice$$85d5c7bd
8276:             1             16  hudson.plugins.emailext.plugins.trigger.PreBuildTrigger$DescriptorImpl$$FastClassByGuice$$69771252
8277:             1             16  hudson.plugins.emailext.plugins.trigger.RegressionTrigger$DescriptorImpl$$FastClassByGuice$$1ece5988
8278:             1             16  hudson.plugins.emailext.plugins.trigger.ScriptTrigger$DescriptorImpl$$FastClassByGuice$$63d8bc92
8279:             1             16  hudson.plugins.emailext.plugins.trigger.SecondFailureTrigger$DescriptorImpl$$FastClassByGuice$$180b7c25
8280:             1             16  hudson.plugins.emailext.plugins.trigger.StatusChangedTrigger$DescriptorImpl$$FastClassByGuice$$f8acdf11
8281:             1             16  hudson.plugins.emailext.plugins.trigger.StillFailingTrigger$DescriptorImpl$$FastClassByGuice$$ad618d43
8282:             1             16  hudson.plugins.emailext.plugins.trigger.StillUnstableTrigger$DescriptorImpl$$FastClassByGuice$$e12a520b
8283:             1             16  hudson.plugins.emailext.plugins.trigger.SuccessTrigger$DescriptorImpl$$FastClassByGuice$$e53c18f2
8284:             1             16  hudson.plugins.emailext.plugins.trigger.UnstableTrigger$DescriptorImpl$$FastClassByGuice$$acbf871b
8285:             1             16  hudson.plugins.emailext.plugins.trigger.XNthFailureTrigger$DescriptorImpl$$FastClassByGuice$$3e744d8f
8286:             1             16  hudson.plugins.emailext.watching.EmailExtWatchAction$UserProperty$DescriptorImpl$$FastClassByGuice$$603e15c
8287:             1             16  hudson.plugins.emailext.watching.EmailExtWatchJobProperty$DescriptorImpl$$FastClassByGuice$$998ee5b8
8288:             1             16  hudson.plugins.envfile.EnvFileBuildWrapper$DescriptorImpl$$FastClassByGuice$$2af723ab
8289:             1             16  hudson.plugins.extendedread.ExtendedReadPermissionEnabler$$FastClassByGuice$$c06d76f3
8290:             1             16  hudson.plugins.extendedread.SystemReadPermissionEnabler$$FastClassByGuice$$3314a83d
8291:             1             16  hudson.plugins.favorite.FavoritePlugin
8292:             1             16  hudson.plugins.favorite.filter.FavoriteFilterDescriptor$$FastClassByGuice$$2dd8af28
8293:             1             16  hudson.plugins.favorite.project.FavoriteProjectActionFactory
8294:             1             16  hudson.plugins.favorite.project.FavoriteProjectActionFactory$$FastClassByGuice$$bcd27cbd
8295:             1             16  hudson.plugins.favorite.token.FavoriteUsersEmailTokenMacro$$FastClassByGuice$$ce80f5a9
8296:             1             16  hudson.plugins.favorite.user.FavoriteJobListener
8297:             1             16  hudson.plugins.favorite.user.FavoriteJobListener$$FastClassByGuice$$8cee85e3
8298:             1             16  hudson.plugins.git.BranchSpec$DescriptorImpl$$FastClassByGuice$$b604e1d9
8299:             1             16  hudson.plugins.git.ChangelogToBranchOptions$DescriptorImpl$$FastClassByGuice$$cc4ebf69
8300:             1             16  hudson.plugins.git.GitBranchSpecifierColumn$DescriptorImpl$$FastClassByGuice$$94ba12b6
8301:             1             16  hudson.plugins.git.GitBranchTokenMacro$$FastClassByGuice$$1abcd74a
8302:             1             16  hudson.plugins.git.GitPublisher$BranchToPush$DescriptorImpl$$FastClassByGuice$$7751efbf
8303:             1             16  hudson.plugins.git.GitPublisher$DescriptorImpl$$FastClassByGuice$$6855ebac
8304:             1             16  hudson.plugins.git.GitPublisher$NoteToPush$DescriptorImpl$$FastClassByGuice$$b6dc042f
8305:             1             16  hudson.plugins.git.GitPublisher$TagToPush$DescriptorImpl$$FastClassByGuice$$3ac7d861
8306:             1             16  hudson.plugins.git.GitRevisionBuildParameters$DescriptorImpl$$FastClassByGuice$$c69cf52b
8307:             1             16  hudson.plugins.git.GitRevisionTokenMacro$$FastClassByGuice$$413ddd03
8308:             1             16  hudson.plugins.git.GitSCM$DescriptorImpl$$FastClassByGuice$$c9865b2b
8309:             1             16  hudson.plugins.git.GitStatus$$FastClassByGuice$$7c5d70e7
8310:             1             16  hudson.plugins.git.GitStatus$JenkinsAbstractProjectListener$$FastClassByGuice$$43260852
8311:             1             16  hudson.plugins.git.GitStatusCrumbExclusion
8312:             1             16  hudson.plugins.git.GitStatusCrumbExclusion$$FastClassByGuice$$c622d6da
8313:             1             16  hudson.plugins.git.GitTagAction$DescriptorImpl$$FastClassByGuice$$d43408b8
8314:             1             16  hudson.plugins.git.GitTool$DescriptorImpl$$FastClassByGuice$$71e0a006
8315:             1             16  hudson.plugins.git.ObjectIdConverter
8316:             1             16  hudson.plugins.git.Revision$$Lambda$351/1053140836
8317:             1             16  hudson.plugins.git.Revision$$Lambda$352/847489413
8318:             1             16  hudson.plugins.git.UserMergeOptions$DescriptorImpl$$FastClassByGuice$$3fb542e5
8319:             1             16  hudson.plugins.git.UserRemoteConfig$DescriptorImpl$$FastClassByGuice$$c9ca72c3
8320:             1             16  hudson.plugins.git.browser.AssemblaWeb$AssemblaWebDescriptor$$FastClassByGuice$$b4113854
8321:             1             16  hudson.plugins.git.browser.BitbucketWeb$BitbucketWebDescriptor$$FastClassByGuice$$621f89f0
8322:             1             16  hudson.plugins.git.browser.CGit$CGITDescriptor$$FastClassByGuice$$c56da30
8323:             1             16  hudson.plugins.git.browser.FisheyeGitRepositoryBrowser$FisheyeGitRepositoryBrowserDescriptor$$FastClassByGuice$$f8aac392
8324:             1             16  hudson.plugins.git.browser.GitBlitRepositoryBrowser$ViewGitWebDescriptor$$FastClassByGuice$$7375bb00
8325:             1             16  hudson.plugins.git.browser.GitLab$GitLabDescriptor$$FastClassByGuice$$2a088cf0
8326:             1             16  hudson.plugins.git.browser.GitList$GitListDescriptor$$FastClassByGuice$$3620c528
8327:             1             16  hudson.plugins.git.browser.GitWeb$GitWebDescriptor$$FastClassByGuice$$b30e2710
8328:             1             16  hudson.plugins.git.browser.GithubWeb$GithubWebDescriptor$$FastClassByGuice$$7cc995aa
8329:             1             16  hudson.plugins.git.browser.Gitiles$ViewGitWebDescriptor$$FastClassByGuice$$79cf2eda
8330:             1             16  hudson.plugins.git.browser.GitoriousWeb$GitoriousWebDescriptor$$FastClassByGuice$$77c8a6b0
8331:             1             16  hudson.plugins.git.browser.GogsGit$GogsGitDescriptor$$FastClassByGuice$$471afbc4
8332:             1             16  hudson.plugins.git.browser.KilnGit$KilnGitDescriptor$$FastClassByGuice$$935e97ac
8333:             1             16  hudson.plugins.git.browser.Phabricator$PhabricatorDescriptor$$FastClassByGuice$$cf4a0b5a
8334:             1             16  hudson.plugins.git.browser.RedmineWeb$RedmineWebDescriptor$$FastClassByGuice$$4ba5c050
8335:             1             16  hudson.plugins.git.browser.RhodeCode$RhodeCodeDescriptor$$FastClassByGuice$$cfdaad6
8336:             1             16  hudson.plugins.git.browser.Stash$StashDescriptor$$FastClassByGuice$$a56ffc32
8337:             1             16  hudson.plugins.git.browser.TFS2013GitRepositoryBrowser$TFS2013GitRepositoryBrowserDescriptor$$FastClassByGuice$$a9e0d322
8338:             1             16  hudson.plugins.git.browser.ViewGitWeb$ViewGitWebDescriptor$$FastClassByGuice$$92031bf0
8339:             1             16  hudson.plugins.git.browser.casc.GitLabConfigurator
8340:             1             16  hudson.plugins.git.browser.casc.GitLabConfigurator$$FastClassByGuice$$2fc343ad
8341:             1             16  hudson.plugins.git.extensions.impl.AuthorInChangelog$DescriptorImpl$$FastClassByGuice$$3e1ff760
8342:             1             16  hudson.plugins.git.extensions.impl.BuildChooserSetting$DescriptorImpl$$FastClassByGuice$$f5de2601
8343:             1             16  hudson.plugins.git.extensions.impl.BuildSingleRevisionOnly$DescriptorImpl$$FastClassByGuice$$16239747
8344:             1             16  hudson.plugins.git.extensions.impl.ChangelogToBranch$DescriptorImpl$$FastClassByGuice$$b4658973
8345:             1             16  hudson.plugins.git.extensions.impl.CheckoutOption$DescriptorImpl$$FastClassByGuice$$cace9687
8346:             1             16  hudson.plugins.git.extensions.impl.CleanBeforeCheckout$DescriptorImpl$$FastClassByGuice$$5431acb6
8347:             1             16  hudson.plugins.git.extensions.impl.CleanCheckout$DescriptorImpl$$FastClassByGuice$$c5040935
8348:             1             16  hudson.plugins.git.extensions.impl.CloneOption$DescriptorImpl$$FastClassByGuice$$da4a4992
8349:             1             16  hudson.plugins.git.extensions.impl.DisableRemotePoll$DescriptorImpl$$FastClassByGuice$$8d4aed77
8350:             1             16  hudson.plugins.git.extensions.impl.GitLFSPull$DescriptorImpl$$FastClassByGuice$$31a90356
8351:             1             16  hudson.plugins.git.extensions.impl.IgnoreNotifyCommit$DescriptorImpl$$FastClassByGuice$$657d96b0
8352:             1             16  hudson.plugins.git.extensions.impl.LocalBranch$DescriptorImpl$$FastClassByGuice$$3de17f77
8353:             1             16  hudson.plugins.git.extensions.impl.MessageExclusion$DescriptorImpl$$FastClassByGuice$$df82c11b
8354:             1             16  hudson.plugins.git.extensions.impl.PathRestriction$DescriptorImpl$$FastClassByGuice$$17ad223d
8355:             1             16  hudson.plugins.git.extensions.impl.PerBuildTag$DescriptorImpl$$FastClassByGuice$$af81e5b
8356:             1             16  hudson.plugins.git.extensions.impl.PreBuildMerge$DescriptorImpl$$FastClassByGuice$$3d8ce2b7
8357:             1             16  hudson.plugins.git.extensions.impl.PruneStaleBranch$DescriptorImpl$$FastClassByGuice$$ef0dc8d1
8358:             1             16  hudson.plugins.git.extensions.impl.PruneStaleTag$DescriptorImpl$$FastClassByGuice$$e41f2959
8359:             1             16  hudson.plugins.git.extensions.impl.RelativeTargetDirectory$DescriptorImpl$$FastClassByGuice$$1e752114
8360:             1             16  hudson.plugins.git.extensions.impl.ScmName$DescriptorImpl$$FastClassByGuice$$1c7c8f3c
8361:             1             16  hudson.plugins.git.extensions.impl.SparseCheckoutPath$DescriptorImpl$$FastClassByGuice$$99f05d97
8362:             1             16  hudson.plugins.git.extensions.impl.SparseCheckoutPaths$DescriptorImpl$$FastClassByGuice$$8c6740fc
8363:             1             16  hudson.plugins.git.extensions.impl.SubmoduleOption$DescriptorImpl$$FastClassByGuice$$829cb923
8364:             1             16  hudson.plugins.git.extensions.impl.UserExclusion$DescriptorImpl$$FastClassByGuice$$b19c7721
8365:             1             16  hudson.plugins.git.extensions.impl.UserIdentity$DescriptorImpl$$FastClassByGuice$$8d8dc839
8366:             1             16  hudson.plugins.git.extensions.impl.WipeWorkspace$DescriptorImpl$$FastClassByGuice$$92a811f6
8367:             1             16  hudson.plugins.git.util.AncestryBuildChooser$DescriptorImpl$$FastClassByGuice$$fce94d20
8368:             1             16  hudson.plugins.git.util.DefaultBuildChooser$DescriptorImpl$$FastClassByGuice$$ee7f66d4
8369:             1             16  hudson.plugins.git.util.InverseBuildChooser$DescriptorImpl$$FastClassByGuice$$6644c485
8370:             1             16  hudson.plugins.gradle.BuildScanBuildWrapper$DescriptorImpl$$FastClassByGuice$$b81c5c69
8371:             1             16  hudson.plugins.gradle.BuildScanColumn$DescriptorImpl$$FastClassByGuice$$4961c378
8372:             1             16  hudson.plugins.gradle.BuildScanPublisher$DescriptorImpl$$FastClassByGuice$$15a6edfc
8373:             1             16  hudson.plugins.gradle.GetGradleCommand$$FastClassByGuice$$16e80f34
8374:             1             16  hudson.plugins.gradle.Gradle$DescriptorImpl$$FastClassByGuice$$e8227e26
8375:             1             16  hudson.plugins.gradle.GradleInstallation$DescriptorImpl$$FastClassByGuice$$34ac180c
8376:             1             16  hudson.plugins.gradle.GradleInstaller$DescriptorImpl$$FastClassByGuice$$7d2e75b8
8377:             1             16  hudson.plugins.gradle.GradleOutcomeNote$DescriptorImpl$$FastClassByGuice$$f12d681c
8378:             1             16  hudson.plugins.gradle.GradleTaskNote$DescriptorImpl$$FastClassByGuice$$3532f30f
8379:             1             16  hudson.plugins.gradle.WithGradle$DescriptorImpl$$FastClassByGuice$$10f3f800
8380:             1             16  hudson.plugins.greenballs.ColorBlindPropertyDescriptor$$FastClassByGuice$$4c829d32
8381:             1             16  hudson.plugins.jira.JiraChangeLogAnnotator
8382:             1             16  hudson.plugins.jira.JiraChangeLogAnnotator$$FastClassByGuice$$66fcccf5
8383:             1             16  hudson.plugins.jira.JiraCreateReleaseNotes$Descriptor$$FastClassByGuice$$67b35290
8384:             1             16  hudson.plugins.jira.JiraEnvironmentVariableBuilder$DescriptorImpl$$FastClassByGuice$$91c8863a
8385:             1             16  hudson.plugins.jira.JiraFolderProperty$DescriptorImpl$$FastClassByGuice$$93885c63
8386:             1             16  hudson.plugins.jira.JiraGlobalConfiguration$$FastClassByGuice$$25addd86
8387:             1             16  hudson.plugins.jira.JiraIssueUpdateBuilder$DescriptorImpl$$FastClassByGuice$$ef4cba4d
8388:             1             16  hudson.plugins.jira.JiraJobAction$RunListenerImpl
8389:             1             16  hudson.plugins.jira.JiraJobAction$RunListenerImpl$$FastClassByGuice$$4f9579e1
8390:             1             16  hudson.plugins.jira.JiraMailAddressResolver$$FastClassByGuice$$21b330d6
8391:             1             16  hudson.plugins.jira.JiraProjectProperty$DescriptorImpl$$FastClassByGuice$$7fdfc452
8392:             1             16  hudson.plugins.jira.JiraProjectProperty$DescriptorImpl$$Lambda$685/1947511797
8393:             1             16  hudson.plugins.jira.JiraSite$DescriptorImpl$$FastClassByGuice$$4798dcbf
8394:             1             16  hudson.plugins.jira.listissuesparameter.JiraIssueParameterDefinition$DescriptorImpl$$FastClassByGuice$$4c25a1a6
8395:             1             16  hudson.plugins.jira.pipeline.CommentStep$DescriptorImpl$$FastClassByGuice$$8ac3c9d5
8396:             1             16  hudson.plugins.jira.pipeline.IssueFieldUpdateStep$DescriptorImpl$$FastClassByGuice$$972d8a10
8397:             1             16  hudson.plugins.jira.pipeline.IssueSelectorStep$DescriptorImpl$$FastClassByGuice$$62c5b5fc
8398:             1             16  hudson.plugins.jira.pipeline.SearchIssuesStep$DescriptorImpl$$FastClassByGuice$$fdb649d8
8399:             1             16  hudson.plugins.jira.selector.DefaultIssueSelector$DescriptorImpl$$FastClassByGuice$$82981d4c
8400:             1             16  hudson.plugins.jira.selector.ExplicitIssueSelector$DescriptorImpl$$FastClassByGuice$$7787991f
8401:             1             16  hudson.plugins.jira.selector.JqlIssueSelector$DescriptorImpl$$FastClassByGuice$$2d9cbd10
8402:             1             16  hudson.plugins.jira.selector.perforce.P4JobIssueSelector$DescriptorImpl$$FastClassByGuice$$8da6ce84
8403:             1             16  hudson.plugins.jira.versionparameter.JiraVersionParameterDefinition$DescriptorImpl$$FastClassByGuice$$6622fa43
8404:             1             16  hudson.plugins.jobConfigHistory.ComputerConfigHistoryActionFactory
8405:             1             16  hudson.plugins.jobConfigHistory.ComputerConfigHistoryActionFactory$$FastClassByGuice$$3c48095
8406:             1             16  hudson.plugins.jobConfigHistory.ComputerHistoryListener
8407:             1             16  hudson.plugins.jobConfigHistory.ComputerHistoryListener$$FastClassByGuice$$bd6762d5
8408:             1             16  hudson.plugins.jobConfigHistory.FileHistoryDao$$FastClassByGuice$$9b84c1f2
8409:             1             16  hudson.plugins.jobConfigHistory.HistoryFileFilter
8410:             1             16  hudson.plugins.jobConfigHistory.JobConfigBadgeAction$Listener
8411:             1             16  hudson.plugins.jobConfigHistory.JobConfigBadgeAction$Listener$$FastClassByGuice$$95f40166
8412:             1             16  hudson.plugins.jobConfigHistory.JobConfigHistoryActionFactory
8413:             1             16  hudson.plugins.jobConfigHistory.JobConfigHistoryActionFactory$$FastClassByGuice$$cb9e79c7
8414:             1             16  hudson.plugins.jobConfigHistory.JobConfigHistoryJobListener
8415:             1             16  hudson.plugins.jobConfigHistory.JobConfigHistoryJobListener$$FastClassByGuice$$db1a0824
8416:             1             16  hudson.plugins.jobConfigHistory.JobConfigHistoryPurger$$FastClassByGuice$$737d44b4
8417:             1             16  hudson.plugins.jobConfigHistory.JobConfigHistoryRootAction
8418:             1             16  hudson.plugins.jobConfigHistory.JobConfigHistoryRootAction$$FastClassByGuice$$de1e0ac5
8419:             1             16  hudson.plugins.jobConfigHistory.JobConfigHistorySaveableListener
8420:             1             16  hudson.plugins.jobConfigHistory.JobConfigHistorySaveableListener$$FastClassByGuice$$2a894578
8421:             1             16  hudson.plugins.jobConfigHistory.JobLocalConfiguration$DescriptorImpl$$FastClassByGuice$$77b87f83
8422:             1             16  hudson.plugins.jobConfigHistory.ParsedDateComparator
8423:             1             16  hudson.plugins.jquery.JQuery$$FastClassByGuice$$737cf9ad
8424:             1             16  hudson.plugins.mercurial.MercurialInstallation$DescriptorImpl$$FastClassByGuice$$9e0146c
8425:             1             16  hudson.plugins.mercurial.MercurialRevisionColumn$DescriptorImpl$$FastClassByGuice$$6a2a11f5
8426:             1             16  hudson.plugins.mercurial.MercurialSCM$DescriptorImpl$$FastClassByGuice$$7aa30de3
8427:             1             16  hudson.plugins.mercurial.MercurialSCMSource$DescriptorImpl$$FastClassByGuice$$c2a2c848
8428:             1             16  hudson.plugins.mercurial.MercurialStatus
8429:             1             16  hudson.plugins.mercurial.MercurialStatus$$FastClassByGuice$$d2a6779f
8430:             1             16  hudson.plugins.mercurial.MercurialStatusCrumbExclusion
8431:             1             16  hudson.plugins.mercurial.MercurialStatusCrumbExclusion$$FastClassByGuice$$a2ddbb92
8432:             1             16  hudson.plugins.mercurial.browser.BitBucket$DescriptorImpl$$FastClassByGuice$$bceae383
8433:             1             16  hudson.plugins.mercurial.browser.FishEye$DescriptorImpl$$FastClassByGuice$$14d171a1
8434:             1             16  hudson.plugins.mercurial.browser.GoogleCode$DescriptorImpl$$FastClassByGuice$$cc72e586
8435:             1             16  hudson.plugins.mercurial.browser.HgWeb$DescriptorImpl$$FastClassByGuice$$a56b16c5
8436:             1             16  hudson.plugins.mercurial.browser.Kallithea$DescriptorImpl$$FastClassByGuice$$e587e4f7
8437:             1             16  hudson.plugins.mercurial.browser.KilnHG$DescriptorImpl$$FastClassByGuice$$b71a844d
8438:             1             16  hudson.plugins.mercurial.browser.RhodeCode$DescriptorImpl$$FastClassByGuice$$992e3a93
8439:             1             16  hudson.plugins.mercurial.browser.RhodeCodeLegacy$DescriptorImpl$$FastClassByGuice$$6b48938a
8440:             1             16  hudson.plugins.mercurial.traits.CleanMercurialSCMSourceTrait$DescriptorImpl$$FastClassByGuice$$7fbff9b0
8441:             1             16  hudson.plugins.mercurial.traits.MercurialBrowserSCMSourceTrait$DescriptorImpl$$FastClassByGuice$$117a411b
8442:             1             16  hudson.plugins.mercurial.traits.MercurialInstallationSCMSourceTrait$DescriptorImpl$$FastClassByGuice$$7eca0fd
8443:             1             16  hudson.plugins.parameterizedtrigger.BinaryFileParameterFactory$DescriptorImpl$$FastClassByGuice$$d6020f07
8444:             1             16  hudson.plugins.parameterizedtrigger.BlockableBuildTriggerConfig$DescriptorImpl$$FastClassByGuice$$6e1b568e
8445:             1             16  hudson.plugins.parameterizedtrigger.BlockingBehaviour$DescriptorImpl$$FastClassByGuice$$f283279
8446:             1             16  hudson.plugins.parameterizedtrigger.BooleanParameterConfig$DescriptorImpl$$FastClassByGuice$$a2e44ec2
8447:             1             16  hudson.plugins.parameterizedtrigger.BooleanParameters$DescriptorImpl$$FastClassByGuice$$5a98d90f
8448:             1             16  hudson.plugins.parameterizedtrigger.BuildTrigger$DescriptorImpl$$FastClassByGuice$$f97831fb
8449:             1             16  hudson.plugins.parameterizedtrigger.BuildTriggerConfig$DescriptorImpl$$FastClassByGuice$$6ab2cc59
8450:             1             16  hudson.plugins.parameterizedtrigger.CounterBuildParameterFactory$DescriptorImpl$$FastClassByGuice$$5a1cc332
8451:             1             16  hudson.plugins.parameterizedtrigger.CurrentBuildParameters$DescriptorImpl$$FastClassByGuice$$5f143a06
8452:             1             16  hudson.plugins.parameterizedtrigger.FileBuildParameterFactory$DescriptorImpl$$FastClassByGuice$$f565f18e
8453:             1             16  hudson.plugins.parameterizedtrigger.FileBuildParameters$DescriptorImpl$$FastClassByGuice$$adb66ea5
8454:             1             16  hudson.plugins.parameterizedtrigger.NodeParameters$DescriptorImpl$$FastClassByGuice$$265ee319
8455:             1             16  hudson.plugins.parameterizedtrigger.Plugin
8456:             1             16  hudson.plugins.parameterizedtrigger.Plugin$RenameListener
8457:             1             16  hudson.plugins.parameterizedtrigger.Plugin$RenameListener$$FastClassByGuice$$d7117c75
8458:             1             16  hudson.plugins.parameterizedtrigger.PredefinedBuildParameters$DescriptorImpl$$FastClassByGuice$$7fb0472f
8459:             1             16  hudson.plugins.parameterizedtrigger.SubversionRevisionBuildParameters$DescriptorImpl$$FastClassByGuice$$250480fc
8460:             1             16  hudson.plugins.parameterizedtrigger.TriggerBuilder$DescriptorImpl$$FastClassByGuice$$705ccd02
8461:             1             16  hudson.plugins.parameterizedtrigger.matrix.MatrixBuildListenerImpl$$FastClassByGuice$$e096b4e2
8462:             1             16  hudson.plugins.parameterizedtrigger.matrix.MatrixSubsetBuildParameters$DescriptorImpl$$FastClassByGuice$$ba9505dd
8463:             1             16  hudson.plugins.powershell.PowerShell$DescriptorImpl$$FastClassByGuice$$50b49746
8464:             1             16  hudson.plugins.setenv.SetEnvBuildWrapper$DescriptorImpl$$FastClassByGuice$$ff316941
8465:             1             16  hudson.plugins.sloccount.SloccountDescriptor$$FastClassByGuice$$427ccb44
8466:             1             16  hudson.plugins.sonar.MsBuildSQRunnerBegin$DescriptorImpl$$FastClassByGuice$$cf1cc654
8467:             1             16  hudson.plugins.sonar.MsBuildSQRunnerEnd$DescriptorImpl$$FastClassByGuice$$1c3aae62
8468:             1             16  hudson.plugins.sonar.MsBuildSQRunnerInstallation$DescriptorImpl$$FastClassByGuice$$4be29c0f
8469:             1             16  hudson.plugins.sonar.MsBuildSonarQubeRunnerInstaller$MsBuildScannerInstallerDescriptorImpl$$FastClassByGuice$$a3dcf147
8470:             1             16  hudson.plugins.sonar.SonarBuildWrapper$DescriptorImpl$$FastClassByGuice$$d92a21d7
8471:             1             16  hudson.plugins.sonar.SonarGlobalConfiguration$$FastClassByGuice$$9ca8165c
8472:             1             16  hudson.plugins.sonar.SonarGlobalConfiguration$$Lambda$188/1221524559
8473:             1             16  hudson.plugins.sonar.SonarGlobalConfiguration$$Lambda$577/1746140629
8474:             1             16  hudson.plugins.sonar.SonarPlugin
8475:             1             16  hudson.plugins.sonar.SonarPublisher$DescriptorImpl$$FastClassByGuice$$46a6cf4e
8476:             1             16  hudson.plugins.sonar.SonarRunnerBuilder$DescriptorImpl$$FastClassByGuice$$9a58339f
8477:             1             16  hudson.plugins.sonar.SonarRunnerInstallation$DescriptorImpl$$FastClassByGuice$$de9ac932
8478:             1             16  hudson.plugins.sonar.SonarRunnerInstaller$SonarRunnerInstallerDescriptorImpl$$FastClassByGuice$$616c3ca7
8479:             1             16  hudson.plugins.sonar.action.SonarBuildBadgeActionFactory
8480:             1             16  hudson.plugins.sonar.action.SonarBuildBadgeActionFactory$$FastClassByGuice$$2b95ec48
8481:             1             16  hudson.plugins.sonar.action.SonarProjectActionFactory
8482:             1             16  hudson.plugins.sonar.action.SonarProjectActionFactory$$FastClassByGuice$$4417bdd2
8483:             1             16  hudson.plugins.sonar.client.HttpClient
8484:             1             16  hudson.plugins.sonar.client.SQProjectResolver
8485:             1             16  hudson.plugins.sshslaves.DefaultJavaProvider
8486:             1             16  hudson.plugins.sshslaves.DefaultJavaProvider$$FastClassByGuice$$a0eabf49
8487:             1             16  hudson.plugins.sshslaves.PluginImpl
8488:             1             16  hudson.plugins.sshslaves.SSHConnector$DescriptorImpl$$FastClassByGuice$$7551bce3
8489:             1             16  hudson.plugins.sshslaves.SSHLauncher$DescriptorImpl$$FastClassByGuice$$7821d6d6
8490:             1             16  hudson.plugins.sshslaves.verifiers.KnownHostsFileKeyVerificationStrategy$KnownHostsFileKeyVerificationStrategyDescriptor$$FastClassByGuice$$640f79c1
8491:             1             16  hudson.plugins.sshslaves.verifiers.ManuallyProvidedKeyVerificationStrategy$ManuallyProvidedKeyVerificationStrategyDescriptor$$FastClassByGuice$$f5898b1d
8492:             1             16  hudson.plugins.sshslaves.verifiers.ManuallyTrustedKeyVerificationStrategy$ManuallyTrustedKeyVerificationStrategyDescriptor$$FastClassByGuice$$669b2497
8493:             1             16  hudson.plugins.sshslaves.verifiers.MissingVerificationStrategyAdministrativeMonitor
8494:             1             16  hudson.plugins.sshslaves.verifiers.MissingVerificationStrategyAdministrativeMonitor$$FastClassByGuice$$a991b714
8495:             1             16  hudson.plugins.sshslaves.verifiers.NonVerifyingKeyVerificationStrategy$NonVerifyingKeyVerificationStrategyDescriptor$$FastClassByGuice$$a41fc1d1
8496:             1             16  hudson.plugins.swarm.DownloadClientAction
8497:             1             16  hudson.plugins.swarm.DownloadClientAction$$FastClassByGuice$$a9da9e00
8498:             1             16  hudson.plugins.swarm.PluginImpl
8499:             1             16  hudson.plugins.swarm.SwarmLauncher$DescriptorImpl$$FastClassByGuice$$66b1efb2
8500:             1             16  hudson.plugins.swarm.SwarmSlave$DescriptorImpl$$FastClassByGuice$$6aa3b53d
8501:             1             16  hudson.plugins.timestamper.TimestamperBuildWrapper$DescriptorImpl$$FastClassByGuice$$fe618617
8502:             1             16  hudson.plugins.timestamper.TimestamperConfig$$FastClassByGuice$$3a538019
8503:             1             16  hudson.plugins.timestamper.action.TimestampsActionFactory
8504:             1             16  hudson.plugins.timestamper.action.TimestampsActionFactory$$FastClassByGuice$$9f640ab
8505:             1             16  hudson.plugins.timestamper.annotator.TimestampAnnotatorFactory3
8506:             1             16  hudson.plugins.timestamper.annotator.TimestampAnnotatorFactory3$$FastClassByGuice$$6174740d
8507:             1             16  hudson.plugins.timestamper.format.SystemTimestampFormat$$Lambda$534/700974250
8508:             1             16  hudson.plugins.timestamper.format.TimestampFormatProvider$$Lambda$531/542689019
8509:             1             16  hudson.plugins.timestamper.format.TimestampFormatUtils$$Lambda$532/1710617592
8510:             1             16  hudson.plugins.timestamper.pipeline.GlobalAnnotator$Factory
8511:             1             16  hudson.plugins.timestamper.pipeline.GlobalAnnotator$Factory$$FastClassByGuice$$3ded2bff
8512:             1             16  hudson.plugins.timestamper.pipeline.GlobalDecorator$Factory
8513:             1             16  hudson.plugins.timestamper.pipeline.GlobalDecorator$Factory$$FastClassByGuice$$88565b5e
8514:             1             16  hudson.plugins.timestamper.pipeline.TimestamperStep$DescriptorImpl$$FastClassByGuice$$a9da32a4
8515:             1             16  hudson.plugins.validating_string_parameter.ValidatingStringParameterDefinition$DescriptorImpl$$FastClassByGuice$$e95117a3
8516:             1             16  hudson.plugins.ws_cleanup.DisableDeferredWipeoutNodeProperty$NodePropertyDescriptorImpl$$FastClassByGuice$$5cd563e7
8517:             1             16  hudson.plugins.ws_cleanup.Pattern$DescriptorImpl$$FastClassByGuice$$7ab0368f
8518:             1             16  hudson.plugins.ws_cleanup.PreBuildCleanup$DescriptorImpl$$FastClassByGuice$$7528c866
8519:             1             16  hudson.plugins.ws_cleanup.WsCleanup$DescriptorImpl$$FastClassByGuice$$e46f33f7
8520:             1             16  hudson.remoting.AtmostOneThreadExecutor$Worker
8521:             1             16  hudson.remoting.ClassFilter$1
8522:             1             16  hudson.remoting.ClassFilter$2
8523:             1             16  hudson.remoting.ClassFilter$RegExpClassFilter
8524:             1             16  hudson.remoting.DaemonThreadFactory
8525:             1             16  hudson.remoting.DaemonThreadFactory$$Lambda$359/115761918
8526:             1             16  hudson.remoting.LocalChannel
8527:             1             16  hudson.remoting.RemoteInputStream$1$$Lambda$600/592872135
8528:             1             16  hudson.remoting.URLDeserializationHelper$SafeURLStreamHandler
8529:             1             16  hudson.scheduler.Hash$2
8530:             1             16  hudson.scm.NullChangeLogParser
8531:             1             16  hudson.scm.NullSCM$DescriptorImpl$$FastClassByGuice$$92ac9d41
8532:             1             16  hudson.scm.SubversionRepositoryStatus$JobTriggerListenerImpl$$FastClassByGuice$$395603db
8533:             1             16  hudson.scm.SubversionSCM$AdditionalCredentials$DescriptorImpl$$FastClassByGuice$$3e76921
8534:             1             16  hudson.scm.SubversionSCM$DescriptorImpl$$FastClassByGuice$$7f042112
8535:             1             16  hudson.scm.SubversionSCM$DescriptorImpl$RemotableSVNAuthenticationProviderImpl
8536:             1             16  hudson.scm.SubversionSCM$ModuleLocation$DescriptorImpl$$FastClassByGuice$$ca2465cf
8537:             1             16  hudson.scm.SubversionStatus
8538:             1             16  hudson.scm.SubversionStatus$$FastClassByGuice$$d51f994e
8539:             1             16  hudson.scm.SubversionTagAction$DescriptorImpl$$FastClassByGuice$$9f49855f
8540:             1             16  hudson.scm.SubversionWorkspaceSelector
8541:             1             16  hudson.scm.browsers.Assembla$DescriptorImpl$$FastClassByGuice$$1de79da6
8542:             1             16  hudson.scm.browsers.CollabNetSVN$DescriptorImpl$$FastClassByGuice$$3c31d59
8543:             1             16  hudson.scm.browsers.FishEyeSVN$DescriptorImpl$$FastClassByGuice$$571503c2
8544:             1             16  hudson.scm.browsers.Phabricator$PhabricatorDescriptor$$FastClassByGuice$$61f5ea9e
8545:             1             16  hudson.scm.browsers.SVNWeb$DescriptorImpl$$FastClassByGuice$$8251e16b
8546:             1             16  hudson.scm.browsers.Sventon$DescriptorImpl$$FastClassByGuice$$c281232b
8547:             1             16  hudson.scm.browsers.Sventon2$DescriptorImpl$$FastClassByGuice$$2fe5d849
8548:             1             16  hudson.scm.browsers.ViewSVN$DescriptorImpl$$FastClassByGuice$$83aabb4c
8549:             1             16  hudson.scm.browsers.VisualSVN$DescriptorImpl$$FastClassByGuice$$892b67
8550:             1             16  hudson.scm.browsers.WebSVN$DescriptorImpl$$FastClassByGuice$$ece00a1d
8551:             1             16  hudson.scm.listtagsparameter.ListSubversionTagsParameterDefinition$DescriptorImpl$$FastClassByGuice$$27f2fc6
8552:             1             16  hudson.scm.subversion.CheckoutUpdater$DescriptorImpl$$FastClassByGuice$$40ddb2a2
8553:             1             16  hudson.scm.subversion.NoopUpdater$DescriptorImpl$$FastClassByGuice$$9b6c40be
8554:             1             16  hudson.scm.subversion.UpdateUpdater$DescriptorImpl$$FastClassByGuice$$3369ae65
8555:             1             16  hudson.scm.subversion.UpdateWithCleanUpdater$DescriptorImpl$$FastClassByGuice$$320fb012
8556:             1             16  hudson.scm.subversion.UpdateWithRevertUpdater$DescriptorImpl$$FastClassByGuice$$41ceb8f
8557:             1             16  hudson.search.UserSearchProperty$DescriptorImpl$$FastClassByGuice$$539c2698
8558:             1             16  hudson.security.ACL$1
8559:             1             16  hudson.security.ACL$2
8560:             1             16  hudson.security.AuthenticationManagerProxy
8561:             1             16  hudson.security.AuthorizationMatrixProperty$DescriptorImpl$$FastClassByGuice$$d235d45f
8562:             1             16  hudson.security.AuthorizationMatrixProperty$ItemListenerImpl
8563:             1             16  hudson.security.AuthorizationMatrixProperty$ItemListenerImpl$$FastClassByGuice$$c4d999d7
8564:             1             16  hudson.security.AuthorizationStrategy$Unsecured
8565:             1             16  hudson.security.AuthorizationStrategy$Unsecured$$Lambda$27/621858705
8566:             1             16  hudson.security.AuthorizationStrategy$Unsecured$DescriptorImpl$$FastClassByGuice$$625e0972
8567:             1             16  hudson.security.BasicAuthenticationFilter
8568:             1             16  hudson.security.FullControlOnceLoggedInAuthorizationStrategy$DescriptorImpl$$FastClassByGuice$$581b99e2
8569:             1             16  hudson.security.GlobalMatrixAuthorizationStrategy$AclImpl
8570:             1             16  hudson.security.GlobalMatrixAuthorizationStrategy$PermissionAdderImpl$$FastClassByGuice$$bf7dcb68
8571:             1             16  hudson.security.GlobalSecurityConfiguration
8572:             1             16  hudson.security.GlobalSecurityConfiguration$$FastClassByGuice$$14b710b8
8573:             1             16  hudson.security.GlobalSecurityConfiguration$$Lambda$142/768041464
8574:             1             16  hudson.security.GlobalSecurityConfiguration$DescriptorImpl$$FastClassByGuice$$d1427fbb
8575:             1             16  hudson.security.HudsonPrivateSecurityRealm$DescriptorImpl$$FastClassByGuice$$60a58291
8576:             1             16  hudson.security.HudsonPrivateSecurityRealm$Details$DescriptorImpl$$FastClassByGuice$$4bd1bf53
8577:             1             16  hudson.security.HudsonPrivateSecurityRealm$ManageUserLinks
8578:             1             16  hudson.security.HudsonPrivateSecurityRealm$ManageUserLinks$$FastClassByGuice$$4a6fc2a7
8579:             1             16  hudson.security.LDAPSecurityRealm$CacheConfiguration$DescriptorImpl$$FastClassByGuice$$eb0c5988
8580:             1             16  hudson.security.LDAPSecurityRealm$DelegateLDAPUserDetailsService
8581:             1             16  hudson.security.LDAPSecurityRealm$DescriptorImpl$$FastClassByGuice$$9c6faba6
8582:             1             16  hudson.security.LDAPSecurityRealm$EnvironmentProperty$DescriptorImpl$$FastClassByGuice$$62242562
8583:             1             16  hudson.security.LDAPSecurityRealm$MailAdressResolverImpl$$FastClassByGuice$$30985d6a
8584:             1             16  hudson.security.LegacyAuthorizationStrategy$DescriptorImpl$$FastClassByGuice$$36b290ab
8585:             1             16  hudson.security.LegacySecurityRealm$DescriptorImpl$$FastClassByGuice$$2d1bce28
8586:             1             16  hudson.security.Permission$1
8587:             1             16  hudson.security.ProjectMatrixAuthorizationStrategy$ConverterImpl
8588:             1             16  hudson.security.RememberMeServicesProxy
8589:             1             16  hudson.security.SecurityRealm$None$DescriptorImpl$$FastClassByGuice$$ec98f6b
8590:             1             16  hudson.security.UserDetailsServiceProxy
8591:             1             16  hudson.security.WhoAmI
8592:             1             16  hudson.security.WhoAmI$$FastClassByGuice$$d28820da
8593:             1             16  hudson.security.csrf.CrumbFilter
8594:             1             16  hudson.security.csrf.CrumbIssuer$1
8595:             1             16  hudson.security.csrf.DefaultCrumbIssuer$DescriptorImpl$$FastClassByGuice$$78f5251
8596:             1             16  hudson.security.csrf.GlobalCrumbIssuerConfiguration$$FastClassByGuice$$ed62b254
8597:             1             16  hudson.slaves.ChannelPinger$$FastClassByGuice$$21f05e43
8598:             1             16  hudson.slaves.CommandConnector$DescriptorImpl$$FastClassByGuice$$3a396d72
8599:             1             16  hudson.slaves.CommandLauncher$DescriptorImpl$$FastClassByGuice$$b84a5867
8600:             1             16  hudson.slaves.ComputerRetentionWork$$FastClassByGuice$$ad6d68b5
8601:             1             16  hudson.slaves.ConnectionActivityMonitor$$FastClassByGuice$$e18ff4ce
8602:             1             16  hudson.slaves.ConnectionActivityMonitor$PingCommand
8603:             1             16  hudson.slaves.DumbSlave$DescriptorImpl$$FastClassByGuice$$b8fbaf61
8604:             1             16  hudson.slaves.EnvironmentVariablesNodeProperty$$Lambda$575/2064388629
8605:             1             16  hudson.slaves.EnvironmentVariablesNodeProperty$DescriptorImpl$$FastClassByGuice$$298ca6d9
8606:             1             16  hudson.slaves.JNLPLauncher$DescriptorImpl$$FastClassByGuice$$a424d50c
8607:             1             16  hudson.slaves.NodeProvisioner$NodeProvisionerInvoker$$FastClassByGuice$$39f93bd
8608:             1             16  hudson.slaves.NodeProvisioner$StandardStrategyImpl
8609:             1             16  hudson.slaves.NodeProvisioner$StandardStrategyImpl$$FastClassByGuice$$c9791213
8610:             1             16  hudson.slaves.RetentionStrategy$Always$DescriptorImpl$$FastClassByGuice$$31611c32
8611:             1             16  hudson.slaves.RetentionStrategy$Demand$DescriptorImpl$$FastClassByGuice$$4a3ec476
8612:             1             16  hudson.slaves.RetentionStrategy$NoOp
8613:             1             16  hudson.slaves.SimpleScheduledRetentionStrategy$DescriptorImpl$$FastClassByGuice$$a8163f5e
8614:             1             16  hudson.tasks.Ant$AntInstallation$DescriptorImpl$$FastClassByGuice$$c82873e2
8615:             1             16  hudson.tasks.Ant$AntInstaller$DescriptorImpl$$FastClassByGuice$$f2a599a2
8616:             1             16  hudson.tasks.Ant$DescriptorImpl$$FastClassByGuice$$dae3ba7f
8617:             1             16  hudson.tasks.AntWrapper$DescriptorImpl$$FastClassByGuice$$8ede3e14
8618:             1             16  hudson.tasks.ArtifactArchiver$DescriptorImpl$$FastClassByGuice$$ce25ee5e
8619:             1             16  hudson.tasks.ArtifactArchiver$Migrator
8620:             1             16  hudson.tasks.ArtifactArchiver$Migrator$$FastClassByGuice$$33c04cc
8621:             1             16  hudson.tasks.BatchFile$DescriptorImpl$$FastClassByGuice$$b52dba70
8622:             1             16  hudson.tasks.BuildTrigger$DescriptorImpl$$FastClassByGuice$$5c8c7c56
8623:             1             16  hudson.tasks.BuildTrigger$DescriptorImpl$ItemListenerImpl
8624:             1             16  hudson.tasks.BuildTrigger$DescriptorImpl$ItemListenerImpl$$FastClassByGuice$$3bc06255
8625:             1             16  hudson.tasks.Fingerprinter$DescriptorImpl$$FastClassByGuice$$b08092d5
8626:             1             16  hudson.tasks.JavadocArchiver$DescriptorImpl$$FastClassByGuice$$479d3c20
8627:             1             16  hudson.tasks.LogRotator$LRDescriptor$$FastClassByGuice$$eebb369d
8628:             1             16  hudson.tasks.Mailer$DescriptorImpl$$FastClassByGuice$$cc493d9c
8629:             1             16  hudson.tasks.Mailer$UserProperty$DescriptorImpl$$FastClassByGuice$$5e88e266
8630:             1             16  hudson.tasks.Maven$DescriptorImpl$$FastClassByGuice$$dc4bed9b
8631:             1             16  hudson.tasks.Maven$MavenInstallation$DescriptorImpl$$FastClassByGuice$$5b31b5da
8632:             1             16  hudson.tasks.Maven$MavenInstaller$DescriptorImpl$$FastClassByGuice$$8b9c5aaa
8633:             1             16  hudson.tasks.PluginImpl
8634:             1             16  hudson.tasks.SMTPAuthentication$DescriptorImpl$$FastClassByGuice$$3a2b5f32
8635:             1             16  hudson.tasks.Shell$DescriptorImpl$$FastClassByGuice$$4d90f256
8636:             1             16  hudson.tasks._ant.AntOutcomeNote$DescriptorImpl$$FastClassByGuice$$ecdb4323
8637:             1             16  hudson.tasks._ant.AntTargetNote$DescriptorImpl$$FastClassByGuice$$8dadd2dc
8638:             1             16  hudson.tasks._maven.Maven3MojoNote$DescriptorImpl$$FastClassByGuice$$7f98c523
8639:             1             16  hudson.tasks._maven.MavenErrorNote$DescriptorImpl$$FastClassByGuice$$7a5375b5
8640:             1             16  hudson.tasks._maven.MavenMojoNote$DescriptorImpl$$FastClassByGuice$$2f8fa83e
8641:             1             16  hudson.tasks._maven.MavenWarningNote$DescriptorImpl$$FastClassByGuice$$91ff0a1
8642:             1             16  hudson.tasks.junit.CaseResult$1
8643:             1             16  hudson.tasks.junit.JUnitParser$$FastClassByGuice$$d26d9f9a
8644:             1             16  hudson.tasks.junit.JUnitResultArchiver$DescriptorImpl$$FastClassByGuice$$bb2522cb
8645:             1             16  hudson.tasks.junit.pipeline.JUnitResultsStep$DescriptorImpl$$FastClassByGuice$$e04c9c6
8646:             1             16  hudson.tasks.test.AbstractTestResultAction$Summarizer
8647:             1             16  hudson.tasks.test.AbstractTestResultAction$Summarizer$$FastClassByGuice$$c05a7985
8648:             1             16  hudson.tasks.test.AggregatedTestResultPublisher$DescriptorImpl$$FastClassByGuice$$cef383b4
8649:             1             16  hudson.tasks.test.AggregatedTestResultPublisher$TestResultAction$RunListenerImpl
8650:             1             16  hudson.tasks.test.AggregatedTestResultPublisher$TestResultAction$RunListenerImpl$$FastClassByGuice$$9f332105
8651:             1             16  hudson.tools.BatchCommandInstaller$DescriptorImpl$$FastClassByGuice$$669091a2
8652:             1             16  hudson.tools.CommandInstaller$DescriptorImpl$$FastClassByGuice$$8bded2b0
8653:             1             16  hudson.tools.InstallSourceProperty$DescriptorImpl$$FastClassByGuice$$c288716e
8654:             1             16  hudson.tools.InstallerTranslator
8655:             1             16  hudson.tools.InstallerTranslator$$FastClassByGuice$$5de39c1c
8656:             1             16  hudson.tools.InstallerTranslator$$Lambda$607/582832908
8657:             1             16  hudson.tools.JDKInstaller$DescriptorImpl$$FastClassByGuice$$e1bbb4d6
8658:             1             16  hudson.tools.JDKInstaller$JDKList$$FastClassByGuice$$f5cb5de8
8659:             1             16  hudson.tools.ToolLocationNodeProperty$DescriptorImpl$$FastClassByGuice$$403bba49
8660:             1             16  hudson.tools.ZipExtractionInstaller$DescriptorImpl$$FastClassByGuice$$7c5c1ecd
8661:             1             16  hudson.triggers.SCMTrigger$AdministrativeMonitorImpl$$FastClassByGuice$$734ed4e3
8662:             1             16  hudson.triggers.SCMTrigger$DescriptorImpl$$FastClassByGuice$$924bea38
8663:             1             16  hudson.triggers.SlowTriggerAdminMonitor$$FastClassByGuice$$f2af6422
8664:             1             16  hudson.triggers.TimerTrigger$DescriptorImpl$$FastClassByGuice$$29412b60
8665:             1             16  hudson.triggers.Trigger$Cron$$FastClassByGuice$$a62b0b1a
8666:             1             16  hudson.util.CaseInsensitiveComparator
8667:             1             16  hudson.util.CharacterEncodingFilter
8668:             1             16  hudson.util.ConsistentHash$1
8669:             1             16  hudson.util.FormValidation$FileValidator$1
8670:             1             16  hudson.util.HeapSpaceStringConverter
8671:             1             16  hudson.util.HexBinaryConverter
8672:             1             16  hudson.util.NoClientBindProtocolSocketFactory
8673:             1             16  hudson.util.Secret$1
8674:             1             16  hudson.util.VersionNumber$1
8675:             1             16  hudson.util.io.ArchiverFactory$ZipArchiverFactory
8676:             1             16  hudson.views.BuildButtonColumn$DescriptorImpl$$FastClassByGuice$$3e340db0
8677:             1             16  hudson.views.DefaultMyViewsTabBar
8678:             1             16  hudson.views.DefaultMyViewsTabBar$DescriptorImpl$$FastClassByGuice$$8ed95ac1
8679:             1             16  hudson.views.DefaultViewsTabBar$DescriptorImpl$$FastClassByGuice$$372feb75
8680:             1             16  hudson.views.GlobalDefaultViewConfiguration$$FastClassByGuice$$d1d0c946
8681:             1             16  hudson.views.JobColumn$DescriptorImpl$$FastClassByGuice$$bdfa4453
8682:             1             16  hudson.views.LastDurationColumn$DescriptorImpl$$FastClassByGuice$$469affe0
8683:             1             16  hudson.views.LastFailureColumn$DescriptorImpl$$FastClassByGuice$$dfa7675c
8684:             1             16  hudson.views.LastStableColumn$DescriptorImpl$$FastClassByGuice$$8342259
8685:             1             16  hudson.views.LastSuccessColumn$DescriptorImpl$$FastClassByGuice$$c9384e83
8686:             1             16  hudson.views.MyViewsTabBar$GlobalConfigurationImpl$$FastClassByGuice$$a2de593c
8687:             1             16  hudson.views.StatusColumn
8688:             1             16  hudson.views.StatusColumn$DescriptorImpl$$FastClassByGuice$$20b65cf8
8689:             1             16  hudson.views.ViewsTabBar$GlobalConfigurationImpl$$FastClassByGuice$$5cbbc5c8
8690:             1             16  hudson.views.WeatherColumn$DescriptorImpl$$FastClassByGuice$$db51aefc
8691:             1             16  io.blueocean.rest.pipeline.editor.PipelineMetadataService
8692:             1             16  io.blueocean.rest.pipeline.editor.PipelineMetadataService$$FastClassByGuice$$de6a7727
8693:             1             16  io.github.stephenc.crypto.sscg.internal.bc.asn1.DERNull
8694:             1             16  io.github.stephenc.crypto.sscg.internal.bc.operator.bc.BcDefaultDigestProvider
8695:             1             16  io.github.stephenc.crypto.sscg.internal.bc.operator.bc.BcDefaultDigestProvider$1
8696:             1             16  io.github.stephenc.crypto.sscg.internal.bc.operator.bc.BcDefaultDigestProvider$10
8697:             1             16  io.github.stephenc.crypto.sscg.internal.bc.operator.bc.BcDefaultDigestProvider$11
8698:             1             16  io.github.stephenc.crypto.sscg.internal.bc.operator.bc.BcDefaultDigestProvider$12
8699:             1             16  io.github.stephenc.crypto.sscg.internal.bc.operator.bc.BcDefaultDigestProvider$2
8700:             1             16  io.github.stephenc.crypto.sscg.internal.bc.operator.bc.BcDefaultDigestProvider$3
8701:             1             16  io.github.stephenc.crypto.sscg.internal.bc.operator.bc.BcDefaultDigestProvider$4
8702:             1             16  io.github.stephenc.crypto.sscg.internal.bc.operator.bc.BcDefaultDigestProvider$5
8703:             1             16  io.github.stephenc.crypto.sscg.internal.bc.operator.bc.BcDefaultDigestProvider$6
8704:             1             16  io.github.stephenc.crypto.sscg.internal.bc.operator.bc.BcDefaultDigestProvider$7
8705:             1             16  io.github.stephenc.crypto.sscg.internal.bc.operator.bc.BcDefaultDigestProvider$8
8706:             1             16  io.github.stephenc.crypto.sscg.internal.bc.operator.bc.BcDefaultDigestProvider$9
8707:             1             16  io.jenkins.blueocean.BlueOceanUI
8708:             1             16  io.jenkins.blueocean.PageStatePreloadDecorator
8709:             1             16  io.jenkins.blueocean.PageStatePreloadDecorator$$FastClassByGuice$$a0e8f0ea
8710:             1             16  io.jenkins.blueocean.ResourceCacheControl
8711:             1             16  io.jenkins.blueocean.analytics.Analytics$$Lambda$409/740520898
8712:             1             16  io.jenkins.blueocean.analytics.Analytics$$Lambda$410/1156185489
8713:             1             16  io.jenkins.blueocean.analytics.AnalyticsRoute
8714:             1             16  io.jenkins.blueocean.analytics.AnalyticsRoute$$FastClassByGuice$$64bdb5b5
8715:             1             16  io.jenkins.blueocean.auth.jwt.impl.JwtAuthenticationFilter
8716:             1             16  io.jenkins.blueocean.auth.jwt.impl.JwtAuthenticationFilter$$FastClassByGuice$$75eae14c
8717:             1             16  io.jenkins.blueocean.auth.jwt.impl.JwtAuthenticationServiceImpl
8718:             1             16  io.jenkins.blueocean.auth.jwt.impl.JwtAuthenticationServiceImpl$$FastClassByGuice$$e7f0a921
8719:             1             16  io.jenkins.blueocean.auth.jwt.impl.JwtTokenVerifierImpl$$FastClassByGuice$$4bcc62f3
8720:             1             16  io.jenkins.blueocean.auth.jwt.impl.SigningKeyProviderImpl$$FastClassByGuice$$a3085776
8721:             1             16  io.jenkins.blueocean.auth.jwt.impl.SimpleJwtAuthenticationStore$$FastClassByGuice$$e6ec709f
8722:             1             16  io.jenkins.blueocean.autofavorite.FavoritingScmListener
8723:             1             16  io.jenkins.blueocean.autofavorite.FavoritingScmListener$$FastClassByGuice$$e8ac209f
8724:             1             16  io.jenkins.blueocean.autofavorite.user.FavoritingUserProperty$DescriptorImpl$$FastClassByGuice$$45c22a10
8725:             1             16  io.jenkins.blueocean.blueocean_bitbucket_pipeline.cloud.BitbucketCloudApi$BitbucketCloudApiFactory$$FastClassByGuice$$6e33a00e
8726:             1             16  io.jenkins.blueocean.blueocean_bitbucket_pipeline.cloud.BitbucketCloudScm$BbScmFactory$$FastClassByGuice$$dda4120a
8727:             1             16  io.jenkins.blueocean.blueocean_bitbucket_pipeline.cloud.BitbucketCloudScmContentProvider
8728:             1             16  io.jenkins.blueocean.blueocean_bitbucket_pipeline.cloud.BitbucketCloudScmContentProvider$$FastClassByGuice$$b43efc63
8729:             1             16  io.jenkins.blueocean.blueocean_bitbucket_pipeline.server.BitbucketServerApi$BitbucketServerApiFactory$$FastClassByGuice$$d870a052
8730:             1             16  io.jenkins.blueocean.blueocean_bitbucket_pipeline.server.BitbucketServerScm$BbScmFactory$$FastClassByGuice$$5c59a0a2
8731:             1             16  io.jenkins.blueocean.blueocean_bitbucket_pipeline.server.BitbucketServerScmContentProvider
8732:             1             16  io.jenkins.blueocean.blueocean_bitbucket_pipeline.server.BitbucketServerScmContentProvider$$FastClassByGuice$$5bcb44fb
8733:             1             16  io.jenkins.blueocean.blueocean_git_pipeline.GitReadSaveService
8734:             1             16  io.jenkins.blueocean.blueocean_git_pipeline.GitReadSaveService$$FastClassByGuice$$61156eea
8735:             1             16  io.jenkins.blueocean.blueocean_git_pipeline.GitReadSaveService$$Lambda$487/1567832412
8736:             1             16  io.jenkins.blueocean.blueocean_git_pipeline.GitReadSaveService$$Lambda$488/110894031
8737:             1             16  io.jenkins.blueocean.blueocean_git_pipeline.GitScm$GitScmFactory$$FastClassByGuice$$bde35920
8738:             1             16  io.jenkins.blueocean.blueocean_git_pipeline.RepositoryCloneProgressEndpoint
8739:             1             16  io.jenkins.blueocean.blueocean_git_pipeline.RepositoryCloneProgressEndpoint$$FastClassByGuice$$17b1655b
8740:             1             16  io.jenkins.blueocean.blueocean_github_pipeline.GithubEnterpriseScm$GithubScmFactory$$FastClassByGuice$$ce552750
8741:             1             16  io.jenkins.blueocean.blueocean_github_pipeline.GithubEnterpriseScmContentProvider
8742:             1             16  io.jenkins.blueocean.blueocean_github_pipeline.GithubEnterpriseScmContentProvider$$FastClassByGuice$$4e7d9506
8743:             1             16  io.jenkins.blueocean.blueocean_github_pipeline.GithubIssue$FactoryImpl
8744:             1             16  io.jenkins.blueocean.blueocean_github_pipeline.GithubIssue$FactoryImpl$$FastClassByGuice$$9be0fdc7
8745:             1             16  io.jenkins.blueocean.blueocean_github_pipeline.GithubOrganizationFolder$OrganizationFolderFactoryImpl
8746:             1             16  io.jenkins.blueocean.blueocean_github_pipeline.GithubOrganizationFolder$OrganizationFolderFactoryImpl$$FastClassByGuice$$be05761e
8747:             1             16  io.jenkins.blueocean.blueocean_github_pipeline.GithubScm$GithubScmFactory$$FastClassByGuice$$d86a784f
8748:             1             16  io.jenkins.blueocean.blueocean_github_pipeline.GithubScmContentProvider
8749:             1             16  io.jenkins.blueocean.blueocean_github_pipeline.GithubScmContentProvider$$FastClassByGuice$$36119c5
8750:             1             16  io.jenkins.blueocean.commons.JsonConverter$$FastClassByGuice$$f0d92e68
8751:             1             16  io.jenkins.blueocean.commons.guice.CommonsModule
8752:             1             16  io.jenkins.blueocean.commons.guice.CommonsModule$$FastClassByGuice$$f84fbff3
8753:             1             16  io.jenkins.blueocean.commons.guice.Slf4jTypeListener
8754:             1             16  io.jenkins.blueocean.commons.stapler.JsonBody$Handler
8755:             1             16  io.jenkins.blueocean.commons.stapler.export.ClassAttributeBehaviour$1
8756:             1             16  io.jenkins.blueocean.commons.stapler.export.ClassAttributeBehaviour$2
8757:             1             16  io.jenkins.blueocean.commons.stapler.export.ClassAttributeBehaviour$3
8758:             1             16  io.jenkins.blueocean.commons.stapler.export.ExportInterceptor$1
8759:             1             16  io.jenkins.blueocean.config.BlueOceanConfigImpl
8760:             1             16  io.jenkins.blueocean.config.BlueOceanConfigImpl$BlueOceanConfigFactoryImpl
8761:             1             16  io.jenkins.blueocean.config.BlueOceanConfigImpl$BlueOceanConfigFactoryImpl$$FastClassByGuice$$247f1124
8762:             1             16  io.jenkins.blueocean.config.BlueOceanConfigStatePreloader
8763:             1             16  io.jenkins.blueocean.config.BlueOceanConfigStatePreloader$$FastClassByGuice$$d28074a9
8764:             1             16  io.jenkins.blueocean.config.JenkinsJSExtensions$$FastClassByGuice$$6f320e71
8765:             1             16  io.jenkins.blueocean.config.JenkinsJSExtensionsStatePreloader
8766:             1             16  io.jenkins.blueocean.config.JenkinsJSExtensionsStatePreloader$$FastClassByGuice$$dfa04bb6
8767:             1             16  io.jenkins.blueocean.config.RollbarDecorator
8768:             1             16  io.jenkins.blueocean.config.RollbarDecorator$$FastClassByGuice$$ee6d5ea7
8769:             1             16  io.jenkins.blueocean.events.BlueMessageEnricher
8770:             1             16  io.jenkins.blueocean.events.BlueMessageEnricher$$FastClassByGuice$$9e5eeab4
8771:             1             16  io.jenkins.blueocean.events.JobIndexingMessageEnricher
8772:             1             16  io.jenkins.blueocean.events.JobIndexingMessageEnricher$$FastClassByGuice$$bfc7ceb7
8773:             1             16  io.jenkins.blueocean.events.PipelineEventListener$$FastClassByGuice$$4dddf981
8774:             1             16  io.jenkins.blueocean.events.PipelineEventListener$InputStepPublisher$$FastClassByGuice$$be44d909
8775:             1             16  io.jenkins.blueocean.events.PipelineEventListener$StartPublisher
8776:             1             16  io.jenkins.blueocean.events.PipelineEventListener$StartPublisher$$FastClassByGuice$$d01a3d5d
8777:             1             16  io.jenkins.blueocean.htmlpublisher.HTMLArtifact$FactoryImpl
8778:             1             16  io.jenkins.blueocean.htmlpublisher.HTMLArtifact$FactoryImpl$$FastClassByGuice$$a7f3418a
8779:             1             16  io.jenkins.blueocean.i18n.BlueI18n
8780:             1             16  io.jenkins.blueocean.i18n.BlueI18n$$FastClassByGuice$$c31479fe
8781:             1             16  io.jenkins.blueocean.listeners.DownstreamJobListener
8782:             1             16  io.jenkins.blueocean.listeners.DownstreamJobListener$$FastClassByGuice$$651dfdf6
8783:             1             16  io.jenkins.blueocean.preload.BlueRunChangesetPreloader
8784:             1             16  io.jenkins.blueocean.preload.BlueRunChangesetPreloader$$FastClassByGuice$$3d2dd746
8785:             1             16  io.jenkins.blueocean.preload.BlueUrlTokenizer$$Lambda$429/963650257
8786:             1             16  io.jenkins.blueocean.preload.FavoriteListStatePreloader
8787:             1             16  io.jenkins.blueocean.preload.FavoriteListStatePreloader$$FastClassByGuice$$affd304e
8788:             1             16  io.jenkins.blueocean.preload.FavoritesStatePreloader
8789:             1             16  io.jenkins.blueocean.preload.FavoritesStatePreloader$$FastClassByGuice$$ed49cd0d
8790:             1             16  io.jenkins.blueocean.preload.OrganizationStatePreloader
8791:             1             16  io.jenkins.blueocean.preload.OrganizationStatePreloader$$FastClassByGuice$$e7726d67
8792:             1             16  io.jenkins.blueocean.preload.PipelineActivityStatePreloader
8793:             1             16  io.jenkins.blueocean.preload.PipelineActivityStatePreloader$$FastClassByGuice$$d7ec0405
8794:             1             16  io.jenkins.blueocean.preload.PipelineBranchRunStatePreloader
8795:             1             16  io.jenkins.blueocean.preload.PipelineBranchRunStatePreloader$$FastClassByGuice$$3935abd
8796:             1             16  io.jenkins.blueocean.preload.PipelineStatePreloader
8797:             1             16  io.jenkins.blueocean.preload.PipelineStatePreloader$$FastClassByGuice$$935b0c16
8798:             1             16  io.jenkins.blueocean.rest.ApiHead$$FastClassByGuice$$ae202daa
8799:             1             16  io.jenkins.blueocean.rest.ApiHead$1
8800:             1             16  io.jenkins.blueocean.rest.Query$StaplerConverterImpl
8801:             1             16  io.jenkins.blueocean.rest.impl.pipeline.BranchContainerImpl$1
8802:             1             16  io.jenkins.blueocean.rest.impl.pipeline.BranchImpl$PipelineFactoryImpl
8803:             1             16  io.jenkins.blueocean.rest.impl.pipeline.BranchImpl$PipelineFactoryImpl$$FastClassByGuice$$b365e3d4
8804:             1             16  io.jenkins.blueocean.rest.impl.pipeline.Caches$BranchCacheLoader
8805:             1             16  io.jenkins.blueocean.rest.impl.pipeline.Caches$ListenerImpl
8806:             1             16  io.jenkins.blueocean.rest.impl.pipeline.Caches$ListenerImpl$$FastClassByGuice$$ee483f9
8807:             1             16  io.jenkins.blueocean.rest.impl.pipeline.Caches$PullRequestCacheLoader
8808:             1             16  io.jenkins.blueocean.rest.impl.pipeline.LinkResolverImpl
8809:             1             16  io.jenkins.blueocean.rest.impl.pipeline.LinkResolverImpl$$FastClassByGuice$$900bbf4e
8810:             1             16  io.jenkins.blueocean.rest.impl.pipeline.MatrixProjectImpl$PipelineFactoryImpl
8811:             1             16  io.jenkins.blueocean.rest.impl.pipeline.MatrixProjectImpl$PipelineFactoryImpl$$FastClassByGuice$$ef946fae
8812:             1             16  io.jenkins.blueocean.rest.impl.pipeline.MultiBranchPipelineImpl$FavoriteResolverImpl$$FastClassByGuice$$389ebb97
8813:             1             16  io.jenkins.blueocean.rest.impl.pipeline.MultiBranchPipelineImpl$PipelineFactoryImpl
8814:             1             16  io.jenkins.blueocean.rest.impl.pipeline.MultiBranchPipelineImpl$PipelineFactoryImpl$$FastClassByGuice$$69d1e713
8815:             1             16  io.jenkins.blueocean.rest.impl.pipeline.MultibranchPipelineRunContainer$$Lambda$655/635263260
8816:             1             16  io.jenkins.blueocean.rest.impl.pipeline.PipelineImpl$PipelineFactoryImpl
8817:             1             16  io.jenkins.blueocean.rest.impl.pipeline.PipelineImpl$PipelineFactoryImpl$$FastClassByGuice$$bcb18554
8818:             1             16  io.jenkins.blueocean.rest.impl.pipeline.PipelineJobFilters$FolderJobFilter
8819:             1             16  io.jenkins.blueocean.rest.impl.pipeline.PipelineJobFilters$FolderJobFilter$$FastClassByGuice$$d5e20531
8820:             1             16  io.jenkins.blueocean.rest.impl.pipeline.PipelineJobFilters$FolderJobFilter$$Lambda$597/1315979161
8821:             1             16  io.jenkins.blueocean.rest.impl.pipeline.PipelineJobFilters$OriginFilter
8822:             1             16  io.jenkins.blueocean.rest.impl.pipeline.PipelineJobFilters$OriginFilter$$FastClassByGuice$$dfe34614
8823:             1             16  io.jenkins.blueocean.rest.impl.pipeline.PipelineJobFilters$OriginFilter$$Lambda$598/846242689
8824:             1             16  io.jenkins.blueocean.rest.impl.pipeline.PipelineJobFilters$PullRequestFilter
8825:             1             16  io.jenkins.blueocean.rest.impl.pipeline.PipelineJobFilters$PullRequestFilter$$FastClassByGuice$$b9197e8c
8826:             1             16  io.jenkins.blueocean.rest.impl.pipeline.PipelineJobFilters$PullRequestFilter$$Lambda$599/360140065
8827:             1             16  io.jenkins.blueocean.rest.impl.pipeline.PipelineNodeGraphVisitor$$Lambda$445/984032203
8828:             1             16  io.jenkins.blueocean.rest.impl.pipeline.PipelineNodeImpl$$Lambda$470/156007801
8829:             1             16  io.jenkins.blueocean.rest.impl.pipeline.PipelineNodeImpl$$Lambda$517/57382336
8830:             1             16  io.jenkins.blueocean.rest.impl.pipeline.PipelineNodeUtil$$Lambda$386/817657192
8831:             1             16  io.jenkins.blueocean.rest.impl.pipeline.PipelineRunImpl$$Lambda$431/1820439776
8832:             1             16  io.jenkins.blueocean.rest.impl.pipeline.PipelineRunImpl$FactoryImpl
8833:             1             16  io.jenkins.blueocean.rest.impl.pipeline.PipelineRunImpl$FactoryImpl$$FastClassByGuice$$a53658a1
8834:             1             16  io.jenkins.blueocean.rest.impl.pipeline.PipelineStepImpl$$Lambda$521/60986774
8835:             1             16  io.jenkins.blueocean.rest.impl.pipeline.PrimaryBranch$$Lambda$475/1065739703
8836:             1             16  io.jenkins.blueocean.rest.impl.pipeline.StageDurationTrend$FactoryImpl$$FastClassByGuice$$b165877f
8837:             1             16  io.jenkins.blueocean.rest.impl.pipeline.analytics.DeclarativePipelineAnalyticsCheck$$FastClassByGuice$$80ec6738
8838:             1             16  io.jenkins.blueocean.rest.impl.pipeline.analytics.DeclarativeSinglePipelineCheck$$FastClassByGuice$$b94879ca
8839:             1             16  io.jenkins.blueocean.rest.impl.pipeline.analytics.FreeStyleAnalyticsCheck$$FastClassByGuice$$6ce24391
8840:             1             16  io.jenkins.blueocean.rest.impl.pipeline.analytics.MatrixAnalyticsCheck$$FastClassByGuice$$3ace9f19
8841:             1             16  io.jenkins.blueocean.rest.impl.pipeline.analytics.MatrixAnalyticsCheck$ExcludeImpl$$FastClassByGuice$$e1b5e1ef
8842:             1             16  io.jenkins.blueocean.rest.impl.pipeline.analytics.MavenAnalyticsCheck$$FastClassByGuice$$581ca4f7
8843:             1             16  io.jenkins.blueocean.rest.impl.pipeline.analytics.MavenAnalyticsCheck$ExcludeImpl$$FastClassByGuice$$dec40acd
8844:             1             16  io.jenkins.blueocean.rest.impl.pipeline.analytics.PipelinePluginAnalytics
8845:             1             16  io.jenkins.blueocean.rest.impl.pipeline.analytics.PipelinePluginAnalytics$$FastClassByGuice$$35f48efb
8846:             1             16  io.jenkins.blueocean.rest.impl.pipeline.analytics.ScriptedPipelineAnalyticsCheck$$FastClassByGuice$$8e830804
8847:             1             16  io.jenkins.blueocean.rest.impl.pipeline.analytics.ScriptedPipelineAnalyticsCheck$ExcludeImpl$$FastClassByGuice$$7455425a
8848:             1             16  io.jenkins.blueocean.rest.impl.pipeline.analytics.ScriptedSinglePipelineCheck$$FastClassByGuice$$18e66c7e
8849:             1             16  io.jenkins.blueocean.rest.impl.pipeline.credential.BlueOceanCredentialsProvider$$FastClassByGuice$$e4e94172
8850:             1             16  io.jenkins.blueocean.rest.impl.pipeline.credential.BlueOceanCredentialsProvider$FolderPropertyImpl$DescriptorImpl$$FastClassByGuice$$f0db491e
8851:             1             16  io.jenkins.blueocean.rest.impl.pipeline.credential.BlueOceanDomainRequirement
8852:             1             16  io.jenkins.blueocean.rest.impl.pipeline.credential.CredentialContainer$$FastClassByGuice$$fbeb1801
8853:             1             16  io.jenkins.blueocean.rest.impl.pipeline.credential.CredentialSearch
8854:             1             16  io.jenkins.blueocean.rest.impl.pipeline.credential.CredentialSearch$$FastClassByGuice$$61504a28
8855:             1             16  io.jenkins.blueocean.rest.impl.pipeline.scm.ScmContainer$$FastClassByGuice$$6c9f9a03
8856:             1             16  io.jenkins.blueocean.service.embedded.BlueOceanRootAction$$FastClassByGuice$$e7b6b17b
8857:             1             16  io.jenkins.blueocean.service.embedded.BlueOceanRootAction$BlueOceanUIProviderImpl
8858:             1             16  io.jenkins.blueocean.service.embedded.BlueOceanRootAction$BlueOceanUIProviderImpl$$FastClassByGuice$$5ab355e0
8859:             1             16  io.jenkins.blueocean.service.embedded.BlueOceanRootAction$ModuleImpl
8860:             1             16  io.jenkins.blueocean.service.embedded.BlueOceanRootAction$ModuleImpl$$FastClassByGuice$$3538995
8861:             1             16  io.jenkins.blueocean.service.embedded.BlueOceanRootActionUrl
8862:             1             16  io.jenkins.blueocean.service.embedded.BlueOceanRootActionUrl$$FastClassByGuice$$c538e5f4
8863:             1             16  io.jenkins.blueocean.service.embedded.BlueOceanUrlMapperImpl
8864:             1             16  io.jenkins.blueocean.service.embedded.BlueOceanUrlMapperImpl$$FastClassByGuice$$a6a33c2d
8865:             1             16  io.jenkins.blueocean.service.embedded.BlueOceanUrlObjectFactoryImpl
8866:             1             16  io.jenkins.blueocean.service.embedded.BlueOceanUrlObjectFactoryImpl$$FastClassByGuice$$59454fdf
8867:             1             16  io.jenkins.blueocean.service.embedded.JwtTokenServiceEndpointImpl
8868:             1             16  io.jenkins.blueocean.service.embedded.JwtTokenServiceEndpointImpl$$FastClassByGuice$$e5ee12b7
8869:             1             16  io.jenkins.blueocean.service.embedded.LinkResolverImpl
8870:             1             16  io.jenkins.blueocean.service.embedded.LinkResolverImpl$$FastClassByGuice$$755720e1
8871:             1             16  io.jenkins.blueocean.service.embedded.OrganizationFactoryImpl
8872:             1             16  io.jenkins.blueocean.service.embedded.OrganizationFactoryImpl$$FastClassByGuice$$931f776
8873:             1             16  io.jenkins.blueocean.service.embedded.TryBlueOceanMenu
8874:             1             16  io.jenkins.blueocean.service.embedded.TryBlueOceanMenu$$FastClassByGuice$$2cadc2c9
8875:             1             16  io.jenkins.blueocean.service.embedded.UserStatePreloader
8876:             1             16  io.jenkins.blueocean.service.embedded.UserStatePreloader$$FastClassByGuice$$6e9ccbd1
8877:             1             16  io.jenkins.blueocean.service.embedded.analytics.BrowserAndOperatingSystemAnalyticsProperties$$FastClassByGuice$$f985c781
8878:             1             16  io.jenkins.blueocean.service.embedded.analytics.JobAnalytics$$FastClassByGuice$$a92ba572
8879:             1             16  io.jenkins.blueocean.service.embedded.analytics.KeenAnalyticsImpl
8880:             1             16  io.jenkins.blueocean.service.embedded.analytics.KeenAnalyticsImpl$$FastClassByGuice$$1c63007a
8881:             1             16  io.jenkins.blueocean.service.embedded.analytics.KeenConfiguration$DefaultKeenConfiguration$$FastClassByGuice$$b34ececc
8882:             1             16  io.jenkins.blueocean.service.embedded.analytics.NullAnalytics
8883:             1             16  io.jenkins.blueocean.service.embedded.analytics.NullAnalytics$$FastClassByGuice$$1863c1b6
8884:             1             16  io.jenkins.blueocean.service.embedded.analytics.ServerInfoAdditionalAnalyticsProperties$$FastClassByGuice$$2ceef1d8
8885:             1             16  io.jenkins.blueocean.service.embedded.jira.BlueJiraIssue$FactoryImpl
8886:             1             16  io.jenkins.blueocean.service.embedded.jira.BlueJiraIssue$FactoryImpl$$FastClassByGuice$$1da428d8
8887:             1             16  io.jenkins.blueocean.service.embedded.jira.JiraSCMListener
8888:             1             16  io.jenkins.blueocean.service.embedded.jira.JiraSCMListener$$FastClassByGuice$$723b64e4
8889:             1             16  io.jenkins.blueocean.service.embedded.rest.AbstractPipelineImpl$3
8890:             1             16  io.jenkins.blueocean.service.embedded.rest.AbstractPipelineImpl$PipelineFactoryImpl
8891:             1             16  io.jenkins.blueocean.service.embedded.rest.AbstractPipelineImpl$PipelineFactoryImpl$$FastClassByGuice$$ea7d12e1
8892:             1             16  io.jenkins.blueocean.service.embedded.rest.AbstractRunImpl$BlueCauseImpl$$Lambda$432/1326139890
8893:             1             16  io.jenkins.blueocean.service.embedded.rest.ArtifactImpl$FactoryImpl
8894:             1             16  io.jenkins.blueocean.service.embedded.rest.ArtifactImpl$FactoryImpl$$FastClassByGuice$$59764dd1
8895:             1             16  io.jenkins.blueocean.service.embedded.rest.DefaultRunImpl$FactoryImpl
8896:             1             16  io.jenkins.blueocean.service.embedded.rest.DefaultRunImpl$FactoryImpl$$FastClassByGuice$$512d6649
8897:             1             16  io.jenkins.blueocean.service.embedded.rest.ExtensionClassContainerImpl
8898:             1             16  io.jenkins.blueocean.service.embedded.rest.ExtensionClassContainerImpl$$FastClassByGuice$$4172d96f
8899:             1             16  io.jenkins.blueocean.service.embedded.rest.FreeStylePipeline$FactoryImpl
8900:             1             16  io.jenkins.blueocean.service.embedded.rest.FreeStylePipeline$FactoryImpl$$FastClassByGuice$$7fa1eed4
8901:             1             16  io.jenkins.blueocean.service.embedded.rest.FreeStyleRunImpl$FactoryImpl
8902:             1             16  io.jenkins.blueocean.service.embedded.rest.FreeStyleRunImpl$FactoryImpl$$FastClassByGuice$$26e92525
8903:             1             16  io.jenkins.blueocean.service.embedded.rest.LogAppender$1
8904:             1             16  io.jenkins.blueocean.service.embedded.rest.OrganizationContainerImpl
8905:             1             16  io.jenkins.blueocean.service.embedded.rest.OrganizationContainerImpl$$FastClassByGuice$$8ea274b5
8906:             1             16  io.jenkins.blueocean.service.embedded.rest.PipelineFolderImpl$$Lambda$684/465397624
8907:             1             16  io.jenkins.blueocean.service.embedded.rest.PipelineFolderImpl$PipelineFactoryImpl
8908:             1             16  io.jenkins.blueocean.service.embedded.rest.PipelineFolderImpl$PipelineFactoryImpl$$FastClassByGuice$$5c761ded
8909:             1             16  io.jenkins.blueocean.service.embedded.rest.PipelineSearch
8910:             1             16  io.jenkins.blueocean.service.embedded.rest.PipelineSearch$$FastClassByGuice$$39d71863
8911:             1             16  io.jenkins.blueocean.service.embedded.rest.RunSearch
8912:             1             16  io.jenkins.blueocean.service.embedded.rest.RunSearch$$FastClassByGuice$$ac9452fa
8913:             1             16  io.jenkins.blueocean.service.embedded.rest.UserContainerImpl$$FastClassByGuice$$8dbfc41d
8914:             1             16  io.jenkins.blueocean.service.embedded.rest.UserImpl$1
8915:             1             16  io.jenkins.blueocean.service.embedded.rest.UserSearch
8916:             1             16  io.jenkins.blueocean.service.embedded.rest.UserSearch$$FastClassByGuice$$3cb9bb4c
8917:             1             16  io.jenkins.blueocean.service.embedded.rest.junit.BlueJUnitTestResult$FactoryImpl
8918:             1             16  io.jenkins.blueocean.service.embedded.rest.junit.BlueJUnitTestResult$FactoryImpl$$FastClassByGuice$$9d4f4fb0
8919:             1             16  io.jenkins.blueocean.service.embedded.rest.junit.BlueJUnitTrend$FactoryImpl$$FastClassByGuice$$80ffbd68
8920:             1             16  io.jenkins.blueocean.ssh.UserPublicKeyRoute$$FastClassByGuice$$1a27c96e
8921:             1             16  io.jenkins.lib.support_log_formatter.SupportLogFormatter
8922:             1             16  io.jenkins.lib.support_log_formatter.SupportLogFormatter$1
8923:             1             16  io.jenkins.plugins.analysis.core.columns.IssuesTotalColumn$$Lambda$447/131564179
8924:             1             16  io.jenkins.plugins.analysis.core.columns.IssuesTotalColumn$$Lambda$448/1389610836
8925:             1             16  io.jenkins.plugins.analysis.core.columns.IssuesTotalColumn$$Lambda$450/1990081109
8926:             1             16  io.jenkins.plugins.analysis.core.columns.IssuesTotalColumn$$Lambda$451/561042132
8927:             1             16  io.jenkins.plugins.analysis.core.columns.IssuesTotalColumn$IssuesTablePortletDescriptor$$FastClassByGuice$$b252c4d5
8928:             1             16  io.jenkins.plugins.analysis.core.filter.ExcludeCategory$DescriptorImpl$$FastClassByGuice$$efc64ac6
8929:             1             16  io.jenkins.plugins.analysis.core.filter.ExcludeFile$DescriptorImpl$$FastClassByGuice$$c82ff708
8930:             1             16  io.jenkins.plugins.analysis.core.filter.ExcludeMessage$DescriptorImpl$$FastClassByGuice$$3409965b
8931:             1             16  io.jenkins.plugins.analysis.core.filter.ExcludeModule$DescriptorImpl$$FastClassByGuice$$9cb167d8
8932:             1             16  io.jenkins.plugins.analysis.core.filter.ExcludePackage$DescriptorImpl$$FastClassByGuice$$adc67c3c
8933:             1             16  io.jenkins.plugins.analysis.core.filter.ExcludeType$DescriptorImpl$$FastClassByGuice$$9346e98a
8934:             1             16  io.jenkins.plugins.analysis.core.filter.IncludeCategory$DescriptorImpl$$FastClassByGuice$$555a0c38
8935:             1             16  io.jenkins.plugins.analysis.core.filter.IncludeFile$DescriptorImpl$$FastClassByGuice$$a5b2417a
8936:             1             16  io.jenkins.plugins.analysis.core.filter.IncludeMessage$DescriptorImpl$$FastClassByGuice$$711edea9
8937:             1             16  io.jenkins.plugins.analysis.core.filter.IncludeModule$DescriptorImpl$$FastClassByGuice$$22caddca
8938:             1             16  io.jenkins.plugins.analysis.core.filter.IncludePackage$DescriptorImpl$$FastClassByGuice$$eadbc48a
8939:             1             16  io.jenkins.plugins.analysis.core.filter.IncludeType$DescriptorImpl$$FastClassByGuice$$70c933fc
8940:             1             16  io.jenkins.plugins.analysis.core.model.SourceDirectory$DescriptorImpl$$FastClassByGuice$$7893791
8941:             1             16  io.jenkins.plugins.analysis.core.model.ToolSelection$$Lambda$446/1463567461
8942:             1             16  io.jenkins.plugins.analysis.core.model.ToolSelection$$Lambda$452/1842694345
8943:             1             16  io.jenkins.plugins.analysis.core.model.ToolSelection$$Lambda$453/2142751639
8944:             1             16  io.jenkins.plugins.analysis.core.model.ToolSelection$ToolSelectionDescriptor$$FastClassByGuice$$f93c683
8945:             1             16  io.jenkins.plugins.analysis.core.model.WarningsPluginConfiguration$$FastClassByGuice$$320829bc
8946:             1             16  io.jenkins.plugins.analysis.core.steps.IssuesRecorder$Descriptor$$FastClassByGuice$$43683a9
8947:             1             16  io.jenkins.plugins.analysis.core.steps.MatrixBridge$$FastClassByGuice$$5427de5c
8948:             1             16  io.jenkins.plugins.analysis.core.steps.PublishIssuesStep$Descriptor$$FastClassByGuice$$5eb47830
8949:             1             16  io.jenkins.plugins.analysis.core.steps.RecordIssuesStep$Descriptor$$FastClassByGuice$$4314188a
8950:             1             16  io.jenkins.plugins.analysis.core.steps.ScanForIssuesStep$Descriptor$$FastClassByGuice$$d4380453
8951:             1             16  io.jenkins.plugins.analysis.core.steps.ToolProxy$DescriptorImpl$$FastClassByGuice$$416295af
8952:             1             16  io.jenkins.plugins.analysis.core.tokens.IssuesSizeTokenMacro$$FastClassByGuice$$5d42cdb7
8953:             1             16  io.jenkins.plugins.analysis.core.util.IssuesStatistics$StatisticProperties$$Lambda$412/604521459
8954:             1             16  io.jenkins.plugins.analysis.core.util.IssuesStatistics$StatisticProperties$$Lambda$413/1035069681
8955:             1             16  io.jenkins.plugins.analysis.core.util.IssuesStatistics$StatisticProperties$$Lambda$414/2120995962
8956:             1             16  io.jenkins.plugins.analysis.core.util.IssuesStatistics$StatisticProperties$$Lambda$415/439867854
8957:             1             16  io.jenkins.plugins.analysis.core.util.IssuesStatistics$StatisticProperties$$Lambda$416/2084968096
8958:             1             16  io.jenkins.plugins.analysis.core.util.IssuesStatistics$StatisticProperties$$Lambda$417/1317179321
8959:             1             16  io.jenkins.plugins.analysis.core.util.IssuesStatistics$StatisticProperties$$Lambda$418/1852459543
8960:             1             16  io.jenkins.plugins.analysis.core.util.IssuesStatistics$StatisticProperties$$Lambda$419/1245124541
8961:             1             16  io.jenkins.plugins.analysis.core.util.IssuesStatistics$StatisticProperties$$Lambda$420/109636429
8962:             1             16  io.jenkins.plugins.analysis.core.util.IssuesStatistics$StatisticProperties$$Lambda$421/1546470242
8963:             1             16  io.jenkins.plugins.analysis.core.util.IssuesStatistics$StatisticProperties$$Lambda$422/1613467650
8964:             1             16  io.jenkins.plugins.analysis.core.util.IssuesStatistics$StatisticProperties$$Lambda$423/315881797
8965:             1             16  io.jenkins.plugins.analysis.core.util.IssuesStatistics$StatisticProperties$$Lambda$424/1405139665
8966:             1             16  io.jenkins.plugins.analysis.core.util.IssuesStatistics$StatisticProperties$$Lambda$425/1698747800
8967:             1             16  io.jenkins.plugins.analysis.core.util.IssuesStatistics$StatisticProperties$$Lambda$426/1498931890
8968:             1             16  io.jenkins.plugins.analysis.core.util.IssuesStatistics$StatisticProperties$$Lambda$427/1413685516
8969:             1             16  io.jenkins.plugins.analysis.core.util.QualityGate$QualityGateDescriptor$$FastClassByGuice$$2f51fc3e
8970:             1             16  io.jenkins.plugins.analysis.warnings.AcuCobol$Descriptor$$FastClassByGuice$$7991d980
8971:             1             16  io.jenkins.plugins.analysis.warnings.Ajc$Descriptor$$FastClassByGuice$$37dcc52c
8972:             1             16  io.jenkins.plugins.analysis.warnings.AndroidLint$Descriptor$$FastClassByGuice$$28d72d74
8973:             1             16  io.jenkins.plugins.analysis.warnings.AnsibleLint$Descriptor$$FastClassByGuice$$587c498b
8974:             1             16  io.jenkins.plugins.analysis.warnings.ArmCc$Descriptor$$FastClassByGuice$$d3ece4aa
8975:             1             16  io.jenkins.plugins.analysis.warnings.Buckminster$Descriptor$$FastClassByGuice$$b9c656e1
8976:             1             16  io.jenkins.plugins.analysis.warnings.Cadence$Descriptor$$FastClassByGuice$$ce190515
8977:             1             16  io.jenkins.plugins.analysis.warnings.Cargo$Descriptor$$FastClassByGuice$$ef942cca
8978:             1             16  io.jenkins.plugins.analysis.warnings.Ccm$Descriptor$$FastClassByGuice$$c2f3a099
8979:             1             16  io.jenkins.plugins.analysis.warnings.Clair$Descriptor$$FastClassByGuice$$c0625725
8980:             1             16  io.jenkins.plugins.analysis.warnings.Clang$Descriptor$$FastClassByGuice$$144f5c95
8981:             1             16  io.jenkins.plugins.analysis.warnings.ClangAnalyzer$Descriptor$$FastClassByGuice$$452d920f
8982:             1             16  io.jenkins.plugins.analysis.warnings.ClangTidy$Descriptor$$FastClassByGuice$$9efdf6b
8983:             1             16  io.jenkins.plugins.analysis.warnings.Cmake$Descriptor$$FastClassByGuice$$933e6895
8984:             1             16  io.jenkins.plugins.analysis.warnings.CodeAnalysis$Descriptor$$FastClassByGuice$$d1366c77
8985:             1             16  io.jenkins.plugins.analysis.warnings.CodeNarc$Descriptor$$FastClassByGuice$$f4f8b72f
8986:             1             16  io.jenkins.plugins.analysis.warnings.Coolflux$Descriptor$$FastClassByGuice$$2577968e
8987:             1             16  io.jenkins.plugins.analysis.warnings.Cpd$Descriptor$$FastClassByGuice$$9a5c24cf
8988:             1             16  io.jenkins.plugins.analysis.warnings.CppCheck$Descriptor$$FastClassByGuice$$77c1443b
8989:             1             16  io.jenkins.plugins.analysis.warnings.CppLint$Descriptor$$FastClassByGuice$$9e2b1540
8990:             1             16  io.jenkins.plugins.analysis.warnings.CssLint$Descriptor$$FastClassByGuice$$34de48e0
8991:             1             16  io.jenkins.plugins.analysis.warnings.DScanner$Descriptor$$FastClassByGuice$$762ee946
8992:             1             16  io.jenkins.plugins.analysis.warnings.Detekt$Descriptor$$FastClassByGuice$$b5162745
8993:             1             16  io.jenkins.plugins.analysis.warnings.DiabC$Descriptor$$FastClassByGuice$$a52f6c49
8994:             1             16  io.jenkins.plugins.analysis.warnings.DocFx$Descriptor$$FastClassByGuice$$582039c
8995:             1             16  io.jenkins.plugins.analysis.warnings.DockerLint$Descriptor$$FastClassByGuice$$b40ac51d
8996:             1             16  io.jenkins.plugins.analysis.warnings.Doxygen$Descriptor$$FastClassByGuice$$95b307c2
8997:             1             16  io.jenkins.plugins.analysis.warnings.DrMemory$Descriptor$$FastClassByGuice$$b60ce7f1
8998:             1             16  io.jenkins.plugins.analysis.warnings.DupFinder$Descriptor$$FastClassByGuice$$494fcc61
8999:             1             16  io.jenkins.plugins.analysis.warnings.DuplicateCodeScanner$ThresholdValidation
9000:             1             16  io.jenkins.plugins.analysis.warnings.Eclipse$Descriptor$$FastClassByGuice$$1879189f
9001:             1             16  io.jenkins.plugins.analysis.warnings.Erlc$Descriptor$$FastClassByGuice$$bf2b539c
9002:             1             16  io.jenkins.plugins.analysis.warnings.ErrorProne$Descriptor$$FastClassByGuice$$e8691dc4
9003:             1             16  io.jenkins.plugins.analysis.warnings.EsLint$Descriptor$$FastClassByGuice$$a471c74f
9004:             1             16  io.jenkins.plugins.analysis.warnings.FindBugs$FindBugsDescriptor$$FastClassByGuice$$77668ca0
9005:             1             16  io.jenkins.plugins.analysis.warnings.Flake8$Descriptor$$FastClassByGuice$$bc9be1fd
9006:             1             16  io.jenkins.plugins.analysis.warnings.Flawfinder$Descriptor$$FastClassByGuice$$2832bb5e
9007:             1             16  io.jenkins.plugins.analysis.warnings.FlexSdk$Descriptor$$FastClassByGuice$$6a3e9925
9008:             1             16  io.jenkins.plugins.analysis.warnings.Fxcop$Descriptor$$FastClassByGuice$$e6cb5b54
9009:             1             16  io.jenkins.plugins.analysis.warnings.Gcc3$Descriptor$$FastClassByGuice$$62f91b74
9010:             1             16  io.jenkins.plugins.analysis.warnings.Gcc4$Descriptor$$FastClassByGuice$$6aaac0d3
9011:             1             16  io.jenkins.plugins.analysis.warnings.Gendarme$Descriptor$$FastClassByGuice$$d4d7a7c3
9012:             1             16  io.jenkins.plugins.analysis.warnings.GhsMulti$Descriptor$$FastClassByGuice$$d0110b79
9013:             1             16  io.jenkins.plugins.analysis.warnings.Gnat$Descriptor$$FastClassByGuice$$2e95b566
9014:             1             16  io.jenkins.plugins.analysis.warnings.GnuFortran$Descriptor$$FastClassByGuice$$d5ff285a
9015:             1             16  io.jenkins.plugins.analysis.warnings.GoLint$Descriptor$$FastClassByGuice$$bf7e0bd5
9016:             1             16  io.jenkins.plugins.analysis.warnings.GoVet$Descriptor$$FastClassByGuice$$f50b9449
9017:             1             16  io.jenkins.plugins.analysis.warnings.HadoLint$Descriptor$$FastClassByGuice$$2cfc46b9
9018:             1             16  io.jenkins.plugins.analysis.warnings.Iar$Descriptor$$FastClassByGuice$$5798882c
9019:             1             16  io.jenkins.plugins.analysis.warnings.IarCstat$Descriptor$$FastClassByGuice$$e72c2f63
9020:             1             16  io.jenkins.plugins.analysis.warnings.IbLinter$Descriptor$$FastClassByGuice$$178dc877
9021:             1             16  io.jenkins.plugins.analysis.warnings.IdeaInspection$Descriptor$$FastClassByGuice$$34b1d415
9022:             1             16  io.jenkins.plugins.analysis.warnings.Infer$Descriptor$$FastClassByGuice$$6ccd34f8
9023:             1             16  io.jenkins.plugins.analysis.warnings.Intel$Descriptor$$FastClassByGuice$$98c45b70
9024:             1             16  io.jenkins.plugins.analysis.warnings.Invalids$Descriptor$$FastClassByGuice$$2ea3ffa4
9025:             1             16  io.jenkins.plugins.analysis.warnings.JUnit$Descriptor$$FastClassByGuice$$604f6438
9026:             1             16  io.jenkins.plugins.analysis.warnings.Java$Descriptor$$FastClassByGuice$$c274f99e
9027:             1             16  io.jenkins.plugins.analysis.warnings.JavaDoc$Descriptor$$FastClassByGuice$$b34813d0
9028:             1             16  io.jenkins.plugins.analysis.warnings.JcReport$Descriptor$$FastClassByGuice$$7dea4c93
9029:             1             16  io.jenkins.plugins.analysis.warnings.JsHint$Descriptor$$FastClassByGuice$$d0557450
9030:             1             16  io.jenkins.plugins.analysis.warnings.JsLint$Descriptor$$FastClassByGuice$$37c31d54
9031:             1             16  io.jenkins.plugins.analysis.warnings.KlocWork$Descriptor$$FastClassByGuice$$8923db1a
9032:             1             16  io.jenkins.plugins.analysis.warnings.Kotlin$Descriptor$$FastClassByGuice$$db4e7a1f
9033:             1             16  io.jenkins.plugins.analysis.warnings.KtLint$Descriptor$$FastClassByGuice$$69fed934
9034:             1             16  io.jenkins.plugins.analysis.warnings.MavenConsole$Descriptor$$FastClassByGuice$$4aadef34
9035:             1             16  io.jenkins.plugins.analysis.warnings.MentorGraphics$Descriptor$$FastClassByGuice$$7a0253d4
9036:             1             16  io.jenkins.plugins.analysis.warnings.MetrowerksCodeWarrior$Descriptor$$FastClassByGuice$$ed4f2c84
9037:             1             16  io.jenkins.plugins.analysis.warnings.MsBuild$Descriptor$$FastClassByGuice$$c1a947de
9038:             1             16  io.jenkins.plugins.analysis.warnings.MyPy$Descriptor$$FastClassByGuice$$4e06a90b
9039:             1             16  io.jenkins.plugins.analysis.warnings.NagFortran$Descriptor$$FastClassByGuice$$2ba4a380
9040:             1             16  io.jenkins.plugins.analysis.warnings.PVSStudio$Descriptor$$FastClassByGuice$$da994543
9041:             1             16  io.jenkins.plugins.analysis.warnings.PcLint$Descriptor$$FastClassByGuice$$2a0736a
9042:             1             16  io.jenkins.plugins.analysis.warnings.Pep8$Descriptor$$FastClassByGuice$$928afa63
9043:             1             16  io.jenkins.plugins.analysis.warnings.Perforce$Descriptor$$FastClassByGuice$$ae81d9d2
9044:             1             16  io.jenkins.plugins.analysis.warnings.PerlCritic$Descriptor$$FastClassByGuice$$10e99f1d
9045:             1             16  io.jenkins.plugins.analysis.warnings.Php$Descriptor$$FastClassByGuice$$fadaee4e
9046:             1             16  io.jenkins.plugins.analysis.warnings.PhpCodeSniffer$Descriptor$$FastClassByGuice$$da7d266a
9047:             1             16  io.jenkins.plugins.analysis.warnings.PhpStan$Descriptor$$FastClassByGuice$$f2fafda0
9048:             1             16  io.jenkins.plugins.analysis.warnings.Pit$Descriptor$$FastClassByGuice$$8248a4b
9049:             1             16  io.jenkins.plugins.analysis.warnings.Pmd$Descriptor$$FastClassByGuice$$47164e5f
9050:             1             16  io.jenkins.plugins.analysis.warnings.PmdMessages
9051:             1             16  io.jenkins.plugins.analysis.warnings.PreFast$Descriptor$$FastClassByGuice$$81f1a47
9052:             1             16  io.jenkins.plugins.analysis.warnings.ProtoLint$Descriptor$$FastClassByGuice$$ab75419b
9053:             1             16  io.jenkins.plugins.analysis.warnings.PuppetLint$Descriptor$$FastClassByGuice$$c4a56a89
9054:             1             16  io.jenkins.plugins.analysis.warnings.PyDocStyle$Descriptor$$FastClassByGuice$$67e7357e
9055:             1             16  io.jenkins.plugins.analysis.warnings.PyLint$Descriptor$$FastClassByGuice$$65298494
9056:             1             16  io.jenkins.plugins.analysis.warnings.QacSourceCodeAnalyser$Descriptor$$FastClassByGuice$$a9d6baec
9057:             1             16  io.jenkins.plugins.analysis.warnings.ResharperInspectCode$Descriptor$$FastClassByGuice$$40b947e3
9058:             1             16  io.jenkins.plugins.analysis.warnings.RfLint$Descriptor$$FastClassByGuice$$48a9c909
9059:             1             16  io.jenkins.plugins.analysis.warnings.Robocopy$Descriptor$$FastClassByGuice$$b5b24761
9060:             1             16  io.jenkins.plugins.analysis.warnings.RuboCop$Descriptor$$FastClassByGuice$$f1de9332
9061:             1             16  io.jenkins.plugins.analysis.warnings.Scala$Descriptor$$FastClassByGuice$$f9869100
9062:             1             16  io.jenkins.plugins.analysis.warnings.Simian$Descriptor$$FastClassByGuice$$8880be41
9063:             1             16  io.jenkins.plugins.analysis.warnings.SonarQube$Descriptor$$FastClassByGuice$$930564fc
9064:             1             16  io.jenkins.plugins.analysis.warnings.SphinxBuild$Descriptor$$FastClassByGuice$$27006b20
9065:             1             16  io.jenkins.plugins.analysis.warnings.SpotBugs$Descriptor$$FastClassByGuice$$ed8d133f
9066:             1             16  io.jenkins.plugins.analysis.warnings.StyleCop$Descriptor$$FastClassByGuice$$a299c28d
9067:             1             16  io.jenkins.plugins.analysis.warnings.SunC$Descriptor$$FastClassByGuice$$3595e129
9068:             1             16  io.jenkins.plugins.analysis.warnings.SwiftLint$Descriptor$$FastClassByGuice$$c9d29210
9069:             1             16  io.jenkins.plugins.analysis.warnings.TagList$Descriptor$$FastClassByGuice$$ac556aee
9070:             1             16  io.jenkins.plugins.analysis.warnings.TaskingVx$Descriptor$$FastClassByGuice$$82762747
9071:             1             16  io.jenkins.plugins.analysis.warnings.TiCss$Descriptor$$FastClassByGuice$$8e5219f8
9072:             1             16  io.jenkins.plugins.analysis.warnings.Tnsdl$Descriptor$$FastClassByGuice$$79a813e5
9073:             1             16  io.jenkins.plugins.analysis.warnings.TsLint$Descriptor$$FastClassByGuice$$5e65c95e
9074:             1             16  io.jenkins.plugins.analysis.warnings.WarningsPlugin$Descriptor$$FastClassByGuice$$a0b7a816
9075:             1             16  io.jenkins.plugins.analysis.warnings.Xlc$Descriptor$$FastClassByGuice$$5fcfef77
9076:             1             16  io.jenkins.plugins.analysis.warnings.XmlLint$Descriptor$$FastClassByGuice$$45dd904c
9077:             1             16  io.jenkins.plugins.analysis.warnings.YamlLint$Descriptor$$FastClassByGuice$$68ff8f6
9078:             1             16  io.jenkins.plugins.analysis.warnings.YuiCompressor$Descriptor$$FastClassByGuice$$f83a0654
9079:             1             16  io.jenkins.plugins.analysis.warnings.ZptLint$Descriptor$$FastClassByGuice$$cd8ddd85
9080:             1             16  io.jenkins.plugins.analysis.warnings.axivion.AxivionSuite$AxivionSuiteToolDescriptor$$FastClassByGuice$$66b9934e
9081:             1             16  io.jenkins.plugins.analysis.warnings.checkstyle.CheckStyle$Descriptor$$FastClassByGuice$$824c8c18
9082:             1             16  io.jenkins.plugins.analysis.warnings.checkstyle.CheckStyleRules
9083:             1             16  io.jenkins.plugins.analysis.warnings.groovy.GroovyParser$DescriptorImpl$$FastClassByGuice$$4039c79
9084:             1             16  io.jenkins.plugins.analysis.warnings.groovy.GroovyScript$Descriptor$$FastClassByGuice$$8fa2d28d
9085:             1             16  io.jenkins.plugins.analysis.warnings.groovy.ParserConfiguration$$FastClassByGuice$$dfc5988a
9086:             1             16  io.jenkins.plugins.analysis.warnings.groovy.ParserConfiguration$ParserFactory$$FastClassByGuice$$3f13e531
9087:             1             16  io.jenkins.plugins.analysis.warnings.tasks.OpenTasks$Descriptor$$FastClassByGuice$$fb25cac2
9088:             1             16  io.jenkins.plugins.autocancel.AutocancelBranchBuildsOnPullRequestBuilds$DescriptorImpl$$FastClassByGuice$$e1bea48a
9089:             1             16  io.jenkins.plugins.autocancel.AutocancelConsecutiveBuilds$DescriptorImpl$$FastClassByGuice$$609b0504
9090:             1             16  io.jenkins.plugins.aws.global_configuration.AwsGlobalConfigurationCategory
9091:             1             16  io.jenkins.plugins.aws.global_configuration.AwsGlobalConfigurationCategory$$FastClassByGuice$$366eaf69
9092:             1             16  io.jenkins.plugins.aws.global_configuration.AwsManagementLink
9093:             1             16  io.jenkins.plugins.aws.global_configuration.AwsManagementLink$$FastClassByGuice$$cf70f8a5
9094:             1             16  io.jenkins.plugins.aws.global_configuration.AwsManagementLink$1
9095:             1             16  io.jenkins.plugins.aws.global_configuration.AwsManagementLink$DescriptorImpl$$FastClassByGuice$$a0a8202e
9096:             1             16  io.jenkins.plugins.aws.global_configuration.CredentialsAwsGlobalConfiguration$$FastClassByGuice$$2a9f2d5d
9097:             1             16  io.jenkins.plugins.casc.Attribute$$Lambda$229/880754619
9098:             1             16  io.jenkins.plugins.casc.Attribute$$Lambda$262/1144521446
9099:             1             16  io.jenkins.plugins.casc.Attribute$Setter$$Lambda$292/2074387710
9100:             1             16  io.jenkins.plugins.casc.CasCGlobalConfig$$FastClassByGuice$$a8b07c05
9101:             1             16  io.jenkins.plugins.casc.ConfigurationAsCode$$FastClassByGuice$$93153f83
9102:             1             16  io.jenkins.plugins.casc.ConfigurationAsCode$$Lambda$205/1633505974
9103:             1             16  io.jenkins.plugins.casc.ConfigurationAsCode$$Lambda$211/953174626
9104:             1             16  io.jenkins.plugins.casc.ConfigurationAsCode$$Lambda$213/2021179569
9105:             1             16  io.jenkins.plugins.casc.ConfigurationAsCode$$Lambda$217/1834755396
9106:             1             16  io.jenkins.plugins.casc.Configurator$$Lambda$227/1770428927
9107:             1             16  io.jenkins.plugins.casc.ObsoleteConfigurationMonitor$$FastClassByGuice$$f160ccf
9108:             1             16  io.jenkins.plugins.casc.SecretSourceResolver$Base64Lookup
9109:             1             16  io.jenkins.plugins.casc.SecretSourceResolver$ConfigurationContextStringLookup$$Lambda$294/1486483226
9110:             1             16  io.jenkins.plugins.casc.SecretSourceResolver$ConfigurationContextStringLookup$$Lambda$296/453439890
9111:             1             16  io.jenkins.plugins.casc.SecretSourceResolver$ConfigurationContextStringLookup$$Lambda$297/441074977
9112:             1             16  io.jenkins.plugins.casc.SecretSourceResolver$FileBase64Lookup
9113:             1             16  io.jenkins.plugins.casc.SecretSourceResolver$FileStringLookup
9114:             1             16  io.jenkins.plugins.casc.SecretSourceResolver$UnresolvedLookup
9115:             1             16  io.jenkins.plugins.casc.TokenReloadAction
9116:             1             16  io.jenkins.plugins.casc.TokenReloadAction$$FastClassByGuice$$bec032f6
9117:             1             16  io.jenkins.plugins.casc.TokenReloadCrumbExclusion
9118:             1             16  io.jenkins.plugins.casc.TokenReloadCrumbExclusion$$FastClassByGuice$$adb5aed3
9119:             1             16  io.jenkins.plugins.casc.VersionConverter
9120:             1             16  io.jenkins.plugins.casc.cli.ApplyConfigurationCommand$$FastClassByGuice$$103ef6e3
9121:             1             16  io.jenkins.plugins.casc.cli.CheckConfigurationCommand$$FastClassByGuice$$9d60877d
9122:             1             16  io.jenkins.plugins.casc.cli.ExportConfigurationCommand$$FastClassByGuice$$4d768269
9123:             1             16  io.jenkins.plugins.casc.cli.ReloadJCascConfigurationCommand$$FastClassByGuice$$18f41994
9124:             1             16  io.jenkins.plugins.casc.core.AdminWhitelistRuleConfigurator
9125:             1             16  io.jenkins.plugins.casc.core.AdminWhitelistRuleConfigurator$$FastClassByGuice$$8dd25046
9126:             1             16  io.jenkins.plugins.casc.core.AdminWhitelistRuleConfigurator$$Lambda$281/1734080917
9127:             1             16  io.jenkins.plugins.casc.core.AdminWhitelistRuleConfigurator$$Lambda$282/1967291956
9128:             1             16  io.jenkins.plugins.casc.core.HudsonPrivateSecurityRealmConfigurator
9129:             1             16  io.jenkins.plugins.casc.core.HudsonPrivateSecurityRealmConfigurator$$FastClassByGuice$$c94bc639
9130:             1             16  io.jenkins.plugins.casc.core.JNLPLauncherConfigurator
9131:             1             16  io.jenkins.plugins.casc.core.JNLPLauncherConfigurator$$FastClassByGuice$$5514c09a
9132:             1             16  io.jenkins.plugins.casc.core.JenkinsConfigurator
9133:             1             16  io.jenkins.plugins.casc.core.JenkinsConfigurator$$FastClassByGuice$$2436a90e
9134:             1             16  io.jenkins.plugins.casc.core.JenkinsConfigurator$$Lambda$260/1726140186
9135:             1             16  io.jenkins.plugins.casc.core.JenkinsConfigurator$$Lambda$266/1702780625
9136:             1             16  io.jenkins.plugins.casc.core.JenkinsConfigurator$$Lambda$267/1782890069
9137:             1             16  io.jenkins.plugins.casc.core.JenkinsConfigurator$$Lambda$268/1105309270
9138:             1             16  io.jenkins.plugins.casc.core.JenkinsConfigurator$$Lambda$269/176565746
9139:             1             16  io.jenkins.plugins.casc.core.JenkinsConfigurator$$Lambda$270/496595621
9140:             1             16  io.jenkins.plugins.casc.core.LabelAtomConfigurator
9141:             1             16  io.jenkins.plugins.casc.core.LabelAtomConfigurator$$FastClassByGuice$$e6ab037d
9142:             1             16  io.jenkins.plugins.casc.core.LabelAtomPropertyConfigurator
9143:             1             16  io.jenkins.plugins.casc.core.LabelAtomPropertyConfigurator$$FastClassByGuice$$4afc55f2
9144:             1             16  io.jenkins.plugins.casc.core.MavenConfigurator
9145:             1             16  io.jenkins.plugins.casc.core.MavenConfigurator$$FastClassByGuice$$c6e84323
9146:             1             16  io.jenkins.plugins.casc.core.NoneSecurityRealmConfigurator
9147:             1             16  io.jenkins.plugins.casc.core.NoneSecurityRealmConfigurator$$FastClassByGuice$$b874b9ef
9148:             1             16  io.jenkins.plugins.casc.core.UnsecuredAuthorizationStrategyConfigurator
9149:             1             16  io.jenkins.plugins.casc.core.UnsecuredAuthorizationStrategyConfigurator$$FastClassByGuice$$e7f95e4a
9150:             1             16  io.jenkins.plugins.casc.core.UpdateCenterConfigurator
9151:             1             16  io.jenkins.plugins.casc.core.UpdateCenterConfigurator$$FastClassByGuice$$8b779cb0
9152:             1             16  io.jenkins.plugins.casc.core.UpdateCenterConfigurator$$Lambda$277/1057552655
9153:             1             16  io.jenkins.plugins.casc.core.UpdateCenterConfigurator$$Lambda$278/1552531546
9154:             1             16  io.jenkins.plugins.casc.core.UpdateSiteConfigurator
9155:             1             16  io.jenkins.plugins.casc.core.UpdateSiteConfigurator$$FastClassByGuice$$3ffc3e22
9156:             1             16  io.jenkins.plugins.casc.core.UpdateSiteConfigurator$$Lambda$279/607433714
9157:             1             16  io.jenkins.plugins.casc.core.UpdateSiteConfigurator$$Lambda$280/526629879
9158:             1             16  io.jenkins.plugins.casc.impl.DefaultConfiguratorRegistry
9159:             1             16  io.jenkins.plugins.casc.impl.DefaultConfiguratorRegistry$$FastClassByGuice$$1807477
9160:             1             16  io.jenkins.plugins.casc.impl.DefaultConfiguratorRegistry$1
9161:             1             16  io.jenkins.plugins.casc.impl.configurators.DescriptorConfigurator$$Lambda$288/808728959
9162:             1             16  io.jenkins.plugins.casc.impl.configurators.GlobalConfigurationCategoryConfigurator$$Lambda$284/1316585770
9163:             1             16  io.jenkins.plugins.casc.impl.configurators.GlobalConfigurationCategoryConfigurator$$Lambda$285/307697483
9164:             1             16  io.jenkins.plugins.casc.impl.configurators.GlobalConfigurationCategoryConfigurator$$Lambda$286/662799396
9165:             1             16  io.jenkins.plugins.casc.impl.configurators.GlobalConfigurationCategoryConfigurator$$Lambda$287/163203703
9166:             1             16  io.jenkins.plugins.casc.impl.configurators.SelfConfigurator
9167:             1             16  io.jenkins.plugins.casc.impl.configurators.SelfConfigurator$$FastClassByGuice$$d4f5dc2d
9168:             1             16  io.jenkins.plugins.casc.impl.secrets.DockerSecretSource
9169:             1             16  io.jenkins.plugins.casc.impl.secrets.DockerSecretSource$$FastClassByGuice$$b3848ab2
9170:             1             16  io.jenkins.plugins.casc.impl.secrets.EnvSecretSource
9171:             1             16  io.jenkins.plugins.casc.impl.secrets.EnvSecretSource$$FastClassByGuice$$5dbc6c51
9172:             1             16  io.jenkins.plugins.casc.impl.secrets.PropertiesSecretSource
9173:             1             16  io.jenkins.plugins.casc.impl.secrets.PropertiesSecretSource$$FastClassByGuice$$41f89c5
9174:             1             16  io.jenkins.plugins.casc.model.Sequence$$Lambda$215/1016549552
9175:             1             16  io.jenkins.plugins.casc.yaml.ModelConstructor$1
9176:             1             16  io.jenkins.plugins.checks.BuildStatusChecksPublisher$JobScheduledListener
9177:             1             16  io.jenkins.plugins.checks.BuildStatusChecksPublisher$JobScheduledListener$$FastClassByGuice$$8e9df7e2
9178:             1             16  io.jenkins.plugins.checks.BuildStatusChecksPublisher$JobStartedListener
9179:             1             16  io.jenkins.plugins.checks.BuildStatusChecksPublisher$JobStartedListener$$FastClassByGuice$$9c77c7f6
9180:             1             16  io.jenkins.plugins.checks.api.ChecksPublisherFactory$$Lambda$478/272933805
9181:             1             16  io.jenkins.plugins.checks.api.ChecksPublisherFactory$$Lambda$479/672165631
9182:             1             16  io.jenkins.plugins.checks.api.ChecksPublisherFactory$$Lambda$481/1429156299
9183:             1             16  io.jenkins.plugins.checks.api.ChecksPublisherFactory$$Lambda$482/347810017
9184:             1             16  io.jenkins.plugins.coverage.CoverageColumn$ColumnDescriptor$$FastClassByGuice$$a1a23c73
9185:             1             16  io.jenkins.plugins.coverage.CoverageElementInitializer$$Lambda$175/134184944
9186:             1             16  io.jenkins.plugins.coverage.CoverageElementInitializer$$Lambda$176/44961152
9187:             1             16  io.jenkins.plugins.coverage.CoverageElementInitializer$$Lambda$177/2075211221
9188:             1             16  io.jenkins.plugins.coverage.CoveragePublisher$CoveragePublisherDescriptor$$FastClassByGuice$$137061b
9189:             1             16  io.jenkins.plugins.coverage.adapter.IstanbulCoberturaReportAdapter$IstanbulCoberturaReportAdapterDescriptor$$FastClassByGuice$$86dbf75c
9190:             1             16  io.jenkins.plugins.coverage.adapter.JacocoReportAdapter$JacocoReportAdapterDescriptor$$FastClassByGuice$$f405c7ac
9191:             1             16  io.jenkins.plugins.coverage.detector.AntPathReportDetector$AntPathReportDetectorDescriptor$$FastClassByGuice$$8890d747
9192:             1             16  io.jenkins.plugins.coverage.source.DefaultSourceFileResolver$DefaultSourceFileResolverDescriptor$$FastClassByGuice$$c756a10c
9193:             1             16  io.jenkins.plugins.coverage.threshold.Threshold$ThreshHoldDescriptor$$FastClassByGuice$$9b77d21e
9194:             1             16  io.jenkins.plugins.forensics.miner.RepositoryMinerStep$Descriptor$$FastClassByGuice$$305e2285
9195:             1             16  io.jenkins.plugins.kubernetes.NoDelayProvisionerStrategy
9196:             1             16  io.jenkins.plugins.kubernetes.NoDelayProvisionerStrategy$$FastClassByGuice$$d7ab542d
9197:             1             16  io.jenkins.plugins.luxair.ImageTagParameterConfiguration$$FastClassByGuice$$9ab882b1
9198:             1             16  io.jenkins.plugins.luxair.ImageTagParameterDefinition$DescriptorImpl$$FastClassByGuice$$63c47efb
9199:             1             16  io.keen.client.java.AlwaysConnectedNetworkStatusHandler
9200:             1             16  io.keen.client.java.JacksonJsonHandler
9201:             1             16  io.keen.client.java.http.UrlConnectionHttpHandler
9202:             1             16  io.snyk.jenkins.SnykStepBuilder$SnykStepBuilderDescriptor$$FastClassByGuice$$340b30be
9203:             1             16  io.snyk.jenkins.credentials.DefaultSnykApiToken$DefaultSnykApiTokenDescriptor$$FastClassByGuice$$a07bf3a2
9204:             1             16  io.snyk.jenkins.tools.SnykInstallation$SnykInstallationDescriptor$$FastClassByGuice$$a4c3a88f
9205:             1             16  io.snyk.jenkins.tools.SnykInstaller$SnykInstallerDescriptor$$FastClassByGuice$$aa3c069d
9206:             1             16  io.snyk.jenkins.workflow.SnykSecurityStep$SnykSecurityStepDescriptor$$FastClassByGuice$$78e21735
9207:             1             16  io.vavr.Value$$Lambda$251/1378201458
9208:             1             16  io.vavr.Value$$Lambda$252/1594529514
9209:             1             16  io.vavr.collection.HashArrayMappedTrieModule$AbstractNode$$Lambda$250/1901084054
9210:             1             16  io.vavr.collection.HashArrayMappedTrieModule$EmptyNode
9211:             1             16  io.vavr.collection.HashMap
9212:             1             16  io.vavr.collection.Stream$Empty
9213:             1             16  io.vavr.control.Option$None
9214:             1             16  java.awt.EventQueue$1
9215:             1             16  java.awt.EventQueue$2
9216:             1             16  java.awt.Font$FontAccessImpl
9217:             1             16  java.awt.GraphicsEnvironment$$Lambda$23/1732238286
9218:             1             16  java.awt.Image$1
9219:             1             16  java.awt.ImageCapabilities
9220:             1             16  java.awt.Toolkit$4
9221:             1             16  java.awt.color.ICC_Profile$1
9222:             1             16  java.awt.image.DataBuffer$1
9223:             1             16  java.io.Console$1
9224:             1             16  java.io.Console$2
9225:             1             16  java.io.DeleteOnExitHook$1
9226:             1             16  java.io.FileDescriptor$1
9227:             1             16  java.io.FilePermission$1
9228:             1             16  java.io.ObjectInputStream$$Lambda$138/816542283
9229:             1             16  java.io.ObjectInputStream$$Lambda$139/1114913815
9230:             1             16  java.io.ObjectInputStream$1
9231:             1             16  java.lang.ApplicationShutdownHooks$1
9232:             1             16  java.lang.CharacterData00
9233:             1             16  java.lang.CharacterData01
9234:             1             16  java.lang.CharacterDataLatin1
9235:             1             16  java.lang.InheritableThreadLocal
9236:             1             16  java.lang.ProcessBuilder$NullInputStream
9237:             1             16  java.lang.ProcessBuilder$NullOutputStream
9238:             1             16  java.lang.ProcessEnvironment$StringEntrySet
9239:             1             16  java.lang.ProcessEnvironment$StringKeySet
9240:             1             16  java.lang.Runtime
9241:             1             16  java.lang.String$CaseInsensitiveComparator
9242:             1             16  java.lang.System$2
9243:             1             16  java.lang.Terminator$1
9244:             1             16  java.lang.UNIXProcess$$Lambda$305/819722049
9245:             1             16  java.lang.UNIXProcess$$Lambda$306/1355808441
9246:             1             16  java.lang.UNIXProcess$Platform$$Lambda$302/287967751
9247:             1             16  java.lang.invoke.MemberName$Factory
9248:             1             16  java.lang.invoke.MethodHandleImpl$2
9249:             1             16  java.lang.invoke.MethodHandleImpl$3
9250:             1             16  java.lang.invoke.MutableCallSite
9251:             1             16  java.lang.management.PlatformComponent$1
9252:             1             16  java.lang.management.PlatformComponent$10
9253:             1             16  java.lang.management.PlatformComponent$11
9254:             1             16  java.lang.management.PlatformComponent$12
9255:             1             16  java.lang.management.PlatformComponent$13
9256:             1             16  java.lang.management.PlatformComponent$14
9257:             1             16  java.lang.management.PlatformComponent$15
9258:             1             16  java.lang.management.PlatformComponent$2
9259:             1             16  java.lang.management.PlatformComponent$3
9260:             1             16  java.lang.management.PlatformComponent$4
9261:             1             16  java.lang.management.PlatformComponent$5
9262:             1             16  java.lang.management.PlatformComponent$6
9263:             1             16  java.lang.management.PlatformComponent$7
9264:             1             16  java.lang.management.PlatformComponent$8
9265:             1             16  java.lang.management.PlatformComponent$9
9266:             1             16  java.lang.ref.Reference$1
9267:             1             16  java.lang.ref.Reference$Lock
9268:             1             16  java.lang.reflect.Proxy$KeyFactory
9269:             1             16  java.lang.reflect.Proxy$ProxyClassFactory
9270:             1             16  java.lang.reflect.ReflectAccess
9271:             1             16  java.math.BigDecimal$1
9272:             1             16  java.net.InetAddress$2
9273:             1             16  java.net.URLClassLoader$7
9274:             1             16  java.nio.Bits$1
9275:             1             16  java.nio.Bits$1$1
9276:             1             16  java.nio.charset.CoderResult$1
9277:             1             16  java.nio.charset.CoderResult$2
9278:             1             16  java.nio.file.Files$$Lambda$209/287357408
9279:             1             16  java.nio.file.Files$AcceptAllFilter
9280:             1             16  java.security.AllPermission
9281:             1             16  java.security.ProtectionDomain$2
9282:             1             16  java.security.ProtectionDomain$JavaSecurityAccessImpl
9283:             1             16  java.security.cert.CertPathHelperImpl
9284:             1             16  java.text.DontCareFieldPosition$1
9285:             1             16  java.text.MessageFormat$Field
9286:             1             16  java.time.Instant$$Lambda$492/469510843
9287:             1             16  java.time.ZonedDateTime$$Lambda$474/1944386460
9288:             1             16  java.time.chrono.AbstractChronology$$Lambda$7/2101842856
9289:             1             16  java.time.chrono.AbstractChronology$$Lambda$8/88579647
9290:             1             16  java.time.chrono.AbstractChronology$$Lambda$9/1712536284
9291:             1             16  java.time.chrono.IsoChronology
9292:             1             16  java.time.format.DateTimeFormatter$$Lambda$10/1528637575
9293:             1             16  java.time.format.DateTimeFormatter$$Lambda$11/472654579
9294:             1             16  java.time.format.DateTimeFormatterBuilder$$Lambda$6/353842779
9295:             1             16  java.time.format.DateTimeFormatterBuilder$2
9296:             1             16  java.time.format.DateTimeFormatterBuilder$InstantPrinterParser
9297:             1             16  java.time.format.DateTimeTextProvider$1
9298:             1             16  java.time.temporal.TemporalQueries$$Lambda$433/368464650
9299:             1             16  java.time.temporal.TemporalQueries$$Lambda$434/401437222
9300:             1             16  java.time.temporal.TemporalQueries$$Lambda$435/142750720
9301:             1             16  java.time.temporal.TemporalQueries$$Lambda$436/829639311
9302:             1             16  java.time.temporal.TemporalQueries$$Lambda$437/1143647373
9303:             1             16  java.time.temporal.TemporalQueries$$Lambda$438/199128350
9304:             1             16  java.time.temporal.TemporalQueries$$Lambda$439/822996875
9305:             1             16  java.util.Collections$EmptyEnumeration
9306:             1             16  java.util.Collections$EmptyIterator
9307:             1             16  java.util.Collections$EmptyList
9308:             1             16  java.util.Collections$EmptyListIterator
9309:             1             16  java.util.Collections$EmptySet
9310:             1             16  java.util.Collections$ReverseComparator
9311:             1             16  java.util.Collections$ReverseComparator2
9312:             1             16  java.util.Comparator$$Lambda$644/1927739595
9313:             1             16  java.util.Currency$CurrencyNameGetter
9314:             1             16  java.util.EnumMap$1
9315:             1             16  java.util.IdentityHashMap$EntrySet
9316:             1             16  java.util.ResourceBundle$Control
9317:             1             16  java.util.Spliterators$EmptySpliterator$OfDouble
9318:             1             16  java.util.Spliterators$EmptySpliterator$OfInt
9319:             1             16  java.util.Spliterators$EmptySpliterator$OfLong
9320:             1             16  java.util.Spliterators$EmptySpliterator$OfRef
9321:             1             16  java.util.concurrent.CompletableFuture$AltResult
9322:             1             16  java.util.concurrent.ConcurrentSkipListMap$EntrySet
9323:             1             16  java.util.concurrent.ConcurrentSkipListSet
9324:             1             16  java.util.concurrent.ForkJoinPool$DefaultForkJoinWorkerThreadFactory
9325:             1             16  java.util.concurrent.ThreadPoolExecutor$AbortPolicy
9326:             1             16  java.util.concurrent.ThreadPoolExecutor$CallerRunsPolicy
9327:             1             16  java.util.concurrent.atomic.AtomicIntegerArray
9328:             1             16  java.util.function.Function$$Lambda$95/1454882054
9329:             1             16  java.util.jar.JavaUtilJarAccessImpl
9330:             1             16  java.util.logging.LoggingProxyImpl
9331:             1             16  java.util.regex.Pattern$4
9332:             1             16  java.util.regex.Pattern$CharPropertyNames$10
9333:             1             16  java.util.regex.Pattern$CharPropertyNames$11
9334:             1             16  java.util.regex.Pattern$CharPropertyNames$12
9335:             1             16  java.util.regex.Pattern$CharPropertyNames$13
9336:             1             16  java.util.regex.Pattern$CharPropertyNames$14
9337:             1             16  java.util.regex.Pattern$CharPropertyNames$15
9338:             1             16  java.util.regex.Pattern$CharPropertyNames$16
9339:             1             16  java.util.regex.Pattern$CharPropertyNames$17
9340:             1             16  java.util.regex.Pattern$CharPropertyNames$18
9341:             1             16  java.util.regex.Pattern$CharPropertyNames$19
9342:             1             16  java.util.regex.Pattern$CharPropertyNames$20
9343:             1             16  java.util.regex.Pattern$CharPropertyNames$21
9344:             1             16  java.util.regex.Pattern$CharPropertyNames$22
9345:             1             16  java.util.regex.Pattern$CharPropertyNames$23
9346:             1             16  java.util.regex.Pattern$CharPropertyNames$5
9347:             1             16  java.util.regex.Pattern$CharPropertyNames$6
9348:             1             16  java.util.regex.Pattern$CharPropertyNames$7
9349:             1             16  java.util.regex.Pattern$CharPropertyNames$8
9350:             1             16  java.util.regex.Pattern$CharPropertyNames$9
9351:             1             16  java.util.regex.Pattern$LastNode
9352:             1             16  java.util.regex.Pattern$Node
9353:             1             16  java.util.stream.AbstractPipeline$$Lambda$657/214139522
9354:             1             16  java.util.stream.Collectors$$Lambda$35/1826215651
9355:             1             16  java.util.stream.Collectors$$Lambda$36/2012453515
9356:             1             16  java.util.stream.Collectors$$Lambda$38/1242027525
9357:             1             16  java.util.stream.Collectors$$Lambda$510/851155089
9358:             1             16  java.util.stream.Collectors$$Lambda$511/1244029911
9359:             1             16  java.util.stream.Collectors$$Lambda$53/1910488563
9360:             1             16  java.util.stream.Collectors$$Lambda$54/1480717439
9361:             1             16  java.util.stream.Collectors$$Lambda$55/1245223606
9362:             1             16  java.util.stream.Collectors$$Lambda$56/1174701607
9363:             1             16  java.util.stream.Collectors$$Lambda$59/764661685
9364:             1             16  java.util.stream.Collectors$$Lambda$60/765079893
9365:             1             16  java.util.stream.Collectors$$Lambda$61/2078205666
9366:             1             16  java.util.stream.Collectors$$Lambda$98/66248882
9367:             1             16  java.util.stream.Collectors$$Lambda$99/1075944963
9368:             1             16  java.util.stream.DistinctOps$1$$Lambda$558/744739392
9369:             1             16  java.util.stream.DistinctOps$1$$Lambda$559/445053548
9370:             1             16  java.util.stream.DistinctOps$1$$Lambda$560/1913900910
9371:             1             16  java.util.stream.FindOps$$Lambda$106/208702162
9372:             1             16  java.util.stream.FindOps$$Lambda$107/1947136979
9373:             1             16  java.util.stream.IntPipeline$$Lambda$16/1597462040
9374:             1             16  java.util.stream.IntPipeline$$Lambda$576/2020126049
9375:             1             16  java.util.stream.LongPipeline$$Lambda$495/1354070853
9376:             1             16  java.util.stream.Nodes$CollectorTask$OfRef$$Lambda$659/2097222843
9377:             1             16  java.util.stream.Nodes$EmptyNode$OfDouble
9378:             1             16  java.util.stream.Nodes$EmptyNode$OfInt
9379:             1             16  java.util.stream.Nodes$EmptyNode$OfLong
9380:             1             16  java.util.stream.Nodes$EmptyNode$OfRef
9381:             1             16  java.util.stream.ReferencePipeline$$Lambda$494/213551520
9382:             1             16  java.util.zip.ZipFile$1
9383:             1             16  javaposse.jobdsl.plugin.DescriptorImpl$GeneratedJobMapItemListener
9384:             1             16  javaposse.jobdsl.plugin.MonitorTemplateJobs
9385:             1             16  javaposse.jobdsl.plugin.actions.ApiViewerActionFactory
9386:             1             16  javaposse.jobdsl.plugin.actions.SeedJobTransientActionFactory
9387:             1             16  javaposse.jobdsl.plugin.casc.SeedJobConfigurator
9388:             1             16  javax.crypto.JceSecurityManager
9389:             1             16  javax.crypto.spec.IvParameterSpec
9390:             1             16  javax.imageio.spi.IIORegistry
9391:             1             16  javax.management.JMX
9392:             1             16  javax.management.MBeanServerBuilder
9393:             1             16  javax.management.NotificationBroadcasterSupport$1
9394:             1             16  javax.net.DefaultSocketFactory
9395:             1             16  javax.xml.datatype.SecuritySupport
9396:             1             16  javax.xml.parsers.SecuritySupport
9397:             1             16  javax.xml.transform.SecuritySupport
9398:             1             16  jenkins.DailyCheck$$FastClassByGuice$$d940b6c7
9399:             1             16  jenkins.FilePathFilter$1
9400:             1             16  jenkins.I18n
9401:             1             16  jenkins.I18n$$FastClassByGuice$$fb225476
9402:             1             16  jenkins.JenkinsHttpSessionListener
9403:             1             16  jenkins.MetaLocaleDrivenResourceProvider
9404:             1             16  jenkins.SoloFilePathFilter
9405:             1             16  jenkins.agents.WebSocketAgents
9406:             1             16  jenkins.agents.WebSocketAgents$$FastClassByGuice$$9a0a690d
9407:             1             16  jenkins.bouncycastle.api.SecurityProviderInitializer
9408:             1             16  jenkins.branch.Branch$TransientJobActionsFactoryImpl
9409:             1             16  jenkins.branch.Branch$TransientJobActionsFactoryImpl$$FastClassByGuice$$64b4456e
9410:             1             16  jenkins.branch.BranchNameContributor
9411:             1             16  jenkins.branch.BranchNameContributor$$FastClassByGuice$$3d26ea1a
9412:             1             16  jenkins.branch.BranchProjectFactory$HeadByItemImpl
9413:             1             16  jenkins.branch.BranchProjectFactory$HeadByItemImpl$$FastClassByGuice$$7f0ef807
9414:             1             16  jenkins.branch.BranchProjectFactory$SourceByItemImpl
9415:             1             16  jenkins.branch.BranchProjectFactory$SourceByItemImpl$$FastClassByGuice$$b4430942
9416:             1             16  jenkins.branch.BranchPropertyDescriptor$Visibility
9417:             1             16  jenkins.branch.BranchPropertyDescriptor$Visibility$$FastClassByGuice$$a6ee3fc
9418:             1             16  jenkins.branch.BranchSource$DescriptorImpl$$FastClassByGuice$$7e2ba742
9419:             1             16  jenkins.branch.BranchStatusColumn$DescriptorImpl$$FastClassByGuice$$d939aa55
9420:             1             16  jenkins.branch.BranchStatusColumn$DescriptorVisibilityFilterImpl
9421:             1             16  jenkins.branch.BranchStatusColumn$DescriptorVisibilityFilterImpl$$FastClassByGuice$$e49749f
9422:             1             16  jenkins.branch.BuildRetentionBranchProperty$DescriptorImpl$$FastClassByGuice$$a3f5c458
9423:             1             16  jenkins.branch.CustomOrganizationFolderDescriptor$HideGeneric
9424:             1             16  jenkins.branch.CustomOrganizationFolderDescriptor$HideGeneric$$FastClassByGuice$$a5d55e86
9425:             1             16  jenkins.branch.DeadBranchIndicatorAction$JobFactoryImpl
9426:             1             16  jenkins.branch.DeadBranchIndicatorAction$JobFactoryImpl$$FastClassByGuice$$c0891a46
9427:             1             16  jenkins.branch.DeadBranchIndicatorAction$RunFactoryImpl
9428:             1             16  jenkins.branch.DeadBranchIndicatorAction$RunFactoryImpl$$FastClassByGuice$$c2dd4eb8
9429:             1             16  jenkins.branch.DefaultBranchPropertyStrategy
9430:             1             16  jenkins.branch.DefaultBranchPropertyStrategy$DescriptorImpl$$FastClassByGuice$$3e5079fc
9431:             1             16  jenkins.branch.DescriptionColumn
9432:             1             16  jenkins.branch.DescriptionColumn$DescriptorImpl$$FastClassByGuice$$4e9e6075
9433:             1             16  jenkins.branch.ItemColumn$DescriptorImpl$$FastClassByGuice$$221d2cd6
9434:             1             16  jenkins.branch.ItemColumn$DescriptorVisibilityFilterImpl
9435:             1             16  jenkins.branch.ItemColumn$DescriptorVisibilityFilterImpl$$FastClassByGuice$$1981d520
9436:             1             16  jenkins.branch.MetadataActionFolderIcon$DescriptorImpl$$FastClassByGuice$$48fb5f93
9437:             1             16  jenkins.branch.MultiBranchCategoryFilter
9438:             1             16  jenkins.branch.MultiBranchProject$CopyItemVeto
9439:             1             16  jenkins.branch.MultiBranchProject$CopyItemVeto$$FastClassByGuice$$1f4b3624
9440:             1             16  jenkins.branch.MultiBranchProject$SCMEventListenerImpl$$FastClassByGuice$$6167083
9441:             1             16  jenkins.branch.MultiBranchProject$StateActionFactory
9442:             1             16  jenkins.branch.MultiBranchProject$StateActionFactory$$FastClassByGuice$$1b38fd5
9443:             1             16  jenkins.branch.MultiBranchProjectDescriptor$ChildNameGeneratorImpl
9444:             1             16  jenkins.branch.MultiBranchProjectViewHolder$ViewImpl$ViewDescriptorImpl$$FastClassByGuice$$51685512
9445:             1             16  jenkins.branch.NamedExceptionsBranchPropertyStrategy$DescriptorImpl$$FastClassByGuice$$22f4dba0
9446:             1             16  jenkins.branch.NamedExceptionsBranchPropertyStrategy$Named$DescriptorImpl$$FastClassByGuice$$4147afcb
9447:             1             16  jenkins.branch.NoTriggerBranchProperty$DescriptorImpl$$FastClassByGuice$$9d5db639
9448:             1             16  jenkins.branch.NoTriggerBranchProperty$Dispatcher
9449:             1             16  jenkins.branch.NoTriggerBranchProperty$Dispatcher$$FastClassByGuice$$f2690bb1
9450:             1             16  jenkins.branch.NoTriggerOrganizationFolderProperty$DescriptorImpl$$FastClassByGuice$$a5f9b9fa
9451:             1             16  jenkins.branch.NoTriggerOrganizationFolderProperty$Dispatcher
9452:             1             16  jenkins.branch.NoTriggerOrganizationFolderProperty$Dispatcher$$FastClassByGuice$$755717f2
9453:             1             16  jenkins.branch.NoTriggerOrganizationFolderProperty$PropertyMigrationImpl$$FastClassByGuice$$9b45fd0e
9454:             1             16  jenkins.branch.OrganizationChildHealthMetricsProperty$DescriptorImpl$$FastClassByGuice$$2323e04c
9455:             1             16  jenkins.branch.OrganizationChildOrphanedItemsProperty$DescriptorImpl$$FastClassByGuice$$922175fa
9456:             1             16  jenkins.branch.OrganizationChildOrphanedItemsProperty$Inherit
9457:             1             16  jenkins.branch.OrganizationChildOrphanedItemsProperty$Inherit$DescriptorImpl$$FastClassByGuice$$dd8231e3
9458:             1             16  jenkins.branch.OrganizationChildTriggersProperty$DescriptorImpl$$FastClassByGuice$$91f7758e
9459:             1             16  jenkins.branch.OrganizationFolder$ChildNameGeneratorImpl
9460:             1             16  jenkins.branch.OrganizationFolder$DescriptorImpl$$FastClassByGuice$$b828269e
9461:             1             16  jenkins.branch.OrganizationFolder$SCMEventListenerImpl$$FastClassByGuice$$46ef7340
9462:             1             16  jenkins.branch.OrganizationFolder$StateActionFactory
9463:             1             16  jenkins.branch.OrganizationFolder$StateActionFactory$$FastClassByGuice$$21781dd2
9464:             1             16  jenkins.branch.OrganizationFolderViewHolder$ViewImpl$ViewDescriptorImpl$$FastClassByGuice$$12783f5
9465:             1             16  jenkins.branch.OverrideIndexTriggersJobProperty$DescriptorImpl$$FastClassByGuice$$c154556e
9466:             1             16  jenkins.branch.OverrideIndexTriggersJobProperty$Dispatcher
9467:             1             16  jenkins.branch.OverrideIndexTriggersJobProperty$Dispatcher$$FastClassByGuice$$46918d66
9468:             1             16  jenkins.branch.PrimaryBranchHealthMetric$DescriptorImpl$$FastClassByGuice$$f8e04f97
9469:             1             16  jenkins.branch.ProjectNameProperty$DescriptorImpl$$FastClassByGuice$$61334fce
9470:             1             16  jenkins.branch.PropertyMigration$MonitorImpl$$FastClassByGuice$$a1ddf29b
9471:             1             16  jenkins.branch.RateLimitBranchProperty$DescriptorImpl$$FastClassByGuice$$f3941eb5
9472:             1             16  jenkins.branch.RateLimitBranchProperty$JobPropertyImpl$DescriptorImpl$$FastClassByGuice$$37f62fc7
9473:             1             16  jenkins.branch.RateLimitBranchProperty$QueueTaskDispatcherImpl
9474:             1             16  jenkins.branch.RateLimitBranchProperty$QueueTaskDispatcherImpl$$FastClassByGuice$$cc56bf77
9475:             1             16  jenkins.branch.TaskNounUiTextProvider
9476:             1             16  jenkins.branch.TaskNounUiTextProvider$$FastClassByGuice$$d9c67ac5
9477:             1             16  jenkins.branch.UntrustedBranchProperty$DescriptorImpl$$FastClassByGuice$$5f7b1412
9478:             1             16  jenkins.branch.WorkspaceLocatorImpl$$FastClassByGuice$$54dd73b5
9479:             1             16  jenkins.branch.WorkspaceLocatorImpl$1
9480:             1             16  jenkins.branch.WorkspaceLocatorImpl$Collector
9481:             1             16  jenkins.branch.WorkspaceLocatorImpl$Collector$$FastClassByGuice$$e8a5ea3e
9482:             1             16  jenkins.branch.WorkspaceLocatorImpl$Deleter
9483:             1             16  jenkins.branch.WorkspaceLocatorImpl$Deleter$$FastClassByGuice$$156a0618
9484:             1             16  jenkins.cli.StopBuildsCommand$$FastClassByGuice$$4160fe3e
9485:             1             16  jenkins.diagnosis.HsErrPidList$$FastClassByGuice$$b61c3f44
9486:             1             16  jenkins.diagnostics.CompletedInitializationMonitor
9487:             1             16  jenkins.diagnostics.CompletedInitializationMonitor$$FastClassByGuice$$818a63e9
9488:             1             16  jenkins.diagnostics.RootUrlNotSetMonitor
9489:             1             16  jenkins.diagnostics.RootUrlNotSetMonitor$$FastClassByGuice$$134076f8
9490:             1             16  jenkins.diagnostics.SecurityIsOffMonitor
9491:             1             16  jenkins.diagnostics.SecurityIsOffMonitor$$FastClassByGuice$$eb58826f
9492:             1             16  jenkins.diagnostics.URICheckEncodingMonitor
9493:             1             16  jenkins.diagnostics.URICheckEncodingMonitor$$FastClassByGuice$$1fd6ea51
9494:             1             16  jenkins.install.SetupWizard$$FastClassByGuice$$c56a311d
9495:             1             16  jenkins.install.SetupWizard$1
9496:             1             16  jenkins.install.UpgradeWizard$ListenForInstallComplete$$FastClassByGuice$$9ce08d9a
9497:             1             16  jenkins.management.AdministrativeMonitorsConfiguration$$FastClassByGuice$$e950a27c
9498:             1             16  jenkins.management.AdministrativeMonitorsDecorator$$FastClassByGuice$$2fa618c1
9499:             1             16  jenkins.management.CliLink
9500:             1             16  jenkins.management.CliLink$$FastClassByGuice$$70eb66a7
9501:             1             16  jenkins.management.ConfigureLink
9502:             1             16  jenkins.management.ConfigureLink$$FastClassByGuice$$e38b6fad
9503:             1             16  jenkins.management.ConsoleLink
9504:             1             16  jenkins.management.ConsoleLink$$FastClassByGuice$$794558de
9505:             1             16  jenkins.management.NodesLink
9506:             1             16  jenkins.management.NodesLink$$FastClassByGuice$$9ce82078
9507:             1             16  jenkins.management.PluginsLink
9508:             1             16  jenkins.management.PluginsLink$$FastClassByGuice$$22209ea7
9509:             1             16  jenkins.management.ReloadLink
9510:             1             16  jenkins.management.ReloadLink$$FastClassByGuice$$392acca6
9511:             1             16  jenkins.management.ShutdownLink
9512:             1             16  jenkins.management.ShutdownLink$$FastClassByGuice$$a3149a23
9513:             1             16  jenkins.management.StatisticsLink
9514:             1             16  jenkins.management.StatisticsLink$$FastClassByGuice$$c2b535b0
9515:             1             16  jenkins.management.SystemInfoLink
9516:             1             16  jenkins.management.SystemInfoLink$$FastClassByGuice$$4594630a
9517:             1             16  jenkins.management.SystemLogLink
9518:             1             16  jenkins.management.SystemLogLink$$FastClassByGuice$$fd7b73dc
9519:             1             16  jenkins.model.ArtifactManagerConfiguration$$FastClassByGuice$$d3b08c38
9520:             1             16  jenkins.model.AssetManager
9521:             1             16  jenkins.model.AssetManager$$FastClassByGuice$$eaa0619a
9522:             1             16  jenkins.model.BackgroundGlobalBuildDiscarder$$FastClassByGuice$$4722658b
9523:             1             16  jenkins.model.BuildDiscarderProperty$ConditionallyHidden
9524:             1             16  jenkins.model.BuildDiscarderProperty$ConditionallyHidden$$FastClassByGuice$$619dfc88
9525:             1             16  jenkins.model.BuildDiscarderProperty$DescriptorImpl$$FastClassByGuice$$8abf78e4
9526:             1             16  jenkins.model.CoreEnvironmentContributor
9527:             1             16  jenkins.model.CoreEnvironmentContributor$$FastClassByGuice$$ab827b84
9528:             1             16  jenkins.model.DefaultSimplePageDecorator$$FastClassByGuice$$75592a16
9529:             1             16  jenkins.model.DefaultUserCanonicalIdResolver
9530:             1             16  jenkins.model.DefaultUserCanonicalIdResolver$$FastClassByGuice$$ed7432c6
9531:             1             16  jenkins.model.GlobalBuildDiscarderConfiguration$$FastClassByGuice$$31d0a079
9532:             1             16  jenkins.model.GlobalBuildDiscarderListener
9533:             1             16  jenkins.model.GlobalBuildDiscarderListener$$FastClassByGuice$$4e9d3351
9534:             1             16  jenkins.model.GlobalCloudConfiguration
9535:             1             16  jenkins.model.GlobalCloudConfiguration$$FastClassByGuice$$927dc141
9536:             1             16  jenkins.model.GlobalConfigurationCategory$Security
9537:             1             16  jenkins.model.GlobalConfigurationCategory$Security$$FastClassByGuice$$4e68ca70
9538:             1             16  jenkins.model.GlobalConfigurationCategory$Unclassified
9539:             1             16  jenkins.model.GlobalConfigurationCategory$Unclassified$$FastClassByGuice$$3cc7b89c
9540:             1             16  jenkins.model.GlobalNodePropertiesConfiguration$$FastClassByGuice$$e6707da1
9541:             1             16  jenkins.model.GlobalPluginConfiguration$$FastClassByGuice$$76c8d403
9542:             1             16  jenkins.model.GlobalProjectNamingStrategyConfiguration$$FastClassByGuice$$c9cbba42
9543:             1             16  jenkins.model.GlobalQuietPeriodConfiguration$$FastClassByGuice$$923eda61
9544:             1             16  jenkins.model.GlobalSCMRetryCountConfiguration$$FastClassByGuice$$90cd9492
9545:             1             16  jenkins.model.IdStrategy$CaseInsensitive$DescriptorImpl$$FastClassByGuice$$f36f38b
9546:             1             16  jenkins.model.IdStrategy$CaseSensitive
9547:             1             16  jenkins.model.IdStrategy$CaseSensitive$DescriptorImpl$$FastClassByGuice$$7ceb03a6
9548:             1             16  jenkins.model.IdStrategy$CaseSensitiveEmailAddress$DescriptorImpl$$FastClassByGuice$$1171cf4e
9549:             1             16  jenkins.model.Jenkins$$Lambda$389/1857431870
9550:             1             16  jenkins.model.Jenkins$$Lambda$461/223198951
9551:             1             16  jenkins.model.Jenkins$3
9552:             1             16  jenkins.model.Jenkins$EnforceSlaveAgentPortAdministrativeMonitor$$FastClassByGuice$$d54fdd46
9553:             1             16  jenkins.model.Jenkins$MasterRestartNotifyier$$FastClassByGuice$$6f3b01ab
9554:             1             16  jenkins.model.JenkinsLocationConfiguration$$FastClassByGuice$$a6785528
9555:             1             16  jenkins.model.JobGlobalBuildDiscarderStrategy
9556:             1             16  jenkins.model.JobGlobalBuildDiscarderStrategy$DescriptorImpl$$FastClassByGuice$$b678e1c0
9557:             1             16  jenkins.model.MasterBuildConfiguration$$FastClassByGuice$$570852a7
9558:             1             16  jenkins.model.NewViewLink
9559:             1             16  jenkins.model.NewViewLink$$FastClassByGuice$$ff6a4b62
9560:             1             16  jenkins.model.Nodes$9$$Lambda$192/868330626
9561:             1             16  jenkins.model.PeepholePermalink$RunListenerImpl
9562:             1             16  jenkins.model.PeepholePermalink$RunListenerImpl$$FastClassByGuice$$26189229
9563:             1             16  jenkins.model.ProjectNamingStrategy$DefaultProjectNamingStrategy$DescriptorImpl$$FastClassByGuice$$196f7733
9564:             1             16  jenkins.model.ProjectNamingStrategy$PatternProjectNamingStrategy$DescriptorImpl$$FastClassByGuice$$24d85102
9565:             1             16  jenkins.model.RenameAction$TransientActionFactoryImpl
9566:             1             16  jenkins.model.RenameAction$TransientActionFactoryImpl$$FastClassByGuice$$9adea75d
9567:             1             16  jenkins.model.RunIdMigrator$UnmigrationInstruction
9568:             1             16  jenkins.model.RunIdMigrator$UnmigrationInstruction$$FastClassByGuice$$befdf157
9569:             1             16  jenkins.model.SimpleGlobalBuildDiscarderStrategy$DescriptorImpl$$FastClassByGuice$$a31d6811
9570:             1             16  jenkins.model.TransientActionFactory$1
9571:             1             16  jenkins.model.UnlabeledLoadStatistics$UnlabeledNodesIterable
9572:             1             16  jenkins.model.Uptime$$FastClassByGuice$$5b79b0a5
9573:             1             16  jenkins.model.identity.IdentityRootAction
9574:             1             16  jenkins.model.identity.IdentityRootAction$$FastClassByGuice$$6b3473e9
9575:             1             16  jenkins.model.item_category.ItemCategory$UncategorizedCategory$$FastClassByGuice$$37885abe
9576:             1             16  jenkins.model.item_category.NestedProjectsCategory$$FastClassByGuice$$4af0cc70
9577:             1             16  jenkins.model.item_category.StandaloneProjectsCategory$$FastClassByGuice$$9375273e
9578:             1             16  jenkins.model.lazy.BuildReference$DefaultHolderFactory
9579:             1             16  jenkins.model.lazy.BuildReference$DefaultHolderFactory$$FastClassByGuice$$ecd906a7
9580:             1             16  jenkins.model.lazy.BuildReference$DefaultHolderFactory$NoHolder
9581:             1             16  jenkins.model.lazy.LazyBuildMixIn$ItemListenerImpl
9582:             1             16  jenkins.model.lazy.LazyBuildMixIn$ItemListenerImpl$$FastClassByGuice$$62c0daa7
9583:             1             16  jenkins.model.queue.ItemDeletion$$FastClassByGuice$$e1ef8efb
9584:             1             16  jenkins.mvn.DefaultGlobalSettingsProvider$DescriptorImpl$$FastClassByGuice$$3e57159c
9585:             1             16  jenkins.mvn.DefaultSettingsProvider$DescriptorImpl$$FastClassByGuice$$17c8d5bf
9586:             1             16  jenkins.mvn.FilePathGlobalSettingsProvider$DescriptorImpl$$FastClassByGuice$$441420ba
9587:             1             16  jenkins.mvn.FilePathSettingsProvider$DescriptorImpl$$FastClassByGuice$$467c0f5d
9588:             1             16  jenkins.mvn.GlobalMavenConfig$$FastClassByGuice$$cc00d7e9
9589:             1             16  jenkins.org.apache.commons.validator.routines.InetAddressValidator
9590:             1             16  jenkins.plugins.DetachedPluginsUtil$$Lambda$68/1301491289
9591:             1             16  jenkins.plugins.DetachedPluginsUtil$$Lambda$69/184257916
9592:             1             16  jenkins.plugins.DetachedPluginsUtil$$Lambda$70/139466744
9593:             1             16  jenkins.plugins.coverity.CIMStream$DescriptorImpl$$FastClassByGuice$$e3e3b3fd
9594:             1             16  jenkins.plugins.coverity.CheckConfig$DescriptorImpl$$FastClassByGuice$$2216de1a
9595:             1             16  jenkins.plugins.coverity.CoverityBuildStep$CoverityBuildStepDescriptor$$FastClassByGuice$$85b701a0
9596:             1             16  jenkins.plugins.coverity.CoverityEnvBuildWrapper$DescriptorImpl$$FastClassByGuice$$fdbf1da9
9597:             1             16  jenkins.plugins.coverity.CoverityInstallation$DescriptorImpl$$FastClassByGuice$$326b3eb1
9598:             1             16  jenkins.plugins.coverity.CoverityLauncherDecorator
9599:             1             16  jenkins.plugins.coverity.CoverityLauncherDecorator$$FastClassByGuice$$4832e333
9600:             1             16  jenkins.plugins.coverity.CoverityLauncherDecorator$1
9601:             1             16  jenkins.plugins.coverity.CoverityLauncherDecorator$2
9602:             1             16  jenkins.plugins.coverity.CoverityPublisher$DescriptorImpl$$FastClassByGuice$$c065383f
9603:             1             16  jenkins.plugins.coverity.CoverityRunListener
9604:             1             16  jenkins.plugins.coverity.CoverityRunListener$$FastClassByGuice$$fe7f9917
9605:             1             16  jenkins.plugins.coverity.CoverityToolInstallation$CoverityToolInstallationDescriptor$$FastClassByGuice$$898f72c2
9606:             1             16  jenkins.plugins.coverity.CoverityViewResultsDescriptor$$FastClassByGuice$$ffb3de98
9607:             1             16  jenkins.plugins.docker_compose.DockerComposeBuilder$DescriptorImpl$$FastClassByGuice$$9556b395
9608:             1             16  jenkins.plugins.docker_compose.ExecuteCommandInsideContainer$DescriptorImpl$$FastClassByGuice$$167981d9
9609:             1             16  jenkins.plugins.docker_compose.StartAllServices$DescriptorImpl$$FastClassByGuice$$882acb21
9610:             1             16  jenkins.plugins.docker_compose.StartService$DescriptorImpl$$FastClassByGuice$$db4014b
9611:             1             16  jenkins.plugins.docker_compose.StopAllServices$DescriptorImpl$$FastClassByGuice$$17e4b40b
9612:             1             16  jenkins.plugins.docker_compose.StopService$DescriptorImpl$$FastClassByGuice$$7fcaef35
9613:             1             16  jenkins.plugins.git.GitBranchSCMHead$SCMHeadMigrationImpl$$FastClassByGuice$$18e8822a
9614:             1             16  jenkins.plugins.git.GitSCMFileSystem$BuilderImpl
9615:             1             16  jenkins.plugins.git.GitSCMFileSystem$BuilderImpl$$FastClassByGuice$$bfeea42f
9616:             1             16  jenkins.plugins.git.GitSCMSource$DescriptorImpl$$FastClassByGuice$$91450c0b
9617:             1             16  jenkins.plugins.git.GitSCMSource$ListenerImpl$$FastClassByGuice$$8c0399d0
9618:             1             16  jenkins.plugins.git.GitStep$DescriptorImpl$$FastClassByGuice$$c64b46f7
9619:             1             16  jenkins.plugins.git.MatrixGitPublisher$$FastClassByGuice$$454c76ad
9620:             1             16  jenkins.plugins.git.traits.AuthorInChangelogTrait$DescriptorImpl$$FastClassByGuice$$9749e562
9621:             1             16  jenkins.plugins.git.traits.BranchDiscoveryTrait
9622:             1             16  jenkins.plugins.git.traits.BranchDiscoveryTrait$BranchSCMHeadAuthority$DescriptorImpl$$FastClassByGuice$$6a1048ae
9623:             1             16  jenkins.plugins.git.traits.BranchDiscoveryTrait$DescriptorImpl$$FastClassByGuice$$63149d6c
9624:             1             16  jenkins.plugins.git.traits.CheckoutOptionTrait
9625:             1             16  jenkins.plugins.git.traits.CheckoutOptionTrait$DescriptorImpl$$FastClassByGuice$$3e4b7407
9626:             1             16  jenkins.plugins.git.traits.CleanAfterCheckoutTrait$DescriptorImpl$$FastClassByGuice$$16ef4ba5
9627:             1             16  jenkins.plugins.git.traits.CleanBeforeCheckoutTrait
9628:             1             16  jenkins.plugins.git.traits.CleanBeforeCheckoutTrait$DescriptorImpl$$FastClassByGuice$$3f10634c
9629:             1             16  jenkins.plugins.git.traits.CloneOptionTrait
9630:             1             16  jenkins.plugins.git.traits.CloneOptionTrait$DescriptorImpl$$FastClassByGuice$$b89f9f0
9631:             1             16  jenkins.plugins.git.traits.DiscoverOtherRefsTrait$DescriptorImpl$$FastClassByGuice$$bcedca05
9632:             1             16  jenkins.plugins.git.traits.GitBrowserSCMSourceTrait$DescriptorImpl$$FastClassByGuice$$40e0e500
9633:             1             16  jenkins.plugins.git.traits.GitLFSPullTrait
9634:             1             16  jenkins.plugins.git.traits.GitLFSPullTrait$DescriptorImpl$$FastClassByGuice$$e7b28b98
9635:             1             16  jenkins.plugins.git.traits.GitToolSCMSourceTrait$DescriptorImpl$$FastClassByGuice$$be2b429a
9636:             1             16  jenkins.plugins.git.traits.IgnoreOnPushNotificationTrait$DescriptorImpl$$FastClassByGuice$$ada4d102
9637:             1             16  jenkins.plugins.git.traits.LocalBranchTrait$DescriptorImpl$$FastClassByGuice$$45f1ab2b
9638:             1             16  jenkins.plugins.git.traits.PruneStaleBranchTrait$DescriptorImpl$$FastClassByGuice$$ce92c27d
9639:             1             16  jenkins.plugins.git.traits.PruneStaleTagTrait$DescriptorImpl$$FastClassByGuice$$3f34c09
9640:             1             16  jenkins.plugins.git.traits.RefSpecsSCMSourceTrait$DescriptorImpl$$FastClassByGuice$$6436d51
9641:             1             16  jenkins.plugins.git.traits.RefSpecsSCMSourceTrait$RefSpecTemplate$DescriptorImpl$$FastClassByGuice$$93cae00d
9642:             1             16  jenkins.plugins.git.traits.RemoteNameSCMSourceTrait$DescriptorImpl$$FastClassByGuice$$922af9e5
9643:             1             16  jenkins.plugins.git.traits.SparseCheckoutPathsTrait$DescriptorImpl$$FastClassByGuice$$e4aa8ac6
9644:             1             16  jenkins.plugins.git.traits.SubmoduleOptionTrait$DescriptorImpl$$FastClassByGuice$$e6db17ff
9645:             1             16  jenkins.plugins.git.traits.TagDiscoveryTrait$DescriptorImpl$$FastClassByGuice$$67ca0422
9646:             1             16  jenkins.plugins.git.traits.TagDiscoveryTrait$TagSCMHeadAuthority$DescriptorImpl$$FastClassByGuice$$98813a06
9647:             1             16  jenkins.plugins.git.traits.UserIdentityTrait$DescriptorImpl$$FastClassByGuice$$1aca3f15
9648:             1             16  jenkins.plugins.git.traits.WipeWorkspaceTrait$DescriptorImpl$$FastClassByGuice$$1aa43d8c
9649:             1             16  jenkins.plugins.logstash.LogstashBuildWrapper$DescriptorImpl$$FastClassByGuice$$cf19c206
9650:             1             16  jenkins.plugins.logstash.LogstashConfiguration$$FastClassByGuice$$d525e26e
9651:             1             16  jenkins.plugins.logstash.LogstashConsoleLogFilter
9652:             1             16  jenkins.plugins.logstash.LogstashConsoleLogFilter$$FastClassByGuice$$f2c423cd
9653:             1             16  jenkins.plugins.logstash.LogstashInstallation$Descriptor$$FastClassByGuice$$ca8d23b1
9654:             1             16  jenkins.plugins.logstash.LogstashItemListener
9655:             1             16  jenkins.plugins.logstash.LogstashItemListener$$FastClassByGuice$$d7fe46f
9656:             1             16  jenkins.plugins.logstash.LogstashJobProperty$DescriptorImpl$$FastClassByGuice$$fc0ec209
9657:             1             16  jenkins.plugins.logstash.LogstashNotifier$Descriptor$$FastClassByGuice$$566d28c5
9658:             1             16  jenkins.plugins.logstash.LogstashSaveableListener
9659:             1             16  jenkins.plugins.logstash.LogstashSaveableListener$$FastClassByGuice$$951631b3
9660:             1             16  jenkins.plugins.logstash.PluginImpl
9661:             1             16  jenkins.plugins.logstash.configuration.ElasticSearch$ElasticSearchDescriptor$$FastClassByGuice$$de677636
9662:             1             16  jenkins.plugins.logstash.configuration.Logstash$Descriptor$$FastClassByGuice$$50723593
9663:             1             16  jenkins.plugins.logstash.configuration.RabbitMq$RabbitMqDescriptor$$FastClassByGuice$$f029ac4
9664:             1             16  jenkins.plugins.logstash.configuration.Redis$RedisDescriptor$$FastClassByGuice$$384720f2
9665:             1             16  jenkins.plugins.logstash.configuration.Syslog$SyslogDescriptor$$FastClassByGuice$$14c9aa4
9666:             1             16  jenkins.plugins.logstash.pipeline.GlobalDecorator$Factory
9667:             1             16  jenkins.plugins.logstash.pipeline.GlobalDecorator$Factory$$FastClassByGuice$$29d56b49
9668:             1             16  jenkins.plugins.logstash.pipeline.LogstashSendStep$DescriptorImpl$$FastClassByGuice$$fcbce3b9
9669:             1             16  jenkins.plugins.logstash.pipeline.LogstashStep$DescriptorImpl$$FastClassByGuice$$ec471561
9670:             1             16  jenkins.plugins.office365connector.Webhook$DescriptorImpl$$FastClassByGuice$$4643f4ed
9671:             1             16  jenkins.plugins.office365connector.WebhookJobPropertyDescriptor$$FastClassByGuice$$1d7b739b
9672:             1             16  jenkins.plugins.office365connector.model.FactDefinition$DescriptorImpl$$FastClassByGuice$$7992c37e
9673:             1             16  jenkins.plugins.office365connector.model.Macro$DescriptorImpl$$FastClassByGuice$$7c42081d
9674:             1             16  jenkins.plugins.office365connector.workflow.Office365ConnectorBuildListener
9675:             1             16  jenkins.plugins.office365connector.workflow.Office365ConnectorBuildListener$$FastClassByGuice$$f557ad
9676:             1             16  jenkins.plugins.office365connector.workflow.Office365ConnectorSendStep$DescriptorImpl$$FastClassByGuice$$fcf9872a
9677:             1             16  jenkins.plugins.sloccount.steps.SloccountPublisherStep$DescriptorImpl$$FastClassByGuice$$bff7e94
9678:             1             16  jenkins.scm.DefaultSCMCheckoutStrategyImpl$DescriptorImpl$$FastClassByGuice$$ee410695
9679:             1             16  jenkins.scm.api.SCMHeadMixinEqualityGenerator$ConstantEquality
9680:             1             16  jenkins.scm.api.SCMHeadObserver$None
9681:             1             16  jenkins.scm.api.SCMHeadOrigin$Default
9682:             1             16  jenkins.scm.api.SCMNavigatorOwners$JenkinsItemEnumerator$$FastClassByGuice$$77a571a0
9683:             1             16  jenkins.scm.api.SCMSource$1
9684:             1             16  jenkins.scm.api.SCMSourceOwners$JenkinsItemEnumerator$$FastClassByGuice$$259c91e4
9685:             1             16  jenkins.scm.api.metadata.PrimaryInstanceMetadataAction
9686:             1             16  jenkins.scm.api.mixin.internal.com.cloudbees.jenkins.plugins.bitbucket.PullRequestSCMHead
9687:             1             16  jenkins.scm.impl.SCM2Notifier
9688:             1             16  jenkins.scm.impl.SCM2Notifier$$FastClassByGuice$$8333b6e0
9689:             1             16  jenkins.scm.impl.SCM2TransientActionFactory
9690:             1             16  jenkins.scm.impl.SCM2TransientActionFactory$$FastClassByGuice$$597bcf44
9691:             1             16  jenkins.scm.impl.SCMTriggerListener$$FastClassByGuice$$a1d31b54
9692:             1             16  jenkins.scm.impl.SingleSCMNavigator$DescriptorImpl$$FastClassByGuice$$ee77aecc
9693:             1             16  jenkins.scm.impl.SingleSCMSource$DescriptorImpl$$FastClassByGuice$$6e180568
9694:             1             16  jenkins.scm.impl.avatars.AvatarCache$$FastClassByGuice$$b50b09f0
9695:             1             16  jenkins.scm.impl.subversion.SubversionSCMFileSystem$BuilderImpl
9696:             1             16  jenkins.scm.impl.subversion.SubversionSCMFileSystem$BuilderImpl$$FastClassByGuice$$b3dc7d36
9697:             1             16  jenkins.scm.impl.subversion.SubversionSCMSource$DescriptorImpl$$FastClassByGuice$$1d447624
9698:             1             16  jenkins.scm.impl.subversion.SubversionSCMSource$ListenerImpl$$FastClassByGuice$$f8d8b629
9699:             1             16  jenkins.scm.impl.subversion.SubversionStep$DescriptorImpl$$FastClassByGuice$$d3b6313e
9700:             1             16  jenkins.scm.impl.trait.RegexSCMHeadFilterTrait$DescriptorImpl$$FastClassByGuice$$94215378
9701:             1             16  jenkins.scm.impl.trait.RegexSCMSourceFilterTrait$DescriptorImpl$$FastClassByGuice$$86e2a733
9702:             1             16  jenkins.scm.impl.trait.WildcardSCMHeadFilterTrait$DescriptorImpl$$FastClassByGuice$$9b02ed9b
9703:             1             16  jenkins.scm.impl.trait.WildcardSCMSourceFilterTrait$DescriptorImpl$$FastClassByGuice$$5bc64496
9704:             1             16  jenkins.security.ApiCrumbExclusion
9705:             1             16  jenkins.security.ApiCrumbExclusion$$FastClassByGuice$$4438bfb7
9706:             1             16  jenkins.security.ApiTokenProperty$DescriptorImpl$$FastClassByGuice$$36ae8169
9707:             1             16  jenkins.security.BasicHeaderApiTokenAuthenticator
9708:             1             16  jenkins.security.BasicHeaderApiTokenAuthenticator$$FastClassByGuice$$1d17c3ef
9709:             1             16  jenkins.security.BasicHeaderRealPasswordAuthenticator
9710:             1             16  jenkins.security.BasicHeaderRealPasswordAuthenticator$$FastClassByGuice$$de8fe655
9711:             1             16  jenkins.security.ClassFilterImpl$$Lambda$133/1004585445
9712:             1             16  jenkins.security.ClassFilterImpl$$Lambda$52/1088631845
9713:             1             16  jenkins.security.CustomClassFilter$Contributed
9714:             1             16  jenkins.security.CustomClassFilter$Contributed$$FastClassByGuice$$9886fb1c
9715:             1             16  jenkins.security.CustomClassFilter$Static
9716:             1             16  jenkins.security.CustomClassFilter$Static$$FastClassByGuice$$b24353c9
9717:             1             16  jenkins.security.FrameOptionsPageDecorator$$FastClassByGuice$$b7731065
9718:             1             16  jenkins.security.ImpersonatingUserDetailsService
9719:             1             16  jenkins.security.LastGrantedAuthoritiesProperty$DescriptorImpl$$FastClassByGuice$$d64ec8ac
9720:             1             16  jenkins.security.LastGrantedAuthoritiesProperty$SecurityListenerImpl
9721:             1             16  jenkins.security.LastGrantedAuthoritiesProperty$SecurityListenerImpl$$FastClassByGuice$$7097e911
9722:             1             16  jenkins.security.QueueItemAuthenticatorConfiguration$$FastClassByGuice$$25503791
9723:             1             16  jenkins.security.QueueItemAuthenticatorConfiguration$ProviderImpl
9724:             1             16  jenkins.security.QueueItemAuthenticatorConfiguration$ProviderImpl$$FastClassByGuice$$cd91604
9725:             1             16  jenkins.security.QueueItemAuthenticatorMonitor
9726:             1             16  jenkins.security.QueueItemAuthenticatorMonitor$$FastClassByGuice$$76ce5035
9727:             1             16  jenkins.security.QueueItemAuthenticatorMonitor$QueueListenerImpl
9728:             1             16  jenkins.security.QueueItemAuthenticatorMonitor$QueueListenerImpl$$FastClassByGuice$$2bbf15d6
9729:             1             16  jenkins.security.RedactSecretJsonInErrorMessageSanitizer
9730:             1             16  jenkins.security.RekeySecretAdminMonitor$$FastClassByGuice$$34f483b1
9731:             1             16  jenkins.security.ResourceDomainConfiguration$$FastClassByGuice$$c4f2c40e
9732:             1             16  jenkins.security.ResourceDomainFilter
9733:             1             16  jenkins.security.ResourceDomainRecommendation
9734:             1             16  jenkins.security.ResourceDomainRecommendation$$FastClassByGuice$$a8dad3a1
9735:             1             16  jenkins.security.ResourceDomainRootAction
9736:             1             16  jenkins.security.ResourceDomainRootAction$$FastClassByGuice$$ff0b01a0
9737:             1             16  jenkins.security.SecureRequester$Default$$FastClassByGuice$$c65717ac
9738:             1             16  jenkins.security.SuspiciousRequestFilter
9739:             1             16  jenkins.security.UpdateSiteWarningsConfiguration$$FastClassByGuice$$e5bef779
9740:             1             16  jenkins.security.UpdateSiteWarningsMonitor
9741:             1             16  jenkins.security.UpdateSiteWarningsMonitor$$FastClassByGuice$$e1a51e1d
9742:             1             16  jenkins.security.UserDetailsCache$$FastClassByGuice$$be7513a1
9743:             1             16  jenkins.security.apitoken.ApiTokenPropertyConfiguration$$FastClassByGuice$$f7f0e9e9
9744:             1             16  jenkins.security.apitoken.ApiTokenPropertyDisabledDefaultAdministrativeMonitor
9745:             1             16  jenkins.security.apitoken.ApiTokenPropertyDisabledDefaultAdministrativeMonitor$$FastClassByGuice$$dc1f06d4
9746:             1             16  jenkins.security.apitoken.ApiTokenPropertyEnabledNewLegacyAdministrativeMonitor
9747:             1             16  jenkins.security.apitoken.ApiTokenPropertyEnabledNewLegacyAdministrativeMonitor$$FastClassByGuice$$7ba8fdd7
9748:             1             16  jenkins.security.apitoken.ApiTokenStats$SingleTokenStats$$Lambda$319/578657925
9749:             1             16  jenkins.security.apitoken.ApiTokenStats$SingleTokenStats$$Lambda$321/245490834
9750:             1             16  jenkins.security.apitoken.ApiTokenStore$$Lambda$196/430515871
9751:             1             16  jenkins.security.apitoken.LegacyApiTokenAdministrativeMonitor
9752:             1             16  jenkins.security.apitoken.LegacyApiTokenAdministrativeMonitor$$FastClassByGuice$$14dd208b
9753:             1             16  jenkins.security.apitoken.LegacyApiTokenAdministrativeMonitor$$Lambda$466/1255121214
9754:             1             16  jenkins.security.csrf.CSRFAdministrativeMonitor
9755:             1             16  jenkins.security.csrf.CSRFAdministrativeMonitor$$FastClassByGuice$$d5c46074
9756:             1             16  jenkins.security.plugins.ldap.FromGroupSearchLDAPGroupMembershipStrategy$DescriptorImpl$$FastClassByGuice$$5ae48b0c
9757:             1             16  jenkins.security.plugins.ldap.FromUserRecordLDAPGroupMembershipStrategy$DescriptorImpl$$FastClassByGuice$$ae335d3b
9758:             1             16  jenkins.security.plugins.ldap.LDAPConfiguration$LDAPConfigurationDescriptor$$FastClassByGuice$$e6c56406
9759:             1             16  jenkins.security.s2m.AdminCallableMonitor$$FastClassByGuice$$777981c9
9760:             1             16  jenkins.security.s2m.AdminCallableWhitelist$$FastClassByGuice$$7c15a4f6
9761:             1             16  jenkins.security.s2m.AdminFilePathFilter$ChannelConfiguratorImpl
9762:             1             16  jenkins.security.s2m.AdminFilePathFilter$ChannelConfiguratorImpl$$FastClassByGuice$$383db4c6
9763:             1             16  jenkins.security.s2m.AdminWhitelistRule$$FastClassByGuice$$5cdd1ea
9764:             1             16  jenkins.security.s2m.CallableDirectionChecker$ChannelConfiguratorImpl
9765:             1             16  jenkins.security.s2m.CallableDirectionChecker$ChannelConfiguratorImpl$$FastClassByGuice$$171609f8
9766:             1             16  jenkins.security.s2m.CallableDirectionChecker$DefaultWhitelist$$FastClassByGuice$$53f07f26
9767:             1             16  jenkins.security.s2m.DefaultFilePathFilter
9768:             1             16  jenkins.security.s2m.DefaultFilePathFilter$$FastClassByGuice$$95b41264
9769:             1             16  jenkins.security.s2m.MasterKillSwitchConfiguration$$FastClassByGuice$$56f61e4c
9770:             1             16  jenkins.security.s2m.MasterKillSwitchWarning$$FastClassByGuice$$32ff9172
9771:             1             16  jenkins.security.seed.UserSeedProperty$DescriptorImpl$$FastClassByGuice$$378dcb9b
9772:             1             16  jenkins.security.seed.UserSeedSecurityListener
9773:             1             16  jenkins.security.seed.UserSeedSecurityListener$$FastClassByGuice$$40845017
9774:             1             16  jenkins.security.stapler.DoActionFilter
9775:             1             16  jenkins.security.stapler.StaplerDispatchValidator
9776:             1             16  jenkins.security.stapler.StaplerFilteredActionListener
9777:             1             16  jenkins.security.stapler.StaticRoutingDecisionProvider$$FastClassByGuice$$a53f4b0a
9778:             1             16  jenkins.security.stapler.StaticRoutingDecisionProvider$$Lambda$403/957438135
9779:             1             16  jenkins.security.stapler.TypedFilter
9780:             1             16  jenkins.security.stapler.WebMethodConstants$$Lambda$405/1960677086
9781:             1             16  jenkins.security.stapler.WebMethodConstants$$Lambda$406/1235494615
9782:             1             16  jenkins.security.stapler.WebMethodConstants$$Lambda$407/2005115118
9783:             1             16  jenkins.slaves.DefaultJnlpSlaveReceiver
9784:             1             16  jenkins.slaves.DefaultJnlpSlaveReceiver$$FastClassByGuice$$cd1d72d7
9785:             1             16  jenkins.slaves.IOHubProvider
9786:             1             16  jenkins.slaves.IOHubProvider$$FastClassByGuice$$2ffec646
9787:             1             16  jenkins.slaves.JnlpAgentReceiver$JnlpAgentDatabase
9788:             1             16  jenkins.slaves.NioChannelSelector$$FastClassByGuice$$55ecdbe8
9789:             1             16  jenkins.slaves.RemotingWorkDirSettings$DescriptorImpl$$FastClassByGuice$$83f09b91
9790:             1             16  jenkins.slaves.StandardOutputSwapper
9791:             1             16  jenkins.slaves.StandardOutputSwapper$$FastClassByGuice$$f9f6b5d2
9792:             1             16  jenkins.slaves.restarter.JnlpSlaveRestarterInstaller
9793:             1             16  jenkins.slaves.restarter.JnlpSlaveRestarterInstaller$$FastClassByGuice$$da7b5e6f
9794:             1             16  jenkins.slaves.restarter.UnixSlaveRestarter
9795:             1             16  jenkins.slaves.restarter.UnixSlaveRestarter$$FastClassByGuice$$981214d9
9796:             1             16  jenkins.slaves.restarter.WinswSlaveRestarter
9797:             1             16  jenkins.slaves.restarter.WinswSlaveRestarter$$FastClassByGuice$$cc390179
9798:             1             16  jenkins.slaves.systemInfo.ClassLoaderStatisticsSlaveInfo$$FastClassByGuice$$ae8448e
9799:             1             16  jenkins.slaves.systemInfo.EnvVarsSlaveInfo$$FastClassByGuice$$d2795fa3
9800:             1             16  jenkins.slaves.systemInfo.SystemPropertySlaveInfo$$FastClassByGuice$$5057294a
9801:             1             16  jenkins.slaves.systemInfo.ThreadDumpSlaveInfo$$FastClassByGuice$$dc5c0d10
9802:             1             16  jenkins.tasks.SimpleBuildStep$LastBuildActionFactory
9803:             1             16  jenkins.tasks.SimpleBuildStep$LastBuildActionFactory$$FastClassByGuice$$c19a1390
9804:             1             16  jenkins.telemetry.Correlator$$FastClassByGuice$$5678e8d6
9805:             1             16  jenkins.telemetry.Telemetry$TelemetryReporter$$FastClassByGuice$$ff94f762
9806:             1             16  jenkins.telemetry.Telemetry$TelemetryReporter$$Lambda$677/509665160
9807:             1             16  jenkins.telemetry.impl.SecuritySystemProperties
9808:             1             16  jenkins.telemetry.impl.SecuritySystemProperties$$FastClassByGuice$$57e743a3
9809:             1             16  jenkins.telemetry.impl.StaplerDispatches
9810:             1             16  jenkins.telemetry.impl.StaplerDispatches$$FastClassByGuice$$862becf0
9811:             1             16  jenkins.telemetry.impl.StaplerDispatches$StaplerTrace
9812:             1             16  jenkins.telemetry.impl.UserLanguages
9813:             1             16  jenkins.telemetry.impl.UserLanguages$$FastClassByGuice$$87516baf
9814:             1             16  jenkins.telemetry.impl.UserLanguages$AcceptLanguageFilter
9815:             1             16  jenkins.telemetry.impl.java11.MissingClassTelemetry
9816:             1             16  jenkins.telemetry.impl.java11.MissingClassTelemetry$$FastClassByGuice$$61e22dbc
9817:             1             16  jenkins.tools.GlobalToolConfiguration
9818:             1             16  jenkins.tools.GlobalToolConfiguration$$FastClassByGuice$$4c5dde70
9819:             1             16  jenkins.tools.GlobalToolConfiguration$$Lambda$143/956989472
9820:             1             16  jenkins.tools.ToolConfigurationCategory
9821:             1             16  jenkins.tools.ToolConfigurationCategory$$FastClassByGuice$$86c039b1
9822:             1             16  jenkins.triggers.ReverseBuildTrigger$DescriptorImpl$$FastClassByGuice$$ed76e682
9823:             1             16  jenkins.triggers.ReverseBuildTrigger$ItemListenerImpl
9824:             1             16  jenkins.triggers.ReverseBuildTrigger$ItemListenerImpl$$FastClassByGuice$$141eaf3a
9825:             1             16  jenkins.triggers.ReverseBuildTrigger$RunListenerImpl$$FastClassByGuice$$b08db52c
9826:             1             16  jenkins.triggers.ReverseBuildTrigger$RunListenerImpl$$Lambda$506/632080008
9827:             1             16  jenkins.util.AntClassLoader$$Lambda$128/798212913
9828:             1             16  jenkins.util.AtmostOneTaskExecutor$1
9829:             1             16  jenkins.util.SystemProperties$$Lambda$20/17037394
9830:             1             16  jenkins.util.SystemProperties$AgentCopier
9831:             1             16  jenkins.util.SystemProperties$AgentCopier$$FastClassByGuice$$dd370089
9832:             1             16  jenkins.util.SystemProperties$Listener
9833:             1             16  jenkins.util.SystemProperties$Listener$$Lambda$22/843467284
9834:             1             16  jenkins.util.TimeDuration$StaplerConverterImpl
9835:             1             16  jenkins.util.io.PathRemover$PathChecker$$Lambda$75/509334763
9836:             1             16  jenkins.util.io.PathRemover$PausingGCRetryStrategy$$Lambda$76/1441092779
9837:             1             16  jenkins.websocket.WebSocketEcho
9838:             1             16  jenkins.websocket.WebSocketEcho$$FastClassByGuice$$7fd2376d
9839:             1             16  jenkins.websocket.WebSockets$$FastClassByGuice$$1a29784b
9840:             1             16  jenkins.widgets.BuildQueueWidget
9841:             1             16  jenkins.widgets.BuildQueueWidget$$FastClassByGuice$$70da671e
9842:             1             16  jenkins.widgets.ExecutorsWidget
9843:             1             16  jenkins.widgets.ExecutorsWidget$$FastClassByGuice$$e183edcd
9844:             1             16  jp.ikedam.jenkins.plugins.extensible_choice_parameter.ChoiceWatchQueueDecisionHandler
9845:             1             16  jp.ikedam.jenkins.plugins.extensible_choice_parameter.ChoiceWatchQueueDecisionHandler$$FastClassByGuice$$42321c6d
9846:             1             16  jp.ikedam.jenkins.plugins.extensible_choice_parameter.ChoiceWatchRunListener
9847:             1             16  jp.ikedam.jenkins.plugins.extensible_choice_parameter.ChoiceWatchRunListener$$FastClassByGuice$$cc69c86f
9848:             1             16  jp.ikedam.jenkins.plugins.extensible_choice_parameter.ExtensibleChoiceParameterDefinition$DescriptorImpl$$FastClassByGuice$$5788e351
9849:             1             16  jp.ikedam.jenkins.plugins.extensible_choice_parameter.ExtensibleChoiceParameterDefinition$DescriptorVisibilityFilterImpl
9850:             1             16  jp.ikedam.jenkins.plugins.extensible_choice_parameter.ExtensibleChoiceParameterDefinition$DescriptorVisibilityFilterImpl$$FastClassByGuice$$9e5f359b
9851:             1             16  jp.ikedam.jenkins.plugins.extensible_choice_parameter.FilenameChoiceListProvider$DescriptorImpl$$FastClassByGuice$$5ab909de
9852:             1             16  jp.ikedam.jenkins.plugins.extensible_choice_parameter.GlobalTextareaChoiceListEntry$DescriptorImpl$$FastClassByGuice$$46f20ebb
9853:             1             16  jp.ikedam.jenkins.plugins.extensible_choice_parameter.GlobalTextareaChoiceListProvider$DescriptorImpl$$FastClassByGuice$$10b22528
9854:             1             16  jp.ikedam.jenkins.plugins.extensible_choice_parameter.SystemGroovyChoiceListProvider$DescriptorImpl$$FastClassByGuice$$42a1b288
9855:             1             16  jp.ikedam.jenkins.plugins.extensible_choice_parameter.TextareaChoiceListProvider$DescriptorImpl$$FastClassByGuice$$5c4e570b
9856:             1             16  net.i2p.crypto.eddsa.EdDSAEngine$OneShotSpec
9857:             1             16  net.i2p.crypto.eddsa.math.ed25519.Ed25519LittleEndianEncoding
9858:             1             16  net.i2p.crypto.eddsa.math.ed25519.Ed25519ScalarOps
9859:             1             16  net.minidev.json.JStylerObj$Escape4Web
9860:             1             16  net.minidev.json.JStylerObj$EscapeLT
9861:             1             16  net.minidev.json.JStylerObj$MPAgressive
9862:             1             16  net.minidev.json.JStylerObj$MPSimple
9863:             1             16  net.minidev.json.JStylerObj$MPTrue
9864:             1             16  net.minidev.json.reader.ArrayWriter
9865:             1             16  net.minidev.json.reader.BeansWriter
9866:             1             16  net.minidev.json.reader.BeansWriterASM
9867:             1             16  net.minidev.json.reader.JsonWriter$1
9868:             1             16  net.minidev.json.reader.JsonWriter$10
9869:             1             16  net.minidev.json.reader.JsonWriter$11
9870:             1             16  net.minidev.json.reader.JsonWriter$12
9871:             1             16  net.minidev.json.reader.JsonWriter$13
9872:             1             16  net.minidev.json.reader.JsonWriter$14
9873:             1             16  net.minidev.json.reader.JsonWriter$15
9874:             1             16  net.minidev.json.reader.JsonWriter$16
9875:             1             16  net.minidev.json.reader.JsonWriter$17
9876:             1             16  net.minidev.json.reader.JsonWriter$18
9877:             1             16  net.minidev.json.reader.JsonWriter$2
9878:             1             16  net.minidev.json.reader.JsonWriter$3
9879:             1             16  net.minidev.json.reader.JsonWriter$4
9880:             1             16  net.minidev.json.reader.JsonWriter$5
9881:             1             16  net.minidev.json.reader.JsonWriter$6
9882:             1             16  net.minidev.json.reader.JsonWriter$7
9883:             1             16  net.minidev.json.reader.JsonWriter$8
9884:             1             16  net.minidev.json.reader.JsonWriter$9
9885:             1             16  net.minidev.json.writer.ArraysMapper$1
9886:             1             16  net.minidev.json.writer.ArraysMapper$10
9887:             1             16  net.minidev.json.writer.ArraysMapper$11
9888:             1             16  net.minidev.json.writer.ArraysMapper$12
9889:             1             16  net.minidev.json.writer.ArraysMapper$13
9890:             1             16  net.minidev.json.writer.ArraysMapper$14
9891:             1             16  net.minidev.json.writer.ArraysMapper$15
9892:             1             16  net.minidev.json.writer.ArraysMapper$16
9893:             1             16  net.minidev.json.writer.ArraysMapper$2
9894:             1             16  net.minidev.json.writer.ArraysMapper$3
9895:             1             16  net.minidev.json.writer.ArraysMapper$4
9896:             1             16  net.minidev.json.writer.ArraysMapper$5
9897:             1             16  net.minidev.json.writer.ArraysMapper$6
9898:             1             16  net.minidev.json.writer.ArraysMapper$7
9899:             1             16  net.minidev.json.writer.ArraysMapper$8
9900:             1             16  net.minidev.json.writer.ArraysMapper$9
9901:             1             16  net.minidev.json.writer.BeansMapper$1
9902:             1             16  net.minidev.json.writer.DefaultMapper
9903:             1             16  net.minidev.json.writer.DefaultMapperOrdered
9904:             1             16  net.oauth.SimpleOAuthValidator$$FastClassByGuice$$5a143ab5
9905:             1             16  net.sf.ezmorph.MorpherRegistry
9906:             1             16  net.sf.ezmorph.object.ClassMorpher
9907:             1             16  net.sf.ezmorph.object.IdentityObjectMorpher
9908:             1             16  net.sf.ezmorph.object.StringMorpher
9909:             1             16  net.sf.json.AbstractJSON$1
9910:             1             16  net.sf.json.AbstractJSON$2
9911:             1             16  net.sf.json.AbstractJSON$CycleSet
9912:             1             16  net.sf.json.JSONNull
9913:             1             16  net.sf.json.processors.DefaultDefaultValueProcessor
9914:             1             16  net.sf.json.processors.DefaultValueProcessorMatcher$DefaultDefaultValueProcessorMatcher
9915:             1             16  net.sf.json.processors.JsonBeanProcessorMatcher$DefaultJsonBeanProcessorMatcher
9916:             1             16  net.sf.json.processors.JsonValueProcessorMatcher$DefaultJsonValueProcessorMatcher
9917:             1             16  net.sf.json.processors.PropertyNameProcessorMatcher$DefaultPropertyNameProcessorMatcher
9918:             1             16  net.sf.json.regexp.JdkRegexpMatcher
9919:             1             16  net.sf.json.util.CycleDetectionStrategy$LenientCycleDetectionStrategy
9920:             1             16  net.sf.json.util.CycleDetectionStrategy$LenientNoRefCycleDetectionStrategy
9921:             1             16  net.sf.json.util.CycleDetectionStrategy$StrictCycleDetectionStrategy
9922:             1             16  net.sf.json.util.JavaIdentifierTransformer$CamelCaseJavaIdentifierTransformer
9923:             1             16  net.sf.json.util.JavaIdentifierTransformer$NoopJavaIdentifierTransformer
9924:             1             16  net.sf.json.util.JavaIdentifierTransformer$StrictJavaIdentifierTransformer
9925:             1             16  net.sf.json.util.JavaIdentifierTransformer$UnderscoreJavaIdentifierTransformer
9926:             1             16  net.sf.json.util.JavaIdentifierTransformer$WhiteSpaceJavaIdentifierTransformer
9927:             1             16  net.sf.json.util.NewBeanInstanceStrategy$DefaultNewBeanInstanceStrategy
9928:             1             16  net.sf.json.util.PropertyExclusionClassMatcher$DefaultPropertyExclusionClassMatcher
9929:             1             16  net.sf.json.util.PropertySetStrategy$DefaultPropertySetStrategy
9930:             1             16  net.sf.saxon.Configuration$$Lambda$454/2066826954
9931:             1             16  net.sf.saxon.dom.DOMEnvelope
9932:             1             16  net.sf.saxon.dom.DOMObjectModel
9933:             1             16  net.sf.saxon.java.JavaPlatform
9934:             1             16  net.sf.saxon.lib.StandardCollationURIResolver
9935:             1             16  net.sf.saxon.lib.StandardEntityResolver
9936:             1             16  net.sf.saxon.lib.StandardOutputResolver
9937:             1             16  net.sf.saxon.om.TreeModel$LinkedTree
9938:             1             16  net.sf.saxon.om.TreeModel$TinyTree
9939:             1             16  net.sf.saxon.om.TreeModel$TinyTreeCondensed
9940:             1             16  net.sf.saxon.resource.BinaryResource$1
9941:             1             16  net.sf.saxon.resource.JSONResource$1
9942:             1             16  net.sf.saxon.resource.UnparsedTextResource$1
9943:             1             16  net.sf.saxon.resource.XmlResource$1
9944:             1             16  net.sf.saxon.serialize.HexCharacterReferenceGenerator
9945:             1             16  net.sf.saxon.serialize.charcode.ASCIICharacterSet
9946:             1             16  net.sf.saxon.serialize.charcode.ISO88591CharacterSet
9947:             1             16  net.sf.saxon.serialize.charcode.UTF16CharacterSet
9948:             1             16  net.sf.saxon.serialize.charcode.UTF8CharacterSet
9949:             1             16  net.sf.saxon.type.NumericType
9950:             1             16  net.sf.saxon.type.StringConverter$StringToBase64Binary
9951:             1             16  net.sf.saxon.type.StringConverter$StringToBoolean
9952:             1             16  net.sf.saxon.type.StringConverter$StringToDayTimeDuration
9953:             1             16  net.sf.saxon.type.StringConverter$StringToDecimal
9954:             1             16  net.sf.saxon.type.StringConverter$StringToDuration
9955:             1             16  net.sf.saxon.type.StringConverter$StringToGDay
9956:             1             16  net.sf.saxon.type.StringConverter$StringToGMonth
9957:             1             16  net.sf.saxon.type.StringConverter$StringToGMonthDay
9958:             1             16  net.sf.saxon.type.StringConverter$StringToHexBinary
9959:             1             16  net.sf.saxon.type.StringConverter$StringToInteger
9960:             1             16  net.sf.saxon.type.StringConverter$StringToLanguage
9961:             1             16  net.sf.saxon.type.StringConverter$StringToNMTOKEN
9962:             1             16  net.sf.saxon.type.StringConverter$StringToNormalizedString
9963:             1             16  net.sf.saxon.type.StringConverter$StringToString
9964:             1             16  net.sf.saxon.type.StringConverter$StringToTime
9965:             1             16  net.sf.saxon.type.StringConverter$StringToToken
9966:             1             16  net.sf.saxon.type.StringConverter$StringToUntypedAtomic
9967:             1             16  net.sf.saxon.type.StringConverter$StringToYearMonthDuration
9968:             1             16  net.sourceforge.pmd.lang.LanguageRegistry
9969:             1             16  net.sourceforge.pmd.properties.ValueParserConstants$1
9970:             1             16  net.sourceforge.pmd.properties.ValueParserConstants$10
9971:             1             16  net.sourceforge.pmd.properties.ValueParserConstants$11
9972:             1             16  net.sourceforge.pmd.properties.ValueParserConstants$2
9973:             1             16  net.sourceforge.pmd.properties.ValueParserConstants$3
9974:             1             16  net.sourceforge.pmd.properties.ValueParserConstants$4
9975:             1             16  net.sourceforge.pmd.properties.ValueParserConstants$5
9976:             1             16  net.sourceforge.pmd.properties.ValueParserConstants$6
9977:             1             16  net.sourceforge.pmd.properties.ValueParserConstants$7
9978:             1             16  net.sourceforge.pmd.properties.ValueParserConstants$8
9979:             1             16  net.sourceforge.pmd.properties.ValueParserConstants$9
9980:             1             16  net.uaznia.lukanus.hudson.plugins.gitparameter.GitParameterDefinition$DescriptorImpl$$FastClassByGuice$$1d4358ed
9981:             1             16  net.uaznia.lukanus.hudson.plugins.gitparameter.GitParameterRebuild
9982:             1             16  net.uaznia.lukanus.hudson.plugins.gitparameter.GitParameterRebuild$$FastClassByGuice$$aa902888
9983:             1             16  okhttp3.Authenticator$$Lambda$184/808549705
9984:             1             16  okhttp3.Authenticator$$Lambda$343/1229474429
9985:             1             16  okhttp3.Authenticator$1
9986:             1             16  okhttp3.CipherSuite$$Lambda$182/1235988952
9987:             1             16  okhttp3.CipherSuite$$Lambda$341/1683151193
9988:             1             16  okhttp3.CipherSuite$1
9989:             1             16  okhttp3.ConnectionPool
9990:             1             16  okhttp3.ConnectionPool
9991:             1             16  okhttp3.CookieJar$1
9992:             1             16  okhttp3.CookieJar$1
9993:             1             16  okhttp3.CookieJar$1
9994:             1             16  okhttp3.Dns$$Lambda$187/383860886
9995:             1             16  okhttp3.Dns$$Lambda$346/826884097
9996:             1             16  okhttp3.Dns$1
9997:             1             16  okhttp3.EventListener$$Lambda$183/1346342470
9998:             1             16  okhttp3.EventListener$$Lambda$342/176195015
9999:             1             16  okhttp3.EventListener$1
10000:             1             16  okhttp3.EventListener$1
10001:             1             16  okhttp3.EventListener$1
10002:             1             16  okhttp3.Headers
10003:             1             16  okhttp3.Headers
10004:             1             16  okhttp3.OkHttpClient$1
10005:             1             16  okhttp3.OkHttpClient$1
10006:             1             16  okhttp3.OkHttpClient$1
10007:             1             16  okhttp3.internal.Util$$Lambda$181/191101294
10008:             1             16  okhttp3.internal.Util$$Lambda$340/130332016
10009:             1             16  okhttp3.internal.Util$1
10010:             1             16  okhttp3.internal.connection.RealConnectionPool$$Lambda$186/1389834199
10011:             1             16  okhttp3.internal.connection.RealConnectionPool$$Lambda$345/1277720877
10012:             1             16  okhttp3.internal.connection.RouteDatabase
10013:             1             16  okhttp3.internal.connection.RouteDatabase
10014:             1             16  okhttp3.internal.http2.Http2Connection$Listener$1
10015:             1             16  okhttp3.internal.platform.Platform
10016:             1             16  okhttp3.internal.platform.Platform
10017:             1             16  okhttp3.internal.tls.BasicCertificateChainCleaner
10018:             1             16  okhttp3.internal.tls.BasicCertificateChainCleaner
10019:             1             16  okhttp3.internal.tls.BasicTrustRootIndex
10020:             1             16  okhttp3.internal.tls.BasicTrustRootIndex
10021:             1             16  okhttp3.internal.tls.OkHostnameVerifier
10022:             1             16  okhttp3.internal.tls.OkHostnameVerifier
10023:             1             16  okhttp3.internal.tls.OkHostnameVerifier
10024:             1             16  org.acegisecurity.acls.sid.PrincipalSid
10025:             1             16  org.acegisecurity.context.ThreadLocalSecurityContextHolderStrategy
10026:             1             16  org.acegisecurity.ui.basicauth.BasicProcessingFilterEntryPoint
10027:             1             16  org.acegisecurity.ui.rememberme.NullRememberMeServices
10028:             1             16  org.apache.commons.beanutils.DefaultBeanIntrospector
10029:             1             16  org.apache.commons.collections.collection.UnmodifiableCollection
10030:             1             16  org.apache.commons.collections.iterators.EmptyIterator
10031:             1             16  org.apache.commons.compress.archivers.tar.TarUtils$1
10032:             1             16  org.apache.commons.discovery.jdk.JDK12Hooks
10033:             1             16  org.apache.commons.io.input.ClosedInputStream
10034:             1             16  org.apache.commons.io.output.NullOutputStream
10035:             1             16  org.apache.commons.jelly.TagLibrary$1
10036:             1             16  org.apache.commons.jelly.expression.Expression$1
10037:             1             16  org.apache.commons.jelly.expression.jexl.JexlExpressionFactory
10038:             1             16  org.apache.commons.jelly.tags.core.ArgTag$1
10039:             1             16  org.apache.commons.jelly.tags.core.ArgTag$2
10040:             1             16  org.apache.commons.jelly.tags.core.ArgTag$3
10041:             1             16  org.apache.commons.jelly.tags.core.ArgTag$4
10042:             1             16  org.apache.commons.jelly.tags.core.ArgTag$5
10043:             1             16  org.apache.commons.jelly.tags.core.ArgTag$6
10044:             1             16  org.apache.commons.jexl.ExpressionFactory
10045:             1             16  org.apache.commons.jexl.util.introspection.ClassMap$MethodCache$CacheMiss
10046:             1             16  org.apache.commons.jexl.util.introspection.UberspectImpl
10047:             1             16  org.apache.commons.lang.ObjectUtils$Null
10048:             1             16  org.apache.commons.lang.time.FastDateFormat$StringLiteral
10049:             1             16  org.apache.commons.lang.time.FastDateFormat$TwoDigitMonthField
10050:             1             16  org.apache.commons.lang3.ObjectUtils$Null
10051:             1             16  org.apache.commons.lang3.StringEscapeUtils$CsvEscaper
10052:             1             16  org.apache.commons.lang3.StringEscapeUtils$CsvUnescaper
10053:             1             16  org.apache.commons.lang3.text.translate.OctalUnescaper
10054:             1             16  org.apache.commons.lang3.text.translate.UnicodeUnescaper
10055:             1             16  org.apache.commons.lang3.time.FastDateFormat$1
10056:             1             16  org.apache.commons.lang3.time.FastDateParser$1
10057:             1             16  org.apache.commons.lang3.time.FastDateParser$2
10058:             1             16  org.apache.commons.lang3.time.FastDateParser$3
10059:             1             16  org.apache.commons.lang3.time.FastDateParser$4
10060:             1             16  org.apache.commons.lang3.time.FastDateParser$5
10061:             1             16  org.apache.commons.lang3.time.FastDateParser$6
10062:             1             16  org.apache.commons.text.lookup.Base64DecoderStringLookup
10063:             1             16  org.apache.commons.text.lookup.Base64EncoderStringLookup
10064:             1             16  org.apache.commons.text.lookup.ConstantStringLookup
10065:             1             16  org.apache.commons.text.lookup.DateStringLookup
10066:             1             16  org.apache.commons.text.lookup.DnsStringLookup
10067:             1             16  org.apache.commons.text.lookup.EnvironmentVariableStringLookup
10068:             1             16  org.apache.commons.text.lookup.FileStringLookup
10069:             1             16  org.apache.commons.text.lookup.JavaPlatformStringLookup
10070:             1             16  org.apache.commons.text.lookup.LocalHostStringLookup
10071:             1             16  org.apache.commons.text.lookup.MapStringLookup
10072:             1             16  org.apache.commons.text.lookup.PropertiesStringLookup
10073:             1             16  org.apache.commons.text.lookup.ResourceBundleStringLookup
10074:             1             16  org.apache.commons.text.lookup.ScriptStringLookup
10075:             1             16  org.apache.commons.text.lookup.StringLookupFactory
10076:             1             16  org.apache.commons.text.lookup.SystemPropertyStringLookup
10077:             1             16  org.apache.commons.text.lookup.UrlDecoderStringLookup
10078:             1             16  org.apache.commons.text.lookup.UrlEncoderStringLookup
10079:             1             16  org.apache.commons.text.lookup.UrlStringLookup
10080:             1             16  org.apache.commons.text.lookup.XmlStringLookup
10081:             1             16  org.apache.commons.text.matcher.AbstractStringMatcher$NoMatcher
10082:             1             16  org.apache.commons.text.matcher.AbstractStringMatcher$TrimMatcher
10083:             1             16  org.apache.commons.text.matcher.StringMatcherFactory
10084:             1             16  org.apache.http.auth.BasicUserPrincipal
10085:             1             16  org.apache.http.client.entity.DeflateInputStreamFactory
10086:             1             16  org.apache.http.client.entity.DeflateInputStreamFactory
10087:             1             16  org.apache.http.client.entity.GZIPInputStreamFactory
10088:             1             16  org.apache.http.client.entity.GZIPInputStreamFactory
10089:             1             16  org.apache.http.client.protocol.RequestAcceptEncoding
10090:             1             16  org.apache.http.client.protocol.RequestAddCookies
10091:             1             16  org.apache.http.client.protocol.RequestAuthCache
10092:             1             16  org.apache.http.client.protocol.RequestClientConnControl
10093:             1             16  org.apache.http.client.protocol.RequestDefaultHeaders
10094:             1             16  org.apache.http.client.protocol.RequestExpectContinue
10095:             1             16  org.apache.http.client.protocol.ResponseProcessCookies
10096:             1             16  org.apache.http.conn.routing.BasicRouteDirector
10097:             1             16  org.apache.http.conn.socket.PlainConnectionSocketFactory
10098:             1             16  org.apache.http.conn.socket.PlainConnectionSocketFactory
10099:             1             16  org.apache.http.conn.ssl.AllowAllHostnameVerifier
10100:             1             16  org.apache.http.conn.ssl.AllowAllHostnameVerifier
10101:             1             16  org.apache.http.conn.ssl.BrowserCompatHostnameVerifier
10102:             1             16  org.apache.http.conn.ssl.BrowserCompatHostnameVerifier
10103:             1             16  org.apache.http.conn.ssl.StrictHostnameVerifier
10104:             1             16  org.apache.http.conn.ssl.StrictHostnameVerifier
10105:             1             16  org.apache.http.cookie.CookieIdentityComparator
10106:             1             16  org.apache.http.impl.DefaultConnectionReuseStrategy
10107:             1             16  org.apache.http.impl.DefaultConnectionReuseStrategy
10108:             1             16  org.apache.http.impl.DefaultHttpResponseFactory
10109:             1             16  org.apache.http.impl.DefaultHttpResponseFactory
10110:             1             16  org.apache.http.impl.EnglishReasonPhraseCatalog
10111:             1             16  org.apache.http.impl.EnglishReasonPhraseCatalog
10112:             1             16  org.apache.http.impl.auth.BasicSchemeFactory
10113:             1             16  org.apache.http.impl.auth.DigestSchemeFactory
10114:             1             16  org.apache.http.impl.auth.HttpAuthenticator
10115:             1             16  org.apache.http.impl.auth.KerberosSchemeFactory
10116:             1             16  org.apache.http.impl.auth.NTLMSchemeFactory
10117:             1             16  org.apache.http.impl.auth.SPNegoSchemeFactory
10118:             1             16  org.apache.http.impl.client.BasicCredentialsProvider
10119:             1             16  org.apache.http.impl.client.DefaultClientConnectionReuseStrategy
10120:             1             16  org.apache.http.impl.client.DefaultClientConnectionReuseStrategy
10121:             1             16  org.apache.http.impl.client.DefaultConnectionKeepAliveStrategy
10122:             1             16  org.apache.http.impl.client.DefaultConnectionKeepAliveStrategy
10123:             1             16  org.apache.http.impl.client.DefaultRedirectStrategy
10124:             1             16  org.apache.http.impl.client.DefaultUserTokenHandler
10125:             1             16  org.apache.http.impl.client.DefaultUserTokenHandler
10126:             1             16  org.apache.http.impl.conn.DefaultRoutePlanner
10127:             1             16  org.apache.http.impl.conn.DefaultSchemePortResolver
10128:             1             16  org.apache.http.impl.conn.DefaultSchemePortResolver
10129:             1             16  org.apache.http.impl.conn.SystemDefaultDnsResolver
10130:             1             16  org.apache.http.impl.conn.SystemDefaultDnsResolver
10131:             1             16  org.apache.http.impl.cookie.BasicDomainHandler
10132:             1             16  org.apache.http.impl.cookie.BasicExpiresHandler
10133:             1             16  org.apache.http.impl.cookie.IgnoreSpecProvider
10134:             1             16  org.apache.http.impl.cookie.NetscapeDraftSpec
10135:             1             16  org.apache.http.impl.cookie.RFC2109DomainHandler
10136:             1             16  org.apache.http.impl.cookie.RFC2109VersionHandler
10137:             1             16  org.apache.http.impl.cookie.RFC2965CommentUrlAttributeHandler
10138:             1             16  org.apache.http.impl.cookie.RFC2965DiscardAttributeHandler
10139:             1             16  org.apache.http.impl.cookie.RFC2965DomainAttributeHandler
10140:             1             16  org.apache.http.impl.cookie.RFC2965PortAttributeHandler
10141:             1             16  org.apache.http.impl.cookie.RFC2965VersionAttributeHandler
10142:             1             16  org.apache.http.impl.entity.LaxContentLengthStrategy
10143:             1             16  org.apache.http.impl.entity.LaxContentLengthStrategy
10144:             1             16  org.apache.http.impl.entity.StrictContentLengthStrategy
10145:             1             16  org.apache.http.impl.entity.StrictContentLengthStrategy
10146:             1             16  org.apache.http.impl.io.DefaultHttpRequestWriterFactory
10147:             1             16  org.apache.http.impl.io.DefaultHttpRequestWriterFactory
10148:             1             16  org.apache.http.impl.io.EmptyInputStream
10149:             1             16  org.apache.http.impl.io.EmptyInputStream
10150:             1             16  org.apache.http.message.TokenParser
10151:             1             16  org.apache.http.message.TokenParser
10152:             1             16  org.apache.http.protocol.HttpRequestExecutor
10153:             1             16  org.apache.http.protocol.RequestContent
10154:             1             16  org.apache.ivy.Ivy$1
10155:             1             16  org.apache.ivy.core.deliver.DeliverEngine
10156:             1             16  org.apache.ivy.core.event.EventManager
10157:             1             16  org.apache.ivy.core.pack.OsgiBundlePacking
10158:             1             16  org.apache.ivy.core.pack.Pack200Packing
10159:             1             16  org.apache.ivy.core.pack.PackagingManager
10160:             1             16  org.apache.ivy.core.pack.PackingRegistry
10161:             1             16  org.apache.ivy.core.pack.ZipPacking
10162:             1             16  org.apache.ivy.core.search.SearchEngine
10163:             1             16  org.apache.ivy.core.sort.SortEngine
10164:             1             16  org.apache.ivy.osgi.core.OsgiLatestStrategy$ArtifactInfoComparator
10165:             1             16  org.apache.ivy.osgi.core.OsgiLatestStrategy$MridComparator
10166:             1             16  org.apache.ivy.plugins.circular.ErrorCircularDependencyStrategy
10167:             1             16  org.apache.ivy.plugins.latest.LatestLexicographicStrategy$1
10168:             1             16  org.apache.ivy.plugins.latest.LatestTimeStrategy$1
10169:             1             16  org.apache.ivy.plugins.lock.FileBasedLockStrategy$CreateFileLocker
10170:             1             16  org.apache.ivy.plugins.matcher.ExactOrRegexpPatternMatcher
10171:             1             16  org.apache.ivy.plugins.matcher.ExactPatternMatcher
10172:             1             16  org.apache.ivy.plugins.matcher.GlobPatternMatcher
10173:             1             16  org.apache.ivy.plugins.matcher.RegexpPatternMatcher
10174:             1             16  org.apache.ivy.plugins.namespace.Namespace$1
10175:             1             16  org.apache.ivy.plugins.namespace.Namespace$2
10176:             1             16  org.apache.ivy.plugins.report.LogReportOutputter
10177:             1             16  org.apache.ivy.plugins.report.XmlReportOutputter
10178:             1             16  org.apache.ivy.plugins.report.XmlReportWriter
10179:             1             16  org.apache.ivy.util.FileResolver$1
10180:             1             16  org.apache.ivy.util.url.BasicURLHandler
10181:             1             16  org.apache.oro.text.GlobCompiler
10182:             1             16  org.apache.sshd.common.util.GenericUtils$$Lambda$144/1105585720
10183:             1             16  org.apache.sshd.common.util.GenericUtils$$Lambda$145/1759369864
10184:             1             16  org.apache.tools.ant.DirectoryScanner$$Lambda$108/1009663101
10185:             1             16  org.apache.tools.ant.DirectoryScanner$$Lambda$109/2076543012
10186:             1             16  org.apache.tools.ant.DirectoryScanner$$Lambda$110/2027322596
10187:             1             16  org.apache.tools.ant.DirectoryScanner$$Lambda$111/41995877
10188:             1             16  org.apache.tools.ant.DirectoryScanner$$Lambda$298/810902008
10189:             1             16  org.apache.tools.ant.DirectoryScanner$$Lambda$632/108959520
10190:             1             16  org.apache.tools.ant.DirectoryScanner$$Lambda$633/1077449488
10191:             1             16  org.apache.tools.ant.DirectoryScanner$$Lambda$634/1856165835
10192:             1             16  org.apache.tools.ant.DirectoryScanner$$Lambda$636/342083245
10193:             1             16  org.apache.tools.ant.DirectoryScanner$$Lambda$637/281507618
10194:             1             16  org.apache.tools.ant.Project$$Lambda$81/2143443595
10195:             1             16  org.apache.tools.ant.PropertyHelper$$Lambda$88/1801778361
10196:             1             16  org.apache.tools.ant.PropertyHelper$$Lambda$89/1435120010
10197:             1             16  org.apache.tools.ant.property.ParseProperties$$Lambda$105/1314396618
10198:             1             16  org.apache.tools.ant.taskdefs.Zip$$Lambda$100/22284619
10199:             1             16  org.apache.tools.ant.taskdefs.Zip$$Lambda$101/480253166
10200:             1             16  org.apache.tools.ant.taskdefs.Zip$$Lambda$102/1893422346
10201:             1             16  org.apache.tools.ant.taskdefs.Zip$$Lambda$117/1222186871
10202:             1             16  org.apache.tools.ant.types.PatternSet$$Lambda$85/634531787
10203:             1             16  org.apache.tools.ant.types.PatternSet$$Lambda$86/1820530048
10204:             1             16  org.apache.tools.ant.types.PatternSet$$Lambda$87/172461477
10205:             1             16  org.apache.tools.ant.types.ZipScanner$$Lambda$112/408150752
10206:             1             16  org.apache.tools.ant.types.ZipScanner$$Lambda$113/506168036
10207:             1             16  org.apache.tools.ant.types.resources.Union$$Lambda$96/1285678625
10208:             1             16  org.apache.tools.ant.types.resources.Union$$Lambda$97/225121975
10209:             1             16  org.apache.tools.ant.types.selectors.SelectorUtils
10210:             1             16  org.apache.tools.ant.util.CompositeMapper$$Lambda$122/268618271
10211:             1             16  org.apache.tools.ant.util.CompositeMapper$$Lambda$124/1471951971
10212:             1             16  org.apache.tools.ant.util.CompositeMapper$$Lambda$125/1374183097
10213:             1             16  org.apache.tools.ant.util.CompositeMapper$$Lambda$126/1777298907
10214:             1             16  org.apache.tools.ant.util.DeweyDecimal
10215:             1             16  org.apache.tools.zip.FallbackZipEncoding
10216:             1             16  org.apache.tools.zip.JarMarker
10217:             1             16  org.apache.tools.zip.ZipEightByteInteger
10218:             1             16  org.apache.tools.zip.ZipFile$$Lambda$82/1715156494
10219:             1             16  org.apache.tools.zip.ZipFile$$Lambda$83/410749241
10220:             1             16  org.apache.xerces.dom.CharacterDataImpl$1
10221:             1             16  org.apache.xerces.impl.XMLEntityManager$1
10222:             1             16  org.apache.xerces.impl.dv.dtd.IDDatatypeValidator
10223:             1             16  org.apache.xerces.impl.dv.dtd.IDREFDatatypeValidator
10224:             1             16  org.apache.xerces.impl.dv.dtd.NMTOKENDatatypeValidator
10225:             1             16  org.apache.xerces.impl.dv.dtd.NOTATIONDatatypeValidator
10226:             1             16  org.apache.xerces.impl.dv.dtd.StringDatatypeValidator
10227:             1             16  org.apache.xerces.impl.dv.dtd.XML11IDDatatypeValidator
10228:             1             16  org.apache.xerces.impl.dv.dtd.XML11IDREFDatatypeValidator
10229:             1             16  org.apache.xerces.impl.dv.dtd.XML11NMTOKENDatatypeValidator
10230:             1             16  org.apache.xerces.jaxp.datatype.DatatypeFactoryImpl
10231:             1             16  org.biouno.unochoice.CascadeChoiceParameter$DescriptImpl$$FastClassByGuice$$a61fa32f
10232:             1             16  org.biouno.unochoice.ChoiceParameter$DescriptImpl$$FastClassByGuice$$57e75b15
10233:             1             16  org.biouno.unochoice.DynamicReferenceParameter$DescriptorImpl$$FastClassByGuice$$6564e923
10234:             1             16  org.biouno.unochoice.model.GroovyScript$DescriptorImpl$$FastClassByGuice$$7372c4a8
10235:             1             16  org.biouno.unochoice.model.ScriptlerScript$DescriptorImpl$$FastClassByGuice$$5cd716ec
10236:             1             16  org.bouncycastle.jcajce.provider.asymmetric.dsa.KeyFactorySpi
10237:             1             16  org.bouncycastle.jcajce.provider.asymmetric.elgamal.KeyFactorySpi
10238:             1             16  org.bouncycastle.jcajce.provider.asymmetric.gost.KeyFactorySpi
10239:             1             16  org.bouncycastle.jcajce.provider.asymmetric.rsa.KeyFactorySpi
10240:             1             16  org.bouncycastle.pqc.jcajce.provider.mceliece.McElieceCCA2KeyFactorySpi
10241:             1             16  org.bouncycastle.pqc.jcajce.provider.mceliece.McElieceKeyFactorySpi
10242:             1             16  org.bouncycastle.pqc.jcajce.provider.newhope.NHKeyFactorySpi
10243:             1             16  org.bouncycastle.pqc.jcajce.provider.rainbow.RainbowKeyFactorySpi
10244:             1             16  org.bouncycastle.pqc.jcajce.provider.sphincs.Sphincs256KeyFactorySpi
10245:             1             16  org.bouncycastle.pqc.jcajce.provider.xmss.XMSSKeyFactorySpi
10246:             1             16  org.bouncycastle.pqc.jcajce.provider.xmss.XMSSMTKeyFactorySpi
10247:             1             16  org.codefirst.SimpleThemeDecorator$$FastClassByGuice$$22d6df59
10248:             1             16  org.codehaus.groovy.ast.tools.WideningCategories$2
10249:             1             16  org.codehaus.groovy.ast.tools.WideningCategories$LowestUpperBoundClassNode$1
10250:             1             16  org.codehaus.groovy.classgen.ReturnAdder$1
10251:             1             16  org.codehaus.groovy.classgen.asm.MopWriter$1
10252:             1             16  org.codehaus.groovy.reflection.CachedClass$CachedMethodComparatorByName
10253:             1             16  org.codehaus.groovy.reflection.CachedClass$CachedMethodComparatorWithString
10254:             1             16  org.codehaus.groovy.reflection.CachedMethod$MyComparator
10255:             1             16  org.codehaus.groovy.reflection.ClassInfo$1
10256:             1             16  org.codehaus.groovy.reflection.ClassInfo$GlobalClassSet
10257:             1             16  org.codehaus.groovy.runtime.NullObject
10258:             1             16  org.codehaus.groovy.runtime.NumberAwareComparator
10259:             1             16  org.codehaus.groovy.runtime.m12n.ExtensionModuleRegistry
10260:             1             16  org.codehaus.groovy.runtime.metaclass.DefaultMetaClassInfo$ConstantMetaClassVersioning
10261:             1             16  org.codehaus.groovy.runtime.metaclass.MetaClassRegistryImpl$1
10262:             1             16  org.codehaus.groovy.runtime.typehandling.BigDecimalMath
10263:             1             16  org.codehaus.groovy.runtime.typehandling.IntegerMath
10264:             1             16  org.codehaus.groovy.runtime.typehandling.LongMath
10265:             1             16  org.codehaus.groovy.transform.stc.StaticTypeCheckingSupport$2
10266:             1             16  org.codehaus.groovy.util.ManagedReference$1
10267:             1             16  org.codehaus.groovy.util.ReferenceManager
10268:             1             16  org.codehaus.groovy.util.ReferenceManager$CallBackedManager
10269:             1             16  org.codehaus.groovy.vmplugin.v7.IndyInterface$1
10270:             1             16  org.codehaus.groovy.vmplugin.v7.Java7
10271:             1             16  org.csanchez.jenkins.plugins.kubernetes.ContainerEnvVar$DescriptorImpl$$FastClassByGuice$$a185f50d
10272:             1             16  org.csanchez.jenkins.plugins.kubernetes.ContainerEnvVar$DescriptorVisibilityFilterImpl
10273:             1             16  org.csanchez.jenkins.plugins.kubernetes.ContainerEnvVar$DescriptorVisibilityFilterImpl$$FastClassByGuice$$d2d94f57
10274:             1             16  org.csanchez.jenkins.plugins.kubernetes.ContainerLivenessProbe$DescriptorImpl$$FastClassByGuice$$206aa952
10275:             1             16  org.csanchez.jenkins.plugins.kubernetes.ContainerTemplate$DescriptorImpl$$FastClassByGuice$$d7efd68d
10276:             1             16  org.csanchez.jenkins.plugins.kubernetes.DefaultInProvisioning$$FastClassByGuice$$b55187de
10277:             1             16  org.csanchez.jenkins.plugins.kubernetes.KubectlBuildWrapper$DescriptorImpl$$FastClassByGuice$$341d0135
10278:             1             16  org.csanchez.jenkins.plugins.kubernetes.KubernetesClientProvider$$Lambda$315/903815425
10279:             1             16  org.csanchez.jenkins.plugins.kubernetes.KubernetesClientProvider$PurgeExpiredKubernetesClients$$FastClassByGuice$$fc93745b
10280:             1             16  org.csanchez.jenkins.plugins.kubernetes.KubernetesClientProvider$SaveableListenerImpl
10281:             1             16  org.csanchez.jenkins.plugins.kubernetes.KubernetesClientProvider$SaveableListenerImpl$$FastClassByGuice$$693d5038
10282:             1             16  org.csanchez.jenkins.plugins.kubernetes.KubernetesClientProvider$UpdateConnectionCount$$FastClassByGuice$$1a9f851b
10283:             1             16  org.csanchez.jenkins.plugins.kubernetes.KubernetesCloud$DescriptorImpl$$FastClassByGuice$$d1dd6ed9
10284:             1             16  org.csanchez.jenkins.plugins.kubernetes.KubernetesCloud$PodTemplateSourceImpl$$FastClassByGuice$$d8ee1030
10285:             1             16  org.csanchez.jenkins.plugins.kubernetes.KubernetesFolderProperty$$Lambda$604/1905825668
10286:             1             16  org.csanchez.jenkins.plugins.kubernetes.KubernetesFolderProperty$$Lambda$605/11018120
10287:             1             16  org.csanchez.jenkins.plugins.kubernetes.KubernetesFolderProperty$DescriptorImpl$$FastClassByGuice$$ed69a0d5
10288:             1             16  org.csanchez.jenkins.plugins.kubernetes.KubernetesSlave$DescriptorImpl$$FastClassByGuice$$be3c32f7
10289:             1             16  org.csanchez.jenkins.plugins.kubernetes.NonConfigurableKubernetesCloud$DescriptorImpl$$FastClassByGuice$$7f264ed5
10290:             1             16  org.csanchez.jenkins.plugins.kubernetes.NonConfigurableKubernetesCloud$FilterImpl
10291:             1             16  org.csanchez.jenkins.plugins.kubernetes.NonConfigurableKubernetesCloud$FilterImpl$$FastClassByGuice$$75d5d5e
10292:             1             16  org.csanchez.jenkins.plugins.kubernetes.OpenShiftTokenCredentialImpl$DescriptorImpl$$FastClassByGuice$$9a71c6c6
10293:             1             16  org.csanchez.jenkins.plugins.kubernetes.PodAnnotation$DescriptorImpl$$FastClassByGuice$$728db4b4
10294:             1             16  org.csanchez.jenkins.plugins.kubernetes.PodEnvVar$DescriptorImpl$$FastClassByGuice$$11abd589
10295:             1             16  org.csanchez.jenkins.plugins.kubernetes.PodEnvVar$DescriptorVisibilityFilterImpl
10296:             1             16  org.csanchez.jenkins.plugins.kubernetes.PodEnvVar$DescriptorVisibilityFilterImpl$$FastClassByGuice$$d86b7d3
10297:             1             16  org.csanchez.jenkins.plugins.kubernetes.PodImagePullSecret$DescriptorImpl$$FastClassByGuice$$fbd2aa13
10298:             1             16  org.csanchez.jenkins.plugins.kubernetes.PodLabel$DescriptorImpl$$FastClassByGuice$$ba24b3af
10299:             1             16  org.csanchez.jenkins.plugins.kubernetes.PodTemplate$DescriptorImpl$$FastClassByGuice$$d61f8809
10300:             1             16  org.csanchez.jenkins.plugins.kubernetes.PodTemplateLabelFilter$$FastClassByGuice$$2f980302
10301:             1             16  org.csanchez.jenkins.plugins.kubernetes.PortMapping$DescriptorImpl$$FastClassByGuice$$eb149f1b
10302:             1             16  org.csanchez.jenkins.plugins.kubernetes.model.KeyValueEnvVar$DescriptorImpl$$FastClassByGuice$$4584b54d
10303:             1             16  org.csanchez.jenkins.plugins.kubernetes.model.SecretEnvVar$DescriptorImpl$$FastClassByGuice$$ed782d2f
10304:             1             16  org.csanchez.jenkins.plugins.kubernetes.pipeline.ContainerLogStep$DescriptorImpl$$FastClassByGuice$$f719972d
10305:             1             16  org.csanchez.jenkins.plugins.kubernetes.pipeline.ContainerStep$DescriptorImpl$$FastClassByGuice$$7598357d
10306:             1             16  org.csanchez.jenkins.plugins.kubernetes.pipeline.KubernetesDeclarativeAgent$DescriptorImpl$$FastClassByGuice$$b59807db
10307:             1             16  org.csanchez.jenkins.plugins.kubernetes.pipeline.KubernetesSamples$Declarative$$FastClassByGuice$$4b61332
10308:             1             16  org.csanchez.jenkins.plugins.kubernetes.pipeline.KubernetesSamples$Maven$$FastClassByGuice$$529e4c73
10309:             1             16  org.csanchez.jenkins.plugins.kubernetes.pipeline.KubernetesSamples$SuppressToolBasedSamples
10310:             1             16  org.csanchez.jenkins.plugins.kubernetes.pipeline.KubernetesSamples$SuppressToolBasedSamples$$FastClassByGuice$$cb229b7b
10311:             1             16  org.csanchez.jenkins.plugins.kubernetes.pipeline.KubernetesSamples$Windows$$FastClassByGuice$$4270f36b
10312:             1             16  org.csanchez.jenkins.plugins.kubernetes.pipeline.PodTemplateMap$$FastClassByGuice$$582a77d4
10313:             1             16  org.csanchez.jenkins.plugins.kubernetes.pipeline.PodTemplateMap$PodTemplateSourceImpl$$FastClassByGuice$$62c9872a
10314:             1             16  org.csanchez.jenkins.plugins.kubernetes.pipeline.PodTemplateStep$DescriptorImpl$$FastClassByGuice$$b483019f
10315:             1             16  org.csanchez.jenkins.plugins.kubernetes.pipeline.SecretsMasker$Factory
10316:             1             16  org.csanchez.jenkins.plugins.kubernetes.pipeline.SecretsMasker$Factory$$FastClassByGuice$$6ae851cb
10317:             1             16  org.csanchez.jenkins.plugins.kubernetes.pod.retention.Always$DescriptorImpl$$FastClassByGuice$$103d7a56
10318:             1             16  org.csanchez.jenkins.plugins.kubernetes.pod.retention.Default
10319:             1             16  org.csanchez.jenkins.plugins.kubernetes.pod.retention.Default$DescriptorImpl$$FastClassByGuice$$54063c80
10320:             1             16  org.csanchez.jenkins.plugins.kubernetes.pod.retention.Default$FilterImpl
10321:             1             16  org.csanchez.jenkins.plugins.kubernetes.pod.retention.Default$FilterImpl$$FastClassByGuice$$4814d889
10322:             1             16  org.csanchez.jenkins.plugins.kubernetes.pod.retention.Never$DescriptorImpl$$FastClassByGuice$$d2c84c55
10323:             1             16  org.csanchez.jenkins.plugins.kubernetes.pod.retention.OnFailure$DescriptorImpl$$FastClassByGuice$$56569b56
10324:             1             16  org.csanchez.jenkins.plugins.kubernetes.pod.retention.Reaper$$FastClassByGuice$$5c3d873d
10325:             1             16  org.csanchez.jenkins.plugins.kubernetes.pod.retention.Reaper$ReaperShutdownListener
10326:             1             16  org.csanchez.jenkins.plugins.kubernetes.pod.retention.Reaper$ReaperShutdownListener$$FastClassByGuice$$dd6ca280
10327:             1             16  org.csanchez.jenkins.plugins.kubernetes.pod.retention.Reaper$RemoveAgentOnPodDeleted$$FastClassByGuice$$39f9344d
10328:             1             16  org.csanchez.jenkins.plugins.kubernetes.pod.retention.Reaper$TerminateAgentOnContainerTerminated$$FastClassByGuice$$5d03c85a
10329:             1             16  org.csanchez.jenkins.plugins.kubernetes.pod.retention.Reaper$TerminateAgentOnImagePullBackOff$$FastClassByGuice$$217dfd92
10330:             1             16  org.csanchez.jenkins.plugins.kubernetes.pod.retention.Reaper$TerminateAgentOnPodFailed$$FastClassByGuice$$9ad49d38
10331:             1             16  org.csanchez.jenkins.plugins.kubernetes.pod.yaml.Merge$DescriptorImpl$$FastClassByGuice$$a80a9284
10332:             1             16  org.csanchez.jenkins.plugins.kubernetes.pod.yaml.Overrides$DescriptorImpl$$FastClassByGuice$$b4fc9035
10333:             1             16  org.csanchez.jenkins.plugins.kubernetes.volumes.ConfigMapVolume$DescriptorImpl$$FastClassByGuice$$5e08c349
10334:             1             16  org.csanchez.jenkins.plugins.kubernetes.volumes.EmptyDirVolume$DescriptorImpl$$FastClassByGuice$$564672ef
10335:             1             16  org.csanchez.jenkins.plugins.kubernetes.volumes.HostPathVolume$DescriptorImpl$$FastClassByGuice$$af248722
10336:             1             16  org.csanchez.jenkins.plugins.kubernetes.volumes.NfsVolume$DescriptorImpl$$FastClassByGuice$$68dede68
10337:             1             16  org.csanchez.jenkins.plugins.kubernetes.volumes.PersistentVolumeClaim$DescriptorImpl$$FastClassByGuice$$3040d332
10338:             1             16  org.csanchez.jenkins.plugins.kubernetes.volumes.SecretVolume$DescriptorImpl$$FastClassByGuice$$e5ae9fbf
10339:             1             16  org.csanchez.jenkins.plugins.kubernetes.volumes.workspace.DynamicPVCWorkspaceVolume$DescriptorImpl$$FastClassByGuice$$c4fd8e85
10340:             1             16  org.csanchez.jenkins.plugins.kubernetes.volumes.workspace.EmptyDirWorkspaceVolume
10341:             1             16  org.csanchez.jenkins.plugins.kubernetes.volumes.workspace.EmptyDirWorkspaceVolume$DescriptorImpl$$FastClassByGuice$$a6c5d967
10342:             1             16  org.csanchez.jenkins.plugins.kubernetes.volumes.workspace.HostPathWorkspaceVolume$DescriptorImpl$$FastClassByGuice$$cf1fce94
10343:             1             16  org.csanchez.jenkins.plugins.kubernetes.volumes.workspace.NfsWorkspaceVolume$DescriptorImpl$$FastClassByGuice$$cb3d407c
10344:             1             16  org.csanchez.jenkins.plugins.kubernetes.volumes.workspace.PersistentVolumeClaimWorkspaceVolume$DescriptorImpl$$FastClassByGuice$$4049cbac
10345:             1             16  org.dom4j.tree.NamespaceCache
10346:             1             16  org.eclipse.jetty.http.DateGenerator$1
10347:             1             16  org.eclipse.jetty.http.DateParser$1
10348:             1             16  org.eclipse.jetty.http.Http1FieldPreEncoder
10349:             1             16  org.eclipse.jetty.http.MimeTypes
10350:             1             16  org.eclipse.jetty.http.MimeTypes$$Lambda$2/791885625
10351:             1             16  org.eclipse.jetty.http.MimeTypes$$Lambda$4/607635164
10352:             1             16  org.eclipse.jetty.http.QuotedQualityCSV$$Lambda$78/1015596016
10353:             1             16  org.eclipse.jetty.http.QuotedQualityCSV$$Lambda$79/512107601
10354:             1             16  org.eclipse.jetty.http2.hpack.HpackFieldPreEncoder
10355:             1             16  org.eclipse.jetty.io.CyclicTimeout$$Lambda$337/1452479122
10356:             1             16  org.eclipse.jetty.io.SelectorManager$$Lambda$14/1796488937
10357:             1             16  org.eclipse.jetty.io.WriteFlusher$CompletingState
10358:             1             16  org.eclipse.jetty.io.WriteFlusher$IdleState
10359:             1             16  org.eclipse.jetty.io.WriteFlusher$WritingState
10360:             1             16  org.eclipse.jetty.security.DefaultAuthenticatorFactory
10361:             1             16  org.eclipse.jetty.security.SecurityHandler$1
10362:             1             16  org.eclipse.jetty.security.SecurityHandler$2
10363:             1             16  org.eclipse.jetty.security.authentication.DeferredAuthentication$1
10364:             1             16  org.eclipse.jetty.security.authentication.DeferredAuthentication$2
10365:             1             16  org.eclipse.jetty.server.AbstractConnector$1
10366:             1             16  org.eclipse.jetty.server.Authentication$1
10367:             1             16  org.eclipse.jetty.server.Authentication$2
10368:             1             16  org.eclipse.jetty.server.Authentication$3
10369:             1             16  org.eclipse.jetty.server.Authentication$4
10370:             1             16  org.eclipse.jetty.server.Authentication$5
10371:             1             16  org.eclipse.jetty.server.HttpChannel$1
10372:             1             16  org.eclipse.jetty.server.HttpInput$1
10373:             1             16  org.eclipse.jetty.server.HttpInput$2
10374:             1             16  org.eclipse.jetty.server.HttpInput$3
10375:             1             16  org.eclipse.jetty.server.HttpInput$4
10376:             1             16  org.eclipse.jetty.server.HttpInput$5
10377:             1             16  org.eclipse.jetty.server.Request$$Lambda$660/1487192422
10378:             1             16  org.eclipse.jetty.server.ResourceService$$Lambda$29/566113173
10379:             1             16  org.eclipse.jetty.server.ResourceService$$Lambda$30/343812839
10380:             1             16  org.eclipse.jetty.server.handler.AllowSymLinkAliasChecker
10381:             1             16  org.eclipse.jetty.server.handler.ContextHandler$ApproveNonExistentDirectoryAliases
10382:             1             16  org.eclipse.jetty.server.handler.ErrorHandler$$Lambda$696/1067151446
10383:             1             16  org.eclipse.jetty.server.session.HouseKeeper$Runner
10384:             1             16  org.eclipse.jetty.server.session.SessionHandler$1
10385:             1             16  org.eclipse.jetty.server.session.SessionHandler$CookieConfig
10386:             1             16  org.eclipse.jetty.servlet.listener.ELContextCleaner
10387:             1             16  org.eclipse.jetty.servlet.listener.IntrospectorCleaner
10388:             1             16  org.eclipse.jetty.util.Callback$1
10389:             1             16  org.eclipse.jetty.util.DecoratedObjectFactory
10390:             1             16  org.eclipse.jetty.util.DeprecationWarning
10391:             1             16  org.eclipse.jetty.util.IO$ClosedIS
10392:             1             16  org.eclipse.jetty.util.IO$NullOS
10393:             1             16  org.eclipse.jetty.util.Uptime
10394:             1             16  org.eclipse.jetty.util.component.Graceful$Shutdown
10395:             1             16  org.eclipse.jetty.util.resource.EmptyResource
10396:             1             16  org.eclipse.jetty.util.statistic.CounterStatistic$$Lambda$13/591137559
10397:             1             16  org.eclipse.jetty.util.statistic.SampleStatistic$$Lambda$12/1631862159
10398:             1             16  org.eclipse.jetty.util.thread.QueuedThreadPool$$Lambda$1/589873731
10399:             1             16  org.eclipse.jetty.util.thread.QueuedThreadPool$Runner
10400:             1             16  org.eclipse.jetty.util.thread.ReservedThreadExecutor$1
10401:             1             16  org.eclipse.jetty.util.thread.ThreadPoolBudget$$Lambda$15/2059904228
10402:             1             16  org.eclipse.jetty.util.thread.ThreadPoolBudget$1
10403:             1             16  org.eclipse.jetty.util.thread.TryExecutor$1
10404:             1             16  org.eclipse.jetty.webapp.FragmentConfiguration
10405:             1             16  org.eclipse.jetty.webapp.JettyWebXmlConfiguration
10406:             1             16  org.eclipse.jetty.webapp.MetaInfConfiguration
10407:             1             16  org.eclipse.jetty.webapp.WebInfConfiguration
10408:             1             16  org.eclipse.jetty.webapp.WebXmlConfiguration
10409:             1             16  org.eclipse.jgit.internal.storage.file.PackFile$$Lambda$621/1221022671
10410:             1             16  org.eclipse.jgit.internal.storage.file.WindowCache$StatsRecorderImpl$$Lambda$630/594623341
10411:             1             16  org.eclipse.jgit.internal.storage.file.WindowCache$StatsRecorderImpl$$Lambda$631/1252220824
10412:             1             16  org.eclipse.jgit.lib.DefaultTypedConfigGetter
10413:             1             16  org.eclipse.jgit.lib.RepositoryCache$$Lambda$622/1521510175
10414:             1             16  org.eclipse.jgit.lib.internal.WorkQueue$2
10415:             1             16  org.eclipse.jgit.revwalk.filter.RevFilter$AllFilter
10416:             1             16  org.eclipse.jgit.revwalk.filter.RevFilter$MergeBaseFilter
10417:             1             16  org.eclipse.jgit.revwalk.filter.RevFilter$NoMergesFilter
10418:             1             16  org.eclipse.jgit.revwalk.filter.RevFilter$NoneFilter
10419:             1             16  org.eclipse.jgit.revwalk.filter.RevFilter$OnlyMergesFilter
10420:             1             16  org.eclipse.jgit.treewalk.filter.TreeFilter$AllFilter
10421:             1             16  org.eclipse.jgit.treewalk.filter.TreeFilter$AnyDiffFilter
10422:             1             16  org.eclipse.jgit.util.FS$$Lambda$615/2144805947
10423:             1             16  org.eclipse.jgit.util.FS$FSFactory
10424:             1             16  org.eclipse.jgit.util.FS$FileStoreAttributes$$Lambda$616/1316470105
10425:             1             16  org.eclipse.jgit.util.FS$FileStoreAttributes$$Lambda$619/1224030810
10426:             1             16  org.eclipse.jgit.util.FS$FileStoreAttributes$$Lambda$620/1773147821
10427:             1             16  org.eclipse.jgit.util.MutableInteger
10428:             1             16  org.eclipse.jgit.util.SimpleLruCache$$Lambda$650/1725422108
10429:             1             16  org.h2.Driver
10430:             1             16  org.h2.command.Parser$1
10431:             1             16  org.h2.compress.CompressLZF
10432:             1             16  org.h2.jmx.DatabaseInfo
10433:             1             16  org.h2.mvstore.MVMap$DecisionMaker$1
10434:             1             16  org.h2.mvstore.MVMap$DecisionMaker$2
10435:             1             16  org.h2.mvstore.MVMap$DecisionMaker$3
10436:             1             16  org.h2.mvstore.MVMap$DecisionMaker$4
10437:             1             16  org.h2.mvstore.MVMap$DecisionMaker$5
10438:             1             16  org.h2.mvstore.db.MVTableEngine$1
10439:             1             16  org.h2.mvstore.tx.TransactionStore$2
10440:             1             16  org.h2.mvstore.type.StringDataType
10441:             1             16  org.h2.result.LocalResultFactory$DefaultLocalResultFactory
10442:             1             16  org.h2.result.RowFactory$DefaultRowFactory
10443:             1             16  org.h2.store.fs.FilePathDisk
10444:             1             16  org.h2.store.fs.FilePathMem
10445:             1             16  org.h2.store.fs.FilePathMemLZF
10446:             1             16  org.h2.store.fs.FilePathZip
10447:             1             16  org.h2.value.ValueNull
10448:             1             16  org.h2.value.VersionedValue
10449:             1             16  org.jboss.marshalling.ContextClassResolver$1
10450:             1             16  org.jboss.marshalling.ExceptionListener$1
10451:             1             16  org.jboss.marshalling.Marshalling$4
10452:             1             16  org.jboss.marshalling.Marshalling$5
10453:             1             16  org.jboss.marshalling.Marshalling$6
10454:             1             16  org.jboss.marshalling.Marshalling$7
10455:             1             16  org.jboss.marshalling.Marshalling$8
10456:             1             16  org.jboss.marshalling.SerializabilityChecker$1
10457:             1             16  org.jboss.marshalling.UTFUtils$BytesHolder
10458:             1             16  org.jboss.marshalling._private.GetReflectionFactoryAction
10459:             1             16  org.jboss.marshalling._private.GetUnsafeAction
10460:             1             16  org.jboss.marshalling.reflect.SerializableClass$1
10461:             1             16  org.jboss.marshalling.reflect.SerializableClassRegistry
10462:             1             16  org.jenkins.ci.plugins.saferestart.SafeRestartManagementLink
10463:             1             16  org.jenkins.ci.plugins.saferestart.SafeRestartManagementLink$$FastClassByGuice$$25dd0abf
10464:             1             16  org.jenkins.ci.plugins.saferestart.SafeRestartRootAction
10465:             1             16  org.jenkins.ci.plugins.saferestart.SafeRestartRootAction$$FastClassByGuice$$96cbc29a
10466:             1             16  org.jenkins.plugins.builton.BuiltOnColumn$DescriptorImpl$$FastClassByGuice$$ae0ffc81
10467:             1             16  org.jenkins.plugins.lockableresources.LockStep$DescriptorImpl$$FastClassByGuice$$99fc901e
10468:             1             16  org.jenkins.plugins.lockableresources.LockStepResource$DescriptorImpl$$FastClassByGuice$$6556b30
10469:             1             16  org.jenkins.plugins.lockableresources.LockableResource$DescriptorImpl$$FastClassByGuice$$d0bd7502
10470:             1             16  org.jenkins.plugins.lockableresources.LockableResources
10471:             1             16  org.jenkins.plugins.lockableresources.LockableResourcesManager$$FastClassByGuice$$6919050b
10472:             1             16  org.jenkins.plugins.lockableresources.RequiredResourcesProperty$DescriptorImpl$$FastClassByGuice$$a55024f6
10473:             1             16  org.jenkins.plugins.lockableresources.actions.LockableResourcesRootAction
10474:             1             16  org.jenkins.plugins.lockableresources.actions.LockableResourcesRootAction$$FastClassByGuice$$f17eec29
10475:             1             16  org.jenkins.plugins.lockableresources.actions.ResourceVariableNameAction$ResourceVariableNameActionEnvironmentContributor
10476:             1             16  org.jenkins.plugins.lockableresources.actions.ResourceVariableNameAction$ResourceVariableNameActionEnvironmentContributor$$FastClassByGuice$$2265d3fd
10477:             1             16  org.jenkins.plugins.lockableresources.queue.LockRunListener
10478:             1             16  org.jenkins.plugins.lockableresources.queue.LockRunListener$$FastClassByGuice$$4752fbf9
10479:             1             16  org.jenkins.plugins.lockableresources.queue.LockableResourcesQueueTaskDispatcher
10480:             1             16  org.jenkins.plugins.lockableresources.queue.LockableResourcesQueueTaskDispatcher$$FastClassByGuice$$1dc50e18
10481:             1             16  org.jenkins.plugins.statistics.gatherer.StatisticsConfiguration$$FastClassByGuice$$dfa03548
10482:             1             16  org.jenkins.plugins.statistics.gatherer.listeners.BuildStepStatsListener
10483:             1             16  org.jenkins.plugins.statistics.gatherer.listeners.BuildStepStatsListener$$FastClassByGuice$$49fe09b3
10484:             1             16  org.jenkins.plugins.statistics.gatherer.listeners.ItemStatsListener
10485:             1             16  org.jenkins.plugins.statistics.gatherer.listeners.ItemStatsListener$$FastClassByGuice$$b77266
10486:             1             16  org.jenkins.plugins.statistics.gatherer.listeners.QueueStatsListener
10487:             1             16  org.jenkins.plugins.statistics.gatherer.listeners.QueueStatsListener$$FastClassByGuice$$b685f95c
10488:             1             16  org.jenkins.plugins.statistics.gatherer.listeners.RunStatsListener
10489:             1             16  org.jenkins.plugins.statistics.gatherer.listeners.RunStatsListener$$FastClassByGuice$$3cce4a2
10490:             1             16  org.jenkins.plugins.statistics.gatherer.listeners.ScmStatsListener
10491:             1             16  org.jenkins.plugins.statistics.gatherer.listeners.ScmStatsListener$$FastClassByGuice$$b2138050
10492:             1             16  org.jenkins.plugins.statistics.gatherer.listeners.SoutTaskListener
10493:             1             16  org.jenkins.plugins.statistics.gatherer.util.LogbackUtil
10494:             1             16  org.jenkins_ci.plugins.run_condition.BuildStepRunner$DontRun$DontRunDescriptor$$FastClassByGuice$$c6e61fdb
10495:             1             16  org.jenkins_ci.plugins.run_condition.BuildStepRunner$Fail$FailDescriptor$$FastClassByGuice$$7fb2512f
10496:             1             16  org.jenkins_ci.plugins.run_condition.BuildStepRunner$Run$RunDescriptor$$FastClassByGuice$$a779b67d
10497:             1             16  org.jenkins_ci.plugins.run_condition.BuildStepRunner$RunUnstable$RunUnstableDescriptor$$FastClassByGuice$$c4704fe5
10498:             1             16  org.jenkins_ci.plugins.run_condition.BuildStepRunner$Unstable$UnstableDescriptor$$FastClassByGuice$$594f76ef
10499:             1             16  org.jenkins_ci.plugins.run_condition.RunConditionPlugin
10500:             1             16  org.jenkins_ci.plugins.run_condition.common.BaseDirectory$ArtifactsDir$ArtifactsDirDescriptor$$FastClassByGuice$$d9f7b32
10501:             1             16  org.jenkins_ci.plugins.run_condition.common.BaseDirectory$JenkinsHome$JenkinsHomeDescriptor$$FastClassByGuice$$1545bdd4
10502:             1             16  org.jenkins_ci.plugins.run_condition.common.BaseDirectory$Workspace$WorkspaceDescriptor$$FastClassByGuice$$43456954
10503:             1             16  org.jenkins_ci.plugins.run_condition.contributed.BatchFileCondition$BatchFileConditionDescriptor$$FastClassByGuice$$8019ee92
10504:             1             16  org.jenkins_ci.plugins.run_condition.contributed.ShellCondition$ShellConditionDescriptor$$FastClassByGuice$$41b95c52
10505:             1             16  org.jenkins_ci.plugins.run_condition.core.AlwaysRun$AlwaysRunDescriptor$$FastClassByGuice$$a56e777e
10506:             1             16  org.jenkins_ci.plugins.run_condition.core.BooleanCondition$BooleanConditionDescriptor$$FastClassByGuice$$26a83ae
10507:             1             16  org.jenkins_ci.plugins.run_condition.core.CauseCondition$CauseConditionDescriptor$$FastClassByGuice$$9d23478e
10508:             1             16  org.jenkins_ci.plugins.run_condition.core.DayCondition$Day$DayDescriptor$$FastClassByGuice$$eee2f803
10509:             1             16  org.jenkins_ci.plugins.run_condition.core.DayCondition$DayConditionDescriptor$$FastClassByGuice$$2f3c92ae
10510:             1             16  org.jenkins_ci.plugins.run_condition.core.DayCondition$SelectDays$SelectDaysDescriptor$$FastClassByGuice$$547476f3
10511:             1             16  org.jenkins_ci.plugins.run_condition.core.DayCondition$Weekday$WeekdayDescriptor$$FastClassByGuice$$24b4591b
10512:             1             16  org.jenkins_ci.plugins.run_condition.core.DayCondition$Weekend$WeekendDescriptor$$FastClassByGuice$$3150ef19
10513:             1             16  org.jenkins_ci.plugins.run_condition.core.ExpressionCondition$ExpressionConditionDescriptor$$FastClassByGuice$$9001e9cc
10514:             1             16  org.jenkins_ci.plugins.run_condition.core.FileExistsCondition$FileExistsConditionDescriptor$$FastClassByGuice$$c483b50c
10515:             1             16  org.jenkins_ci.plugins.run_condition.core.FilesMatchCondition$FilesMatchConditionDescriptor$$FastClassByGuice$$6f65c360
10516:             1             16  org.jenkins_ci.plugins.run_condition.core.NeverRun$NeverRunDescriptor$$FastClassByGuice$$263eb82e
10517:             1             16  org.jenkins_ci.plugins.run_condition.core.NodeCondition$NodeConditionDescriptor$$FastClassByGuice$$bd44dfb8
10518:             1             16  org.jenkins_ci.plugins.run_condition.core.NumericalComparisonCondition$EqualTo$EqualToDescriptor$$FastClassByGuice$$aba89d44
10519:             1             16  org.jenkins_ci.plugins.run_condition.core.NumericalComparisonCondition$GreaterThan$GreaterThanDescriptor$$FastClassByGuice$$d4c7dc9c
10520:             1             16  org.jenkins_ci.plugins.run_condition.core.NumericalComparisonCondition$GreaterThanOrEqualTo$GreaterThanOrEqualToDescriptor$$FastClassByGuice$$f693660e
10521:             1             16  org.jenkins_ci.plugins.run_condition.core.NumericalComparisonCondition$LessThan$LessThanDescriptor$$FastClassByGuice$$cd7469ae
10522:             1             16  org.jenkins_ci.plugins.run_condition.core.NumericalComparisonCondition$LessThanOrEqualTo$LessThanOrEqualToDescriptor$$FastClassByGuice$$c7dd138a
10523:             1             16  org.jenkins_ci.plugins.run_condition.core.NumericalComparisonCondition$NotEqualTo$NotEqualToDescriptor$$FastClassByGuice$$a4d8186e
10524:             1             16  org.jenkins_ci.plugins.run_condition.core.NumericalComparisonCondition$NumericalComparisonConditionDescriptor$$FastClassByGuice$$dc9de8e
10525:             1             16  org.jenkins_ci.plugins.run_condition.core.StatusCondition$StatusConditionDescriptor$$FastClassByGuice$$c70ad118
10526:             1             16  org.jenkins_ci.plugins.run_condition.core.StringsMatchCondition$StringsMatchDescriptor$$FastClassByGuice$$afc19163
10527:             1             16  org.jenkins_ci.plugins.run_condition.core.TimeCondition$TimeConditionDescriptor$$FastClassByGuice$$1ebf19a2
10528:             1             16  org.jenkins_ci.plugins.run_condition.core.VariableExistsCondition$StringsMatchDescriptor$$FastClassByGuice$$84ca35b8
10529:             1             16  org.jenkins_ci.plugins.run_condition.logic.And$AndDescriptor$$FastClassByGuice$$7b3b2a1f
10530:             1             16  org.jenkins_ci.plugins.run_condition.logic.ConditionContainer$ConditionContainerDescriptor$$FastClassByGuice$$f3b6b339
10531:             1             16  org.jenkins_ci.plugins.run_condition.logic.Not$NotDescriptor$$FastClassByGuice$$85c81817
10532:             1             16  org.jenkins_ci.plugins.run_condition.logic.Or$OrDescriptor$$FastClassByGuice$$ad40ea19
10533:             1             16  org.jenkinsci.bytecode.$Proxy5
10534:             1             16  org.jenkinsci.bytecode.AdaptField$FactoryImpl
10535:             1             16  org.jenkinsci.bytecode.Transformer
10536:             1             16  org.jenkinsci.main.modules.cli.auth.ssh.PublicKeySignatureWriter
10537:             1             16  org.jenkinsci.main.modules.cli.auth.ssh.SshCliAuthenticator$$FastClassByGuice$$cbfe5f5d
10538:             1             16  org.jenkinsci.main.modules.cli.auth.ssh.UserPropertyImpl$DescriptorImpl$$FastClassByGuice$$21ae1075
10539:             1             16  org.jenkinsci.main.modules.instance_identity.InstanceIdentity$$FastClassByGuice$$af33f6d9
10540:             1             16  org.jenkinsci.main.modules.instance_identity.InstanceIdentityRSAProvider
10541:             1             16  org.jenkinsci.main.modules.instance_identity.InstanceIdentityRSAProvider$$FastClassByGuice$$70daffb8
10542:             1             16  org.jenkinsci.main.modules.instance_identity.PageDecoratorImpl$$FastClassByGuice$$68618106
10543:             1             16  org.jenkinsci.main.modules.sshd.CLICommandAdapter$$FastClassByGuice$$24d652d2
10544:             1             16  org.jenkinsci.main.modules.sshd.ItemListenerImpl
10545:             1             16  org.jenkinsci.main.modules.sshd.ItemListenerImpl$$FastClassByGuice$$387d1d9
10546:             1             16  org.jenkinsci.main.modules.sshd.PortAdvertiser$$FastClassByGuice$$e6662f3e
10547:             1             16  org.jenkinsci.main.modules.sshd.SSHD$$FastClassByGuice$$c0b3a86e
10548:             1             16  org.jenkinsci.modules.launchd_slave_installer.SlaveInstallerFactoryImpl
10549:             1             16  org.jenkinsci.modules.launchd_slave_installer.SlaveInstallerFactoryImpl$$FastClassByGuice$$9385e07a
10550:             1             16  org.jenkinsci.modules.slave_installer.impl.ComputerListenerImpl
10551:             1             16  org.jenkinsci.modules.slave_installer.impl.ComputerListenerImpl$$FastClassByGuice$$f4dcee0c
10552:             1             16  org.jenkinsci.modules.systemd_slave_installer.SlaveInstallerFactoryImpl
10553:             1             16  org.jenkinsci.modules.systemd_slave_installer.SlaveInstallerFactoryImpl$$FastClassByGuice$$6d00dc7e
10554:             1             16  org.jenkinsci.modules.upstart_slave_installer.SlaveInstallerFactoryImpl
10555:             1             16  org.jenkinsci.modules.upstart_slave_installer.SlaveInstallerFactoryImpl$$FastClassByGuice$$1c265090
10556:             1             16  org.jenkinsci.modules.windows_slave_installer.SlaveExeUpdater
10557:             1             16  org.jenkinsci.modules.windows_slave_installer.SlaveExeUpdater$$FastClassByGuice$$fe388ea1
10558:             1             16  org.jenkinsci.modules.windows_slave_installer.SlaveInstallerFactoryImpl
10559:             1             16  org.jenkinsci.modules.windows_slave_installer.SlaveInstallerFactoryImpl$$FastClassByGuice$$1fac16c
10560:             1             16  org.jenkinsci.plugins.ParameterizedRemoteTrigger.Auth$DescriptorImpl$$FastClassByGuice$$ff88f620
10561:             1             16  org.jenkinsci.plugins.ParameterizedRemoteTrigger.RemoteBuildConfiguration$DescriptorImpl$$FastClassByGuice$$fdc94e7a
10562:             1             16  org.jenkinsci.plugins.ParameterizedRemoteTrigger.RemoteJenkinsServer$DescriptorImpl$$FastClassByGuice$$d831942b
10563:             1             16  org.jenkinsci.plugins.ParameterizedRemoteTrigger.auth2.NoneAuth
10564:             1             16  org.jenkinsci.plugins.ParameterizedRemoteTrigger.auth2.NullAuth
10565:             1             16  org.jenkinsci.plugins.ParameterizedRemoteTrigger.pipeline.RemoteBuildPipelineStep$DescriptorImpl$$FastClassByGuice$$ff8db1e
10566:             1             16  org.jenkinsci.plugins.ParameterizedRemoteTrigger.utils.DropCachePeriodicWork$$FastClassByGuice$$c66adc97
10567:             1             16  org.jenkinsci.plugins.ansible.AnsibleAdHocCommandBuilder$DescriptorImpl$$FastClassByGuice$$d5ae5262
10568:             1             16  org.jenkinsci.plugins.ansible.AnsibleInstallation$DescriptorImpl$$FastClassByGuice$$6ec667a1
10569:             1             16  org.jenkinsci.plugins.ansible.AnsiblePlaybookBuilder$DescriptorImpl$$FastClassByGuice$$d3f2484d
10570:             1             16  org.jenkinsci.plugins.ansible.AnsibleVaultBuilder$DescriptorImpl$$FastClassByGuice$$a1d494f2
10571:             1             16  org.jenkinsci.plugins.ansible.ExtraVar$DescriptorImpl$$FastClassByGuice$$8cf0d59c
10572:             1             16  org.jenkinsci.plugins.ansible.InventoryContent$DescriptorImpl$$FastClassByGuice$$2c8f8656
10573:             1             16  org.jenkinsci.plugins.ansible.InventoryDoNotSpecify$DescriptorImpl$$FastClassByGuice$$b9e60d5e
10574:             1             16  org.jenkinsci.plugins.ansible.InventoryPath$DescriptorImpl$$FastClassByGuice$$c25fb1b2
10575:             1             16  org.jenkinsci.plugins.ansible.jobdsl.AnsibleJobDslExtension$$FastClassByGuice$$fb44aa15
10576:             1             16  org.jenkinsci.plugins.ansible.workflow.AnsiblePlaybookStep$DescriptorImpl$$FastClassByGuice$$14a24641
10577:             1             16  org.jenkinsci.plugins.ansible.workflow.AnsibleVaultStep$DescriptorImpl$$FastClassByGuice$$1d441c7e
10578:             1             16  org.jenkinsci.plugins.bitbucket.BitbucketBuildStatusNotifier$DescriptorImpl$$FastClassByGuice$$d120fa83
10579:             1             16  org.jenkinsci.plugins.bitbucket.BitbucketBuildStatusNotifierStep$DescriptorImpl$$FastClassByGuice$$b606c217
10580:             1             16  org.jenkinsci.plugins.blueoceandisplayurl.BlueOceanDisplayURLImpl
10581:             1             16  org.jenkinsci.plugins.blueoceandisplayurl.BlueOceanDisplayURLImpl$$FastClassByGuice$$337e410a
10582:             1             16  org.jenkinsci.plugins.builduser.BuildUser$DescriptorImpl$$FastClassByGuice$$3519f399
10583:             1             16  org.jenkinsci.plugins.conditionalbuildstep.BuilderChain$DescriptorImpl$$FastClassByGuice$$e889981d
10584:             1             16  org.jenkinsci.plugins.conditionalbuildstep.ConditionalBuilder$DescriptorImpl$$FastClassByGuice$$de53edee
10585:             1             16  org.jenkinsci.plugins.conditionalbuildstep.LegacyBuildstepCondition$LegacyConditionDescriptor$$FastClassByGuice$$538d2077
10586:             1             16  org.jenkinsci.plugins.conditionalbuildstep.lister.DefaultBuilderDescriptorLister
10587:             1             16  org.jenkinsci.plugins.conditionalbuildstep.lister.DefaultBuilderDescriptorLister$DescriptorImpl$$FastClassByGuice$$72a22c
10588:             1             16  org.jenkinsci.plugins.conditionalbuildstep.singlestep.SingleConditionalBuilder$SingleConditionalBuilderDescriptor$$FastClassByGuice$$406d209
10589:             1             16  org.jenkinsci.plugins.configfiles.ConfigFilesActionFactory
10590:             1             16  org.jenkinsci.plugins.configfiles.ConfigFilesActionFactory$$FastClassByGuice$$c86fc002
10591:             1             16  org.jenkinsci.plugins.configfiles.ConfigFilesManagement
10592:             1             16  org.jenkinsci.plugins.configfiles.ConfigFilesManagement$$FastClassByGuice$$9a9224f5
10593:             1             16  org.jenkinsci.plugins.configfiles.GlobalConfigFiles$$FastClassByGuice$$32984daf
10594:             1             16  org.jenkinsci.plugins.configfiles.builder.ConfigFileBuildStep$DescriptorImpl$$FastClassByGuice$$d22ab4ad
10595:             1             16  org.jenkinsci.plugins.configfiles.buildwrapper.ConfigFileBuildWrapper$DescriptorImpl$$FastClassByGuice$$24af196a
10596:             1             16  org.jenkinsci.plugins.configfiles.buildwrapper.ManagedFile$DescriptorImpl$$FastClassByGuice$$cd9392fe
10597:             1             16  org.jenkinsci.plugins.configfiles.common.CleanTempFilesRunListener
10598:             1             16  org.jenkinsci.plugins.configfiles.common.CleanTempFilesRunListener$$FastClassByGuice$$3772025
10599:             1             16  org.jenkinsci.plugins.configfiles.custom.CustomConfig$CustomConfigProvider$$FastClassByGuice$$8d843a1b
10600:             1             16  org.jenkinsci.plugins.configfiles.folder.FolderConfigFileAction$ActionFactory
10601:             1             16  org.jenkinsci.plugins.configfiles.folder.FolderConfigFileAction$ActionFactory$$FastClassByGuice$$10fc056f
10602:             1             16  org.jenkinsci.plugins.configfiles.folder.FolderConfigFileProperty$DescriptorImpl$$FastClassByGuice$$d537cad5
10603:             1             16  org.jenkinsci.plugins.configfiles.groovy.GroovyScript$GroovyConfigProvider$$FastClassByGuice$$6b146caf
10604:             1             16  org.jenkinsci.plugins.configfiles.json.JsonConfig$JsonConfigProvider$$FastClassByGuice$$c6ff20f2
10605:             1             16  org.jenkinsci.plugins.configfiles.maven.GlobalMavenSettingsConfig$GlobalMavenSettingsConfigProvider$$FastClassByGuice$$5afa9541
10606:             1             16  org.jenkinsci.plugins.configfiles.maven.MavenSettingsConfig$MavenSettingsConfigProvider$$FastClassByGuice$$362d4ac7
10607:             1             16  org.jenkinsci.plugins.configfiles.maven.MavenToolchainsConfig$MavenToolchainsConfigProvider$$FastClassByGuice$$cdac7015
10608:             1             16  org.jenkinsci.plugins.configfiles.maven.job.MvnGlobalSettingsProvider$DescriptorImpl$$FastClassByGuice$$bd025ee
10609:             1             16  org.jenkinsci.plugins.configfiles.maven.job.MvnSettingsProvider$DescriptorImpl$$FastClassByGuice$$78210b91
10610:             1             16  org.jenkinsci.plugins.configfiles.maven.security.MavenServerIdSpecification$DescriptorImpl$$FastClassByGuice$$f1930351
10611:             1             16  org.jenkinsci.plugins.configfiles.maven.security.ServerCredentialMapping$DescriptorImpl$$FastClassByGuice$$714f5c47
10612:             1             16  org.jenkinsci.plugins.configfiles.properties.PropertiesConfig$PropertiesConfigProvider$$FastClassByGuice$$dcade59d
10613:             1             16  org.jenkinsci.plugins.configfiles.properties.security.PropertiesCredentialMapping$DescriptorImpl$$FastClassByGuice$$cf894fc5
10614:             1             16  org.jenkinsci.plugins.configfiles.xml.XmlConfig$XmlConfigProvider$$FastClassByGuice$$6e956e65
10615:             1             16  org.jenkinsci.plugins.credentialsbinding.impl.BindingStep
10616:             1             16  org.jenkinsci.plugins.credentialsbinding.impl.BindingStep$DescriptorImpl$$FastClassByGuice$$ccdb0295
10617:             1             16  org.jenkinsci.plugins.credentialsbinding.impl.BindingStep$Overrider
10618:             1             16  org.jenkinsci.plugins.credentialsbinding.impl.CertificateMultiBinding$DescriptorImpl$$FastClassByGuice$$627ba483
10619:             1             16  org.jenkinsci.plugins.credentialsbinding.impl.FileBinding$DescriptorImpl$$FastClassByGuice$$dc63351d
10620:             1             16  org.jenkinsci.plugins.credentialsbinding.impl.SSHUserPrivateKeyBinding$DescriptorImpl$$FastClassByGuice$$e7948a0a
10621:             1             16  org.jenkinsci.plugins.credentialsbinding.impl.SecretBuildWrapper$DescriptorImpl$$FastClassByGuice$$1a73b82b
10622:             1             16  org.jenkinsci.plugins.credentialsbinding.impl.StringBinding$DescriptorImpl$$FastClassByGuice$$e3399132
10623:             1             16  org.jenkinsci.plugins.credentialsbinding.impl.UsernamePasswordBinding$DescriptorImpl$$FastClassByGuice$$55e58ef2
10624:             1             16  org.jenkinsci.plugins.credentialsbinding.impl.UsernamePasswordMultiBinding$DescriptorImpl$$FastClassByGuice$$c3a1f4c3
10625:             1             16  org.jenkinsci.plugins.credentialsbinding.impl.ZipFileBinding$DescriptorImpl$$FastClassByGuice$$1295abd8
10626:             1             16  org.jenkinsci.plugins.credentialsbinding.masking.AlmquistShellSecretPatternFactory
10627:             1             16  org.jenkinsci.plugins.credentialsbinding.masking.AlmquistShellSecretPatternFactory$$FastClassByGuice$$beb10e03
10628:             1             16  org.jenkinsci.plugins.credentialsbinding.masking.BashSecretPatternFactory
10629:             1             16  org.jenkinsci.plugins.credentialsbinding.masking.BashSecretPatternFactory$$FastClassByGuice$$d9172bd1
10630:             1             16  org.jenkinsci.plugins.credentialsbinding.masking.BatchSecretPatternFactory
10631:             1             16  org.jenkinsci.plugins.credentialsbinding.masking.BatchSecretPatternFactory$$FastClassByGuice$$df1f6231
10632:             1             16  org.jenkinsci.plugins.credentialsbinding.masking.DollarSecretPatternFactory
10633:             1             16  org.jenkinsci.plugins.credentialsbinding.masking.DollarSecretPatternFactory$$FastClassByGuice$$bae348f9
10634:             1             16  org.jenkinsci.plugins.credentialsbinding.masking.LiteralSecretPatternFactory
10635:             1             16  org.jenkinsci.plugins.credentialsbinding.masking.LiteralSecretPatternFactory$$FastClassByGuice$$baf7a7e6
10636:             1             16  org.jenkinsci.plugins.credentialsbinding.masking.SecretPatterns$$Lambda$643/212859952
10637:             1             16  org.jenkinsci.plugins.credentialsbinding.masking.SecretPatterns$$Lambda$645/594417295
10638:             1             16  org.jenkinsci.plugins.credentialsbinding.masking.SecretPatterns$$Lambda$646/1665345831
10639:             1             16  org.jenkinsci.plugins.credentialsbinding.masking.SecretPatterns$$Lambda$647/640066852
10640:             1             16  org.jenkinsci.plugins.credentialsbinding.masking.SecretPatterns$$Lambda$648/1974408449
10641:             1             16  org.jenkinsci.plugins.displayurlapi.ClassicDisplayURLProvider
10642:             1             16  org.jenkinsci.plugins.displayurlapi.ClassicDisplayURLProvider$$FastClassByGuice$$e37c8025
10643:             1             16  org.jenkinsci.plugins.displayurlapi.DisplayURLProvider$DisplayURLProviderImpl
10644:             1             16  org.jenkinsci.plugins.displayurlapi.EnvironmentContributorImpl
10645:             1             16  org.jenkinsci.plugins.displayurlapi.EnvironmentContributorImpl$$FastClassByGuice$$778e2413
10646:             1             16  org.jenkinsci.plugins.displayurlapi.actions.JobDisplayAction$TransientActionFactoryImpl
10647:             1             16  org.jenkinsci.plugins.displayurlapi.actions.JobDisplayAction$TransientActionFactoryImpl$$FastClassByGuice$$6e017c37
10648:             1             16  org.jenkinsci.plugins.displayurlapi.actions.RunDisplayAction$TransientActionFactoryImpl
10649:             1             16  org.jenkinsci.plugins.displayurlapi.actions.RunDisplayAction$TransientActionFactoryImpl$$FastClassByGuice$$5bee3505
10650:             1             16  org.jenkinsci.plugins.docker.commons.DockerCommonsPlugin
10651:             1             16  org.jenkinsci.plugins.docker.commons.credentials.DockerRegistryEndpoint$DescriptorImpl$$FastClassByGuice$$9f6ef385
10652:             1             16  org.jenkinsci.plugins.docker.commons.credentials.DockerServerCredentials$DescriptorImpl$$FastClassByGuice$$5a242fd6
10653:             1             16  org.jenkinsci.plugins.docker.commons.credentials.DockerServerCredentialsBinding$DescriptorImpl$$FastClassByGuice$$83fdcab
10654:             1             16  org.jenkinsci.plugins.docker.commons.credentials.DockerServerCredentialsHandler
10655:             1             16  org.jenkinsci.plugins.docker.commons.credentials.DockerServerCredentialsHandler$$FastClassByGuice$$a9681a8d
10656:             1             16  org.jenkinsci.plugins.docker.commons.credentials.DockerServerDomainSpecification$DescriptorImpl$$FastClassByGuice$$b72eed3
10657:             1             16  org.jenkinsci.plugins.docker.commons.credentials.DockerServerEndpoint$DescriptorImpl$$FastClassByGuice$$b4e36ebf
10658:             1             16  org.jenkinsci.plugins.docker.commons.credentials.KeyMaterial$NullKeyMaterial
10659:             1             16  org.jenkinsci.plugins.docker.commons.impl.NullKeyMaterialFactory
10660:             1             16  org.jenkinsci.plugins.docker.commons.impl.ServerKeyMaterialFactoryFromDockerCredentials$$FastClassByGuice$$ef8b5a87
10661:             1             16  org.jenkinsci.plugins.docker.commons.impl.UsernamePasswordDockerRegistryTokenSource$$FastClassByGuice$$3f2c262
10662:             1             16  org.jenkinsci.plugins.docker.commons.tools.DockerTool$DescriptorImpl$$FastClassByGuice$$af2fdabe
10663:             1             16  org.jenkinsci.plugins.docker.commons.tools.DockerToolInstaller$DescriptorImpl$$FastClassByGuice$$c503c420
10664:             1             16  org.jenkinsci.plugins.docker.workflow.DockerDSL
10665:             1             16  org.jenkinsci.plugins.docker.workflow.DockerDSL$$FastClassByGuice$$6ddfd7d2
10666:             1             16  org.jenkinsci.plugins.docker.workflow.FromFingerprintStep$DescriptorImpl$$FastClassByGuice$$49947338
10667:             1             16  org.jenkinsci.plugins.docker.workflow.ImageAction$ExtractorImpl$$FastClassByGuice$$79daca6
10668:             1             16  org.jenkinsci.plugins.docker.workflow.RegistryEndpointStep$DescriptorImpl$$FastClassByGuice$$f834e8ea
10669:             1             16  org.jenkinsci.plugins.docker.workflow.RunFingerprintStep$DescriptorImpl$$FastClassByGuice$$7fa66e63
10670:             1             16  org.jenkinsci.plugins.docker.workflow.ServerEndpointStep$DescriptorImpl$$FastClassByGuice$$6728b764
10671:             1             16  org.jenkinsci.plugins.docker.workflow.WithContainerStep$DescriptorImpl$$FastClassByGuice$$2303a0d7
10672:             1             16  org.jenkinsci.plugins.docker.workflow.declarative.ContainerPerStage$DescriptorImpl$$FastClassByGuice$$bf5eb260
10673:             1             16  org.jenkinsci.plugins.docker.workflow.declarative.DockerPipeline$DescriptorImpl$$FastClassByGuice$$56c87602
10674:             1             16  org.jenkinsci.plugins.docker.workflow.declarative.DockerPipelineFromDockerfile$DescriptorImpl$$FastClassByGuice$$d9e69bfc
10675:             1             16  org.jenkinsci.plugins.docker.workflow.declarative.ExtensionFilterImpl
10676:             1             16  org.jenkinsci.plugins.docker.workflow.declarative.ExtensionFilterImpl$$FastClassByGuice$$39483048
10677:             1             16  org.jenkinsci.plugins.docker.workflow.declarative.FolderConfig$DescriptorImpl$$FastClassByGuice$$abc0e014
10678:             1             16  org.jenkinsci.plugins.docker.workflow.declarative.FolderConfig$FolderDockerPropertiesProvider
10679:             1             16  org.jenkinsci.plugins.docker.workflow.declarative.FolderConfig$FolderDockerPropertiesProvider$$FastClassByGuice$$f13168f7
10680:             1             16  org.jenkinsci.plugins.docker.workflow.declarative.GlobalConfig$$FastClassByGuice$$2d9614f4
10681:             1             16  org.jenkinsci.plugins.docker.workflow.declarative.GlobalConfig$GlobalConfigDockerPropertiesProvider
10682:             1             16  org.jenkinsci.plugins.docker.workflow.declarative.GlobalConfig$GlobalConfigDockerPropertiesProvider$$FastClassByGuice$$41b3ae39
10683:             1             16  org.jenkinsci.plugins.durabletask.BourneShellScript$DescriptorImpl$$FastClassByGuice$$78d4f311
10684:             1             16  org.jenkinsci.plugins.durabletask.FileMonitoringTask$FileMonitoringController$$Lambda$458/1606150653
10685:             1             16  org.jenkinsci.plugins.durabletask.FileMonitoringTask$FileMonitoringController$StatusCheck
10686:             1             16  org.jenkinsci.plugins.durabletask.PowershellScript$DescriptorImpl$$FastClassByGuice$$eff3e865
10687:             1             16  org.jenkinsci.plugins.durabletask.WindowsBatchScript$DescriptorImpl$$FastClassByGuice$$661e83b9
10688:             1             16  org.jenkinsci.plugins.durabletask.executors.ContinuedTask$Scheduler
10689:             1             16  org.jenkinsci.plugins.durabletask.executors.ContinuedTask$Scheduler$$FastClassByGuice$$194cfaf3
10690:             1             16  org.jenkinsci.plugins.envinject.EnvInjectBuildVariableContributor
10691:             1             16  org.jenkinsci.plugins.envinject.EnvInjectBuildVariableContributor$$FastClassByGuice$$6835cf5
10692:             1             16  org.jenkinsci.plugins.envinject.EnvInjectBuildWrapper$DescriptorImpl$$FastClassByGuice$$bfb83a8a
10693:             1             16  org.jenkinsci.plugins.envinject.EnvInjectBuilder$DescriptorImpl$$FastClassByGuice$$30ec1cfc
10694:             1             16  org.jenkinsci.plugins.envinject.EnvInjectComputerListener
10695:             1             16  org.jenkinsci.plugins.envinject.EnvInjectComputerListener$$FastClassByGuice$$7d720e73
10696:             1             16  org.jenkinsci.plugins.envinject.EnvInjectEnvVarsContributor
10697:             1             16  org.jenkinsci.plugins.envinject.EnvInjectEnvVarsContributor$$FastClassByGuice$$d2818ee6
10698:             1             16  org.jenkinsci.plugins.envinject.EnvInjectGlobalPasswordWrapper$DescriptorImpl$$FastClassByGuice$$ef0fc302
10699:             1             16  org.jenkinsci.plugins.envinject.EnvInjectJobProperty$DescriptorImpl$$FastClassByGuice$$b13d2905
10700:             1             16  org.jenkinsci.plugins.envinject.EnvInjectJobPropertyInfo$DescriptorImpl$$FastClassByGuice$$8288c177
10701:             1             16  org.jenkinsci.plugins.envinject.EnvInjectListener
10702:             1             16  org.jenkinsci.plugins.envinject.EnvInjectListener$$FastClassByGuice$$aa013a38
10703:             1             16  org.jenkinsci.plugins.envinject.EnvInjectListener$JobSetupEnvironmentWorkspaceListener
10704:             1             16  org.jenkinsci.plugins.envinject.EnvInjectListener$JobSetupEnvironmentWorkspaceListener$$FastClassByGuice$$cdbdb282
10705:             1             16  org.jenkinsci.plugins.envinject.EnvInjectNodeProperty$EnvInjectNodePropertyDescriptor$$FastClassByGuice$$f13d67fb
10706:             1             16  org.jenkinsci.plugins.envinject.EnvInjectPasswordWrapper$DescriptorImpl$$FastClassByGuice$$e8e57f
10707:             1             16  org.jenkinsci.plugins.envinject.EnvInjectPlugin
10708:             1             16  org.jenkinsci.plugins.envinject.EnvInjectPluginConfiguration$$FastClassByGuice$$de70707f
10709:             1             16  org.jenkinsci.plugins.envinject.migration.EnvInjectMigrationListener
10710:             1             16  org.jenkinsci.plugins.envinject.migration.EnvInjectMigrationListener$$FastClassByGuice$$fa75333e
10711:             1             16  org.jenkinsci.plugins.folder.FolderVSphereCloudProperty$DescriptorImpl$$FastClassByGuice$$328ae188
10712:             1             16  org.jenkinsci.plugins.gitclient.GitToolConfigurator
10713:             1             16  org.jenkinsci.plugins.gitclient.GitToolConfigurator$$FastClassByGuice$$63499dc4
10714:             1             16  org.jenkinsci.plugins.gitclient.JGitApacheTool$DescriptorImpl$$FastClassByGuice$$796e7f2a
10715:             1             16  org.jenkinsci.plugins.gitclient.JGitTool$DescriptorImpl$$FastClassByGuice$$be18dd18
10716:             1             16  org.jenkinsci.plugins.gitclient.trilead.TrileadSessionFactory
10717:             1             16  org.jenkinsci.plugins.github.GitHubPlugin
10718:             1             16  org.jenkinsci.plugins.github.admin.GitHubHookRegisterProblemMonitor$$FastClassByGuice$$3fd6f404
10719:             1             16  org.jenkinsci.plugins.github.admin.GitHubHookRegisterProblemMonitor$GitHubHookRegisterProblemManagementLink
10720:             1             16  org.jenkinsci.plugins.github.admin.GitHubHookRegisterProblemMonitor$GitHubHookRegisterProblemManagementLink$$FastClassByGuice$$ad4cdd3
10721:             1             16  org.jenkinsci.plugins.github.common.ExpandableMessage
10722:             1             16  org.jenkinsci.plugins.github.common.ExpandableMessage$DescriptorImpl$$FastClassByGuice$$2ab945c2
10723:             1             16  org.jenkinsci.plugins.github.config.GitHubPluginConfig$$FastClassByGuice$$cfc1c5a3
10724:             1             16  org.jenkinsci.plugins.github.config.GitHubServerConfig$DescriptorImpl$$FastClassByGuice$$c9b8e160
10725:             1             16  org.jenkinsci.plugins.github.config.GitHubTokenCredentialsCreator$$FastClassByGuice$$a7ba955b
10726:             1             16  org.jenkinsci.plugins.github.config.HookSecretConfig$DescriptorImpl$$FastClassByGuice$$61e393f3
10727:             1             16  org.jenkinsci.plugins.github.status.GitHubCommitStatusSetter$GitHubCommitStatusSetterDescr$$FastClassByGuice$$70714178
10728:             1             16  org.jenkinsci.plugins.github.status.err.ChangingBuildStatusErrorHandler$ChangingBuildStatusErrorHandlerDescriptor$$FastClassByGuice$$b34ad011
10729:             1             16  org.jenkinsci.plugins.github.status.err.ShallowAnyErrorHandler$ShallowAnyErrorHandlerDescriptor$$FastClassByGuice$$edba702f
10730:             1             16  org.jenkinsci.plugins.github.status.sources.AnyDefinedRepositorySource$AnyDefinedRepoSourceDescriptor$$FastClassByGuice$$8333e0aa
10731:             1             16  org.jenkinsci.plugins.github.status.sources.BuildDataRevisionShaSource$BuildDataRevisionShaSourceDescriptor$$FastClassByGuice$$5d6e62c2
10732:             1             16  org.jenkinsci.plugins.github.status.sources.BuildRefBackrefSource$BuildRefBackrefSourceDescriptor$$FastClassByGuice$$eb4774fe
10733:             1             16  org.jenkinsci.plugins.github.status.sources.ConditionalStatusResultSource$ConditionalStatusResultSourceDescriptor$$FastClassByGuice$$efe9fe9a
10734:             1             16  org.jenkinsci.plugins.github.status.sources.DefaultCommitContextSource$DefaultContextSourceDescriptor$$FastClassByGuice$$2e562b39
10735:             1             16  org.jenkinsci.plugins.github.status.sources.DefaultStatusResultSource$DefaultResultSourceDescriptor$$FastClassByGuice$$a57984fe
10736:             1             16  org.jenkinsci.plugins.github.status.sources.ManuallyEnteredBackrefSource$ManuallyEnteredBackrefSourceDescriptor$$FastClassByGuice$$f0624da2
10737:             1             16  org.jenkinsci.plugins.github.status.sources.ManuallyEnteredCommitContextSource$ManuallyEnteredCommitContextSourceDescriptor$$FastClassByGuice$$c46992e2
10738:             1             16  org.jenkinsci.plugins.github.status.sources.ManuallyEnteredRepositorySource$ManuallyEnteredRepositorySourceDescriptor$$FastClassByGuice$$2756548c
10739:             1             16  org.jenkinsci.plugins.github.status.sources.ManuallyEnteredShaSource$ManuallyEnteredShaSourceDescriptor$$FastClassByGuice$$2e949122
10740:             1             16  org.jenkinsci.plugins.github.status.sources.misc.AnyBuildResult$AnyBuildResultDescriptor$$FastClassByGuice$$b47a79a2
10741:             1             16  org.jenkinsci.plugins.github.status.sources.misc.BetterThanOrEqualBuildResult$BetterThanOrEqualBuildResultDescriptor$$FastClassByGuice$$6c9153e2
10742:             1             16  org.jenkinsci.plugins.github.webhook.RequirePostWithGHHookPayload$Processor
10743:             1             16  org.jenkinsci.plugins.github.webhook.subscriber.DefaultPushGHEventSubscriber$$FastClassByGuice$$a12f11b4
10744:             1             16  org.jenkinsci.plugins.github.webhook.subscriber.PingGHEventSubscriber$$FastClassByGuice$$6e25f641
10745:             1             16  org.jenkinsci.plugins.github_branch_source.BranchDiscoveryTrait$BranchSCMHeadAuthority$DescriptorImpl$$FastClassByGuice$$79ebdb6f
10746:             1             16  org.jenkinsci.plugins.github_branch_source.BranchDiscoveryTrait$DescriptorImpl$$FastClassByGuice$$b1b4cfcb
10747:             1             16  org.jenkinsci.plugins.github_branch_source.BranchSCMHead$MigrationImpl$$FastClassByGuice$$78d5067d
10748:             1             16  org.jenkinsci.plugins.github_branch_source.Connector$2
10749:             1             16  org.jenkinsci.plugins.github_branch_source.Connector$UnusedConnectionDestroyer$$FastClassByGuice$$341ab654
10750:             1             16  org.jenkinsci.plugins.github_branch_source.Endpoint$DescriptorImpl$$FastClassByGuice$$c487c216
10751:             1             16  org.jenkinsci.plugins.github_branch_source.ExcludeArchivedRepositoriesTrait$DescriptorImpl$$FastClassByGuice$$79804a01
10752:             1             16  org.jenkinsci.plugins.github_branch_source.ForkPullRequestDiscoveryTrait$DescriptorImpl$$FastClassByGuice$$af908215
10753:             1             16  org.jenkinsci.plugins.github_branch_source.ForkPullRequestDiscoveryTrait$TrustContributors$DescriptorImpl$$FastClassByGuice$$eb33ba69
10754:             1             16  org.jenkinsci.plugins.github_branch_source.ForkPullRequestDiscoveryTrait$TrustEveryone$DescriptorImpl$$FastClassByGuice$$f5ce6696
10755:             1             16  org.jenkinsci.plugins.github_branch_source.ForkPullRequestDiscoveryTrait$TrustNobody$DescriptorImpl$$FastClassByGuice$$77880d9e
10756:             1             16  org.jenkinsci.plugins.github_branch_source.ForkPullRequestDiscoveryTrait$TrustPermission$DescriptorImpl$$FastClassByGuice$$1c402a32
10757:             1             16  org.jenkinsci.plugins.github_branch_source.GitHubAppCredentials$DescriptorImpl$$FastClassByGuice$$453903cd
10758:             1             16  org.jenkinsci.plugins.github_branch_source.GitHubBranchFilter$DescriptorImpl$$FastClassByGuice$$e193698e
10759:             1             16  org.jenkinsci.plugins.github_branch_source.GitHubBuildStatusNotification$JobCheckOutListener
10760:             1             16  org.jenkinsci.plugins.github_branch_source.GitHubBuildStatusNotification$JobCheckOutListener$$FastClassByGuice$$7a94dbb3
10761:             1             16  org.jenkinsci.plugins.github_branch_source.GitHubBuildStatusNotification$JobCompletedListener
10762:             1             16  org.jenkinsci.plugins.github_branch_source.GitHubBuildStatusNotification$JobCompletedListener$$FastClassByGuice$$cbbb786
10763:             1             16  org.jenkinsci.plugins.github_branch_source.GitHubBuildStatusNotification$JobScheduledListener
10764:             1             16  org.jenkinsci.plugins.github_branch_source.GitHubBuildStatusNotification$JobScheduledListener$$FastClassByGuice$$6e8effe8
10765:             1             16  org.jenkinsci.plugins.github_branch_source.GitHubConfiguration$$FastClassByGuice$$6439e6cb
10766:             1             16  org.jenkinsci.plugins.github_branch_source.GitHubConsoleNote$DescriptorImpl$$FastClassByGuice$$e562d2b5
10767:             1             16  org.jenkinsci.plugins.github_branch_source.GitHubPullRequestFilter$DescriptorImpl$$FastClassByGuice$$44496e9c
10768:             1             16  org.jenkinsci.plugins.github_branch_source.GitHubRepositoryEventSubscriber$$FastClassByGuice$$f6ff1c4d
10769:             1             16  org.jenkinsci.plugins.github_branch_source.GitHubSCMFileSystem$BuilderImpl
10770:             1             16  org.jenkinsci.plugins.github_branch_source.GitHubSCMFileSystem$BuilderImpl$$FastClassByGuice$$6d3f2b4
10771:             1             16  org.jenkinsci.plugins.github_branch_source.GitHubSCMNavigator$DescriptorImpl$$FastClassByGuice$$85fac28e
10772:             1             16  org.jenkinsci.plugins.github_branch_source.GitHubSCMSource$DescriptorImpl$$FastClassByGuice$$fee958e6
10773:             1             16  org.jenkinsci.plugins.github_branch_source.GitHubSCMSourceRepositoryNameContributor$$FastClassByGuice$$21c26639
10774:             1             16  org.jenkinsci.plugins.github_branch_source.OriginPullRequestDiscoveryTrait$DescriptorImpl$$FastClassByGuice$$e5650679
10775:             1             16  org.jenkinsci.plugins.github_branch_source.OriginPullRequestDiscoveryTrait$OriginChangeRequestSCMHeadAuthority$DescriptorImpl$$FastClassByGuice$$ef9ea35e
10776:             1             16  org.jenkinsci.plugins.github_branch_source.PullRequestGHEventSubscriber$$FastClassByGuice$$99b4065f
10777:             1             16  org.jenkinsci.plugins.github_branch_source.PullRequestSCMHead$FixMetadataMigration$$FastClassByGuice$$711f3313
10778:             1             16  org.jenkinsci.plugins.github_branch_source.PullRequestSCMHead$FixOriginMigration$$FastClassByGuice$$b0a61fc
10779:             1             16  org.jenkinsci.plugins.github_branch_source.PushGHEventSubscriber$$FastClassByGuice$$10f4967f
10780:             1             16  org.jenkinsci.plugins.github_branch_source.SSHCheckoutTrait$DescriptorImpl$$FastClassByGuice$$5b10090b
10781:             1             16  org.jenkinsci.plugins.github_branch_source.TagDiscoveryTrait$DescriptorImpl$$FastClassByGuice$$cd730623
10782:             1             16  org.jenkinsci.plugins.github_branch_source.TagDiscoveryTrait$TagSCMHeadAuthority$DescriptorImpl$$FastClassByGuice$$ce2e3187
10783:             1             16  org.jenkinsci.plugins.github_branch_source.TeamSlugTrait$DescriptorImpl$$FastClassByGuice$$843b8495
10784:             1             16  org.jenkinsci.plugins.github_branch_source.TopicsTrait$DescriptorImpl$$FastClassByGuice$$e0118711
10785:             1             16  org.jenkinsci.plugins.gitserver.CSRFExclusionImpl
10786:             1             16  org.jenkinsci.plugins.gitserver.CSRFExclusionImpl$$FastClassByGuice$$d7541c87
10787:             1             16  org.jenkinsci.plugins.gitserver.ssh.SshCommandFactoryImpl$$FastClassByGuice$$f4f9e55e
10788:             1             16  org.jenkinsci.plugins.jsch.JSchSSHPasswordAuthenticator$Factory
10789:             1             16  org.jenkinsci.plugins.jsch.JSchSSHPasswordAuthenticator$Factory$$FastClassByGuice$$e7bab51a
10790:             1             16  org.jenkinsci.plugins.jsch.JSchSSHPublicKeyAuthenticator$Factory
10791:             1             16  org.jenkinsci.plugins.jsch.JSchSSHPublicKeyAuthenticator$Factory$$FastClassByGuice$$33135a67
10792:             1             16  org.jenkinsci.plugins.kubernetes.cli.KubectlBuildStep$DescriptorImpl$$FastClassByGuice$$d770749b
10793:             1             16  org.jenkinsci.plugins.kubernetes.cli.KubectlBuildWrapper$DescriptorImpl$$FastClassByGuice$$bfdac08c
10794:             1             16  org.jenkinsci.plugins.kubernetes.cli.KubectlCredential$DescriptorImpl$$FastClassByGuice$$da2277ba
10795:             1             16  org.jenkinsci.plugins.kubernetes.cli.MultiKubectlBuildStep$DescriptorImpl$$FastClassByGuice$$1a19bafa
10796:             1             16  org.jenkinsci.plugins.kubernetes.cli.MultiKubectlBuildWrapper$DescriptorImpl$$FastClassByGuice$$308ee9cd
10797:             1             16  org.jenkinsci.plugins.kubernetes.credentials.FileSystemServiceAccountCredential$DescriptorImpl$$FastClassByGuice$$dd2e42c9
10798:             1             16  org.jenkinsci.plugins.kubernetes.credentials.OpenShiftBearerTokenCredentialImpl$DescriptorImpl$$FastClassByGuice$$3429286c
10799:             1             16  org.jenkinsci.plugins.kubernetes.tokensource.DockerServerCredentialsTokenSource$$FastClassByGuice$$c12bce33
10800:             1             16  org.jenkinsci.plugins.kubernetes.tokensource.FileCredentialsTokenSource$$FastClassByGuice$$db33996c
10801:             1             16  org.jenkinsci.plugins.kubernetes.tokensource.StandardCertificateCredentialsTokenSource$$FastClassByGuice$$24e511a
10802:             1             16  org.jenkinsci.plugins.kubernetes.tokensource.StringCredentialsTokenSource$$FastClassByGuice$$3c841841
10803:             1             16  org.jenkinsci.plugins.kubernetes.tokensource.UsernamePasswordCredentialsTokenSource$$FastClassByGuice$$c22573c1
10804:             1             16  org.jenkinsci.plugins.matrixauth.AuthorizationContainerDescriptor$$Lambda$573/1277198274
10805:             1             16  org.jenkinsci.plugins.matrixauth.AuthorizationMatrixNodeProperty$DescriptorImpl$$FastClassByGuice$$5e9b63bd
10806:             1             16  org.jenkinsci.plugins.matrixauth.AuthorizationMatrixNodeProperty$NodeListenerImpl
10807:             1             16  org.jenkinsci.plugins.matrixauth.AuthorizationMatrixNodeProperty$NodeListenerImpl$$FastClassByGuice$$1eb30e24
10808:             1             16  org.jenkinsci.plugins.matrixauth.inheritance.InheritGlobalStrategy$DescriptorImpl$$FastClassByGuice$$5dec3641
10809:             1             16  org.jenkinsci.plugins.matrixauth.inheritance.InheritParentStrategy
10810:             1             16  org.jenkinsci.plugins.matrixauth.inheritance.InheritParentStrategy$DescriptorImpl$$FastClassByGuice$$c0bf795a
10811:             1             16  org.jenkinsci.plugins.matrixauth.inheritance.NonInheritingStrategy$DescriptorImpl$$FastClassByGuice$$894a464b
10812:             1             16  org.jenkinsci.plugins.matrixauth.integrations.casc.AuthorizationMatrixNodePropertyConfigurator
10813:             1             16  org.jenkinsci.plugins.matrixauth.integrations.casc.AuthorizationMatrixNodePropertyConfigurator$$FastClassByGuice$$4f4ca3a
10814:             1             16  org.jenkinsci.plugins.matrixauth.integrations.casc.GlobalMatrixAuthorizationStrategyConfigurator
10815:             1             16  org.jenkinsci.plugins.matrixauth.integrations.casc.GlobalMatrixAuthorizationStrategyConfigurator$$FastClassByGuice$$49302231
10816:             1             16  org.jenkinsci.plugins.matrixauth.integrations.casc.MatrixAuthorizationStrategyConfigurator$$Lambda$271/1390461269
10817:             1             16  org.jenkinsci.plugins.matrixauth.integrations.casc.MatrixAuthorizationStrategyConfigurator$$Lambda$272/507463233
10818:             1             16  org.jenkinsci.plugins.matrixauth.integrations.casc.MatrixAuthorizationStrategyConfigurator$$Lambda$273/636293577
10819:             1             16  org.jenkinsci.plugins.matrixauth.integrations.casc.MatrixAuthorizationStrategyConfigurator$$Lambda$274/1941390219
10820:             1             16  org.jenkinsci.plugins.matrixauth.integrations.casc.ProjectMatrixAuthorizationStrategyConfigurator
10821:             1             16  org.jenkinsci.plugins.matrixauth.integrations.casc.ProjectMatrixAuthorizationStrategyConfigurator$$FastClassByGuice$$500fbb13
10822:             1             16  org.jenkinsci.plugins.multiplescms.MultiSCM$DescriptorImpl$$FastClassByGuice$$b8663b1
10823:             1             16  org.jenkinsci.plugins.openjdk_native.OpenJDKErrorNote$DescriptorImpl$$FastClassByGuice$$a2bb0acb
10824:             1             16  org.jenkinsci.plugins.openjdk_native.OpenJDKInstaller$DescriptorImpl$$FastClassByGuice$$54743b9d
10825:             1             16  org.jenkinsci.plugins.pipeline.StageStatus
10826:             1             16  org.jenkinsci.plugins.pipeline.StageStatus$$FastClassByGuice$$f15980e
10827:             1             16  org.jenkinsci.plugins.pipeline.SyntheticStage
10828:             1             16  org.jenkinsci.plugins.pipeline.SyntheticStage$$FastClassByGuice$$d019c67b
10829:             1             16  org.jenkinsci.plugins.pipeline.maven.GlobalPipelineMavenConfig$$FastClassByGuice$$a689b9e3
10830:             1             16  org.jenkinsci.plugins.pipeline.maven.MavenConfigFolderOverrideProperty$DescriptorImpl$$FastClassByGuice$$9630c85c
10831:             1             16  org.jenkinsci.plugins.pipeline.maven.NonProductionGradeDatabaseWarningAdministrativeMonitor
10832:             1             16  org.jenkinsci.plugins.pipeline.maven.NonProductionGradeDatabaseWarningAdministrativeMonitor$$FastClassByGuice$$43ab8ce1
10833:             1             16  org.jenkinsci.plugins.pipeline.maven.WithMavenStep$DescriptorImpl$$FastClassByGuice$$3de566c7
10834:             1             16  org.jenkinsci.plugins.pipeline.maven.cli.TriggerDownstreamPipelinesCommand$$FastClassByGuice$$2cb8a2a1
10835:             1             16  org.jenkinsci.plugins.pipeline.maven.listeners.DatabaseSyncItemListener
10836:             1             16  org.jenkinsci.plugins.pipeline.maven.listeners.DatabaseSyncItemListener$$FastClassByGuice$$1368d011
10837:             1             16  org.jenkinsci.plugins.pipeline.maven.listeners.DatabaseSyncRunListener$$FastClassByGuice$$8e60abf5
10838:             1             16  org.jenkinsci.plugins.pipeline.maven.listeners.DownstreamPipelineTriggerRunListener$$FastClassByGuice$$5de4d55f
10839:             1             16  org.jenkinsci.plugins.pipeline.maven.publishers.ConcordionTestsPublisher$DescriptorImpl$$FastClassByGuice$$6ffd377e
10840:             1             16  org.jenkinsci.plugins.pipeline.maven.publishers.DependenciesFingerprintPublisher$DescriptorImpl$$FastClassByGuice$$eeabe860
10841:             1             16  org.jenkinsci.plugins.pipeline.maven.publishers.FindbugsAnalysisPublisher$DescriptorImpl$$FastClassByGuice$$fe970b3d
10842:             1             16  org.jenkinsci.plugins.pipeline.maven.publishers.GeneratedArtifactsPublisher$DescriptorImpl$$FastClassByGuice$$259f681b
10843:             1             16  org.jenkinsci.plugins.pipeline.maven.publishers.InvokerRunsPublisher$DescriptorImpl$$FastClassByGuice$$588641c7
10844:             1             16  org.jenkinsci.plugins.pipeline.maven.publishers.JGivenTestsPublisher$DescriptorImpl$$FastClassByGuice$$ee1f4113
10845:             1             16  org.jenkinsci.plugins.pipeline.maven.publishers.JacocoReportPublisher$DescriptorImpl$$FastClassByGuice$$f15382c
10846:             1             16  org.jenkinsci.plugins.pipeline.maven.publishers.JunitTestsPublisher$DescriptorImpl$$FastClassByGuice$$605ea8dc
10847:             1             16  org.jenkinsci.plugins.pipeline.maven.publishers.MavenLinkerPublisher2$DescriptorImpl$$FastClassByGuice$$a6b54cfd
10848:             1             16  org.jenkinsci.plugins.pipeline.maven.publishers.PipelineGraphPublisher$DescriptorImpl$$FastClassByGuice$$9657ab1
10849:             1             16  org.jenkinsci.plugins.pipeline.maven.publishers.SpotBugsAnalysisPublisher$DescriptorImpl$$FastClassByGuice$$fe0bd226
10850:             1             16  org.jenkinsci.plugins.pipeline.maven.publishers.TasksScannerPublisher$DescriptorImpl$$FastClassByGuice$$d893b619
10851:             1             16  org.jenkinsci.plugins.pipeline.maven.service.PipelineTriggerService
10852:             1             16  org.jenkinsci.plugins.pipeline.maven.trigger.WorkflowJobDependencyTrigger$DescriptorImpl$$FastClassByGuice$$37d0c669
10853:             1             16  org.jenkinsci.plugins.pipeline.milestone.MilestoneStep$DescriptorImpl$$FastClassByGuice$$9bf7bd17
10854:             1             16  org.jenkinsci.plugins.pipeline.milestone.MilestoneStepExecution$CleanupJobsOnDelete
10855:             1             16  org.jenkinsci.plugins.pipeline.milestone.MilestoneStepExecution$CleanupJobsOnDelete$$FastClassByGuice$$77b99e7c
10856:             1             16  org.jenkinsci.plugins.pipeline.milestone.MilestoneStepExecution$Listener
10857:             1             16  org.jenkinsci.plugins.pipeline.milestone.MilestoneStepExecution$Listener$$FastClassByGuice$$79f938dc
10858:             1             16  org.jenkinsci.plugins.pipeline.modeldefinition.ASTSchema
10859:             1             16  org.jenkinsci.plugins.pipeline.modeldefinition.ASTSchema$$FastClassByGuice$$cb2d38f
10860:             1             16  org.jenkinsci.plugins.pipeline.modeldefinition.DescriptorLookupCache$$FastClassByGuice$$4d316e05
10861:             1             16  org.jenkinsci.plugins.pipeline.modeldefinition.ModelStepLoader
10862:             1             16  org.jenkinsci.plugins.pipeline.modeldefinition.ModelStepLoader$$FastClassByGuice$$30516dd4
10863:             1             16  org.jenkinsci.plugins.pipeline.modeldefinition.SyntheticStageGraphListener
10864:             1             16  org.jenkinsci.plugins.pipeline.modeldefinition.SyntheticStageGraphListener$$FastClassByGuice$$979e3bb5
10865:             1             16  org.jenkinsci.plugins.pipeline.modeldefinition.actions.RestartDeclarativePipelineAction$Factory
10866:             1             16  org.jenkinsci.plugins.pipeline.modeldefinition.actions.RestartDeclarativePipelineAction$Factory$$FastClassByGuice$$329e21de
10867:             1             16  org.jenkinsci.plugins.pipeline.modeldefinition.actions.RestartFlowFactoryAction
10868:             1             16  org.jenkinsci.plugins.pipeline.modeldefinition.agent.DeclarativeAgentDescriptor$$Lambda$347/1412938935
10869:             1             16  org.jenkinsci.plugins.pipeline.modeldefinition.agent.impl.Any$DescriptorImpl$$FastClassByGuice$$d3b4c5b8
10870:             1             16  org.jenkinsci.plugins.pipeline.modeldefinition.agent.impl.Label$DescriptorImpl$$FastClassByGuice$$8026770
10871:             1             16  org.jenkinsci.plugins.pipeline.modeldefinition.agent.impl.None$DescriptorImpl$$FastClassByGuice$$f42209aa
10872:             1             16  org.jenkinsci.plugins.pipeline.modeldefinition.cli.DeclarativeLinterCommand$$FastClassByGuice$$174b3bd3
10873:             1             16  org.jenkinsci.plugins.pipeline.modeldefinition.cli.RestartFromStageCommand$$FastClassByGuice$$1a5f6264
10874:             1             16  org.jenkinsci.plugins.pipeline.modeldefinition.credentials.impl.FileCredentialsHandler
10875:             1             16  org.jenkinsci.plugins.pipeline.modeldefinition.credentials.impl.FileCredentialsHandler$$FastClassByGuice$$753476f2
10876:             1             16  org.jenkinsci.plugins.pipeline.modeldefinition.credentials.impl.SSHUserPrivateKeyHandler
10877:             1             16  org.jenkinsci.plugins.pipeline.modeldefinition.credentials.impl.SSHUserPrivateKeyHandler$$FastClassByGuice$$5d1ec9c3
10878:             1             16  org.jenkinsci.plugins.pipeline.modeldefinition.credentials.impl.StringCredentialsHandler
10879:             1             16  org.jenkinsci.plugins.pipeline.modeldefinition.credentials.impl.StringCredentialsHandler$$FastClassByGuice$$880ffc47
10880:             1             16  org.jenkinsci.plugins.pipeline.modeldefinition.credentials.impl.UsernamePasswordHandler
10881:             1             16  org.jenkinsci.plugins.pipeline.modeldefinition.credentials.impl.UsernamePasswordHandler$$FastClassByGuice$$d33d49d1
10882:             1             16  org.jenkinsci.plugins.pipeline.modeldefinition.endpoints.ModelConverterAction
10883:             1             16  org.jenkinsci.plugins.pipeline.modeldefinition.endpoints.ModelConverterAction$$FastClassByGuice$$9874deb1
10884:             1             16  org.jenkinsci.plugins.pipeline.modeldefinition.endpoints.ModelConverterAction$ModelConverterActionCrumbExclusion
10885:             1             16  org.jenkinsci.plugins.pipeline.modeldefinition.endpoints.ModelConverterAction$ModelConverterActionCrumbExclusion$$FastClassByGuice$$35bb3bf3
10886:             1             16  org.jenkinsci.plugins.pipeline.modeldefinition.generator.AgentDirective$DescriptorImpl$$FastClassByGuice$$6f5fd5a
10887:             1             16  org.jenkinsci.plugins.pipeline.modeldefinition.generator.AxesDirective$DescriptorImpl$$FastClassByGuice$$94652378
10888:             1             16  org.jenkinsci.plugins.pipeline.modeldefinition.generator.AxisDirective$DescriptorImpl$$FastClassByGuice$$9bca6ff4
10889:             1             16  org.jenkinsci.plugins.pipeline.modeldefinition.generator.DirectiveGenerator
10890:             1             16  org.jenkinsci.plugins.pipeline.modeldefinition.generator.DirectiveGenerator$$FastClassByGuice$$eb5b59f3
10891:             1             16  org.jenkinsci.plugins.pipeline.modeldefinition.generator.DirectiveGenerator$DeclarativeDirectivesLink$$FastClassByGuice$$b7d80d77
10892:             1             16  org.jenkinsci.plugins.pipeline.modeldefinition.generator.DirectiveGenerator$DeclarativeOnlineDocsLink$$FastClassByGuice$$903c51a1
10893:             1             16  org.jenkinsci.plugins.pipeline.modeldefinition.generator.DirectiveGenerator$PerMultiBranchFolderAdder
10894:             1             16  org.jenkinsci.plugins.pipeline.modeldefinition.generator.DirectiveGenerator$PerMultiBranchFolderAdder$$FastClassByGuice$$9d8adff1
10895:             1             16  org.jenkinsci.plugins.pipeline.modeldefinition.generator.DirectiveGenerator$PerOrgFolderAdder
10896:             1             16  org.jenkinsci.plugins.pipeline.modeldefinition.generator.DirectiveGenerator$PerOrgFolderAdder$$FastClassByGuice$$a5c6a1a8
10897:             1             16  org.jenkinsci.plugins.pipeline.modeldefinition.generator.DirectiveGenerator$PerWorkflowJobAdder
10898:             1             16  org.jenkinsci.plugins.pipeline.modeldefinition.generator.DirectiveGenerator$PerWorkflowJobAdder$$FastClassByGuice$$62aa1b1c
10899:             1             16  org.jenkinsci.plugins.pipeline.modeldefinition.generator.EnvironmentDirective$DescriptorImpl$$FastClassByGuice$$de7729a8
10900:             1             16  org.jenkinsci.plugins.pipeline.modeldefinition.generator.ExcludeDirective$DescriptorImpl$$FastClassByGuice$$6405f0ef
10901:             1             16  org.jenkinsci.plugins.pipeline.modeldefinition.generator.ExcludesDirective$DescriptorImpl$$FastClassByGuice$$ae5eaeac
10902:             1             16  org.jenkinsci.plugins.pipeline.modeldefinition.generator.InputDirective$DescriptorImpl$$FastClassByGuice$$6a99531f
10903:             1             16  org.jenkinsci.plugins.pipeline.modeldefinition.generator.LibrariesDirective$DescriptorImpl$$FastClassByGuice$$d0e5906e
10904:             1             16  org.jenkinsci.plugins.pipeline.modeldefinition.generator.MatrixDirective$DescriptorImpl$$FastClassByGuice$$fbc78054
10905:             1             16  org.jenkinsci.plugins.pipeline.modeldefinition.generator.OptionsDirective$DescriptorImpl$$FastClassByGuice$$10ce8db3
10906:             1             16  org.jenkinsci.plugins.pipeline.modeldefinition.generator.ParametersDirective$DescriptorImpl$$FastClassByGuice$$48ee4ffd
10907:             1             16  org.jenkinsci.plugins.pipeline.modeldefinition.generator.PostDirective$DescriptorImpl$$FastClassByGuice$$4addd3f3
10908:             1             16  org.jenkinsci.plugins.pipeline.modeldefinition.generator.StageDirective$DescriptorImpl$$FastClassByGuice$$78276253
10909:             1             16  org.jenkinsci.plugins.pipeline.modeldefinition.generator.StagesDirective$DescriptorImpl$$FastClassByGuice$$1e6b69c8
10910:             1             16  org.jenkinsci.plugins.pipeline.modeldefinition.generator.ToolsDirective$DescriptorImpl$$FastClassByGuice$$53b3e230
10911:             1             16  org.jenkinsci.plugins.pipeline.modeldefinition.generator.TriggersDirective$DescriptorImpl$$FastClassByGuice$$87262c8e
10912:             1             16  org.jenkinsci.plugins.pipeline.modeldefinition.generator.WhenDirective$DescriptorImpl$$FastClassByGuice$$1c59388d
10913:             1             16  org.jenkinsci.plugins.pipeline.modeldefinition.model.conditions.Aborted
10914:             1             16  org.jenkinsci.plugins.pipeline.modeldefinition.model.conditions.Aborted$$FastClassByGuice$$a5bb5af2
10915:             1             16  org.jenkinsci.plugins.pipeline.modeldefinition.model.conditions.Always
10916:             1             16  org.jenkinsci.plugins.pipeline.modeldefinition.model.conditions.Always$$FastClassByGuice$$c3d86a8c
10917:             1             16  org.jenkinsci.plugins.pipeline.modeldefinition.model.conditions.Changed
10918:             1             16  org.jenkinsci.plugins.pipeline.modeldefinition.model.conditions.Changed$$FastClassByGuice$$18fd99d7
10919:             1             16  org.jenkinsci.plugins.pipeline.modeldefinition.model.conditions.Cleanup
10920:             1             16  org.jenkinsci.plugins.pipeline.modeldefinition.model.conditions.Cleanup$$FastClassByGuice$$20038dc7
10921:             1             16  org.jenkinsci.plugins.pipeline.modeldefinition.model.conditions.Failure
10922:             1             16  org.jenkinsci.plugins.pipeline.modeldefinition.model.conditions.Failure$$FastClassByGuice$$ac2e68ad
10923:             1             16  org.jenkinsci.plugins.pipeline.modeldefinition.model.conditions.Fixed
10924:             1             16  org.jenkinsci.plugins.pipeline.modeldefinition.model.conditions.Fixed$$FastClassByGuice$$171a8b57
10925:             1             16  org.jenkinsci.plugins.pipeline.modeldefinition.model.conditions.NotBuilt
10926:             1             16  org.jenkinsci.plugins.pipeline.modeldefinition.model.conditions.NotBuilt$$FastClassByGuice$$db4a4a8
10927:             1             16  org.jenkinsci.plugins.pipeline.modeldefinition.model.conditions.Regression
10928:             1             16  org.jenkinsci.plugins.pipeline.modeldefinition.model.conditions.Regression$$FastClassByGuice$$395d23e
10929:             1             16  org.jenkinsci.plugins.pipeline.modeldefinition.model.conditions.Success
10930:             1             16  org.jenkinsci.plugins.pipeline.modeldefinition.model.conditions.Success$$FastClassByGuice$$7da77726
10931:             1             16  org.jenkinsci.plugins.pipeline.modeldefinition.model.conditions.Unstable
10932:             1             16  org.jenkinsci.plugins.pipeline.modeldefinition.model.conditions.Unstable$$FastClassByGuice$$b0f93051
10933:             1             16  org.jenkinsci.plugins.pipeline.modeldefinition.model.conditions.Unsuccessful
10934:             1             16  org.jenkinsci.plugins.pipeline.modeldefinition.model.conditions.Unsuccessful$$FastClassByGuice$$c34cd4b0
10935:             1             16  org.jenkinsci.plugins.pipeline.modeldefinition.options.impl.CheckoutToSubdirectory$DescriptorImpl$$FastClassByGuice$$9f5fa0fb
10936:             1             16  org.jenkinsci.plugins.pipeline.modeldefinition.options.impl.ParallelsAlwaysFailFast$DescriptorImpl$$FastClassByGuice$$d09b32e8
10937:             1             16  org.jenkinsci.plugins.pipeline.modeldefinition.options.impl.QuietPeriod$DescriptorImpl$$FastClassByGuice$$b4522b08
10938:             1             16  org.jenkinsci.plugins.pipeline.modeldefinition.options.impl.SkipDefaultCheckout$DescriptorImpl$$FastClassByGuice$$dfb8e95
10939:             1             16  org.jenkinsci.plugins.pipeline.modeldefinition.options.impl.SkipStagesAfterUnstable$DescriptorImpl$$FastClassByGuice$$a30ab861
10940:             1             16  org.jenkinsci.plugins.pipeline.modeldefinition.parser.GroovyShellDecoratorImpl
10941:             1             16  org.jenkinsci.plugins.pipeline.modeldefinition.parser.GroovyShellDecoratorImpl$$FastClassByGuice$$dc3ccc54
10942:             1             16  org.jenkinsci.plugins.pipeline.modeldefinition.properties.PreserveStashesJobProperty$DescriptorImpl$$FastClassByGuice$$68e3e51
10943:             1             16  org.jenkinsci.plugins.pipeline.modeldefinition.properties.PreserveStashesJobProperty$SaveStashes
10944:             1             16  org.jenkinsci.plugins.pipeline.modeldefinition.properties.PreserveStashesJobProperty$SaveStashes$$FastClassByGuice$$3c2786c4
10945:             1             16  org.jenkinsci.plugins.pipeline.modeldefinition.properties.PreserveStashesJobProperty$StashClearingListener
10946:             1             16  org.jenkinsci.plugins.pipeline.modeldefinition.properties.PreserveStashesJobProperty$StashClearingListener$$FastClassByGuice$$3214167c
10947:             1             16  org.jenkinsci.plugins.pipeline.modeldefinition.properties.PreserveStashesJobProperty$ValidatorImpl
10948:             1             16  org.jenkinsci.plugins.pipeline.modeldefinition.properties.PreserveStashesJobProperty$ValidatorImpl$$FastClassByGuice$$a5b8f830
10949:             1             16  org.jenkinsci.plugins.pipeline.modeldefinition.steps.EnvVarsForToolStep$DescriptorImpl$$FastClassByGuice$$c71ad9c4
10950:             1             16  org.jenkinsci.plugins.pipeline.modeldefinition.steps.ScriptStep$DescriptorImpl$$FastClassByGuice$$8802d021
10951:             1             16  org.jenkinsci.plugins.pipeline.modeldefinition.steps.ValidateDeclarativePipelineStep$DescriptorImpl$$FastClassByGuice$$ea953e8c
10952:             1             16  org.jenkinsci.plugins.pipeline.modeldefinition.validator.BlockedStepsAndMethodCalls
10953:             1             16  org.jenkinsci.plugins.pipeline.modeldefinition.validator.BlockedStepsAndMethodCalls$$FastClassByGuice$$bf6c3468
10954:             1             16  org.jenkinsci.plugins.pipeline.modeldefinition.validator.ParametersAndTriggersInOptions
10955:             1             16  org.jenkinsci.plugins.pipeline.modeldefinition.validator.ParametersAndTriggersInOptions$$FastClassByGuice$$2fd8a01
10956:             1             16  org.jenkinsci.plugins.pipeline.modeldefinition.when.impl.AllOfConditional$DescriptorImpl$$FastClassByGuice$$883af4d7
10957:             1             16  org.jenkinsci.plugins.pipeline.modeldefinition.when.impl.AnyOfConditional$DescriptorImpl$$FastClassByGuice$$a2a2e6a2
10958:             1             16  org.jenkinsci.plugins.pipeline.modeldefinition.when.impl.BranchConditional$DescriptorImpl$$FastClassByGuice$$f059827d
10959:             1             16  org.jenkinsci.plugins.pipeline.modeldefinition.when.impl.BuildingTagConditional$DescriptorImpl$$FastClassByGuice$$22dc02c5
10960:             1             16  org.jenkinsci.plugins.pipeline.modeldefinition.when.impl.ChangeLogConditional$DescriptorImpl$$FastClassByGuice$$a47afaf3
10961:             1             16  org.jenkinsci.plugins.pipeline.modeldefinition.when.impl.ChangeRequestConditional$DescriptorImpl$$FastClassByGuice$$2562717e
10962:             1             16  org.jenkinsci.plugins.pipeline.modeldefinition.when.impl.ChangeSetConditional$DescriptorImpl$$FastClassByGuice$$469dca91
10963:             1             16  org.jenkinsci.plugins.pipeline.modeldefinition.when.impl.DefaultChangeLogStrategy$$FastClassByGuice$$427d99d4
10964:             1             16  org.jenkinsci.plugins.pipeline.modeldefinition.when.impl.EnvironmentConditional$DescriptorImpl$$FastClassByGuice$$aabe9652
10965:             1             16  org.jenkinsci.plugins.pipeline.modeldefinition.when.impl.EqualsConditional$DescriptorImpl$$FastClassByGuice$$5645425a
10966:             1             16  org.jenkinsci.plugins.pipeline.modeldefinition.when.impl.ExpressionConditional$DescriptorImpl$$FastClassByGuice$$2724d0f3
10967:             1             16  org.jenkinsci.plugins.pipeline.modeldefinition.when.impl.IsRestartedRunConditional$DescriptorImpl$$FastClassByGuice$$c5ec8da2
10968:             1             16  org.jenkinsci.plugins.pipeline.modeldefinition.when.impl.NotConditional$DescriptorImpl$$FastClassByGuice$$1d5f7112
10969:             1             16  org.jenkinsci.plugins.pipeline.modeldefinition.when.impl.TagConditional$DescriptorImpl$$FastClassByGuice$$b28b19
10970:             1             16  org.jenkinsci.plugins.pipeline.modeldefinition.when.impl.TriggeredByConditional$DescriptorImpl$$FastClassByGuice$$14bdf38d
10971:             1             16  org.jenkinsci.plugins.pipeline.modeldefinition.when.impl.WhenConditionalValidator
10972:             1             16  org.jenkinsci.plugins.pipeline.modeldefinition.when.impl.WhenConditionalValidator$$FastClassByGuice$$3e68fad4
10973:             1             16  org.jenkinsci.plugins.pipeline.utility.steps.CompareVersionsStep$DescriptorImpl$$FastClassByGuice$$ea3a212
10974:             1             16  org.jenkinsci.plugins.pipeline.utility.steps.conf.ReadPropertiesStep$DescriptorImpl$$FastClassByGuice$$fd0a089f
10975:             1             16  org.jenkinsci.plugins.pipeline.utility.steps.conf.ReadYamlStep$DescriptorImpl$$FastClassByGuice$$77be7aeb
10976:             1             16  org.jenkinsci.plugins.pipeline.utility.steps.conf.WriteYamlStep$DescriptorImpl$$FastClassByGuice$$189ac5e0
10977:             1             16  org.jenkinsci.plugins.pipeline.utility.steps.conf.mf.ReadManifestStep$DescriptorImpl$$FastClassByGuice$$fa2894ec
10978:             1             16  org.jenkinsci.plugins.pipeline.utility.steps.csv.ReadCSVStep$DescriptorImpl$$FastClassByGuice$$45bc348a
10979:             1             16  org.jenkinsci.plugins.pipeline.utility.steps.csv.ReadCSVStep$PackageAutoImporter
10980:             1             16  org.jenkinsci.plugins.pipeline.utility.steps.csv.ReadCSVStep$PackageAutoImporter$$FastClassByGuice$$e27403cc
10981:             1             16  org.jenkinsci.plugins.pipeline.utility.steps.csv.ReadCSVStep$WhiteLister
10982:             1             16  org.jenkinsci.plugins.pipeline.utility.steps.csv.ReadCSVStep$WhiteLister$$FastClassByGuice$$2c6fed9
10983:             1             16  org.jenkinsci.plugins.pipeline.utility.steps.csv.WriteCSVStep$DescriptorImpl$$FastClassByGuice$$5b39004d
10984:             1             16  org.jenkinsci.plugins.pipeline.utility.steps.fs.FileSha1Step$DescriptorImpl$$FastClassByGuice$$5e72c210
10985:             1             16  org.jenkinsci.plugins.pipeline.utility.steps.fs.FindFilesStep$DescriptorImpl$$FastClassByGuice$$86704dff
10986:             1             16  org.jenkinsci.plugins.pipeline.utility.steps.fs.TeeStep$DescriptorImpl$$FastClassByGuice$$ff8892e9
10987:             1             16  org.jenkinsci.plugins.pipeline.utility.steps.fs.TouchStep$DescriptorImpl$$FastClassByGuice$$13bed05e
10988:             1             16  org.jenkinsci.plugins.pipeline.utility.steps.jenkins.NodesByLabelStep$DescriptorImpl$$FastClassByGuice$$dcbe5a98
10989:             1             16  org.jenkinsci.plugins.pipeline.utility.steps.json.ReadJSONStep$DescriptorImpl$$FastClassByGuice$$7cc316ee
10990:             1             16  org.jenkinsci.plugins.pipeline.utility.steps.json.WriteJSONStep$DescriptorImpl$$FastClassByGuice$$7173fadb
10991:             1             16  org.jenkinsci.plugins.pipeline.utility.steps.maven.ReadMavenPomStep$DescriptorImpl$$FastClassByGuice$$f3871400
10992:             1             16  org.jenkinsci.plugins.pipeline.utility.steps.maven.ReadMavenPomStep$PackageAutoImporter
10993:             1             16  org.jenkinsci.plugins.pipeline.utility.steps.maven.ReadMavenPomStep$PackageAutoImporter$$FastClassByGuice$$94f85e16
10994:             1             16  org.jenkinsci.plugins.pipeline.utility.steps.maven.ReadMavenPomStep$WhiteLister
10995:             1             16  org.jenkinsci.plugins.pipeline.utility.steps.maven.ReadMavenPomStep$WhiteLister$$FastClassByGuice$$ec074323
10996:             1             16  org.jenkinsci.plugins.pipeline.utility.steps.maven.WriteMavenPomStep$DescriptorImpl$$FastClassByGuice$$83389e33
10997:             1             16  org.jenkinsci.plugins.pipeline.utility.steps.shaded.org.yaml.snakeyaml.constructor.SafeConstructor$ConstructUndefined
10998:             1             16  org.jenkinsci.plugins.pipeline.utility.steps.shaded.org.yaml.snakeyaml.external.com.google.gdata.util.common.base.UnicodeEscaper$2
10999:             1             16  org.jenkinsci.plugins.pipeline.utility.steps.zip.UnZipStep$DescriptorImpl$$FastClassByGuice$$8fb79057
11000:             1             16  org.jenkinsci.plugins.pipeline.utility.steps.zip.ZipStep$DescriptorImpl$$FastClassByGuice$$5784e45e
11001:             1             16  org.jenkinsci.plugins.plaincredentials.impl.FileCredentialsImpl$DescriptorImpl$$FastClassByGuice$$21bbc8ef
11002:             1             16  org.jenkinsci.plugins.plaincredentials.impl.StringCredentialsImpl$DescriptorImpl$$FastClassByGuice$$9f1bc9c4
11003:             1             16  org.jenkinsci.plugins.pubsub.PubsubBus$$Lambda$372/203830025
11004:             1             16  org.jenkinsci.plugins.pubsub.PubsubBus$Holder$1
11005:             1             16  org.jenkinsci.plugins.pubsub.listeners.SyncJobCRUDListener
11006:             1             16  org.jenkinsci.plugins.pubsub.listeners.SyncJobCRUDListener$$FastClassByGuice$$c0c5fe44
11007:             1             16  org.jenkinsci.plugins.pubsub.listeners.SyncQueueListener
11008:             1             16  org.jenkinsci.plugins.pubsub.listeners.SyncQueueListener$$FastClassByGuice$$5b4a721a
11009:             1             16  org.jenkinsci.plugins.pubsub.listeners.SyncQueueListener$$Lambda$164/1069426843
11010:             1             16  org.jenkinsci.plugins.pubsub.listeners.SyncRunListener
11011:             1             16  org.jenkinsci.plugins.pubsub.listeners.SyncRunListener$$FastClassByGuice$$4285c2d4
11012:             1             16  org.jenkinsci.plugins.resourcedisposer.AsyncResourceDisposer$$FastClassByGuice$$a46edf5a
11013:             1             16  org.jenkinsci.plugins.resourcedisposer.AsyncResourceDisposer$Scheduler$$FastClassByGuice$$cb3cbfd1
11014:             1             16  org.jenkinsci.plugins.schedulebuild.ScheduleBuildGlobalConfiguration$$FastClassByGuice$$da134fdd
11015:             1             16  org.jenkinsci.plugins.schedulebuild.ScheduleBuildTransientProjectActionFactory
11016:             1             16  org.jenkinsci.plugins.schedulebuild.ScheduleBuildTransientProjectActionFactory$$FastClassByGuice$$c08dde4f
11017:             1             16  org.jenkinsci.plugins.scriptsecurity.sandbox.groovy.GroovySandbox$$Lambda$330/1106909001
11018:             1             16  org.jenkinsci.plugins.scriptsecurity.sandbox.groovy.SandboxInterceptor
11019:             1             16  org.jenkinsci.plugins.scriptsecurity.sandbox.groovy.SecureGroovyScript$DescriptorImpl$$FastClassByGuice$$19976283
11020:             1             16  org.jenkinsci.plugins.scriptsecurity.sandbox.whitelists.AnnotatedWhitelist$$FastClassByGuice$$7936d431
11021:             1             16  org.jenkinsci.plugins.scriptsecurity.sandbox.whitelists.GenericWhitelist$$FastClassByGuice$$f37afa52
11022:             1             16  org.jenkinsci.plugins.scriptsecurity.sandbox.whitelists.JenkinsWhitelist$$FastClassByGuice$$17127a53
11023:             1             16  org.jenkinsci.plugins.scriptsecurity.scripts.ClasspathEntry$DescriptorImpl$$FastClassByGuice$$b61c95bf
11024:             1             16  org.jenkinsci.plugins.scriptsecurity.scripts.ScriptApproval$$FastClassByGuice$$3512d28d
11025:             1             16  org.jenkinsci.plugins.scriptsecurity.scripts.ScriptApproval$$Lambda$147/1946791760
11026:             1             16  org.jenkinsci.plugins.scriptsecurity.scripts.ScriptApproval$ApprovedWhitelist$$FastClassByGuice$$ca4dccd9
11027:             1             16  org.jenkinsci.plugins.scriptsecurity.scripts.ScriptApprovalLink
11028:             1             16  org.jenkinsci.plugins.scriptsecurity.scripts.ScriptApprovalLink$$FastClassByGuice$$f340e827
11029:             1             16  org.jenkinsci.plugins.scriptsecurity.scripts.ScriptApprovalNote$DescriptorImpl$$FastClassByGuice$$107f0d74
11030:             1             16  org.jenkinsci.plugins.scriptsecurity.scripts.languages.GroovyLanguage
11031:             1             16  org.jenkinsci.plugins.scriptsecurity.scripts.languages.GroovyLanguage$$FastClassByGuice$$2e832358
11032:             1             16  org.jenkinsci.plugins.scriptsecurity.scripts.languages.GroovyShellLanguage
11033:             1             16  org.jenkinsci.plugins.scriptsecurity.scripts.languages.GroovyShellLanguage$$FastClassByGuice$$1bf295a8
11034:             1             16  org.jenkinsci.plugins.scriptsecurity.scripts.languages.GroovyXmlLanguage
11035:             1             16  org.jenkinsci.plugins.scriptsecurity.scripts.languages.GroovyXmlLanguage$$FastClassByGuice$$f3ca308f
11036:             1             16  org.jenkinsci.plugins.scriptsecurity.scripts.languages.JellyLanguage
11037:             1             16  org.jenkinsci.plugins.scriptsecurity.scripts.languages.JellyLanguage$$FastClassByGuice$$40ca2944
11038:             1             16  org.jenkinsci.plugins.scriptsecurity.scripts.languages.JexlLanguage
11039:             1             16  org.jenkinsci.plugins.scriptsecurity.scripts.languages.JexlLanguage$$FastClassByGuice$$fa7f7439
11040:             1             16  org.jenkinsci.plugins.scriptsecurity.scripts.languages.SystemCommandLanguage
11041:             1             16  org.jenkinsci.plugins.scriptsecurity.scripts.languages.SystemCommandLanguage$$FastClassByGuice$$b49af782
11042:             1             16  org.jenkinsci.plugins.simpletheme.CssTextThemeElement$DescriptorImpl$$FastClassByGuice$$f0adc8b1
11043:             1             16  org.jenkinsci.plugins.simpletheme.CssUrlThemeElement
11044:             1             16  org.jenkinsci.plugins.simpletheme.CssUrlThemeElement$DescriptorImpl$$FastClassByGuice$$c9bb6f73
11045:             1             16  org.jenkinsci.plugins.simpletheme.FaviconUrlThemeElement$DescriptorImpl$$FastClassByGuice$$61253444
11046:             1             16  org.jenkinsci.plugins.simpletheme.JsUrlThemeElement$DescriptorImpl$$FastClassByGuice$$fdb2d99b
11047:             1             16  org.jenkinsci.plugins.ssegateway.Endpoint
11048:             1             16  org.jenkinsci.plugins.ssegateway.Endpoint$$FastClassByGuice$$562d9ffa
11049:             1             16  org.jenkinsci.plugins.ssegateway.Endpoint$SSEListenChannelFilter
11050:             1             16  org.jenkinsci.plugins.ssegateway.EventHistoryStore$$Lambda$225/626928632
11051:             1             16  org.jenkinsci.plugins.ssegateway.SubscriptionConfigQueue$$Lambda$226/444948938
11052:             1             16  org.jenkinsci.plugins.ssegateway.sse.EventDispatcher$$Lambda$500/2050602211
11053:             1             16  org.jenkinsci.plugins.ssegateway.sse.EventDispatcher$SSEHttpSessionListener
11054:             1             16  org.jenkinsci.plugins.ssegateway.sse.EventDispatcher$SSEHttpSessionListener$$FastClassByGuice$$d50f9ee
11055:             1             16  org.jenkinsci.plugins.sshsteps.steps.CommandStep$DescriptorImpl$$FastClassByGuice$$b3f29c68
11056:             1             16  org.jenkinsci.plugins.sshsteps.steps.GetStep$DescriptorImpl$$FastClassByGuice$$895e487d
11057:             1             16  org.jenkinsci.plugins.sshsteps.steps.PutStep$DescriptorImpl$$FastClassByGuice$$da13024
11058:             1             16  org.jenkinsci.plugins.sshsteps.steps.RemoveStep$DescriptorImpl$$FastClassByGuice$$a2224ff7
11059:             1             16  org.jenkinsci.plugins.sshsteps.steps.ScriptStep$DescriptorImpl$$FastClassByGuice$$c10aec50
11060:             1             16  org.jenkinsci.plugins.stashNotifier.StashNotifier$DescriptorImpl$$FastClassByGuice$$3d95ee35
11061:             1             16  org.jenkinsci.plugins.structs.SymbolLookup$$FastClassByGuice$$b8ee6ec
11062:             1             16  org.jenkinsci.plugins.structs.describable.Setter$2
11063:             1             16  org.jenkinsci.plugins.sysloglogger.SyslogLoggerPlugin$$FastClassByGuice$$d6ae1c77
11064:             1             16  org.jenkinsci.plugins.terraform.TerraformBuildWrapper$DescriptorImpl$$FastClassByGuice$$27c44e7e
11065:             1             16  org.jenkinsci.plugins.terraform.TerraformInstallation$DescriptorImpl$$FastClassByGuice$$bcf45e9
11066:             1             16  org.jenkinsci.plugins.terraform.TerraformInstaller$DescriptorImpl$$FastClassByGuice$$860c5cfb
11067:             1             16  org.jenkinsci.plugins.testresultsanalyzer.TestResultsAnalyzerExtension
11068:             1             16  org.jenkinsci.plugins.testresultsanalyzer.TestResultsAnalyzerExtension$$FastClassByGuice$$868c4943
11069:             1             16  org.jenkinsci.plugins.tokenmacro.TokenMacroStep$DescriptorImpl$$FastClassByGuice$$6d72c363
11070:             1             16  org.jenkinsci.plugins.tokenmacro.impl.AdminEmailMacro$$FastClassByGuice$$aeb9a0c2
11071:             1             16  org.jenkinsci.plugins.tokenmacro.impl.BuildCauseMacro$$FastClassByGuice$$db451874
11072:             1             16  org.jenkinsci.plugins.tokenmacro.impl.BuildLogExcerptMacro$$FastClassByGuice$$4d908b3e
11073:             1             16  org.jenkinsci.plugins.tokenmacro.impl.BuildLogMacro$$FastClassByGuice$$74252ab9
11074:             1             16  org.jenkinsci.plugins.tokenmacro.impl.BuildLogMultilineRegexMacro$$FastClassByGuice$$fbc4247f
11075:             1             16  org.jenkinsci.plugins.tokenmacro.impl.BuildLogRegexMacro$$FastClassByGuice$$5c508cf8
11076:             1             16  org.jenkinsci.plugins.tokenmacro.impl.BuildNumberMacro$$FastClassByGuice$$bedf6092
11077:             1             16  org.jenkinsci.plugins.tokenmacro.impl.BuildStatusMacro$$FastClassByGuice$$5dc5ed89
11078:             1             16  org.jenkinsci.plugins.tokenmacro.impl.BuildUrlMacro$$FastClassByGuice$$c24aab6e
11079:             1             16  org.jenkinsci.plugins.tokenmacro.impl.ChangesSinceLastBuildMacro$$FastClassByGuice$$f4be30e8
11080:             1             16  org.jenkinsci.plugins.tokenmacro.impl.ChangesSinceLastSuccessfulBuildMacro$$FastClassByGuice$$f7cca2a2
11081:             1             16  org.jenkinsci.plugins.tokenmacro.impl.ChangesSinceLastUnstableBuildMacro$$FastClassByGuice$$3b423d1c
11082:             1             16  org.jenkinsci.plugins.tokenmacro.impl.EnvironmentVariableMacro$$FastClassByGuice$$d2f1c83a
11083:             1             16  org.jenkinsci.plugins.tokenmacro.impl.JenkinsUrlMacro$$FastClassByGuice$$65a4acf6
11084:             1             16  org.jenkinsci.plugins.tokenmacro.impl.JobDescriptionMacro$$FastClassByGuice$$d72b2810
11085:             1             16  org.jenkinsci.plugins.tokenmacro.impl.JsonFileMacro$$FastClassByGuice$$129d6eb
11086:             1             16  org.jenkinsci.plugins.tokenmacro.impl.LogRegExMacro$$FastClassByGuice$$961b7d4c
11087:             1             16  org.jenkinsci.plugins.tokenmacro.impl.ProjectNameMacro$$FastClassByGuice$$f4770ac5
11088:             1             16  org.jenkinsci.plugins.tokenmacro.impl.ProjectUrlMacro$$FastClassByGuice$$a1679059
11089:             1             16  org.jenkinsci.plugins.tokenmacro.impl.PropertyFromFileMacro$$FastClassByGuice$$3c89e794
11090:             1             16  org.jenkinsci.plugins.tokenmacro.impl.WorkspaceFileMacro$$FastClassByGuice$$82800538
11091:             1             16  org.jenkinsci.plugins.tokenmacro.impl.XmlFileMacro$$FastClassByGuice$$93516db6
11092:             1             16  org.jenkinsci.plugins.vSphereCloud$DescriptorImpl$$FastClassByGuice$$f493ccf7
11093:             1             16  org.jenkinsci.plugins.vSphereCloudProvisionedSlave$DescriptorImpl$$FastClassByGuice$$e0692874
11094:             1             16  org.jenkinsci.plugins.vSphereCloudProvisionedSlave$DescriptorVisibilityFilterImpl
11095:             1             16  org.jenkinsci.plugins.vSphereCloudProvisionedSlave$DescriptorVisibilityFilterImpl$$FastClassByGuice$$374ed4be
11096:             1             16  org.jenkinsci.plugins.vSphereCloudProvisionedSlave$vSphereCloudComputerListener
11097:             1             16  org.jenkinsci.plugins.vSphereCloudProvisionedSlave$vSphereCloudComputerListener$$FastClassByGuice$$1a1a5a86
11098:             1             16  org.jenkinsci.plugins.vSphereCloudRunListener$$FastClassByGuice$$5cdfe7c3
11099:             1             16  org.jenkinsci.plugins.vSphereCloudSlave$DescriptorImpl$$FastClassByGuice$$54f67dd8
11100:             1             16  org.jenkinsci.plugins.vSphereCloudSlave$DescriptorVisibilityFilterImpl
11101:             1             16  org.jenkinsci.plugins.vSphereCloudSlave$DescriptorVisibilityFilterImpl$$FastClassByGuice$$daece222
11102:             1             16  org.jenkinsci.plugins.vSphereCloudSlave$vSphereCloudComputerListener
11103:             1             16  org.jenkinsci.plugins.vSphereCloudSlave$vSphereCloudComputerListener$$FastClassByGuice$$7e470ea
11104:             1             16  org.jenkinsci.plugins.vSphereCloudSlaveTemplate$DescriptorImpl$$FastClassByGuice$$fd490fe
11105:             1             16  org.jenkinsci.plugins.variant.OptionalExtensionProcessor
11106:             1             16  org.jenkinsci.plugins.variant.OptionalExtensionProcessor$$FastClassByGuice$$303dc126
11107:             1             16  org.jenkinsci.plugins.vsphere.RunOnceCloudRetentionStrategy$DescriptorVisibilityFilterImpl
11108:             1             16  org.jenkinsci.plugins.vsphere.RunOnceCloudRetentionStrategy$DescriptorVisibilityFilterImpl$$FastClassByGuice$$e74a664a
11109:             1             16  org.jenkinsci.plugins.vsphere.VSphereBuildStepContainer$VSphereBuildStepContainerDescriptor$$FastClassByGuice$$495f2faa
11110:             1             16  org.jenkinsci.plugins.vsphere.VSphereCloudRetentionStrategy$DescriptorVisibilityFilterImpl
11111:             1             16  org.jenkinsci.plugins.vsphere.VSphereCloudRetentionStrategy$DescriptorVisibilityFilterImpl$$FastClassByGuice$$ed8b8673
11112:             1             16  org.jenkinsci.plugins.vsphere.VSphereConnectionConfig$DescriptorImpl$$FastClassByGuice$$510e1c65
11113:             1             16  org.jenkinsci.plugins.vsphere.VSphereGuestInfoProperty$VSphereGuestInfoPropertyDescriptorImpl$$FastClassByGuice$$ca29db1e
11114:             1             16  org.jenkinsci.plugins.vsphere.builders.Clone$CloneDescriptor$$FastClassByGuice$$69631be4
11115:             1             16  org.jenkinsci.plugins.vsphere.builders.ConvertToTemplate$ConvertToTemplateDescriptor$$FastClassByGuice$$f19a9aba
11116:             1             16  org.jenkinsci.plugins.vsphere.builders.ConvertToVm$ConvertToVmDescriptor$$FastClassByGuice$$66b81b4
11117:             1             16  org.jenkinsci.plugins.vsphere.builders.Delete$DeleteDescriptor$$FastClassByGuice$$891cc252
11118:             1             16  org.jenkinsci.plugins.vsphere.builders.DeleteSnapshot$DeleteSnapshotDescriptor$$FastClassByGuice$$831196d2
11119:             1             16  org.jenkinsci.plugins.vsphere.builders.Deploy$DeployDescriptor$$FastClassByGuice$$f07146d2
11120:             1             16  org.jenkinsci.plugins.vsphere.builders.ExposeGuestInfo$ExposeGuestInfoDescriptor$$FastClassByGuice$$588d586e
11121:             1             16  org.jenkinsci.plugins.vsphere.builders.PowerOff$PowerOffDescriptor$$FastClassByGuice$$a4242772
11122:             1             16  org.jenkinsci.plugins.vsphere.builders.PowerOn$PowerOnDescriptor$$FastClassByGuice$$1534c272
11123:             1             16  org.jenkinsci.plugins.vsphere.builders.Reconfigure$ReconfigureDescriptor$$FastClassByGuice$$c3b69810
11124:             1             16  org.jenkinsci.plugins.vsphere.builders.ReconfigureAnnotation$ReconfigureAnnotationDescriptor$$FastClassByGuice$$3202002e
11125:             1             16  org.jenkinsci.plugins.vsphere.builders.ReconfigureCpu$ReconfigureCpuDescriptor$$FastClassByGuice$$cbd47a12
11126:             1             16  org.jenkinsci.plugins.vsphere.builders.ReconfigureDisk$ReconfigureDiskDescriptor$$FastClassByGuice$$2d5d7f8a
11127:             1             16  org.jenkinsci.plugins.vsphere.builders.ReconfigureMemory$ReconfigureMemoryDescriptor$$FastClassByGuice$$ae6f6752
11128:             1             16  org.jenkinsci.plugins.vsphere.builders.ReconfigureNetworkAdapters$ReconfigureNetworkAdaptersDescriptor$$FastClassByGuice$$9e42d452
11129:             1             16  org.jenkinsci.plugins.vsphere.builders.Rename$RenameDescriptor$$FastClassByGuice$$9ca31ef2
11130:             1             16  org.jenkinsci.plugins.vsphere.builders.RenameSnapshot$RenameSnapshotDescriptor$$FastClassByGuice$$54d53672
11131:             1             16  org.jenkinsci.plugins.vsphere.builders.RevertToSnapshot$RevertToSnapshotDescriptor$$FastClassByGuice$$cb050092
11132:             1             16  org.jenkinsci.plugins.vsphere.builders.SuspendVm$SuspendVmDescriptor$$FastClassByGuice$$4b899350
11133:             1             16  org.jenkinsci.plugins.vsphere.builders.TakeSnapshot$TakeSnapshotDescriptor$$FastClassByGuice$$72b52512
11134:             1             16  org.jenkinsci.plugins.vsphere.parameters.CloudSelectorParameter$DescriptorImpl$$FastClassByGuice$$d090878f
11135:             1             16  org.jenkinsci.plugins.vsphere.tools.CloudProvisioningRecord$1
11136:             1             16  org.jenkinsci.plugins.workflow.FilePathUtils$Listener
11137:             1             16  org.jenkinsci.plugins.workflow.FilePathUtils$Listener$$FastClassByGuice$$5d09d98d
11138:             1             16  org.jenkinsci.plugins.workflow.cps.ContextVariableSet$$Lambda$385/642222610
11139:             1             16  org.jenkinsci.plugins.workflow.cps.CpsBodyInvoker$1
11140:             1             16  org.jenkinsci.plugins.workflow.cps.CpsFlowDefinition$DescriptorImpl$$FastClassByGuice$$dc44c6b9
11141:             1             16  org.jenkinsci.plugins.workflow.cps.CpsFlowExecution$$Lambda$497/1852720820
11142:             1             16  org.jenkinsci.plugins.workflow.cps.CpsScmFlowDefinition$DescriptorImpl$$FastClassByGuice$$e590bd2e
11143:             1             16  org.jenkinsci.plugins.workflow.cps.CpsThreadGroup$2$2
11144:             1             16  org.jenkinsci.plugins.workflow.cps.CpsWhitelist
11145:             1             16  org.jenkinsci.plugins.workflow.cps.EnvActionImpl$Binder
11146:             1             16  org.jenkinsci.plugins.workflow.cps.EnvActionImpl$Binder$$FastClassByGuice$$fb9ba558
11147:             1             16  org.jenkinsci.plugins.workflow.cps.EnvActionImpl$Copier$$FastClassByGuice$$fda60680
11148:             1             16  org.jenkinsci.plugins.workflow.cps.GlobalVariable$1
11149:             1             16  org.jenkinsci.plugins.workflow.cps.GlobalVariableSet$GlobalVariableProvider
11150:             1             16  org.jenkinsci.plugins.workflow.cps.GlobalVariableSet$GlobalVariableProvider$$FastClassByGuice$$1f1a51e
11151:             1             16  org.jenkinsci.plugins.workflow.cps.GroovySample$GitHubMaven$$FastClassByGuice$$f3e863a9
11152:             1             16  org.jenkinsci.plugins.workflow.cps.GroovySample$Hello$$FastClassByGuice$$387639b3
11153:             1             16  org.jenkinsci.plugins.workflow.cps.GroovySample$Registry
11154:             1             16  org.jenkinsci.plugins.workflow.cps.GroovySample$Registry$$FastClassByGuice$$8c2157bc
11155:             1             16  org.jenkinsci.plugins.workflow.cps.GroovySample$Scripted$$FastClassByGuice$$9cf9fe29
11156:             1             16  org.jenkinsci.plugins.workflow.cps.GroovyShellDecorator$1
11157:             1             16  org.jenkinsci.plugins.workflow.cps.ParamsVariable
11158:             1             16  org.jenkinsci.plugins.workflow.cps.ParamsVariable$$FastClassByGuice$$677b11ef
11159:             1             16  org.jenkinsci.plugins.workflow.cps.RunWrapperBinder
11160:             1             16  org.jenkinsci.plugins.workflow.cps.RunWrapperBinder$$FastClassByGuice$$f3b2c3df
11161:             1             16  org.jenkinsci.plugins.workflow.cps.RunningFlowActions
11162:             1             16  org.jenkinsci.plugins.workflow.cps.RunningFlowActions$$FastClassByGuice$$7ad6bdfd
11163:             1             16  org.jenkinsci.plugins.workflow.cps.Snippetizer
11164:             1             16  org.jenkinsci.plugins.workflow.cps.Snippetizer$$FastClassByGuice$$7a08bf8e
11165:             1             16  org.jenkinsci.plugins.workflow.cps.Snippetizer$PerJobAdder
11166:             1             16  org.jenkinsci.plugins.workflow.cps.Snippetizer$PerJobAdder$$FastClassByGuice$$625e8f58
11167:             1             16  org.jenkinsci.plugins.workflow.cps.SnippetizerLink$ExamplesLink$$FastClassByGuice$$c2c5967f
11168:             1             16  org.jenkinsci.plugins.workflow.cps.SnippetizerLink$GDSLLink$$FastClassByGuice$$2955758c
11169:             1             16  org.jenkinsci.plugins.workflow.cps.SnippetizerLink$GeneratorLink$$FastClassByGuice$$94a5ce51
11170:             1             16  org.jenkinsci.plugins.workflow.cps.SnippetizerLink$GlobalsReferenceLink$$FastClassByGuice$$8ac53931
11171:             1             16  org.jenkinsci.plugins.workflow.cps.SnippetizerLink$OnlineDocsLink$$FastClassByGuice$$a40033e4
11172:             1             16  org.jenkinsci.plugins.workflow.cps.SnippetizerLink$StepReferenceLink$$FastClassByGuice$$5a63f95d
11173:             1             16  org.jenkinsci.plugins.workflow.cps.global.GroovyShellDecoratorImpl
11174:             1             16  org.jenkinsci.plugins.workflow.cps.global.GroovyShellDecoratorImpl$$FastClassByGuice$$3b382957
11175:             1             16  org.jenkinsci.plugins.workflow.cps.global.UserDefinedGlobalVariableList$$FastClassByGuice$$4882f39d
11176:             1             16  org.jenkinsci.plugins.workflow.cps.global.UserDefinedGlobalVariableRepoListener$$FastClassByGuice$$f653c645
11177:             1             16  org.jenkinsci.plugins.workflow.cps.global.WorkflowLibRepository$$FastClassByGuice$$be4196f2
11178:             1             16  org.jenkinsci.plugins.workflow.cps.global.WorkflowLibSshRepository$$FastClassByGuice$$12be4eca
11179:             1             16  org.jenkinsci.plugins.workflow.cps.nodes.StepDescriptorCache
11180:             1             16  org.jenkinsci.plugins.workflow.cps.nodes.StepDescriptorCache$$FastClassByGuice$$2adb7c3d
11181:             1             16  org.jenkinsci.plugins.workflow.cps.replay.ReplayAction$Factory
11182:             1             16  org.jenkinsci.plugins.workflow.cps.replay.ReplayAction$Factory$$FastClassByGuice$$7e29a97d
11183:             1             16  org.jenkinsci.plugins.workflow.cps.replay.ReplayFlowFactoryAction$StoredLoadedScripts
11184:             1             16  org.jenkinsci.plugins.workflow.cps.replay.ReplayFlowFactoryAction$StoredLoadedScripts$$FastClassByGuice$$b4a3e9cd
11185:             1             16  org.jenkinsci.plugins.workflow.cps.replay.ReplayPipelineCommand$$FastClassByGuice$$ca516968
11186:             1             16  org.jenkinsci.plugins.workflow.cps.steps.LoadStep$DescriptorImpl$$FastClassByGuice$$3395e32d
11187:             1             16  org.jenkinsci.plugins.workflow.cps.steps.ParallelStep$DescriptorImpl$$FastClassByGuice$$97d8366c
11188:             1             16  org.jenkinsci.plugins.workflow.flow.FlowCopier$StandardActions$$FastClassByGuice$$f940ef7
11189:             1             16  org.jenkinsci.plugins.workflow.flow.FlowExecutionList$$FastClassByGuice$$bb2d0c4d
11190:             1             16  org.jenkinsci.plugins.workflow.flow.FlowExecutionList$ItemListenerImpl
11191:             1             16  org.jenkinsci.plugins.workflow.flow.FlowExecutionList$ItemListenerImpl$$FastClassByGuice$$1730df3e
11192:             1             16  org.jenkinsci.plugins.workflow.flow.FlowExecutionList$StepExecutionIteratorImpl$$FastClassByGuice$$b3759c3
11193:             1             16  org.jenkinsci.plugins.workflow.flow.GlobalDefaultFlowDurabilityLevel$DescriptorImpl$$FastClassByGuice$$67f8d7e9
11194:             1             16  org.jenkinsci.plugins.workflow.flow.StashManager$CopyStashesAndArtifacts$$FastClassByGuice$$3e4cec27
11195:             1             16  org.jenkinsci.plugins.workflow.graphanalysis.FlowScanningUtils$2
11196:             1             16  org.jenkinsci.plugins.workflow.graphanalysis.FlowScanningUtils$3
11197:             1             16  org.jenkinsci.plugins.workflow.graphanalysis.ForkScanner$IsParallelStartPredicate
11198:             1             16  org.jenkinsci.plugins.workflow.graphanalysis.NodeStepNamePredicate
11199:             1             16  org.jenkinsci.plugins.workflow.job.WorkflowJob$DescriptorImpl$$FastClassByGuice$$8909780b
11200:             1             16  org.jenkinsci.plugins.workflow.job.WorkflowJob$SCMListenerImpl
11201:             1             16  org.jenkinsci.plugins.workflow.job.WorkflowJob$SCMListenerImpl$$FastClassByGuice$$4f38755
11202:             1             16  org.jenkinsci.plugins.workflow.job.WorkflowRun$Checkouts$$FastClassByGuice$$644579df
11203:             1             16  org.jenkinsci.plugins.workflow.job.WorkflowRun$SCMListenerImpl
11204:             1             16  org.jenkinsci.plugins.workflow.job.WorkflowRun$SCMListenerImpl$$FastClassByGuice$$d5a84a23
11205:             1             16  org.jenkinsci.plugins.workflow.job.console.NewNodeConsoleNote$DescriptorImpl$$FastClassByGuice$$f22ba65f
11206:             1             16  org.jenkinsci.plugins.workflow.job.properties.DisableConcurrentBuildsJobProperty$DescriptorImpl$$FastClassByGuice$$835f9520
11207:             1             16  org.jenkinsci.plugins.workflow.job.properties.DisableResumeJobProperty$DescriptorImpl$$FastClassByGuice$$ee2fd571
11208:             1             16  org.jenkinsci.plugins.workflow.job.properties.DurabilityHintJobProperty$DescriptorImpl$$FastClassByGuice$$a9a69e56
11209:             1             16  org.jenkinsci.plugins.workflow.job.properties.PipelineTriggersJobProperty$DescriptorImpl$$FastClassByGuice$$9c9ac723
11210:             1             16  org.jenkinsci.plugins.workflow.job.properties.PipelineTriggersJobProperty$Factory
11211:             1             16  org.jenkinsci.plugins.workflow.job.properties.PipelineTriggersJobProperty$Factory$$FastClassByGuice$$5fc0ae96
11212:             1             16  org.jenkinsci.plugins.workflow.job.views.FlowGraphAction$Factory
11213:             1             16  org.jenkinsci.plugins.workflow.job.views.FlowGraphAction$Factory$$FastClassByGuice$$81eeba46
11214:             1             16  org.jenkinsci.plugins.workflow.job.views.FlowGraphTableAction$Factory
11215:             1             16  org.jenkinsci.plugins.workflow.job.views.FlowGraphTableAction$Factory$$FastClassByGuice$$e7b11c60
11216:             1             16  org.jenkinsci.plugins.workflow.job.views.GraphDumpAction$Factory
11217:             1             16  org.jenkinsci.plugins.workflow.job.views.GraphDumpAction$Factory$$FastClassByGuice$$95a37268
11218:             1             16  org.jenkinsci.plugins.workflow.job.views.GraphVizAction$Factory
11219:             1             16  org.jenkinsci.plugins.workflow.job.views.GraphVizAction$Factory$$FastClassByGuice$$14da2ab
11220:             1             16  org.jenkinsci.plugins.workflow.libs.FolderLibraries$DescriptorImpl$$FastClassByGuice$$89f4ee03
11221:             1             16  org.jenkinsci.plugins.workflow.libs.FolderLibraries$ForJob
11222:             1             16  org.jenkinsci.plugins.workflow.libs.FolderLibraries$ForJob$$FastClassByGuice$$d93d1e08
11223:             1             16  org.jenkinsci.plugins.workflow.libs.GlobalLibraries$$FastClassByGuice$$602b3fdb
11224:             1             16  org.jenkinsci.plugins.workflow.libs.GlobalLibraries$ForJob
11225:             1             16  org.jenkinsci.plugins.workflow.libs.GlobalLibraries$ForJob$$FastClassByGuice$$5f45fb3d
11226:             1             16  org.jenkinsci.plugins.workflow.libs.LibrariesAction$LibraryEnvironment
11227:             1             16  org.jenkinsci.plugins.workflow.libs.LibrariesAction$LibraryEnvironment$$FastClassByGuice$$f12a9548
11228:             1             16  org.jenkinsci.plugins.workflow.libs.LibraryAdder
11229:             1             16  org.jenkinsci.plugins.workflow.libs.LibraryAdder$$FastClassByGuice$$bdd698e
11230:             1             16  org.jenkinsci.plugins.workflow.libs.LibraryAdder$Copier$$FastClassByGuice$$34d712c8
11231:             1             16  org.jenkinsci.plugins.workflow.libs.LibraryAdder$GlobalVars
11232:             1             16  org.jenkinsci.plugins.workflow.libs.LibraryAdder$GlobalVars$$FastClassByGuice$$2d2cbd65
11233:             1             16  org.jenkinsci.plugins.workflow.libs.LibraryAdder$LoadedLibraries
11234:             1             16  org.jenkinsci.plugins.workflow.libs.LibraryAdder$LoadedLibraries$$FastClassByGuice$$a4ce50de
11235:             1             16  org.jenkinsci.plugins.workflow.libs.LibraryConfiguration$DescriptorImpl$$FastClassByGuice$$63bc3f3d
11236:             1             16  org.jenkinsci.plugins.workflow.libs.LibraryDecorator
11237:             1             16  org.jenkinsci.plugins.workflow.libs.LibraryDecorator$$FastClassByGuice$$a5d880bb
11238:             1             16  org.jenkinsci.plugins.workflow.libs.LibraryStep$DescriptorImpl$$FastClassByGuice$$a4dcc7a7
11239:             1             16  org.jenkinsci.plugins.workflow.libs.LibraryStep$LoadedClassesWhitelist
11240:             1             16  org.jenkinsci.plugins.workflow.libs.LibraryStep$LoadedClassesWhitelist$$FastClassByGuice$$bb3f325e
11241:             1             16  org.jenkinsci.plugins.workflow.libs.ResourceStep$DescriptorImpl$$FastClassByGuice$$e869165e
11242:             1             16  org.jenkinsci.plugins.workflow.libs.SCMRetriever$DescriptorImpl$$FastClassByGuice$$3f367c5f
11243:             1             16  org.jenkinsci.plugins.workflow.libs.SCMRetriever$Hider
11244:             1             16  org.jenkinsci.plugins.workflow.libs.SCMRetriever$Hider$$FastClassByGuice$$778e7340
11245:             1             16  org.jenkinsci.plugins.workflow.libs.SCMSourceRetriever$DescriptorImpl$$FastClassByGuice$$a060961a
11246:             1             16  org.jenkinsci.plugins.workflow.libs.SCMSourceRetriever$Hider
11247:             1             16  org.jenkinsci.plugins.workflow.libs.SCMSourceRetriever$Hider$$FastClassByGuice$$5edc6b25
11248:             1             16  org.jenkinsci.plugins.workflow.log.DelayBufferedOutputStream$FlushControlledOutputStream$$Lambda$366/1355950389
11249:             1             16  org.jenkinsci.plugins.workflow.log.FileLogStorage$$Lambda$365/790808087
11250:             1             16  org.jenkinsci.plugins.workflow.log.GCFlushedOutputStream$FlushRef$$Lambda$367/2057409035
11251:             1             16  org.jenkinsci.plugins.workflow.log.TaskListenerDecorator$$Lambda$369/947978795
11252:             1             16  org.jenkinsci.plugins.workflow.log.TaskListenerDecorator$$Lambda$370/189226180
11253:             1             16  org.jenkinsci.plugins.workflow.multibranch.AbstractWorkflowMultiBranchProjectFactory$PerFolderAdder
11254:             1             16  org.jenkinsci.plugins.workflow.multibranch.AbstractWorkflowMultiBranchProjectFactory$PerFolderAdder$$FastClassByGuice$$5ee989b4
11255:             1             16  org.jenkinsci.plugins.workflow.multibranch.BranchJobProperty$AlternativeUiTextProviderImpl
11256:             1             16  org.jenkinsci.plugins.workflow.multibranch.BranchJobProperty$AlternativeUiTextProviderImpl$$FastClassByGuice$$4e40f5f3
11257:             1             16  org.jenkinsci.plugins.workflow.multibranch.BranchJobProperty$DescriptorImpl$$FastClassByGuice$$6e35f97b
11258:             1             16  org.jenkinsci.plugins.workflow.multibranch.DurabilityHintBranchProperty$DescriptorImpl$$FastClassByGuice$$d2cab7f4
11259:             1             16  org.jenkinsci.plugins.workflow.multibranch.DurabilityHintBranchProperty$DescriptorImpl$$Lambda$486/1157219439
11260:             1             16  org.jenkinsci.plugins.workflow.multibranch.JobPropertyStep$DescriptorImpl$$FastClassByGuice$$688284cd
11261:             1             16  org.jenkinsci.plugins.workflow.multibranch.JobPropertyStep$HideSuperfluousBranchProperties
11262:             1             16  org.jenkinsci.plugins.workflow.multibranch.JobPropertyStep$HideSuperfluousBranchProperties$$FastClassByGuice$$ba854ce
11263:             1             16  org.jenkinsci.plugins.workflow.multibranch.ReadTrustedStep$DescriptorImpl$$FastClassByGuice$$f9f30e9e
11264:             1             16  org.jenkinsci.plugins.workflow.multibranch.ResolveScmStep$DescriptorImpl$$FastClassByGuice$$ddd0721e
11265:             1             16  org.jenkinsci.plugins.workflow.multibranch.SCMBinder$DescriptorImpl$$FastClassByGuice$$4637fe24
11266:             1             16  org.jenkinsci.plugins.workflow.multibranch.SCMBinder$HideMeElsewhere
11267:             1             16  org.jenkinsci.plugins.workflow.multibranch.SCMBinder$HideMeElsewhere$$FastClassByGuice$$c896909f
11268:             1             16  org.jenkinsci.plugins.workflow.multibranch.SCMBinder$WarningNote$DescriptorImpl$$FastClassByGuice$$7c16fc7a
11269:             1             16  org.jenkinsci.plugins.workflow.multibranch.SCMVar
11270:             1             16  org.jenkinsci.plugins.workflow.multibranch.SCMVar$$FastClassByGuice$$499fcd82
11271:             1             16  org.jenkinsci.plugins.workflow.multibranch.SCMVar$Pickler
11272:             1             16  org.jenkinsci.plugins.workflow.multibranch.SCMVar$Pickler$$FastClassByGuice$$2eb23516
11273:             1             16  org.jenkinsci.plugins.workflow.multibranch.WorkflowBranchProjectFactory$DescriptorImpl$$FastClassByGuice$$a6abf029
11274:             1             16  org.jenkinsci.plugins.workflow.multibranch.WorkflowMultiBranchProject$DescriptorImpl$$FastClassByGuice$$3f76669e
11275:             1             16  org.jenkinsci.plugins.workflow.multibranch.WorkflowMultiBranchProject$PerFolderAdder
11276:             1             16  org.jenkinsci.plugins.workflow.multibranch.WorkflowMultiBranchProject$PerFolderAdder$$FastClassByGuice$$da9f8852
11277:             1             16  org.jenkinsci.plugins.workflow.multibranch.WorkflowMultiBranchProjectFactory
11278:             1             16  org.jenkinsci.plugins.workflow.multibranch.WorkflowMultiBranchProjectFactory$DescriptorImpl$$FastClassByGuice$$e06577be
11279:             1             16  org.jenkinsci.plugins.workflow.multibranch.yaml.pipeline.PipelineAsYamlScmFlowDefinition$DescriptorImpl$$FastClassByGuice$$d0292cad
11280:             1             16  org.jenkinsci.plugins.workflow.multibranch.yaml.pipeline.PipelineAsYamlScriptFlowDefinition$DescriptorImpl$$FastClassByGuice$$236c288f
11281:             1             16  org.jenkinsci.plugins.workflow.multibranch.yaml.pipeline.PipelineAsYamlSnippetizer
11282:             1             16  org.jenkinsci.plugins.workflow.multibranch.yaml.pipeline.PipelineAsYamlSnippetizer$$FastClassByGuice$$2ba835a3
11283:             1             16  org.jenkinsci.plugins.workflow.multibranch.yaml.pipeline.PipelineAsYamlSnippetizer$ActionExtension
11284:             1             16  org.jenkinsci.plugins.workflow.multibranch.yaml.pipeline.PipelineAsYamlSnippetizer$ActionExtension$$FastClassByGuice$$59a7d588
11285:             1             16  org.jenkinsci.plugins.workflow.multibranch.yaml.pipeline.PipelineAsYamlSnippetizer$LinkExtension$$FastClassByGuice$$6b358c04
11286:             1             16  org.jenkinsci.plugins.workflow.multibranch.yaml.pipeline.PipelineAsYamlWorkflowBranchProjectFactory$DescriptorImpl$$FastClassByGuice$$bc31ee49
11287:             1             16  org.jenkinsci.plugins.workflow.multibranch.yaml.pipeline.PipelineAsYamlWorkflowBranchProjectFactory$RunListenerImpl
11288:             1             16  org.jenkinsci.plugins.workflow.multibranch.yaml.pipeline.PipelineAsYamlWorkflowBranchProjectFactory$RunListenerImpl$$FastClassByGuice$$b933a645
11289:             1             16  org.jenkinsci.plugins.workflow.pipelinegraphanalysis.StatusAndTiming$$Lambda$441/397011314
11290:             1             16  org.jenkinsci.plugins.workflow.pipelinegraphanalysis.StatusAndTiming$$Lambda$442/1038505691
11291:             1             16  org.jenkinsci.plugins.workflow.pipelinegraphanalysis.StatusAndTiming$$Lambda$443/1664525803
11292:             1             16  org.jenkinsci.plugins.workflow.steps.ArtifactArchiverStep$DescriptorImpl$$FastClassByGuice$$df22c479
11293:             1             16  org.jenkinsci.plugins.workflow.steps.ArtifactUnarchiverStep$DescriptorImpl$$FastClassByGuice$$c5460dc0
11294:             1             16  org.jenkinsci.plugins.workflow.steps.CatchErrorStep$1
11295:             1             16  org.jenkinsci.plugins.workflow.steps.CatchErrorStep$DescriptorImpl$$FastClassByGuice$$a479856e
11296:             1             16  org.jenkinsci.plugins.workflow.steps.CoreStep$DescriptorImpl$$FastClassByGuice$$27e5e79c
11297:             1             16  org.jenkinsci.plugins.workflow.steps.CoreWrapperStep$DescriptorImpl$$FastClassByGuice$$47e0b57f
11298:             1             16  org.jenkinsci.plugins.workflow.steps.DeleteDirStep$DescriptorImpl$$FastClassByGuice$$dca856d1
11299:             1             16  org.jenkinsci.plugins.workflow.steps.EchoStep$DescriptorImpl$$FastClassByGuice$$fc5d2356
11300:             1             16  org.jenkinsci.plugins.workflow.steps.EnvStep$DescriptorImpl$$FastClassByGuice$$1b6247e6
11301:             1             16  org.jenkinsci.plugins.workflow.steps.ErrorStep$DescriptorImpl$$FastClassByGuice$$3e0efeb
11302:             1             16  org.jenkinsci.plugins.workflow.steps.FileExistsStep$DescriptorImpl$$FastClassByGuice$$133676a3
11303:             1             16  org.jenkinsci.plugins.workflow.steps.GetContextStep$DescriptorImpl$$FastClassByGuice$$cba1d482
11304:             1             16  org.jenkinsci.plugins.workflow.steps.IsUnixStep$DescriptorImpl$$FastClassByGuice$$6dbe8189
11305:             1             16  org.jenkinsci.plugins.workflow.steps.MailStep$DescriptorImpl$$FastClassByGuice$$9691ea84
11306:             1             16  org.jenkinsci.plugins.workflow.steps.PushdStep$DescriptorImpl$$FastClassByGuice$$3a042a29
11307:             1             16  org.jenkinsci.plugins.workflow.steps.PwdStep$DescriptorImpl$$FastClassByGuice$$b20db96
11308:             1             16  org.jenkinsci.plugins.workflow.steps.ReadFileStep$DescriptorImpl$$FastClassByGuice$$75f03e29
11309:             1             16  org.jenkinsci.plugins.workflow.steps.RetryStep$DescriptorImpl$$FastClassByGuice$$93b39b4b
11310:             1             16  org.jenkinsci.plugins.workflow.steps.SleepStep$DescriptorImpl$$FastClassByGuice$$ecc56abc
11311:             1             16  org.jenkinsci.plugins.workflow.steps.TimeoutStep$DescriptorImpl$$FastClassByGuice$$e3ffd0f2
11312:             1             16  org.jenkinsci.plugins.workflow.steps.ToolStep$DescriptorImpl$$FastClassByGuice$$44d31103
11313:             1             16  org.jenkinsci.plugins.workflow.steps.UnstableStep$DescriptorImpl$$FastClassByGuice$$6398c407
11314:             1             16  org.jenkinsci.plugins.workflow.steps.WaitForConditionStep$DescriptorImpl$$FastClassByGuice$$d8a023d4
11315:             1             16  org.jenkinsci.plugins.workflow.steps.WarnErrorStep$DescriptorImpl$$FastClassByGuice$$7f8b1e91
11316:             1             16  org.jenkinsci.plugins.workflow.steps.WithContextStep$DescriptorImpl$$FastClassByGuice$$2542254a
11317:             1             16  org.jenkinsci.plugins.workflow.steps.WriteFileStep$DescriptorImpl$$FastClassByGuice$$72604f18
11318:             1             16  org.jenkinsci.plugins.workflow.steps.durable_task.BatchScriptStep$DescriptorImpl$$FastClassByGuice$$83e8f13b
11319:             1             16  org.jenkinsci.plugins.workflow.steps.durable_task.PowerShellCoreScriptStep$DescriptorImpl$$FastClassByGuice$$d3ddf239
11320:             1             16  org.jenkinsci.plugins.workflow.steps.durable_task.PowershellScriptStep$DescriptorImpl$$FastClassByGuice$$8489f2f8
11321:             1             16  org.jenkinsci.plugins.workflow.steps.durable_task.ShellStep$DescriptorImpl$$FastClassByGuice$$81a28890
11322:             1             16  org.jenkinsci.plugins.workflow.steps.scm.GenericSCMStep$DescriptorImpl$$FastClassByGuice$$24261604
11323:             1             16  org.jenkinsci.plugins.workflow.support.actions.WorkspaceRunAction$Factory
11324:             1             16  org.jenkinsci.plugins.workflow.support.actions.WorkspaceRunAction$Factory$$FastClassByGuice$$9a28f967
11325:             1             16  org.jenkinsci.plugins.workflow.support.pickles.ComputerPickle$Factory
11326:             1             16  org.jenkinsci.plugins.workflow.support.pickles.ComputerPickle$Factory$$FastClassByGuice$$51beaad4
11327:             1             16  org.jenkinsci.plugins.workflow.support.pickles.ExecutorPickle$Factory
11328:             1             16  org.jenkinsci.plugins.workflow.support.pickles.ExecutorPickle$Factory$$FastClassByGuice$$f127c28c
11329:             1             16  org.jenkinsci.plugins.workflow.support.pickles.FilePathPickle$Factory
11330:             1             16  org.jenkinsci.plugins.workflow.support.pickles.FilePathPickle$Factory$$FastClassByGuice$$2b0ec0fa
11331:             1             16  org.jenkinsci.plugins.workflow.support.pickles.SecretPickle$Factory
11332:             1             16  org.jenkinsci.plugins.workflow.support.pickles.SecretPickle$Factory$$FastClassByGuice$$37888be9
11333:             1             16  org.jenkinsci.plugins.workflow.support.pickles.ThrowablePickle$Factory
11334:             1             16  org.jenkinsci.plugins.workflow.support.pickles.ThrowablePickle$Factory$$FastClassByGuice$$49ff40e7
11335:             1             16  org.jenkinsci.plugins.workflow.support.pickles.WorkspaceListLeasePickle$Factory
11336:             1             16  org.jenkinsci.plugins.workflow.support.pickles.WorkspaceListLeasePickle$Factory$$FastClassByGuice$$802c66c0
11337:             1             16  org.jenkinsci.plugins.workflow.support.steps.ExecutorStep$DescriptorImpl$$FastClassByGuice$$b171fe89
11338:             1             16  org.jenkinsci.plugins.workflow.support.steps.ExecutorStepExecution$CancelledItemListener
11339:             1             16  org.jenkinsci.plugins.workflow.support.steps.ExecutorStepExecution$CancelledItemListener$$FastClassByGuice$$f3a99722
11340:             1             16  org.jenkinsci.plugins.workflow.support.steps.ExecutorStepExecution$PlaceholderTask$AuthenticationFromBuild
11341:             1             16  org.jenkinsci.plugins.workflow.support.steps.ExecutorStepExecution$PlaceholderTask$AuthenticationFromBuild$$FastClassByGuice$$1800cdea
11342:             1             16  org.jenkinsci.plugins.workflow.support.steps.ExecutorStepExecution$RemovedNodeListener
11343:             1             16  org.jenkinsci.plugins.workflow.support.steps.ExecutorStepExecution$RemovedNodeListener$$FastClassByGuice$$31024620
11344:             1             16  org.jenkinsci.plugins.workflow.support.steps.FilePathDynamicContext
11345:             1             16  org.jenkinsci.plugins.workflow.support.steps.FilePathDynamicContext$$FastClassByGuice$$2142023c
11346:             1             16  org.jenkinsci.plugins.workflow.support.steps.StageStep$DescriptorImpl$$FastClassByGuice$$30ef8c34
11347:             1             16  org.jenkinsci.plugins.workflow.support.steps.StageStepExecution$Listener
11348:             1             16  org.jenkinsci.plugins.workflow.support.steps.StageStepExecution$Listener$$FastClassByGuice$$bc8389f
11349:             1             16  org.jenkinsci.plugins.workflow.support.steps.WorkspaceStep$DescriptorImpl$$FastClassByGuice$$7f62c7bd
11350:             1             16  org.jenkinsci.plugins.workflow.support.steps.build.BuildQueueListener
11351:             1             16  org.jenkinsci.plugins.workflow.support.steps.build.BuildQueueListener$$FastClassByGuice$$55db2182
11352:             1             16  org.jenkinsci.plugins.workflow.support.steps.build.BuildTriggerListener
11353:             1             16  org.jenkinsci.plugins.workflow.support.steps.build.BuildTriggerListener$$FastClassByGuice$$3c4a13e9
11354:             1             16  org.jenkinsci.plugins.workflow.support.steps.build.BuildTriggerStep$DescriptorImpl$$FastClassByGuice$$e840acd2
11355:             1             16  org.jenkinsci.plugins.workflow.support.steps.input.InputStep$DescriptorImpl$$FastClassByGuice$$f9683d4c
11356:             1             16  org.jenkinsci.plugins.workflow.support.steps.input.POSTHyperlinkNote$DescriptorImpl$$FastClassByGuice$$54836ea
11357:             1             16  org.jenkinsci.plugins.workflow.support.steps.stash.StashStep$DescriptorImpl$$FastClassByGuice$$11901c76
11358:             1             16  org.jenkinsci.plugins.workflow.support.steps.stash.UnstashStep$DescriptorImpl$$FastClassByGuice$$7c843f0f
11359:             1             16  org.jenkinsci.plugins.workflow.support.visualization.table.ArgumentsColumn$DescriptorImpl$$FastClassByGuice$$c9eb6455
11360:             1             16  org.jenkinsci.plugins.workflow.support.visualization.table.ConsoleColumn$DescriptorImpl$$FastClassByGuice$$24820674
11361:             1             16  org.jenkinsci.plugins.workflow.support.visualization.table.StatusColumn$DescriptorImpl$$FastClassByGuice$$f908189d
11362:             1             16  org.jenkinsci.plugins.workflow.vSphereStep$DescriptorImpl$$FastClassByGuice$$1460eba9
11363:             1             16  org.jenkinsci.remoting.protocol.IOHub$IOHubSelectorWatcher
11364:             1             16  org.jfrog.build.api.Module$$Lambda$672/2003632433
11365:             1             16  org.jfrog.build.api.Module$$Lambda$673/130965224
11366:             1             16  org.jfrog.build.api.Module$$Lambda$674/763483481
11367:             1             16  org.jfrog.hudson.ArtifactoryBuilder$DescriptorImpl$$FastClassByGuice$$f4c7f293
11368:             1             16  org.jfrog.hudson.ArtifactoryPlugin
11369:             1             16  org.jfrog.hudson.ArtifactoryRedeployPublisher$DescriptorImpl$$FastClassByGuice$$65c66f4c
11370:             1             16  org.jfrog.hudson.action.JfrogPipelinesAction$UiJobsActionFactory
11371:             1             16  org.jfrog.hudson.action.JfrogPipelinesAction$UiJobsActionFactory$$FastClassByGuice$$2cac524e
11372:             1             16  org.jfrog.hudson.action.JfrogPipelinesAction$WorkflowActionFactory
11373:             1             16  org.jfrog.hudson.action.JfrogPipelinesAction$WorkflowActionFactory$$FastClassByGuice$$83a0fcb9
11374:             1             16  org.jfrog.hudson.generic.ArtifactoryGenericConfigurator$DescriptorImpl$$FastClassByGuice$$fa96740b
11375:             1             16  org.jfrog.hudson.gradle.ArtifactoryGradleConfigurator$DescriptorImpl$$FastClassByGuice$$30b98d31
11376:             1             16  org.jfrog.hudson.gradle.ArtifactoryGradleConfigurator$ReleaseRunListener
11377:             1             16  org.jfrog.hudson.gradle.ArtifactoryGradleConfigurator$ReleaseRunListener$$FastClassByGuice$$43640fda
11378:             1             16  org.jfrog.hudson.ivy.ArtifactoryIvyConfigurator$DescriptorImpl$$FastClassByGuice$$584e3a2b
11379:             1             16  org.jfrog.hudson.ivy.ArtifactoryIvyFreeStyleConfigurator$DescriptorImpl$$FastClassByGuice$$7dde99cc
11380:             1             16  org.jfrog.hudson.ivy.ArtifactoryIvyRunListener
11381:             1             16  org.jfrog.hudson.ivy.ArtifactoryIvyRunListener$$FastClassByGuice$$37850ec
11382:             1             16  org.jfrog.hudson.jfpipelines.JFrogPipelinesParameter$DescriptorImpl$$FastClassByGuice$$cb83dbcf
11383:             1             16  org.jfrog.hudson.jfpipelines.listeners.AbstractBuildListener
11384:             1             16  org.jfrog.hudson.jfpipelines.listeners.AbstractBuildListener$$FastClassByGuice$$1cdac28f
11385:             1             16  org.jfrog.hudson.jfpipelines.listeners.WorkflowListener
11386:             1             16  org.jfrog.hudson.jfpipelines.listeners.WorkflowListener$$FastClassByGuice$$4a0341e4
11387:             1             16  org.jfrog.hudson.maven2.MavenDependenciesRecorder$DescriptorImpl$$FastClassByGuice$$5fe79b1f
11388:             1             16  org.jfrog.hudson.maven3.ArtifactoryMaven3Configurator$DescriptorImpl$$FastClassByGuice$$84d2baaf
11389:             1             16  org.jfrog.hudson.maven3.ArtifactoryMaven3NativeConfigurator$DescriptorImpl$$FastClassByGuice$$fadeab58
11390:             1             16  org.jfrog.hudson.maven3.Maven3Builder$DescriptorImpl$$FastClassByGuice$$7eab8e5d
11391:             1             16  org.jfrog.hudson.maven3.Maven3ExtractorListener
11392:             1             16  org.jfrog.hudson.maven3.Maven3ExtractorListener$$FastClassByGuice$$d3c987f3
11393:             1             16  org.jfrog.hudson.maven3.extractor.MavenExtractorEnvironment$ArtifactoryPlexusContributor$$FastClassByGuice$$49fecbdb
11394:             1             16  org.jfrog.hudson.pipeline.common.types.buildInfo.BuildInfo$$Lambda$552/268086295
11395:             1             16  org.jfrog.hudson.pipeline.common.types.buildInfo.BuildInfo$$Lambda$553/305167717
11396:             1             16  org.jfrog.hudson.pipeline.common.types.buildInfo.BuildInfo$$Lambda$554/1559537720
11397:             1             16  org.jfrog.hudson.pipeline.common.types.buildInfo.BuildInfo$$Lambda$555/514137806
11398:             1             16  org.jfrog.hudson.pipeline.common.types.buildInfo.BuildInfo$$Lambda$556/1147503385
11399:             1             16  org.jfrog.hudson.pipeline.common.types.buildInfo.BuildInfo$$Lambda$557/1437537701
11400:             1             16  org.jfrog.hudson.pipeline.common.types.buildInfo.BuildInfo$$Lambda$561/1082594456
11401:             1             16  org.jfrog.hudson.pipeline.common.types.buildInfo.BuildInfo$$Lambda$562/746838873
11402:             1             16  org.jfrog.hudson.pipeline.common.types.buildInfo.BuildInfo$$Lambda$563/351422771
11403:             1             16  org.jfrog.hudson.pipeline.declarative.steps.BuildInfoStep$DescriptorImpl$$FastClassByGuice$$8a2349b9
11404:             1             16  org.jfrog.hudson.pipeline.declarative.steps.CollectIssuesStep$DescriptorImpl$$FastClassByGuice$$cf54ad71
11405:             1             16  org.jfrog.hudson.pipeline.declarative.steps.CreateServerStep$DescriptorImpl$$FastClassByGuice$$f2c5aa1a
11406:             1             16  org.jfrog.hudson.pipeline.declarative.steps.InteractivePromotionStep$DescriptorImpl$$FastClassByGuice$$21e33858
11407:             1             16  org.jfrog.hudson.pipeline.declarative.steps.JfPipelinesStep$DescriptorImpl$$FastClassByGuice$$763fe1a0
11408:             1             16  org.jfrog.hudson.pipeline.declarative.steps.PromoteBuildStep$DescriptorImpl$$FastClassByGuice$$74f7d68b
11409:             1             16  org.jfrog.hudson.pipeline.declarative.steps.PublishBuildInfoStep$DescriptorImpl$$FastClassByGuice$$7c6dedcc
11410:             1             16  org.jfrog.hudson.pipeline.declarative.steps.conan.ConanClientStep$DescriptorImpl$$FastClassByGuice$$9f8325fa
11411:             1             16  org.jfrog.hudson.pipeline.declarative.steps.conan.ConanRemoteStep$DescriptorImpl$$FastClassByGuice$$9d66a19f
11412:             1             16  org.jfrog.hudson.pipeline.declarative.steps.conan.ConanRunStep$DescriptorImpl$$FastClassByGuice$$e3b2b2be
11413:             1             16  org.jfrog.hudson.pipeline.declarative.steps.docker.DockerPushStep$DescriptorImpl$$FastClassByGuice$$84a4fa4d
11414:             1             16  org.jfrog.hudson.pipeline.declarative.steps.generic.DeletePropsStep$DescriptorImpl$$FastClassByGuice$$f31a247
11415:             1             16  org.jfrog.hudson.pipeline.declarative.steps.generic.DownloadStep$DescriptorImpl$$FastClassByGuice$$3c5591ba
11416:             1             16  org.jfrog.hudson.pipeline.declarative.steps.generic.SetPropsStep$DescriptorImpl$$FastClassByGuice$$7d743254
11417:             1             16  org.jfrog.hudson.pipeline.declarative.steps.generic.UploadStep$DescriptorImpl$$FastClassByGuice$$df1f5261
11418:             1             16  org.jfrog.hudson.pipeline.declarative.steps.go.GoDeployerStep$DescriptorImpl$$FastClassByGuice$$785cf753
11419:             1             16  org.jfrog.hudson.pipeline.declarative.steps.go.GoPublishStep$DescriptorImpl$$FastClassByGuice$$f32a5cf8
11420:             1             16  org.jfrog.hudson.pipeline.declarative.steps.go.GoResolverStep$DescriptorImpl$$FastClassByGuice$$a93b79e1
11421:             1             16  org.jfrog.hudson.pipeline.declarative.steps.go.GoRunStep$DescriptorImpl$$FastClassByGuice$$61c6a5fc
11422:             1             16  org.jfrog.hudson.pipeline.declarative.steps.gradle.GradleDeployerStep$DescriptorImpl$$FastClassByGuice$$faeb5133
11423:             1             16  org.jfrog.hudson.pipeline.declarative.steps.gradle.GradleResolverStep$DescriptorImpl$$FastClassByGuice$$2bc9d3c1
11424:             1             16  org.jfrog.hudson.pipeline.declarative.steps.gradle.GradleStep$DescriptorImpl$$FastClassByGuice$$ec6ec1a7
11425:             1             16  org.jfrog.hudson.pipeline.declarative.steps.maven.MavenDeployerStep$DescriptorImpl$$FastClassByGuice$$de5a5d19
11426:             1             16  org.jfrog.hudson.pipeline.declarative.steps.maven.MavenResolverStep$DescriptorImpl$$FastClassByGuice$$f38dfa7
11427:             1             16  org.jfrog.hudson.pipeline.declarative.steps.maven.MavenStep$DescriptorImpl$$FastClassByGuice$$743138d
11428:             1             16  org.jfrog.hudson.pipeline.declarative.steps.npm.NpmDeployerStep$DescriptorImpl$$FastClassByGuice$$11f40619
11429:             1             16  org.jfrog.hudson.pipeline.declarative.steps.npm.NpmInstallStep$DescriptorImpl$$FastClassByGuice$$c0421166
11430:             1             16  org.jfrog.hudson.pipeline.declarative.steps.npm.NpmPublishStep$DescriptorImpl$$FastClassByGuice$$4ab35d72
11431:             1             16  org.jfrog.hudson.pipeline.declarative.steps.npm.NpmResolverStep$DescriptorImpl$$FastClassByGuice$$42d288a7
11432:             1             16  org.jfrog.hudson.pipeline.declarative.steps.xray.XrayScanStep$DescriptorImpl$$FastClassByGuice$$f301ca4a
11433:             1             16  org.jfrog.hudson.pipeline.scripted.dsl.ArtifactoryDSL
11434:             1             16  org.jfrog.hudson.pipeline.scripted.dsl.ArtifactoryDSL$$FastClassByGuice$$d7defd8b
11435:             1             16  org.jfrog.hudson.pipeline.scripted.dsl.ArtifactoryPipelineGlobal
11436:             1             16  org.jfrog.hudson.pipeline.scripted.steps.AddInteractivePromotionStep$DescriptorImpl$$FastClassByGuice$$22b2a10d
11437:             1             16  org.jfrog.hudson.pipeline.scripted.steps.ArtifactoryGradleBuild$DescriptorImpl$$FastClassByGuice$$b18a34c8
11438:             1             16  org.jfrog.hudson.pipeline.scripted.steps.ArtifactoryMavenBuild$DescriptorImpl$$FastClassByGuice$$490ebf54
11439:             1             16  org.jfrog.hudson.pipeline.scripted.steps.CollectEnvStep$DescriptorImpl$$FastClassByGuice$$99ea5e5c
11440:             1             16  org.jfrog.hudson.pipeline.scripted.steps.CollectIssuesStep$DescriptorImpl$$FastClassByGuice$$b357596b
11441:             1             16  org.jfrog.hudson.pipeline.scripted.steps.CreateArtifactoryServerStep$DescriptorImpl$$FastClassByGuice$$f2d381e4
11442:             1             16  org.jfrog.hudson.pipeline.scripted.steps.CreateBuildInfoStep$DescriptorImpl$$FastClassByGuice$$19fcf7cf
11443:             1             16  org.jfrog.hudson.pipeline.scripted.steps.CreateGoBuildStep$DescriptorImpl$$FastClassByGuice$$d148d265
11444:             1             16  org.jfrog.hudson.pipeline.scripted.steps.CreateGradleBuildStep$DescriptorImpl$$FastClassByGuice$$832e32c4
11445:             1             16  org.jfrog.hudson.pipeline.scripted.steps.CreateMavenBuildStep$DescriptorImpl$$FastClassByGuice$$e2811880
11446:             1             16  org.jfrog.hudson.pipeline.scripted.steps.CreateNpmBuildStep$DescriptorImpl$$FastClassByGuice$$65d810e0
11447:             1             16  org.jfrog.hudson.pipeline.scripted.steps.DeployStep$DescriptorImpl$$FastClassByGuice$$8168a58
11448:             1             16  org.jfrog.hudson.pipeline.scripted.steps.DistributeBuildStep$DescriptorImpl$$FastClassByGuice$$1ed35c42
11449:             1             16  org.jfrog.hudson.pipeline.scripted.steps.DockerPullStep$DescriptorImpl$$FastClassByGuice$$2633ddfa
11450:             1             16  org.jfrog.hudson.pipeline.scripted.steps.DockerPushStep$DescriptorImpl$$FastClassByGuice$$dfdb3b05
11451:             1             16  org.jfrog.hudson.pipeline.scripted.steps.DownloadStep$DescriptorImpl$$FastClassByGuice$$b2ac1f17
11452:             1             16  org.jfrog.hudson.pipeline.scripted.steps.EditPropsStep$DescriptorImpl$$FastClassByGuice$$1f6b7129
11453:             1             16  org.jfrog.hudson.pipeline.scripted.steps.GetArtifactoryServerStep$DescriptorImpl$$FastClassByGuice$$b4db456e
11454:             1             16  org.jfrog.hudson.pipeline.scripted.steps.GoPublishStep$DescriptorImpl$$FastClassByGuice$$d3272608
11455:             1             16  org.jfrog.hudson.pipeline.scripted.steps.GoRunStep$DescriptorImpl$$FastClassByGuice$$6d32770c
11456:             1             16  org.jfrog.hudson.pipeline.scripted.steps.MavenDescriptorStep$DescriptorImpl$$FastClassByGuice$$3a606cd5
11457:             1             16  org.jfrog.hudson.pipeline.scripted.steps.NpmInstallStep$DescriptorImpl$$FastClassByGuice$$40acac6f
11458:             1             16  org.jfrog.hudson.pipeline.scripted.steps.NpmPublishStep$DescriptorImpl$$FastClassByGuice$$cb1df87b
11459:             1             16  org.jfrog.hudson.pipeline.scripted.steps.PromoteBuildStep$DescriptorImpl$$FastClassByGuice$$7c52c351
11460:             1             16  org.jfrog.hudson.pipeline.scripted.steps.PublishBuildInfoStep$DescriptorImpl$$FastClassByGuice$$4f590792
11461:             1             16  org.jfrog.hudson.pipeline.scripted.steps.UploadStep$DescriptorImpl$$FastClassByGuice$$5d8392fe
11462:             1             16  org.jfrog.hudson.pipeline.scripted.steps.XrayScanBuildStep$DescriptorImpl$$FastClassByGuice$$856dcb0
11463:             1             16  org.jfrog.hudson.pipeline.scripted.steps.conan.AddRemoteStep$DescriptorImpl$$FastClassByGuice$$8a1cb727
11464:             1             16  org.jfrog.hudson.pipeline.scripted.steps.conan.AddUserStep$DescriptorImpl$$FastClassByGuice$$b6129502
11465:             1             16  org.jfrog.hudson.pipeline.scripted.steps.conan.InitConanClientStep$DescriptorImpl$$FastClassByGuice$$9ec49ea4
11466:             1             16  org.jfrog.hudson.pipeline.scripted.steps.conan.RunCommandStep$DescriptorImpl$$FastClassByGuice$$d1aae1e0
11467:             1             16  org.jfrog.hudson.release.maven.MavenReleaseWrapper$DescriptorImpl$$FastClassByGuice$$49784eef
11468:             1             16  org.jfrog.hudson.release.maven.MavenReleaseWrapper$ReleaseRunListener
11469:             1             16  org.jfrog.hudson.release.maven.MavenReleaseWrapper$ReleaseRunListener$$FastClassByGuice$$774fc298
11470:             1             16  org.jfrog.hudson.trigger.ArtifactoryTrigger$DescriptorImpl$$FastClassByGuice$$dd9bed20
11471:             1             16  org.jvnet.hudson.ProcMemInfo
11472:             1             16  org.jvnet.hudson.plugins.SSHBuilder$DescriptorImpl$$FastClassByGuice$$98fb9a86
11473:             1             16  org.jvnet.hudson.reactor.Executable$1
11474:             1             16  org.jvnet.hudson.reactor.ReactorListener$1
11475:             1             16  org.jvnet.hudson.reactor.TaskBuilder$1
11476:             1             16  org.jvnet.jenkins.plugins.nodelabelparameter.LabelParameterDefinition$DescriptorImpl$$FastClassByGuice$$6dfee121
11477:             1             16  org.jvnet.jenkins.plugins.nodelabelparameter.NodeParameterDefinition$DescriptorImpl$$FastClassByGuice$$ec694c03
11478:             1             16  org.jvnet.jenkins.plugins.nodelabelparameter.node.AllNodeEligibility$Descriptor$$FastClassByGuice$$20275247
11479:             1             16  org.jvnet.jenkins.plugins.nodelabelparameter.node.IgnoreOfflineNodeEligibility$Descriptor$$FastClassByGuice$$644eaed7
11480:             1             16  org.jvnet.jenkins.plugins.nodelabelparameter.node.IgnoreTempOfflineNodeEligibility$Descriptor$$FastClassByGuice$$47655f63
11481:             1             16  org.jvnet.jenkins.plugins.nodelabelparameter.parameterizedtrigger.AllNodesBuildParameterFactory$DescriptorImpl$$FastClassByGuice$$6d0b19f9
11482:             1             16  org.jvnet.jenkins.plugins.nodelabelparameter.parameterizedtrigger.AllNodesForLabelBuildParameterFactory$DescriptorImpl$$FastClassByGuice$$e0f28744
11483:             1             16  org.jvnet.jenkins.plugins.nodelabelparameter.parameterizedtrigger.NodeLabelBuildParameter$DescriptorImpl$$FastClassByGuice$$70dfe46b
11484:             1             16  org.jvnet.jenkins.plugins.nodelabelparameter.parameterizedtrigger.NodeListBuildParameterFactory$DescriptorImpl$$FastClassByGuice$$d4243e29
11485:             1             16  org.jvnet.localizer.LocaleProvider$1
11486:             1             16  org.jvnet.localizer.ResourceProvider$1
11487:             1             16  org.jvnet.tiger_types.Types$1
11488:             1             16  org.jvnet.tiger_types.Types$2
11489:             1             16  org.jvnet.tiger_types.Types$3
11490:             1             16  org.kohsuke.args4j.OptionHandlerRegistry
11491:             1             16  org.kohsuke.github.RateLimitHandler$1
11492:             1             16  org.kohsuke.github.RateLimitHandler$2
11493:             1             16  org.kohsuke.groovy.sandbox.GroovyInterceptor$1
11494:             1             16  org.kohsuke.groovy.sandbox.GroovyInterceptor$2
11495:             1             16  org.kohsuke.stapler.AcceptHeader$StaplerConverterImpl
11496:             1             16  org.kohsuke.stapler.AncestorInPath$HandlerImpl
11497:             1             16  org.kohsuke.stapler.AnnotationHandler$1
11498:             1             16  org.kohsuke.stapler.BindInterceptor
11499:             1             16  org.kohsuke.stapler.CrumbIssuer$1
11500:             1             16  org.kohsuke.stapler.DiagnosticThreadNameFilter
11501:             1             16  org.kohsuke.stapler.DispatchValidator$1
11502:             1             16  org.kohsuke.stapler.Function$1
11503:             1             16  org.kohsuke.stapler.Function$MethodFunction$$Lambda$58/1309998041
11504:             1             16  org.kohsuke.stapler.FunctionList$Filter$1
11505:             1             16  org.kohsuke.stapler.Header$HandlerImpl
11506:             1             16  org.kohsuke.stapler.HttpResponseRenderer$Default
11507:             1             16  org.kohsuke.stapler.JRebelFacet
11508:             1             16  org.kohsuke.stapler.MetaClass$$Lambda$57/322948160
11509:             1             16  org.kohsuke.stapler.Optional
11510:             1             16  org.kohsuke.stapler.QueryParameter$HandlerImpl
11511:             1             16  org.kohsuke.stapler.Stapler$3
11512:             1             16  org.kohsuke.stapler.Stapler$4
11513:             1             16  org.kohsuke.stapler.Stapler$5
11514:             1             16  org.kohsuke.stapler.Stapler$6
11515:             1             16  org.kohsuke.stapler.bind.BoundObjectTable
11516:             1             16  org.kohsuke.stapler.compression.CompressionFilter
11517:             1             16  org.kohsuke.stapler.event.FilteredDispatchTriggerListener$1
11518:             1             16  org.kohsuke.stapler.event.FilteredDoActionTriggerListener$1
11519:             1             16  org.kohsuke.stapler.event.FilteredFieldTriggerListener$1
11520:             1             16  org.kohsuke.stapler.event.FilteredGetterTriggerListener$1
11521:             1             16  org.kohsuke.stapler.export.ClassAttributeBehaviour$1
11522:             1             16  org.kohsuke.stapler.export.ClassAttributeBehaviour$2
11523:             1             16  org.kohsuke.stapler.export.ClassAttributeBehaviour$3
11524:             1             16  org.kohsuke.stapler.export.ExportInterceptor$1
11525:             1             16  org.kohsuke.stapler.jelly.DefaultScriptInvoker
11526:             1             16  org.kohsuke.stapler.jelly.JellyClassLoaderTearOff$2
11527:             1             16  org.kohsuke.stapler.jelly.ReallyStaticTagLibrary
11528:             1             16  org.kohsuke.stapler.jelly.ResourceBundleFactory
11529:             1             16  org.kohsuke.stapler.jelly.ThisTagLibrary$2
11530:             1             16  org.kohsuke.stapler.jelly.groovy.GroovyFacet
11531:             1             16  org.kohsuke.stapler.jelly.groovy.JellyBuilder$2
11532:             1             16  org.kohsuke.stapler.lang.FieldRef$Filter$1
11533:             1             16  org.kohsuke.stapler.lang.KlassNavigator$1
11534:             1             16  org.owasp.html.AttributePolicy$1
11535:             1             16  org.owasp.html.AttributePolicy$1
11536:             1             16  org.owasp.html.AttributePolicy$2
11537:             1             16  org.owasp.html.AttributePolicy$2
11538:             1             16  org.owasp.html.CssSchema
11539:             1             16  org.owasp.html.ElementPolicy$1
11540:             1             16  org.owasp.html.ElementPolicy$1
11541:             1             16  org.owasp.html.ElementPolicy$2
11542:             1             16  org.owasp.html.ElementPolicy$2
11543:             1             16  org.owasp.html.FilterUrlByProtocolAttributePolicy
11544:             1             16  org.owasp.html.Handler$1
11545:             1             16  org.owasp.html.Handler$2
11546:             1             16  org.owasp.html.HtmlElementTables$1
11547:             1             16  org.owasp.html.HtmlElementTables$SparseElementMultitable
11548:             1             16  org.owasp.html.HtmlElementTables$SparseElementToElements
11549:             1             16  org.owasp.html.HtmlElementTables$TextContentModel
11550:             1             16  org.owasp.html.HtmlPolicyBuilder$1
11551:             1             16  org.owasp.html.HtmlPolicyBuilder$2
11552:             1             16  org.owasp.html.HtmlPolicyBuilder$3
11553:             1             16  org.owasp.html.HtmlPolicyBuilder$JoinRelsOnLinksPolicies
11554:             1             16  org.owasp.html.HtmlStreamEventProcessor$Processors$1
11555:             1             16  org.owasp.html.Sanitizers$1
11556:             1             16  org.owasp.html.StandardUrlAttributePolicy
11557:             1             16  org.owasp.html.StandardUrlAttributePolicy
11558:             1             16  org.owasp.html.StylingPolicy$StylingPolicyJoinStrategy
11559:             1             16  org.parboiled.common.ImmutableList$1
11560:             1             16  org.slf4j.helpers.BasicMarkerFactory
11561:             1             16  org.slf4j.helpers.NOPLoggerFactory
11562:             1             16  org.slf4j.impl.JDK14LoggerFactory
11563:             1             16  org.slf4j.impl.StaticLoggerBinder
11564:             1             16  org.slf4j.impl.StaticMarkerBinder
11565:             1             16  org.sonarsource.scanner.jenkins.pipeline.SonarQubeWebHook
11566:             1             16  org.sonarsource.scanner.jenkins.pipeline.SonarQubeWebHook$$FastClassByGuice$$a8caa257
11567:             1             16  org.sonarsource.scanner.jenkins.pipeline.SonarQubeWebHookCrumbExclusion
11568:             1             16  org.sonarsource.scanner.jenkins.pipeline.SonarQubeWebHookCrumbExclusion$$FastClassByGuice$$7f24c44a
11569:             1             16  org.sonarsource.scanner.jenkins.pipeline.WaitForQualityGateStep$DescriptorImpl$$FastClassByGuice$$afdc1a67
11570:             1             16  org.springframework.util.ReflectionUtils$3
11571:             1             16  org.springframework.web.bind.ServletRequestUtils$BooleanParser
11572:             1             16  org.springframework.web.bind.ServletRequestUtils$DoubleParser
11573:             1             16  org.springframework.web.bind.ServletRequestUtils$FloatParser
11574:             1             16  org.springframework.web.bind.ServletRequestUtils$IntParser
11575:             1             16  org.springframework.web.bind.ServletRequestUtils$LongParser
11576:             1             16  org.springframework.web.bind.ServletRequestUtils$StringParser
11577:             1             16  org.tmatesoft.svn.core.internal.io.dav.DAVRepositoryFactory
11578:             1             16  org.tmatesoft.svn.core.internal.io.dav.http.IHTTPConnectionFactory$1
11579:             1             16  org.tmatesoft.svn.core.internal.io.fs.FSRepositoryFactory
11580:             1             16  org.tmatesoft.svn.core.internal.io.svn.ISVNConnectorFactory$1
11581:             1             16  org.tmatesoft.svn.core.internal.io.svn.SVNRepositoryFactoryImpl
11582:             1             16  org.tmatesoft.svn.core.internal.wc.SVNFileUtil$1
11583:             1             16  org.tmatesoft.svn.core.internal.wc.SVNFileUtil$2
11584:             1             16  org.tmatesoft.svn.core.internal.wc.admin.SVNAdminArea14Factory
11585:             1             16  org.tmatesoft.svn.core.internal.wc.admin.SVNAdminArea15Factory
11586:             1             16  org.tmatesoft.svn.core.internal.wc.admin.SVNAdminArea16Factory
11587:             1             16  org.tmatesoft.svn.core.internal.wc.admin.SVNAdminAreaFactory$DefaultSelector
11588:             1             16  org.tmatesoft.svn.core.internal.wc.admin.SVNXMLAdminAreaFactory
11589:             1             16  org.xml.sax.ext.DefaultHandler2
11590:             1             16  org.yaml.snakeyaml.constructor.SafeConstructor$ConstructUndefined
11591:             1             16  org.yaml.snakeyaml.external.com.google.gdata.util.common.base.UnicodeEscaper$2
11592:             1             16  ru.yandex.qatools.allure.jenkins.AllureReportPlugin
11593:             1             16  ru.yandex.qatools.allure.jenkins.AllureReportPublisherDescriptor$$FastClassByGuice$$f40428e6
11594:             1             16  ru.yandex.qatools.allure.jenkins.dsl.AllurePluginJobDslExtension$$FastClassByGuice$$55d5a7aa
11595:             1             16  ru.yandex.qatools.allure.jenkins.tools.AllureCommandlineInstallation$DescriptorImpl$$FastClassByGuice$$3c0fd69e
11596:             1             16  ru.yandex.qatools.allure.jenkins.tools.AllureCommandlineInstaller$DescriptorImpl$$FastClassByGuice$$cb9066
11597:             1             16  se.diabol.jenkins.pipeline.DeliveryPipelineView$ComponentSpec$DescriptorImpl$$FastClassByGuice$$386e54ff
11598:             1             16  se.diabol.jenkins.pipeline.DeliveryPipelineView$DescriptorImpl$$FastClassByGuice$$794f7413
11599:             1             16  se.diabol.jenkins.pipeline.DeliveryPipelineView$ItemListenerImpl
11600:             1             16  se.diabol.jenkins.pipeline.DeliveryPipelineView$ItemListenerImpl$$FastClassByGuice$$c0a1c8b
11601:             1             16  se.diabol.jenkins.pipeline.DeliveryPipelineView$RegExpSpec$DescriptorImpl$$FastClassByGuice$$a33264b
11602:             1             16  se.diabol.jenkins.pipeline.EnvVersionTokenMacro$$FastClassByGuice$$970abbc3
11603:             1             16  se.diabol.jenkins.pipeline.PipelineEnvironmentContributor
11604:             1             16  se.diabol.jenkins.pipeline.PipelineEnvironmentContributor$$FastClassByGuice$$68d830af
11605:             1             16  se.diabol.jenkins.pipeline.PipelineProperty$DescriptorImpl$$FastClassByGuice$$e89d5df7
11606:             1             16  se.diabol.jenkins.pipeline.PipelineVersionContributor$DescriptorImpl$$FastClassByGuice$$887d65e9
11607:             1             16  se.diabol.jenkins.pipeline.PipelineVersionTokenMacro$$FastClassByGuice$$b5fca804
11608:             1             16  se.diabol.jenkins.pipeline.domain.status.promotion.AbstractPromotionStatusProvider$JenkinsInstanceProvider
11609:             1             16  se.diabol.jenkins.pipeline.domain.status.promotion.PromotionStatusProvider$$FastClassByGuice$$a5870624
11610:             1             16  se.diabol.jenkins.pipeline.resolver.CoreCauseResolver$$FastClassByGuice$$e54f9f2d
11611:             1             16  se.diabol.jenkins.pipeline.resolver.GitCauseResolver$$FastClassByGuice$$96148440
11612:             1             16  se.diabol.jenkins.pipeline.resolver.ProjectRelationshipResolver$$FastClassByGuice$$998767d4
11613:             1             16  se.diabol.jenkins.pipeline.resolver.SubProjectRelationshipResolver$$FastClassByGuice$$ae3172da
11614:             1             16  se.diabol.jenkins.pipeline.sort.FailedJobComparator$DescriptorImpl$$FastClassByGuice$$3bba9708
11615:             1             16  se.diabol.jenkins.pipeline.sort.LatestActivityComparator$DescriptorImpl$$FastClassByGuice$$a3a6361c
11616:             1             16  se.diabol.jenkins.pipeline.sort.NameComparator$DescriptorImpl$$FastClassByGuice$$d0a14b27
11617:             1             16  se.diabol.jenkins.pipeline.trigger.BPPManualTriggerResolver$$FastClassByGuice$$8a636d51
11618:             1             16  se.diabol.jenkins.workflow.WorkflowPipelineView$ComponentSpec$DescriptorImpl$$FastClassByGuice$$403d6571
11619:             1             16  se.diabol.jenkins.workflow.WorkflowPipelineView$DescriptorImpl$$FastClassByGuice$$fca65405
11620:             1             16  se.diabol.jenkins.workflow.step.TaskStep$DescriptorImpl$$FastClassByGuice$$7e5d0fe8
11621:             1             16  sun.awt.AppContext$6
11622:             1             16  sun.awt.AppContext$GetAppContextLock
11623:             1             16  sun.font.SunFontManager$T1Filter
11624:             1             16  sun.font.SunFontManager$TTFilter
11625:             1             16  sun.java2d.Disposer
11626:             1             16  sun.java2d.Disposer$$Lambda$24/1896232624
11627:             1             16  sun.management.ClassLoadingImpl
11628:             1             16  sun.management.HotSpotDiagnostic
11629:             1             16  sun.management.ManagementFactoryHelper$PlatformLoggingImpl
11630:             1             16  sun.misc.ASCIICaseInsensitiveComparator
11631:             1             16  sun.misc.FloatingDecimal$1
11632:             1             16  sun.misc.FormattedFloatingDecimal$1
11633:             1             16  sun.misc.Launcher
11634:             1             16  sun.misc.Launcher$Factory
11635:             1             16  sun.misc.ObjectInputFilter$Config$$Lambda$140/1906642907
11636:             1             16  sun.misc.Perf
11637:             1             16  sun.misc.Unsafe
11638:             1             16  sun.net.DefaultProgressMeteringPolicy
11639:             1             16  sun.net.ExtendedOptionsImpl$$Lambda$44/522937350
11640:             1             16  sun.net.idn.StringPrep$StringPrepTrieImpl
11641:             1             16  sun.net.spi.DefaultProxySelector
11642:             1             16  sun.net.www.protocol.file.Handler
11643:             1             16  sun.net.www.protocol.http.AuthCacheImpl
11644:             1             16  sun.net.www.protocol.jar.JarFileFactory
11645:             1             16  sun.nio.ch.EPollSelectorProvider
11646:             1             16  sun.nio.ch.ExtendedSocketOption$1
11647:             1             16  sun.nio.ch.FileChannelImpl$1
11648:             1             16  sun.nio.ch.Net$1
11649:             1             16  sun.nio.ch.Util$1
11650:             1             16  sun.nio.cs.CharsetMapping$2
11651:             1             16  sun.nio.cs.CharsetMapping$3
11652:             1             16  sun.nio.cs.CharsetMapping$4
11653:             1             16  sun.reflect.GeneratedConstructorAccessor10
11654:             1             16  sun.reflect.GeneratedConstructorAccessor1012
11655:             1             16  sun.reflect.GeneratedConstructorAccessor1020
11656:             1             16  sun.reflect.GeneratedConstructorAccessor1021
11657:             1             16  sun.reflect.GeneratedConstructorAccessor1022
11658:             1             16  sun.reflect.GeneratedConstructorAccessor1023
11659:             1             16  sun.reflect.GeneratedConstructorAccessor1040
11660:             1             16  sun.reflect.GeneratedConstructorAccessor1041
11661:             1             16  sun.reflect.GeneratedConstructorAccessor1051
11662:             1             16  sun.reflect.GeneratedConstructorAccessor11
11663:             1             16  sun.reflect.GeneratedConstructorAccessor113
11664:             1             16  sun.reflect.GeneratedConstructorAccessor114
11665:             1             16  sun.reflect.GeneratedConstructorAccessor118
11666:             1             16  sun.reflect.GeneratedConstructorAccessor12
11667:             1             16  sun.reflect.GeneratedConstructorAccessor122
11668:             1             16  sun.reflect.GeneratedConstructorAccessor129
11669:             1             16  sun.reflect.GeneratedConstructorAccessor13
11670:             1             16  sun.reflect.GeneratedConstructorAccessor1369
11671:             1             16  sun.reflect.GeneratedConstructorAccessor1497
11672:             1             16  sun.reflect.GeneratedConstructorAccessor1499
11673:             1             16  sun.reflect.GeneratedConstructorAccessor15
11674:             1             16  sun.reflect.GeneratedConstructorAccessor153
11675:             1             16  sun.reflect.GeneratedConstructorAccessor1574
11676:             1             16  sun.reflect.GeneratedConstructorAccessor1615
11677:             1             16  sun.reflect.GeneratedConstructorAccessor1616
11678:             1             16  sun.reflect.GeneratedConstructorAccessor1654
11679:             1             16  sun.reflect.GeneratedConstructorAccessor1655
11680:             1             16  sun.reflect.GeneratedConstructorAccessor1716
11681:             1             16  sun.reflect.GeneratedConstructorAccessor1731
11682:             1             16  sun.reflect.GeneratedConstructorAccessor175
11683:             1             16  sun.reflect.GeneratedConstructorAccessor1840
11684:             1             16  sun.reflect.GeneratedConstructorAccessor2033
11685:             1             16  sun.reflect.GeneratedConstructorAccessor2106
11686:             1             16  sun.reflect.GeneratedConstructorAccessor2107
11687:             1             16  sun.reflect.GeneratedConstructorAccessor2108
11688:             1             16  sun.reflect.GeneratedConstructorAccessor2109
11689:             1             16  sun.reflect.GeneratedConstructorAccessor2119
11690:             1             16  sun.reflect.GeneratedConstructorAccessor215
11691:             1             16  sun.reflect.GeneratedConstructorAccessor2179
11692:             1             16  sun.reflect.GeneratedConstructorAccessor221
11693:             1             16  sun.reflect.GeneratedConstructorAccessor222
11694:             1             16  sun.reflect.GeneratedConstructorAccessor227
11695:             1             16  sun.reflect.GeneratedConstructorAccessor231
11696:             1             16  sun.reflect.GeneratedConstructorAccessor2315
11697:             1             16  sun.reflect.GeneratedConstructorAccessor2316
11698:             1             16  sun.reflect.GeneratedConstructorAccessor2317
11699:             1             16  sun.reflect.GeneratedConstructorAccessor233
11700:             1             16  sun.reflect.GeneratedConstructorAccessor234
11701:             1             16  sun.reflect.GeneratedConstructorAccessor235
11702:             1             16  sun.reflect.GeneratedConstructorAccessor236
11703:             1             16  sun.reflect.GeneratedConstructorAccessor237
11704:             1             16  sun.reflect.GeneratedConstructorAccessor238
11705:             1             16  sun.reflect.GeneratedConstructorAccessor239
11706:             1             16  sun.reflect.GeneratedConstructorAccessor2398
11707:             1             16  sun.reflect.GeneratedConstructorAccessor240
11708:             1             16  sun.reflect.GeneratedConstructorAccessor241
11709:             1             16  sun.reflect.GeneratedConstructorAccessor242
11710:             1             16  sun.reflect.GeneratedConstructorAccessor2485
11711:             1             16  sun.reflect.GeneratedConstructorAccessor2486
11712:             1             16  sun.reflect.GeneratedConstructorAccessor2495
11713:             1             16  sun.reflect.GeneratedConstructorAccessor2507
11714:             1             16  sun.reflect.GeneratedConstructorAccessor2508
11715:             1             16  sun.reflect.GeneratedConstructorAccessor2509
11716:             1             16  sun.reflect.GeneratedConstructorAccessor2510
11717:             1             16  sun.reflect.GeneratedConstructorAccessor2513
11718:             1             16  sun.reflect.GeneratedConstructorAccessor2515
11719:             1             16  sun.reflect.GeneratedConstructorAccessor2516
11720:             1             16  sun.reflect.GeneratedConstructorAccessor2517
11721:             1             16  sun.reflect.GeneratedConstructorAccessor2518
11722:             1             16  sun.reflect.GeneratedConstructorAccessor2519
11723:             1             16  sun.reflect.GeneratedConstructorAccessor2520
11724:             1             16  sun.reflect.GeneratedConstructorAccessor2522
11725:             1             16  sun.reflect.GeneratedConstructorAccessor2523
11726:             1             16  sun.reflect.GeneratedConstructorAccessor2525
11727:             1             16  sun.reflect.GeneratedConstructorAccessor2534
11728:             1             16  sun.reflect.GeneratedConstructorAccessor2537
11729:             1             16  sun.reflect.GeneratedConstructorAccessor2538
11730:             1             16  sun.reflect.GeneratedConstructorAccessor2547
11731:             1             16  sun.reflect.GeneratedConstructorAccessor258
11732:             1             16  sun.reflect.GeneratedConstructorAccessor262
11733:             1             16  sun.reflect.GeneratedConstructorAccessor263
11734:             1             16  sun.reflect.GeneratedConstructorAccessor264
11735:             1             16  sun.reflect.GeneratedConstructorAccessor265
11736:             1             16  sun.reflect.GeneratedConstructorAccessor266
11737:             1             16  sun.reflect.GeneratedConstructorAccessor267
11738:             1             16  sun.reflect.GeneratedConstructorAccessor269
11739:             1             16  sun.reflect.GeneratedConstructorAccessor272
11740:             1             16  sun.reflect.GeneratedConstructorAccessor274
11741:             1             16  sun.reflect.GeneratedConstructorAccessor275
11742:             1             16  sun.reflect.GeneratedConstructorAccessor276
11743:             1             16  sun.reflect.GeneratedConstructorAccessor277
11744:             1             16  sun.reflect.GeneratedConstructorAccessor278
11745:             1             16  sun.reflect.GeneratedConstructorAccessor279
11746:             1             16  sun.reflect.GeneratedConstructorAccessor280
11747:             1             16  sun.reflect.GeneratedConstructorAccessor281
11748:             1             16  sun.reflect.GeneratedConstructorAccessor283
11749:             1             16  sun.reflect.GeneratedConstructorAccessor284
11750:             1             16  sun.reflect.GeneratedConstructorAccessor286
11751:             1             16  sun.reflect.GeneratedConstructorAccessor287
11752:             1             16  sun.reflect.GeneratedConstructorAccessor288
11753:             1             16  sun.reflect.GeneratedConstructorAccessor289
11754:             1             16  sun.reflect.GeneratedConstructorAccessor290
11755:             1             16  sun.reflect.GeneratedConstructorAccessor291
11756:             1             16  sun.reflect.GeneratedConstructorAccessor292
11757:             1             16  sun.reflect.GeneratedConstructorAccessor293
11758:             1             16  sun.reflect.GeneratedConstructorAccessor294
11759:             1             16  sun.reflect.GeneratedConstructorAccessor296
11760:             1             16  sun.reflect.GeneratedConstructorAccessor300
11761:             1             16  sun.reflect.GeneratedConstructorAccessor305
11762:             1             16  sun.reflect.GeneratedConstructorAccessor307
11763:             1             16  sun.reflect.GeneratedConstructorAccessor308
11764:             1             16  sun.reflect.GeneratedConstructorAccessor309
11765:             1             16  sun.reflect.GeneratedConstructorAccessor310
11766:             1             16  sun.reflect.GeneratedConstructorAccessor311
11767:             1             16  sun.reflect.GeneratedConstructorAccessor316
11768:             1             16  sun.reflect.GeneratedConstructorAccessor321
11769:             1             16  sun.reflect.GeneratedConstructorAccessor323
11770:             1             16  sun.reflect.GeneratedConstructorAccessor324
11771:             1             16  sun.reflect.GeneratedConstructorAccessor325
11772:             1             16  sun.reflect.GeneratedConstructorAccessor326
11773:             1             16  sun.reflect.GeneratedConstructorAccessor327
11774:             1             16  sun.reflect.GeneratedConstructorAccessor328
11775:             1             16  sun.reflect.GeneratedConstructorAccessor330
11776:             1             16  sun.reflect.GeneratedConstructorAccessor333
11777:             1             16  sun.reflect.GeneratedConstructorAccessor334
11778:             1             16  sun.reflect.GeneratedConstructorAccessor336
11779:             1             16  sun.reflect.GeneratedConstructorAccessor338
11780:             1             16  sun.reflect.GeneratedConstructorAccessor344
11781:             1             16  sun.reflect.GeneratedConstructorAccessor346
11782:             1             16  sun.reflect.GeneratedConstructorAccessor347
11783:             1             16  sun.reflect.GeneratedConstructorAccessor348
11784:             1             16  sun.reflect.GeneratedConstructorAccessor349
11785:             1             16  sun.reflect.GeneratedConstructorAccessor350
11786:             1             16  sun.reflect.GeneratedConstructorAccessor351
11787:             1             16  sun.reflect.GeneratedConstructorAccessor352
11788:             1             16  sun.reflect.GeneratedConstructorAccessor353
11789:             1             16  sun.reflect.GeneratedConstructorAccessor354
11790:             1             16  sun.reflect.GeneratedConstructorAccessor356
11791:             1             16  sun.reflect.GeneratedConstructorAccessor357
11792:             1             16  sun.reflect.GeneratedConstructorAccessor359
11793:             1             16  sun.reflect.GeneratedConstructorAccessor360
11794:             1             16  sun.reflect.GeneratedConstructorAccessor362
11795:             1             16  sun.reflect.GeneratedConstructorAccessor364
11796:             1             16  sun.reflect.GeneratedConstructorAccessor365
11797:             1             16  sun.reflect.GeneratedConstructorAccessor370
11798:             1             16  sun.reflect.GeneratedConstructorAccessor371
11799:             1             16  sun.reflect.GeneratedConstructorAccessor373
11800:             1             16  sun.reflect.GeneratedConstructorAccessor375
11801:             1             16  sun.reflect.GeneratedConstructorAccessor379
11802:             1             16  sun.reflect.GeneratedConstructorAccessor381
11803:             1             16  sun.reflect.GeneratedConstructorAccessor387
11804:             1             16  sun.reflect.GeneratedConstructorAccessor395
11805:             1             16  sun.reflect.GeneratedConstructorAccessor396
11806:             1             16  sun.reflect.GeneratedConstructorAccessor398
11807:             1             16  sun.reflect.GeneratedConstructorAccessor413
11808:             1             16  sun.reflect.GeneratedConstructorAccessor415
11809:             1             16  sun.reflect.GeneratedConstructorAccessor42
11810:             1             16  sun.reflect.GeneratedConstructorAccessor422
11811:             1             16  sun.reflect.GeneratedConstructorAccessor423
11812:             1             16  sun.reflect.GeneratedConstructorAccessor428
11813:             1             16  sun.reflect.GeneratedConstructorAccessor43
11814:             1             16  sun.reflect.GeneratedConstructorAccessor433
11815:             1             16  sun.reflect.GeneratedConstructorAccessor434
11816:             1             16  sun.reflect.GeneratedConstructorAccessor44
11817:             1             16  sun.reflect.GeneratedConstructorAccessor441
11818:             1             16  sun.reflect.GeneratedConstructorAccessor443
11819:             1             16  sun.reflect.GeneratedConstructorAccessor444
11820:             1             16  sun.reflect.GeneratedConstructorAccessor449
11821:             1             16  sun.reflect.GeneratedConstructorAccessor45
11822:             1             16  sun.reflect.GeneratedConstructorAccessor450
11823:             1             16  sun.reflect.GeneratedConstructorAccessor451
11824:             1             16  sun.reflect.GeneratedConstructorAccessor453
11825:             1             16  sun.reflect.GeneratedConstructorAccessor456
11826:             1             16  sun.reflect.GeneratedConstructorAccessor457
11827:             1             16  sun.reflect.GeneratedConstructorAccessor458
11828:             1             16  sun.reflect.GeneratedConstructorAccessor459
11829:             1             16  sun.reflect.GeneratedConstructorAccessor46
11830:             1             16  sun.reflect.GeneratedConstructorAccessor460
11831:             1             16  sun.reflect.GeneratedConstructorAccessor461
11832:             1             16  sun.reflect.GeneratedConstructorAccessor467
11833:             1             16  sun.reflect.GeneratedConstructorAccessor468
11834:             1             16  sun.reflect.GeneratedConstructorAccessor469
11835:             1             16  sun.reflect.GeneratedConstructorAccessor47
11836:             1             16  sun.reflect.GeneratedConstructorAccessor470
11837:             1             16  sun.reflect.GeneratedConstructorAccessor472
11838:             1             16  sun.reflect.GeneratedConstructorAccessor474
11839:             1             16  sun.reflect.GeneratedConstructorAccessor475
11840:             1             16  sun.reflect.GeneratedConstructorAccessor478
11841:             1             16  sun.reflect.GeneratedConstructorAccessor48
11842:             1             16  sun.reflect.GeneratedConstructorAccessor483
11843:             1             16  sun.reflect.GeneratedConstructorAccessor484
11844:             1             16  sun.reflect.GeneratedConstructorAccessor485
11845:             1             16  sun.reflect.GeneratedConstructorAccessor486
11846:             1             16  sun.reflect.GeneratedConstructorAccessor487
11847:             1             16  sun.reflect.GeneratedConstructorAccessor488
11848:             1             16  sun.reflect.GeneratedConstructorAccessor49
11849:             1             16  sun.reflect.GeneratedConstructorAccessor494
11850:             1             16  sun.reflect.GeneratedConstructorAccessor495
11851:             1             16  sun.reflect.GeneratedConstructorAccessor50
11852:             1             16  sun.reflect.GeneratedConstructorAccessor501
11853:             1             16  sun.reflect.GeneratedConstructorAccessor503
11854:             1             16  sun.reflect.GeneratedConstructorAccessor504
11855:             1             16  sun.reflect.GeneratedConstructorAccessor505
11856:             1             16  sun.reflect.GeneratedConstructorAccessor506
11857:             1             16  sun.reflect.GeneratedConstructorAccessor507
11858:             1             16  sun.reflect.GeneratedConstructorAccessor508
11859:             1             16  sun.reflect.GeneratedConstructorAccessor510
11860:             1             16  sun.reflect.GeneratedConstructorAccessor511
11861:             1             16  sun.reflect.GeneratedConstructorAccessor512
11862:             1             16  sun.reflect.GeneratedConstructorAccessor513
11863:             1             16  sun.reflect.GeneratedConstructorAccessor515
11864:             1             16  sun.reflect.GeneratedConstructorAccessor516
11865:             1             16  sun.reflect.GeneratedConstructorAccessor518
11866:             1             16  sun.reflect.GeneratedConstructorAccessor52
11867:             1             16  sun.reflect.GeneratedConstructorAccessor528
11868:             1             16  sun.reflect.GeneratedConstructorAccessor532
11869:             1             16  sun.reflect.GeneratedConstructorAccessor534
11870:             1             16  sun.reflect.GeneratedConstructorAccessor535
11871:             1             16  sun.reflect.GeneratedConstructorAccessor536
11872:             1             16  sun.reflect.GeneratedConstructorAccessor545
11873:             1             16  sun.reflect.GeneratedConstructorAccessor549
11874:             1             16  sun.reflect.GeneratedConstructorAccessor553
11875:             1             16  sun.reflect.GeneratedConstructorAccessor555
11876:             1             16  sun.reflect.GeneratedConstructorAccessor557
11877:             1             16  sun.reflect.GeneratedConstructorAccessor560
11878:             1             16  sun.reflect.GeneratedConstructorAccessor572
11879:             1             16  sun.reflect.GeneratedConstructorAccessor573
11880:             1             16  sun.reflect.GeneratedConstructorAccessor574
11881:             1             16  sun.reflect.GeneratedConstructorAccessor575
11882:             1             16  sun.reflect.GeneratedConstructorAccessor578
11883:             1             16  sun.reflect.GeneratedConstructorAccessor602
11884:             1             16  sun.reflect.GeneratedConstructorAccessor61
11885:             1             16  sun.reflect.GeneratedConstructorAccessor661
11886:             1             16  sun.reflect.GeneratedConstructorAccessor67
11887:             1             16  sun.reflect.GeneratedConstructorAccessor68
11888:             1             16  sun.reflect.GeneratedConstructorAccessor69
11889:             1             16  sun.reflect.GeneratedConstructorAccessor71
11890:             1             16  sun.reflect.GeneratedConstructorAccessor72
11891:             1             16  sun.reflect.GeneratedConstructorAccessor73
11892:             1             16  sun.reflect.GeneratedConstructorAccessor756
11893:             1             16  sun.reflect.GeneratedConstructorAccessor757
11894:             1             16  sun.reflect.GeneratedConstructorAccessor76
11895:             1             16  sun.reflect.GeneratedConstructorAccessor798
11896:             1             16  sun.reflect.GeneratedConstructorAccessor799
11897:             1             16  sun.reflect.GeneratedConstructorAccessor8
11898:             1             16  sun.reflect.GeneratedConstructorAccessor83
11899:             1             16  sun.reflect.GeneratedConstructorAccessor839
11900:             1             16  sun.reflect.GeneratedConstructorAccessor840
11901:             1             16  sun.reflect.GeneratedConstructorAccessor841
11902:             1             16  sun.reflect.GeneratedConstructorAccessor842
11903:             1             16  sun.reflect.GeneratedConstructorAccessor843
11904:             1             16  sun.reflect.GeneratedConstructorAccessor844
11905:             1             16  sun.reflect.GeneratedConstructorAccessor845
11906:             1             16  sun.reflect.GeneratedConstructorAccessor846
11907:             1             16  sun.reflect.GeneratedConstructorAccessor847
11908:             1             16  sun.reflect.GeneratedConstructorAccessor848
11909:             1             16  sun.reflect.GeneratedConstructorAccessor849
11910:             1             16  sun.reflect.GeneratedConstructorAccessor85
11911:             1             16  sun.reflect.GeneratedConstructorAccessor850
11912:             1             16  sun.reflect.GeneratedConstructorAccessor851
11913:             1             16  sun.reflect.GeneratedConstructorAccessor852
11914:             1             16  sun.reflect.GeneratedConstructorAccessor853
11915:             1             16  sun.reflect.GeneratedConstructorAccessor854
11916:             1             16  sun.reflect.GeneratedConstructorAccessor855
11917:             1             16  sun.reflect.GeneratedConstructorAccessor856
11918:             1             16  sun.reflect.GeneratedConstructorAccessor857
11919:             1             16  sun.reflect.GeneratedConstructorAccessor858
11920:             1             16  sun.reflect.GeneratedConstructorAccessor859
11921:             1             16  sun.reflect.GeneratedConstructorAccessor860
11922:             1             16  sun.reflect.GeneratedConstructorAccessor861
11923:             1             16  sun.reflect.GeneratedConstructorAccessor862
11924:             1             16  sun.reflect.GeneratedConstructorAccessor863
11925:             1             16  sun.reflect.GeneratedConstructorAccessor864
11926:             1             16  sun.reflect.GeneratedConstructorAccessor865
11927:             1             16  sun.reflect.GeneratedConstructorAccessor866
11928:             1             16  sun.reflect.GeneratedConstructorAccessor867
11929:             1             16  sun.reflect.GeneratedConstructorAccessor868
11930:             1             16  sun.reflect.GeneratedConstructorAccessor869
11931:             1             16  sun.reflect.GeneratedConstructorAccessor870
11932:             1             16  sun.reflect.GeneratedConstructorAccessor871
11933:             1             16  sun.reflect.GeneratedConstructorAccessor9
11934:             1             16  sun.reflect.GeneratedConstructorAccessor90
11935:             1             16  sun.reflect.GeneratedConstructorAccessor91
11936:             1             16  sun.reflect.GeneratedConstructorAccessor910
11937:             1             16  sun.reflect.GeneratedConstructorAccessor916
11938:             1             16  sun.reflect.GeneratedConstructorAccessor92
11939:             1             16  sun.reflect.GeneratedConstructorAccessor93
11940:             1             16  sun.reflect.GeneratedConstructorAccessor94
11941:             1             16  sun.reflect.GeneratedConstructorAccessor951
11942:             1             16  sun.reflect.GeneratedConstructorAccessor96
11943:             1             16  sun.reflect.GeneratedMethodAccessor10
11944:             1             16  sun.reflect.GeneratedMethodAccessor1000
11945:             1             16  sun.reflect.GeneratedMethodAccessor1001
11946:             1             16  sun.reflect.GeneratedMethodAccessor1002
11947:             1             16  sun.reflect.GeneratedMethodAccessor1003
11948:             1             16  sun.reflect.GeneratedMethodAccessor1004
11949:             1             16  sun.reflect.GeneratedMethodAccessor1005
11950:             1             16  sun.reflect.GeneratedMethodAccessor1006
11951:             1             16  sun.reflect.GeneratedMethodAccessor1007
11952:             1             16  sun.reflect.GeneratedMethodAccessor1008
11953:             1             16  sun.reflect.GeneratedMethodAccessor1009
11954:             1             16  sun.reflect.GeneratedMethodAccessor1010
11955:             1             16  sun.reflect.GeneratedMethodAccessor1011
11956:             1             16  sun.reflect.GeneratedMethodAccessor1012
11957:             1             16  sun.reflect.GeneratedMethodAccessor1013
11958:             1             16  sun.reflect.GeneratedMethodAccessor1014
11959:             1             16  sun.reflect.GeneratedMethodAccessor1015
11960:             1             16  sun.reflect.GeneratedMethodAccessor1016
11961:             1             16  sun.reflect.GeneratedMethodAccessor1017
11962:             1             16  sun.reflect.GeneratedMethodAccessor1018
11963:             1             16  sun.reflect.GeneratedMethodAccessor1019
11964:             1             16  sun.reflect.GeneratedMethodAccessor1020
11965:             1             16  sun.reflect.GeneratedMethodAccessor1021
11966:             1             16  sun.reflect.GeneratedMethodAccessor1022
11967:             1             16  sun.reflect.GeneratedMethodAccessor1023
11968:             1             16  sun.reflect.GeneratedMethodAccessor1024
11969:             1             16  sun.reflect.GeneratedMethodAccessor1025
11970:             1             16  sun.reflect.GeneratedMethodAccessor1026
11971:             1             16  sun.reflect.GeneratedMethodAccessor1027
11972:             1             16  sun.reflect.GeneratedMethodAccessor1028
11973:             1             16  sun.reflect.GeneratedMethodAccessor1029
11974:             1             16  sun.reflect.GeneratedMethodAccessor1030
11975:             1             16  sun.reflect.GeneratedMethodAccessor1031
11976:             1             16  sun.reflect.GeneratedMethodAccessor10312
11977:             1             16  sun.reflect.GeneratedMethodAccessor10313
11978:             1             16  sun.reflect.GeneratedMethodAccessor10314
11979:             1             16  sun.reflect.GeneratedMethodAccessor1032
11980:             1             16  sun.reflect.GeneratedMethodAccessor1033
11981:             1             16  sun.reflect.GeneratedMethodAccessor1034
11982:             1             16  sun.reflect.GeneratedMethodAccessor1035
11983:             1             16  sun.reflect.GeneratedMethodAccessor1036
11984:             1             16  sun.reflect.GeneratedMethodAccessor1037
11985:             1             16  sun.reflect.GeneratedMethodAccessor1038
11986:             1             16  sun.reflect.GeneratedMethodAccessor1039
11987:             1             16  sun.reflect.GeneratedMethodAccessor1040
11988:             1             16  sun.reflect.GeneratedMethodAccessor1041
11989:             1             16  sun.reflect.GeneratedMethodAccessor1042
11990:             1             16  sun.reflect.GeneratedMethodAccessor1043
11991:             1             16  sun.reflect.GeneratedMethodAccessor1044
11992:             1             16  sun.reflect.GeneratedMethodAccessor1045
11993:             1             16  sun.reflect.GeneratedMethodAccessor1046
11994:             1             16  sun.reflect.GeneratedMethodAccessor1047
11995:             1             16  sun.reflect.GeneratedMethodAccessor1048
11996:             1             16  sun.reflect.GeneratedMethodAccessor1049
11997:             1             16  sun.reflect.GeneratedMethodAccessor1050
11998:             1             16  sun.reflect.GeneratedMethodAccessor1051
11999:             1             16  sun.reflect.GeneratedMethodAccessor10524
12000:             1             16  sun.reflect.GeneratedMethodAccessor10525
12001:             1             16  sun.reflect.GeneratedMethodAccessor10526
12002:             1             16  sun.reflect.GeneratedMethodAccessor10527
12003:             1             16  sun.reflect.GeneratedMethodAccessor10528
12004:             1             16  sun.reflect.GeneratedMethodAccessor10529
12005:             1             16  sun.reflect.GeneratedMethodAccessor1053
12006:             1             16  sun.reflect.GeneratedMethodAccessor1054
12007:             1             16  sun.reflect.GeneratedMethodAccessor1055
12008:             1             16  sun.reflect.GeneratedMethodAccessor1056
12009:             1             16  sun.reflect.GeneratedMethodAccessor1057
12010:             1             16  sun.reflect.GeneratedMethodAccessor1058
12011:             1             16  sun.reflect.GeneratedMethodAccessor1059
12012:             1             16  sun.reflect.GeneratedMethodAccessor1060
12013:             1             16  sun.reflect.GeneratedMethodAccessor1061
12014:             1             16  sun.reflect.GeneratedMethodAccessor1062
12015:             1             16  sun.reflect.GeneratedMethodAccessor1063
12016:             1             16  sun.reflect.GeneratedMethodAccessor1064
12017:             1             16  sun.reflect.GeneratedMethodAccessor1065
12018:             1             16  sun.reflect.GeneratedMethodAccessor1066
12019:             1             16  sun.reflect.GeneratedMethodAccessor10679
12020:             1             16  sun.reflect.GeneratedMethodAccessor1068
12021:             1             16  sun.reflect.GeneratedMethodAccessor1070
12022:             1             16  sun.reflect.GeneratedMethodAccessor1071
12023:             1             16  sun.reflect.GeneratedMethodAccessor1072
12024:             1             16  sun.reflect.GeneratedMethodAccessor1073
12025:             1             16  sun.reflect.GeneratedMethodAccessor1074
12026:             1             16  sun.reflect.GeneratedMethodAccessor1080
12027:             1             16  sun.reflect.GeneratedMethodAccessor1082
12028:             1             16  sun.reflect.GeneratedMethodAccessor1083
12029:             1             16  sun.reflect.GeneratedMethodAccessor1084
12030:             1             16  sun.reflect.GeneratedMethodAccessor1085
12031:             1             16  sun.reflect.GeneratedMethodAccessor1086
12032:             1             16  sun.reflect.GeneratedMethodAccessor1087
12033:             1             16  sun.reflect.GeneratedMethodAccessor1088
12034:             1             16  sun.reflect.GeneratedMethodAccessor1089
12035:             1             16  sun.reflect.GeneratedMethodAccessor1090
12036:             1             16  sun.reflect.GeneratedMethodAccessor1091
12037:             1             16  sun.reflect.GeneratedMethodAccessor1092
12038:             1             16  sun.reflect.GeneratedMethodAccessor1093
12039:             1             16  sun.reflect.GeneratedMethodAccessor1094
12040:             1             16  sun.reflect.GeneratedMethodAccessor10941
12041:             1             16  sun.reflect.GeneratedMethodAccessor10942
12042:             1             16  sun.reflect.GeneratedMethodAccessor10943
12043:             1             16  sun.reflect.GeneratedMethodAccessor10944
12044:             1             16  sun.reflect.GeneratedMethodAccessor10997
12045:             1             16  sun.reflect.GeneratedMethodAccessor11
12046:             1             16  sun.reflect.GeneratedMethodAccessor1104
12047:             1             16  sun.reflect.GeneratedMethodAccessor1105
12048:             1             16  sun.reflect.GeneratedMethodAccessor1106
12049:             1             16  sun.reflect.GeneratedMethodAccessor1107
12050:             1             16  sun.reflect.GeneratedMethodAccessor1108
12051:             1             16  sun.reflect.GeneratedMethodAccessor1110
12052:             1             16  sun.reflect.GeneratedMethodAccessor1111
12053:             1             16  sun.reflect.GeneratedMethodAccessor1112
12054:             1             16  sun.reflect.GeneratedMethodAccessor1113
12055:             1             16  sun.reflect.GeneratedMethodAccessor1114
12056:             1             16  sun.reflect.GeneratedMethodAccessor1115
12057:             1             16  sun.reflect.GeneratedMethodAccessor11161
12058:             1             16  sun.reflect.GeneratedMethodAccessor1119
12059:             1             16  sun.reflect.GeneratedMethodAccessor1120
12060:             1             16  sun.reflect.GeneratedMethodAccessor1121
12061:             1             16  sun.reflect.GeneratedMethodAccessor1122
12062:             1             16  sun.reflect.GeneratedMethodAccessor1123
12063:             1             16  sun.reflect.GeneratedMethodAccessor1124
12064:             1             16  sun.reflect.GeneratedMethodAccessor1125
12065:             1             16  sun.reflect.GeneratedMethodAccessor1126
12066:             1             16  sun.reflect.GeneratedMethodAccessor1127
12067:             1             16  sun.reflect.GeneratedMethodAccessor1128
12068:             1             16  sun.reflect.GeneratedMethodAccessor1129
12069:             1             16  sun.reflect.GeneratedMethodAccessor1130
12070:             1             16  sun.reflect.GeneratedMethodAccessor1131
12071:             1             16  sun.reflect.GeneratedMethodAccessor11318
12072:             1             16  sun.reflect.GeneratedMethodAccessor11319
12073:             1             16  sun.reflect.GeneratedMethodAccessor1132
12074:             1             16  sun.reflect.GeneratedMethodAccessor11320
12075:             1             16  sun.reflect.GeneratedMethodAccessor1133
12076:             1             16  sun.reflect.GeneratedMethodAccessor1134
12077:             1             16  sun.reflect.GeneratedMethodAccessor1135
12078:             1             16  sun.reflect.GeneratedMethodAccessor1136
12079:             1             16  sun.reflect.GeneratedMethodAccessor1137
12080:             1             16  sun.reflect.GeneratedMethodAccessor1138
12081:             1             16  sun.reflect.GeneratedMethodAccessor1139
12082:             1             16  sun.reflect.GeneratedMethodAccessor1140
12083:             1             16  sun.reflect.GeneratedMethodAccessor1141
12084:             1             16  sun.reflect.GeneratedMethodAccessor1142
12085:             1             16  sun.reflect.GeneratedMethodAccessor11420
12086:             1             16  sun.reflect.GeneratedMethodAccessor1143
12087:             1             16  sun.reflect.GeneratedMethodAccessor11439
12088:             1             16  sun.reflect.GeneratedMethodAccessor1144
12089:             1             16  sun.reflect.GeneratedMethodAccessor1145
12090:             1             16  sun.reflect.GeneratedMethodAccessor11457
12091:             1             16  sun.reflect.GeneratedMethodAccessor1146
12092:             1             16  sun.reflect.GeneratedMethodAccessor1147
12093:             1             16  sun.reflect.GeneratedMethodAccessor1148
12094:             1             16  sun.reflect.GeneratedMethodAccessor1149
12095:             1             16  sun.reflect.GeneratedMethodAccessor11492
12096:             1             16  sun.reflect.GeneratedMethodAccessor1150
12097:             1             16  sun.reflect.GeneratedMethodAccessor1151
12098:             1             16  sun.reflect.GeneratedMethodAccessor11514
12099:             1             16  sun.reflect.GeneratedMethodAccessor1156
12100:             1             16  sun.reflect.GeneratedMethodAccessor1163
12101:             1             16  sun.reflect.GeneratedMethodAccessor1169
12102:             1             16  sun.reflect.GeneratedMethodAccessor1173
12103:             1             16  sun.reflect.GeneratedMethodAccessor1174
12104:             1             16  sun.reflect.GeneratedMethodAccessor1175
12105:             1             16  sun.reflect.GeneratedMethodAccessor1177
12106:             1             16  sun.reflect.GeneratedMethodAccessor12
12107:             1             16  sun.reflect.GeneratedMethodAccessor12093
12108:             1             16  sun.reflect.GeneratedMethodAccessor12113
12109:             1             16  sun.reflect.GeneratedMethodAccessor12361
12110:             1             16  sun.reflect.GeneratedMethodAccessor12362
12111:             1             16  sun.reflect.GeneratedMethodAccessor12363
12112:             1             16  sun.reflect.GeneratedMethodAccessor12364
12113:             1             16  sun.reflect.GeneratedMethodAccessor12365
12114:             1             16  sun.reflect.GeneratedMethodAccessor12366
12115:             1             16  sun.reflect.GeneratedMethodAccessor12367
12116:             1             16  sun.reflect.GeneratedMethodAccessor12368
12117:             1             16  sun.reflect.GeneratedMethodAccessor12369
12118:             1             16  sun.reflect.GeneratedMethodAccessor1237
12119:             1             16  sun.reflect.GeneratedMethodAccessor12370
12120:             1             16  sun.reflect.GeneratedMethodAccessor1238
12121:             1             16  sun.reflect.GeneratedMethodAccessor1239
12122:             1             16  sun.reflect.GeneratedMethodAccessor1240
12123:             1             16  sun.reflect.GeneratedMethodAccessor1241
12124:             1             16  sun.reflect.GeneratedMethodAccessor1242
12125:             1             16  sun.reflect.GeneratedMethodAccessor1243
12126:             1             16  sun.reflect.GeneratedMethodAccessor1244
12127:             1             16  sun.reflect.GeneratedMethodAccessor1245
12128:             1             16  sun.reflect.GeneratedMethodAccessor1246
12129:             1             16  sun.reflect.GeneratedMethodAccessor1247
12130:             1             16  sun.reflect.GeneratedMethodAccessor1248
12131:             1             16  sun.reflect.GeneratedMethodAccessor12486
12132:             1             16  sun.reflect.GeneratedMethodAccessor12487
12133:             1             16  sun.reflect.GeneratedMethodAccessor12488
12134:             1             16  sun.reflect.GeneratedMethodAccessor12489
12135:             1             16  sun.reflect.GeneratedMethodAccessor12490
12136:             1             16  sun.reflect.GeneratedMethodAccessor12491
12137:             1             16  sun.reflect.GeneratedMethodAccessor12495
12138:             1             16  sun.reflect.GeneratedMethodAccessor12496
12139:             1             16  sun.reflect.GeneratedMethodAccessor12499
12140:             1             16  sun.reflect.GeneratedMethodAccessor12500
12141:             1             16  sun.reflect.GeneratedMethodAccessor12501
12142:             1             16  sun.reflect.GeneratedMethodAccessor12502
12143:             1             16  sun.reflect.GeneratedMethodAccessor12503
12144:             1             16  sun.reflect.GeneratedMethodAccessor12504
12145:             1             16  sun.reflect.GeneratedMethodAccessor12505
12146:             1             16  sun.reflect.GeneratedMethodAccessor12506
12147:             1             16  sun.reflect.GeneratedMethodAccessor12507
12148:             1             16  sun.reflect.GeneratedMethodAccessor12508
12149:             1             16  sun.reflect.GeneratedMethodAccessor12509
12150:             1             16  sun.reflect.GeneratedMethodAccessor12510
12151:             1             16  sun.reflect.GeneratedMethodAccessor12511
12152:             1             16  sun.reflect.GeneratedMethodAccessor12512
12153:             1             16  sun.reflect.GeneratedMethodAccessor12513
12154:             1             16  sun.reflect.GeneratedMethodAccessor12514
12155:             1             16  sun.reflect.GeneratedMethodAccessor12515
12156:             1             16  sun.reflect.GeneratedMethodAccessor12516
12157:             1             16  sun.reflect.GeneratedMethodAccessor12517
12158:             1             16  sun.reflect.GeneratedMethodAccessor12518
12159:             1             16  sun.reflect.GeneratedMethodAccessor12519
12160:             1             16  sun.reflect.GeneratedMethodAccessor12520
12161:             1             16  sun.reflect.GeneratedMethodAccessor12521
12162:             1             16  sun.reflect.GeneratedMethodAccessor12522
12163:             1             16  sun.reflect.GeneratedMethodAccessor12523
12164:             1             16  sun.reflect.GeneratedMethodAccessor12524
12165:             1             16  sun.reflect.GeneratedMethodAccessor12525
12166:             1             16  sun.reflect.GeneratedMethodAccessor12526
12167:             1             16  sun.reflect.GeneratedMethodAccessor12527
12168:             1             16  sun.reflect.GeneratedMethodAccessor12536
12169:             1             16  sun.reflect.GeneratedMethodAccessor12537
12170:             1             16  sun.reflect.GeneratedMethodAccessor12538
12171:             1             16  sun.reflect.GeneratedMethodAccessor12553
12172:             1             16  sun.reflect.GeneratedMethodAccessor12554
12173:             1             16  sun.reflect.GeneratedMethodAccessor12555
12174:             1             16  sun.reflect.GeneratedMethodAccessor12556
12175:             1             16  sun.reflect.GeneratedMethodAccessor12557
12176:             1             16  sun.reflect.GeneratedMethodAccessor12558
12177:             1             16  sun.reflect.GeneratedMethodAccessor12559
12178:             1             16  sun.reflect.GeneratedMethodAccessor12560
12179:             1             16  sun.reflect.GeneratedMethodAccessor12561
12180:             1             16  sun.reflect.GeneratedMethodAccessor12562
12181:             1             16  sun.reflect.GeneratedMethodAccessor12563
12182:             1             16  sun.reflect.GeneratedMethodAccessor12564
12183:             1             16  sun.reflect.GeneratedMethodAccessor12578
12184:             1             16  sun.reflect.GeneratedMethodAccessor12621
12185:             1             16  sun.reflect.GeneratedMethodAccessor12622
12186:             1             16  sun.reflect.GeneratedMethodAccessor12623
12187:             1             16  sun.reflect.GeneratedMethodAccessor12624
12188:             1             16  sun.reflect.GeneratedMethodAccessor12625
12189:             1             16  sun.reflect.GeneratedMethodAccessor12626
12190:             1             16  sun.reflect.GeneratedMethodAccessor12627
12191:             1             16  sun.reflect.GeneratedMethodAccessor12628
12192:             1             16  sun.reflect.GeneratedMethodAccessor12629
12193:             1             16  sun.reflect.GeneratedMethodAccessor12630
12194:             1             16  sun.reflect.GeneratedMethodAccessor12631
12195:             1             16  sun.reflect.GeneratedMethodAccessor12653
12196:             1             16  sun.reflect.GeneratedMethodAccessor12654
12197:             1             16  sun.reflect.GeneratedMethodAccessor12655
12198:             1             16  sun.reflect.GeneratedMethodAccessor12656
12199:             1             16  sun.reflect.GeneratedMethodAccessor12658
12200:             1             16  sun.reflect.GeneratedMethodAccessor12659
12201:             1             16  sun.reflect.GeneratedMethodAccessor12660
12202:             1             16  sun.reflect.GeneratedMethodAccessor12663
12203:             1             16  sun.reflect.GeneratedMethodAccessor12666
12204:             1             16  sun.reflect.GeneratedMethodAccessor12667
12205:             1             16  sun.reflect.GeneratedMethodAccessor12668
12206:             1             16  sun.reflect.GeneratedMethodAccessor12669
12207:             1             16  sun.reflect.GeneratedMethodAccessor12670
12208:             1             16  sun.reflect.GeneratedMethodAccessor12671
12209:             1             16  sun.reflect.GeneratedMethodAccessor12672
12210:             1             16  sun.reflect.GeneratedMethodAccessor12673
12211:             1             16  sun.reflect.GeneratedMethodAccessor12682
12212:             1             16  sun.reflect.GeneratedMethodAccessor12683
12213:             1             16  sun.reflect.GeneratedMethodAccessor12684
12214:             1             16  sun.reflect.GeneratedMethodAccessor12685
12215:             1             16  sun.reflect.GeneratedMethodAccessor12686
12216:             1             16  sun.reflect.GeneratedMethodAccessor12687
12217:             1             16  sun.reflect.GeneratedMethodAccessor12691
12218:             1             16  sun.reflect.GeneratedMethodAccessor12692
12219:             1             16  sun.reflect.GeneratedMethodAccessor12693
12220:             1             16  sun.reflect.GeneratedMethodAccessor12694
12221:             1             16  sun.reflect.GeneratedMethodAccessor12695
12222:             1             16  sun.reflect.GeneratedMethodAccessor12696
12223:             1             16  sun.reflect.GeneratedMethodAccessor12697
12224:             1             16  sun.reflect.GeneratedMethodAccessor12698
12225:             1             16  sun.reflect.GeneratedMethodAccessor12700
12226:             1             16  sun.reflect.GeneratedMethodAccessor12704
12227:             1             16  sun.reflect.GeneratedMethodAccessor12705
12228:             1             16  sun.reflect.GeneratedMethodAccessor12706
12229:             1             16  sun.reflect.GeneratedMethodAccessor12707
12230:             1             16  sun.reflect.GeneratedMethodAccessor12708
12231:             1             16  sun.reflect.GeneratedMethodAccessor12709
12232:             1             16  sun.reflect.GeneratedMethodAccessor12710
12233:             1             16  sun.reflect.GeneratedMethodAccessor12711
12234:             1             16  sun.reflect.GeneratedMethodAccessor12712
12235:             1             16  sun.reflect.GeneratedMethodAccessor12713
12236:             1             16  sun.reflect.GeneratedMethodAccessor12714
12237:             1             16  sun.reflect.GeneratedMethodAccessor12715
12238:             1             16  sun.reflect.GeneratedMethodAccessor12716
12239:             1             16  sun.reflect.GeneratedMethodAccessor12717
12240:             1             16  sun.reflect.GeneratedMethodAccessor12718
12241:             1             16  sun.reflect.GeneratedMethodAccessor12719
12242:             1             16  sun.reflect.GeneratedMethodAccessor12720
12243:             1             16  sun.reflect.GeneratedMethodAccessor12721
12244:             1             16  sun.reflect.GeneratedMethodAccessor12722
12245:             1             16  sun.reflect.GeneratedMethodAccessor12723
12246:             1             16  sun.reflect.GeneratedMethodAccessor12724
12247:             1             16  sun.reflect.GeneratedMethodAccessor12725
12248:             1             16  sun.reflect.GeneratedMethodAccessor12726
12249:             1             16  sun.reflect.GeneratedMethodAccessor12727
12250:             1             16  sun.reflect.GeneratedMethodAccessor12728
12251:             1             16  sun.reflect.GeneratedMethodAccessor12729
12252:             1             16  sun.reflect.GeneratedMethodAccessor12730
12253:             1             16  sun.reflect.GeneratedMethodAccessor12731
12254:             1             16  sun.reflect.GeneratedMethodAccessor12732
12255:             1             16  sun.reflect.GeneratedMethodAccessor12733
12256:             1             16  sun.reflect.GeneratedMethodAccessor12734
12257:             1             16  sun.reflect.GeneratedMethodAccessor12735
12258:             1             16  sun.reflect.GeneratedMethodAccessor12736
12259:             1             16  sun.reflect.GeneratedMethodAccessor12737
12260:             1             16  sun.reflect.GeneratedMethodAccessor12738
12261:             1             16  sun.reflect.GeneratedMethodAccessor12739
12262:             1             16  sun.reflect.GeneratedMethodAccessor12740
12263:             1             16  sun.reflect.GeneratedMethodAccessor12741
12264:             1             16  sun.reflect.GeneratedMethodAccessor12744
12265:             1             16  sun.reflect.GeneratedMethodAccessor12745
12266:             1             16  sun.reflect.GeneratedMethodAccessor12746
12267:             1             16  sun.reflect.GeneratedMethodAccessor12747
12268:             1             16  sun.reflect.GeneratedMethodAccessor12748
12269:             1             16  sun.reflect.GeneratedMethodAccessor12749
12270:             1             16  sun.reflect.GeneratedMethodAccessor12750
12271:             1             16  sun.reflect.GeneratedMethodAccessor12751
12272:             1             16  sun.reflect.GeneratedMethodAccessor12752
12273:             1             16  sun.reflect.GeneratedMethodAccessor12753
12274:             1             16  sun.reflect.GeneratedMethodAccessor12754
12275:             1             16  sun.reflect.GeneratedMethodAccessor12755
12276:             1             16  sun.reflect.GeneratedMethodAccessor12756
12277:             1             16  sun.reflect.GeneratedMethodAccessor12757
12278:             1             16  sun.reflect.GeneratedMethodAccessor12758
12279:             1             16  sun.reflect.GeneratedMethodAccessor12759
12280:             1             16  sun.reflect.GeneratedMethodAccessor12760
12281:             1             16  sun.reflect.GeneratedMethodAccessor12761
12282:             1             16  sun.reflect.GeneratedMethodAccessor12762
12283:             1             16  sun.reflect.GeneratedMethodAccessor12763
12284:             1             16  sun.reflect.GeneratedMethodAccessor12764
12285:             1             16  sun.reflect.GeneratedMethodAccessor12765
12286:             1             16  sun.reflect.GeneratedMethodAccessor12766
12287:             1             16  sun.reflect.GeneratedMethodAccessor12767
12288:             1             16  sun.reflect.GeneratedMethodAccessor12768
12289:             1             16  sun.reflect.GeneratedMethodAccessor12769
12290:             1             16  sun.reflect.GeneratedMethodAccessor12774
12291:             1             16  sun.reflect.GeneratedMethodAccessor12775
12292:             1             16  sun.reflect.GeneratedMethodAccessor12776
12293:             1             16  sun.reflect.GeneratedMethodAccessor12777
12294:             1             16  sun.reflect.GeneratedMethodAccessor12778
12295:             1             16  sun.reflect.GeneratedMethodAccessor12779
12296:             1             16  sun.reflect.GeneratedMethodAccessor12780
12297:             1             16  sun.reflect.GeneratedMethodAccessor12781
12298:             1             16  sun.reflect.GeneratedMethodAccessor12782
12299:             1             16  sun.reflect.GeneratedMethodAccessor12783
12300:             1             16  sun.reflect.GeneratedMethodAccessor12784
12301:             1             16  sun.reflect.GeneratedMethodAccessor12785
12302:             1             16  sun.reflect.GeneratedMethodAccessor12786
12303:             1             16  sun.reflect.GeneratedMethodAccessor12787
12304:             1             16  sun.reflect.GeneratedMethodAccessor12788
12305:             1             16  sun.reflect.GeneratedMethodAccessor12789
12306:             1             16  sun.reflect.GeneratedMethodAccessor12790
12307:             1             16  sun.reflect.GeneratedMethodAccessor12791
12308:             1             16  sun.reflect.GeneratedMethodAccessor12792
12309:             1             16  sun.reflect.GeneratedMethodAccessor12793
12310:             1             16  sun.reflect.GeneratedMethodAccessor12794
12311:             1             16  sun.reflect.GeneratedMethodAccessor12795
12312:             1             16  sun.reflect.GeneratedMethodAccessor12796
12313:             1             16  sun.reflect.GeneratedMethodAccessor12797
12314:             1             16  sun.reflect.GeneratedMethodAccessor12798
12315:             1             16  sun.reflect.GeneratedMethodAccessor12814
12316:             1             16  sun.reflect.GeneratedMethodAccessor12815
12317:             1             16  sun.reflect.GeneratedMethodAccessor12816
12318:             1             16  sun.reflect.GeneratedMethodAccessor12817
12319:             1             16  sun.reflect.GeneratedMethodAccessor12834
12320:             1             16  sun.reflect.GeneratedMethodAccessor12835
12321:             1             16  sun.reflect.GeneratedMethodAccessor12836
12322:             1             16  sun.reflect.GeneratedMethodAccessor12837
12323:             1             16  sun.reflect.GeneratedMethodAccessor12838
12324:             1             16  sun.reflect.GeneratedMethodAccessor12839
12325:             1             16  sun.reflect.GeneratedMethodAccessor12840
12326:             1             16  sun.reflect.GeneratedMethodAccessor12841
12327:             1             16  sun.reflect.GeneratedMethodAccessor12842
12328:             1             16  sun.reflect.GeneratedMethodAccessor12843
12329:             1             16  sun.reflect.GeneratedMethodAccessor12844
12330:             1             16  sun.reflect.GeneratedMethodAccessor12845
12331:             1             16  sun.reflect.GeneratedMethodAccessor12846
12332:             1             16  sun.reflect.GeneratedMethodAccessor12847
12333:             1             16  sun.reflect.GeneratedMethodAccessor12848
12334:             1             16  sun.reflect.GeneratedMethodAccessor12849
12335:             1             16  sun.reflect.GeneratedMethodAccessor12855
12336:             1             16  sun.reflect.GeneratedMethodAccessor12856
12337:             1             16  sun.reflect.GeneratedMethodAccessor12857
12338:             1             16  sun.reflect.GeneratedMethodAccessor12858
12339:             1             16  sun.reflect.GeneratedMethodAccessor12859
12340:             1             16  sun.reflect.GeneratedMethodAccessor12860
12341:             1             16  sun.reflect.GeneratedMethodAccessor12861
12342:             1             16  sun.reflect.GeneratedMethodAccessor12862
12343:             1             16  sun.reflect.GeneratedMethodAccessor12863
12344:             1             16  sun.reflect.GeneratedMethodAccessor12864
12345:             1             16  sun.reflect.GeneratedMethodAccessor12865
12346:             1             16  sun.reflect.GeneratedMethodAccessor12866
12347:             1             16  sun.reflect.GeneratedMethodAccessor12867
12348:             1             16  sun.reflect.GeneratedMethodAccessor12868
12349:             1             16  sun.reflect.GeneratedMethodAccessor12869
12350:             1             16  sun.reflect.GeneratedMethodAccessor12870
12351:             1             16  sun.reflect.GeneratedMethodAccessor12871
12352:             1             16  sun.reflect.GeneratedMethodAccessor12872
12353:             1             16  sun.reflect.GeneratedMethodAccessor12873
12354:             1             16  sun.reflect.GeneratedMethodAccessor12874
12355:             1             16  sun.reflect.GeneratedMethodAccessor12876
12356:             1             16  sun.reflect.GeneratedMethodAccessor12877
12357:             1             16  sun.reflect.GeneratedMethodAccessor12878
12358:             1             16  sun.reflect.GeneratedMethodAccessor12879
12359:             1             16  sun.reflect.GeneratedMethodAccessor12880
12360:             1             16  sun.reflect.GeneratedMethodAccessor12881
12361:             1             16  sun.reflect.GeneratedMethodAccessor12882
12362:             1             16  sun.reflect.GeneratedMethodAccessor12883
12363:             1             16  sun.reflect.GeneratedMethodAccessor12884
12364:             1             16  sun.reflect.GeneratedMethodAccessor12885
12365:             1             16  sun.reflect.GeneratedMethodAccessor12886
12366:             1             16  sun.reflect.GeneratedMethodAccessor12887
12367:             1             16  sun.reflect.GeneratedMethodAccessor12889
12368:             1             16  sun.reflect.GeneratedMethodAccessor1289
12369:             1             16  sun.reflect.GeneratedMethodAccessor12890
12370:             1             16  sun.reflect.GeneratedMethodAccessor12891
12371:             1             16  sun.reflect.GeneratedMethodAccessor12892
12372:             1             16  sun.reflect.GeneratedMethodAccessor12894
12373:             1             16  sun.reflect.GeneratedMethodAccessor12895
12374:             1             16  sun.reflect.GeneratedMethodAccessor12896
12375:             1             16  sun.reflect.GeneratedMethodAccessor12897
12376:             1             16  sun.reflect.GeneratedMethodAccessor12898
12377:             1             16  sun.reflect.GeneratedMethodAccessor12899
12378:             1             16  sun.reflect.GeneratedMethodAccessor12900
12379:             1             16  sun.reflect.GeneratedMethodAccessor12901
12380:             1             16  sun.reflect.GeneratedMethodAccessor12902
12381:             1             16  sun.reflect.GeneratedMethodAccessor12903
12382:             1             16  sun.reflect.GeneratedMethodAccessor12904
12383:             1             16  sun.reflect.GeneratedMethodAccessor12905
12384:             1             16  sun.reflect.GeneratedMethodAccessor12906
12385:             1             16  sun.reflect.GeneratedMethodAccessor12907
12386:             1             16  sun.reflect.GeneratedMethodAccessor12908
12387:             1             16  sun.reflect.GeneratedMethodAccessor12909
12388:             1             16  sun.reflect.GeneratedMethodAccessor12910
12389:             1             16  sun.reflect.GeneratedMethodAccessor12911
12390:             1             16  sun.reflect.GeneratedMethodAccessor12912
12391:             1             16  sun.reflect.GeneratedMethodAccessor12913
12392:             1             16  sun.reflect.GeneratedMethodAccessor12914
12393:             1             16  sun.reflect.GeneratedMethodAccessor12915
12394:             1             16  sun.reflect.GeneratedMethodAccessor12916
12395:             1             16  sun.reflect.GeneratedMethodAccessor12917
12396:             1             16  sun.reflect.GeneratedMethodAccessor12918
12397:             1             16  sun.reflect.GeneratedMethodAccessor12919
12398:             1             16  sun.reflect.GeneratedMethodAccessor12920
12399:             1             16  sun.reflect.GeneratedMethodAccessor12921
12400:             1             16  sun.reflect.GeneratedMethodAccessor12922
12401:             1             16  sun.reflect.GeneratedMethodAccessor12923
12402:             1             16  sun.reflect.GeneratedMethodAccessor12924
12403:             1             16  sun.reflect.GeneratedMethodAccessor12925
12404:             1             16  sun.reflect.GeneratedMethodAccessor12926
12405:             1             16  sun.reflect.GeneratedMethodAccessor12927
12406:             1             16  sun.reflect.GeneratedMethodAccessor12928
12407:             1             16  sun.reflect.GeneratedMethodAccessor12929
12408:             1             16  sun.reflect.GeneratedMethodAccessor12930
12409:             1             16  sun.reflect.GeneratedMethodAccessor12933
12410:             1             16  sun.reflect.GeneratedMethodAccessor12934
12411:             1             16  sun.reflect.GeneratedMethodAccessor12935
12412:             1             16  sun.reflect.GeneratedMethodAccessor12936
12413:             1             16  sun.reflect.GeneratedMethodAccessor12937
12414:             1             16  sun.reflect.GeneratedMethodAccessor12938
12415:             1             16  sun.reflect.GeneratedMethodAccessor12939
12416:             1             16  sun.reflect.GeneratedMethodAccessor12940
12417:             1             16  sun.reflect.GeneratedMethodAccessor12941
12418:             1             16  sun.reflect.GeneratedMethodAccessor12942
12419:             1             16  sun.reflect.GeneratedMethodAccessor12943
12420:             1             16  sun.reflect.GeneratedMethodAccessor12944
12421:             1             16  sun.reflect.GeneratedMethodAccessor12945
12422:             1             16  sun.reflect.GeneratedMethodAccessor12946
12423:             1             16  sun.reflect.GeneratedMethodAccessor12947
12424:             1             16  sun.reflect.GeneratedMethodAccessor12948
12425:             1             16  sun.reflect.GeneratedMethodAccessor12949
12426:             1             16  sun.reflect.GeneratedMethodAccessor12950
12427:             1             16  sun.reflect.GeneratedMethodAccessor12951
12428:             1             16  sun.reflect.GeneratedMethodAccessor12952
12429:             1             16  sun.reflect.GeneratedMethodAccessor12961
12430:             1             16  sun.reflect.GeneratedMethodAccessor12962
12431:             1             16  sun.reflect.GeneratedMethodAccessor12963
12432:             1             16  sun.reflect.GeneratedMethodAccessor12964
12433:             1             16  sun.reflect.GeneratedMethodAccessor12965
12434:             1             16  sun.reflect.GeneratedMethodAccessor12966
12435:             1             16  sun.reflect.GeneratedMethodAccessor12967
12436:             1             16  sun.reflect.GeneratedMethodAccessor12968
12437:             1             16  sun.reflect.GeneratedMethodAccessor12969
12438:             1             16  sun.reflect.GeneratedMethodAccessor12970
12439:             1             16  sun.reflect.GeneratedMethodAccessor12971
12440:             1             16  sun.reflect.GeneratedMethodAccessor12972
12441:             1             16  sun.reflect.GeneratedMethodAccessor12973
12442:             1             16  sun.reflect.GeneratedMethodAccessor12974
12443:             1             16  sun.reflect.GeneratedMethodAccessor12975
12444:             1             16  sun.reflect.GeneratedMethodAccessor12976
12445:             1             16  sun.reflect.GeneratedMethodAccessor12977
12446:             1             16  sun.reflect.GeneratedMethodAccessor12978
12447:             1             16  sun.reflect.GeneratedMethodAccessor12979
12448:             1             16  sun.reflect.GeneratedMethodAccessor12981
12449:             1             16  sun.reflect.GeneratedMethodAccessor12982
12450:             1             16  sun.reflect.GeneratedMethodAccessor12983
12451:             1             16  sun.reflect.GeneratedMethodAccessor12984
12452:             1             16  sun.reflect.GeneratedMethodAccessor12986
12453:             1             16  sun.reflect.GeneratedMethodAccessor12987
12454:             1             16  sun.reflect.GeneratedMethodAccessor13
12455:             1             16  sun.reflect.GeneratedMethodAccessor13201
12456:             1             16  sun.reflect.GeneratedMethodAccessor1330
12457:             1             16  sun.reflect.GeneratedMethodAccessor1331
12458:             1             16  sun.reflect.GeneratedMethodAccessor1342
12459:             1             16  sun.reflect.GeneratedMethodAccessor14
12460:             1             16  sun.reflect.GeneratedMethodAccessor1402
12461:             1             16  sun.reflect.GeneratedMethodAccessor1405
12462:             1             16  sun.reflect.GeneratedMethodAccessor1410
12463:             1             16  sun.reflect.GeneratedMethodAccessor1411
12464:             1             16  sun.reflect.GeneratedMethodAccessor1425
12465:             1             16  sun.reflect.GeneratedMethodAccessor1429
12466:             1             16  sun.reflect.GeneratedMethodAccessor1430
12467:             1             16  sun.reflect.GeneratedMethodAccessor1431
12468:             1             16  sun.reflect.GeneratedMethodAccessor1432
12469:             1             16  sun.reflect.GeneratedMethodAccessor1433
12470:             1             16  sun.reflect.GeneratedMethodAccessor1434
12471:             1             16  sun.reflect.GeneratedMethodAccessor1436
12472:             1             16  sun.reflect.GeneratedMethodAccessor1437
12473:             1             16  sun.reflect.GeneratedMethodAccessor1438
12474:             1             16  sun.reflect.GeneratedMethodAccessor1439
12475:             1             16  sun.reflect.GeneratedMethodAccessor144
12476:             1             16  sun.reflect.GeneratedMethodAccessor1440
12477:             1             16  sun.reflect.GeneratedMethodAccessor1441
12478:             1             16  sun.reflect.GeneratedMethodAccessor1442
12479:             1             16  sun.reflect.GeneratedMethodAccessor1443
12480:             1             16  sun.reflect.GeneratedMethodAccessor1445
12481:             1             16  sun.reflect.GeneratedMethodAccessor1446
12482:             1             16  sun.reflect.GeneratedMethodAccessor1447
12483:             1             16  sun.reflect.GeneratedMethodAccessor1448
12484:             1             16  sun.reflect.GeneratedMethodAccessor1449
12485:             1             16  sun.reflect.GeneratedMethodAccessor1450
12486:             1             16  sun.reflect.GeneratedMethodAccessor1451
12487:             1             16  sun.reflect.GeneratedMethodAccessor1452
12488:             1             16  sun.reflect.GeneratedMethodAccessor1453
12489:             1             16  sun.reflect.GeneratedMethodAccessor1456
12490:             1             16  sun.reflect.GeneratedMethodAccessor1457
12491:             1             16  sun.reflect.GeneratedMethodAccessor1458
12492:             1             16  sun.reflect.GeneratedMethodAccessor1459
12493:             1             16  sun.reflect.GeneratedMethodAccessor146
12494:             1             16  sun.reflect.GeneratedMethodAccessor1460
12495:             1             16  sun.reflect.GeneratedMethodAccessor1461
12496:             1             16  sun.reflect.GeneratedMethodAccessor1463
12497:             1             16  sun.reflect.GeneratedMethodAccessor1469
12498:             1             16  sun.reflect.GeneratedMethodAccessor1470
12499:             1             16  sun.reflect.GeneratedMethodAccessor1471
12500:             1             16  sun.reflect.GeneratedMethodAccessor1472
12501:             1             16  sun.reflect.GeneratedMethodAccessor1473
12502:             1             16  sun.reflect.GeneratedMethodAccessor1474
12503:             1             16  sun.reflect.GeneratedMethodAccessor1475
12504:             1             16  sun.reflect.GeneratedMethodAccessor1476
12505:             1             16  sun.reflect.GeneratedMethodAccessor1477
12506:             1             16  sun.reflect.GeneratedMethodAccessor1478
12507:             1             16  sun.reflect.GeneratedMethodAccessor1479
12508:             1             16  sun.reflect.GeneratedMethodAccessor148
12509:             1             16  sun.reflect.GeneratedMethodAccessor1480
12510:             1             16  sun.reflect.GeneratedMethodAccessor1481
12511:             1             16  sun.reflect.GeneratedMethodAccessor1482
12512:             1             16  sun.reflect.GeneratedMethodAccessor1484
12513:             1             16  sun.reflect.GeneratedMethodAccessor1485
12514:             1             16  sun.reflect.GeneratedMethodAccessor1487
12515:             1             16  sun.reflect.GeneratedMethodAccessor1489
12516:             1             16  sun.reflect.GeneratedMethodAccessor149
12517:             1             16  sun.reflect.GeneratedMethodAccessor1490
12518:             1             16  sun.reflect.GeneratedMethodAccessor1491
12519:             1             16  sun.reflect.GeneratedMethodAccessor1492
12520:             1             16  sun.reflect.GeneratedMethodAccessor1493
12521:             1             16  sun.reflect.GeneratedMethodAccessor1494
12522:             1             16  sun.reflect.GeneratedMethodAccessor1495
12523:             1             16  sun.reflect.GeneratedMethodAccessor1496
12524:             1             16  sun.reflect.GeneratedMethodAccessor1497
12525:             1             16  sun.reflect.GeneratedMethodAccessor1498
12526:             1             16  sun.reflect.GeneratedMethodAccessor1499
12527:             1             16  sun.reflect.GeneratedMethodAccessor15
12528:             1             16  sun.reflect.GeneratedMethodAccessor150
12529:             1             16  sun.reflect.GeneratedMethodAccessor1500
12530:             1             16  sun.reflect.GeneratedMethodAccessor1501
12531:             1             16  sun.reflect.GeneratedMethodAccessor1502
12532:             1             16  sun.reflect.GeneratedMethodAccessor1503
12533:             1             16  sun.reflect.GeneratedMethodAccessor1504
12534:             1             16  sun.reflect.GeneratedMethodAccessor1505
12535:             1             16  sun.reflect.GeneratedMethodAccessor1506
12536:             1             16  sun.reflect.GeneratedMethodAccessor1507
12537:             1             16  sun.reflect.GeneratedMethodAccessor1508
12538:             1             16  sun.reflect.GeneratedMethodAccessor1509
12539:             1             16  sun.reflect.GeneratedMethodAccessor151
12540:             1             16  sun.reflect.GeneratedMethodAccessor1510
12541:             1             16  sun.reflect.GeneratedMethodAccessor1511
12542:             1             16  sun.reflect.GeneratedMethodAccessor1515
12543:             1             16  sun.reflect.GeneratedMethodAccessor1516
12544:             1             16  sun.reflect.GeneratedMethodAccessor1517
12545:             1             16  sun.reflect.GeneratedMethodAccessor1518
12546:             1             16  sun.reflect.GeneratedMethodAccessor1519
12547:             1             16  sun.reflect.GeneratedMethodAccessor152
12548:             1             16  sun.reflect.GeneratedMethodAccessor1520
12549:             1             16  sun.reflect.GeneratedMethodAccessor1521
12550:             1             16  sun.reflect.GeneratedMethodAccessor1522
12551:             1             16  sun.reflect.GeneratedMethodAccessor1523
12552:             1             16  sun.reflect.GeneratedMethodAccessor1524
12553:             1             16  sun.reflect.GeneratedMethodAccessor1525
12554:             1             16  sun.reflect.GeneratedMethodAccessor1526
12555:             1             16  sun.reflect.GeneratedMethodAccessor1527
12556:             1             16  sun.reflect.GeneratedMethodAccessor1528
12557:             1             16  sun.reflect.GeneratedMethodAccessor1529
12558:             1             16  sun.reflect.GeneratedMethodAccessor153
12559:             1             16  sun.reflect.GeneratedMethodAccessor1530
12560:             1             16  sun.reflect.GeneratedMethodAccessor1531
12561:             1             16  sun.reflect.GeneratedMethodAccessor1532
12562:             1             16  sun.reflect.GeneratedMethodAccessor1533
12563:             1             16  sun.reflect.GeneratedMethodAccessor1534
12564:             1             16  sun.reflect.GeneratedMethodAccessor1535
12565:             1             16  sun.reflect.GeneratedMethodAccessor1536
12566:             1             16  sun.reflect.GeneratedMethodAccessor1537
12567:             1             16  sun.reflect.GeneratedMethodAccessor1538
12568:             1             16  sun.reflect.GeneratedMethodAccessor1539
12569:             1             16  sun.reflect.GeneratedMethodAccessor154
12570:             1             16  sun.reflect.GeneratedMethodAccessor1540
12571:             1             16  sun.reflect.GeneratedMethodAccessor1542
12572:             1             16  sun.reflect.GeneratedMethodAccessor1544
12573:             1             16  sun.reflect.GeneratedMethodAccessor1545
12574:             1             16  sun.reflect.GeneratedMethodAccessor1546
12575:             1             16  sun.reflect.GeneratedMethodAccessor1547
12576:             1             16  sun.reflect.GeneratedMethodAccessor1548
12577:             1             16  sun.reflect.GeneratedMethodAccessor1549
12578:             1             16  sun.reflect.GeneratedMethodAccessor155
12579:             1             16  sun.reflect.GeneratedMethodAccessor1550
12580:             1             16  sun.reflect.GeneratedMethodAccessor1551
12581:             1             16  sun.reflect.GeneratedMethodAccessor1552
12582:             1             16  sun.reflect.GeneratedMethodAccessor1553
12583:             1             16  sun.reflect.GeneratedMethodAccessor1554
12584:             1             16  sun.reflect.GeneratedMethodAccessor1555
12585:             1             16  sun.reflect.GeneratedMethodAccessor1556
12586:             1             16  sun.reflect.GeneratedMethodAccessor1557
12587:             1             16  sun.reflect.GeneratedMethodAccessor1558
12588:             1             16  sun.reflect.GeneratedMethodAccessor1559
12589:             1             16  sun.reflect.GeneratedMethodAccessor1560
12590:             1             16  sun.reflect.GeneratedMethodAccessor1561
12591:             1             16  sun.reflect.GeneratedMethodAccessor1562
12592:             1             16  sun.reflect.GeneratedMethodAccessor1563
12593:             1             16  sun.reflect.GeneratedMethodAccessor1564
12594:             1             16  sun.reflect.GeneratedMethodAccessor1565
12595:             1             16  sun.reflect.GeneratedMethodAccessor1566
12596:             1             16  sun.reflect.GeneratedMethodAccessor1567
12597:             1             16  sun.reflect.GeneratedMethodAccessor157
12598:             1             16  sun.reflect.GeneratedMethodAccessor1575
12599:             1             16  sun.reflect.GeneratedMethodAccessor1576
12600:             1             16  sun.reflect.GeneratedMethodAccessor1577
12601:             1             16  sun.reflect.GeneratedMethodAccessor1578
12602:             1             16  sun.reflect.GeneratedMethodAccessor1579
12603:             1             16  sun.reflect.GeneratedMethodAccessor1580
12604:             1             16  sun.reflect.GeneratedMethodAccessor1581
12605:             1             16  sun.reflect.GeneratedMethodAccessor1582
12606:             1             16  sun.reflect.GeneratedMethodAccessor1583
12607:             1             16  sun.reflect.GeneratedMethodAccessor1584
12608:             1             16  sun.reflect.GeneratedMethodAccessor1585
12609:             1             16  sun.reflect.GeneratedMethodAccessor1586
12610:             1             16  sun.reflect.GeneratedMethodAccessor1587
12611:             1             16  sun.reflect.GeneratedMethodAccessor1588
12612:             1             16  sun.reflect.GeneratedMethodAccessor1589
12613:             1             16  sun.reflect.GeneratedMethodAccessor159
12614:             1             16  sun.reflect.GeneratedMethodAccessor1590
12615:             1             16  sun.reflect.GeneratedMethodAccessor1591
12616:             1             16  sun.reflect.GeneratedMethodAccessor1592
12617:             1             16  sun.reflect.GeneratedMethodAccessor1593
12618:             1             16  sun.reflect.GeneratedMethodAccessor1594
12619:             1             16  sun.reflect.GeneratedMethodAccessor1595
12620:             1             16  sun.reflect.GeneratedMethodAccessor1596
12621:             1             16  sun.reflect.GeneratedMethodAccessor1597
12622:             1             16  sun.reflect.GeneratedMethodAccessor1598
12623:             1             16  sun.reflect.GeneratedMethodAccessor1599
12624:             1             16  sun.reflect.GeneratedMethodAccessor16
12625:             1             16  sun.reflect.GeneratedMethodAccessor1600
12626:             1             16  sun.reflect.GeneratedMethodAccessor1601
12627:             1             16  sun.reflect.GeneratedMethodAccessor1602
12628:             1             16  sun.reflect.GeneratedMethodAccessor1603
12629:             1             16  sun.reflect.GeneratedMethodAccessor1604
12630:             1             16  sun.reflect.GeneratedMethodAccessor1605
12631:             1             16  sun.reflect.GeneratedMethodAccessor1606
12632:             1             16  sun.reflect.GeneratedMethodAccessor1607
12633:             1             16  sun.reflect.GeneratedMethodAccessor1608
12634:             1             16  sun.reflect.GeneratedMethodAccessor1609
12635:             1             16  sun.reflect.GeneratedMethodAccessor1610
12636:             1             16  sun.reflect.GeneratedMethodAccessor1611
12637:             1             16  sun.reflect.GeneratedMethodAccessor1612
12638:             1             16  sun.reflect.GeneratedMethodAccessor1613
12639:             1             16  sun.reflect.GeneratedMethodAccessor1614
12640:             1             16  sun.reflect.GeneratedMethodAccessor1615
12641:             1             16  sun.reflect.GeneratedMethodAccessor1616
12642:             1             16  sun.reflect.GeneratedMethodAccessor1617
12643:             1             16  sun.reflect.GeneratedMethodAccessor1618
12644:             1             16  sun.reflect.GeneratedMethodAccessor1619
12645:             1             16  sun.reflect.GeneratedMethodAccessor1620
12646:             1             16  sun.reflect.GeneratedMethodAccessor1624
12647:             1             16  sun.reflect.GeneratedMethodAccessor1656
12648:             1             16  sun.reflect.GeneratedMethodAccessor1658
12649:             1             16  sun.reflect.GeneratedMethodAccessor1659
12650:             1             16  sun.reflect.GeneratedMethodAccessor169
12651:             1             16  sun.reflect.GeneratedMethodAccessor1695
12652:             1             16  sun.reflect.GeneratedMethodAccessor1696
12653:             1             16  sun.reflect.GeneratedMethodAccessor1697
12654:             1             16  sun.reflect.GeneratedMethodAccessor1720
12655:             1             16  sun.reflect.GeneratedMethodAccessor1730
12656:             1             16  sun.reflect.GeneratedMethodAccessor1755
12657:             1             16  sun.reflect.GeneratedMethodAccessor1759
12658:             1             16  sun.reflect.GeneratedMethodAccessor1760
12659:             1             16  sun.reflect.GeneratedMethodAccessor1764
12660:             1             16  sun.reflect.GeneratedMethodAccessor1778
12661:             1             16  sun.reflect.GeneratedMethodAccessor1779
12662:             1             16  sun.reflect.GeneratedMethodAccessor1780
12663:             1             16  sun.reflect.GeneratedMethodAccessor1781
12664:             1             16  sun.reflect.GeneratedMethodAccessor1782
12665:             1             16  sun.reflect.GeneratedMethodAccessor1783
12666:             1             16  sun.reflect.GeneratedMethodAccessor1784
12667:             1             16  sun.reflect.GeneratedMethodAccessor1785
12668:             1             16  sun.reflect.GeneratedMethodAccessor1786
12669:             1             16  sun.reflect.GeneratedMethodAccessor1787
12670:             1             16  sun.reflect.GeneratedMethodAccessor1788
12671:             1             16  sun.reflect.GeneratedMethodAccessor1790
12672:             1             16  sun.reflect.GeneratedMethodAccessor1797
12673:             1             16  sun.reflect.GeneratedMethodAccessor1799
12674:             1             16  sun.reflect.GeneratedMethodAccessor18
12675:             1             16  sun.reflect.GeneratedMethodAccessor1801
12676:             1             16  sun.reflect.GeneratedMethodAccessor1804
12677:             1             16  sun.reflect.GeneratedMethodAccessor1806
12678:             1             16  sun.reflect.GeneratedMethodAccessor1807
12679:             1             16  sun.reflect.GeneratedMethodAccessor1810
12680:             1             16  sun.reflect.GeneratedMethodAccessor1840
12681:             1             16  sun.reflect.GeneratedMethodAccessor1845
12682:             1             16  sun.reflect.GeneratedMethodAccessor1847
12683:             1             16  sun.reflect.GeneratedMethodAccessor1848
12684:             1             16  sun.reflect.GeneratedMethodAccessor1849
12685:             1             16  sun.reflect.GeneratedMethodAccessor1850
12686:             1             16  sun.reflect.GeneratedMethodAccessor1852
12687:             1             16  sun.reflect.GeneratedMethodAccessor1853
12688:             1             16  sun.reflect.GeneratedMethodAccessor1854
12689:             1             16  sun.reflect.GeneratedMethodAccessor1855
12690:             1             16  sun.reflect.GeneratedMethodAccessor1856
12691:             1             16  sun.reflect.GeneratedMethodAccessor1857
12692:             1             16  sun.reflect.GeneratedMethodAccessor1858
12693:             1             16  sun.reflect.GeneratedMethodAccessor1862
12694:             1             16  sun.reflect.GeneratedMethodAccessor1863
12695:             1             16  sun.reflect.GeneratedMethodAccessor1864
12696:             1             16  sun.reflect.GeneratedMethodAccessor1865
12697:             1             16  sun.reflect.GeneratedMethodAccessor1866
12698:             1             16  sun.reflect.GeneratedMethodAccessor1867
12699:             1             16  sun.reflect.GeneratedMethodAccessor1868
12700:             1             16  sun.reflect.GeneratedMethodAccessor1869
12701:             1             16  sun.reflect.GeneratedMethodAccessor1870
12702:             1             16  sun.reflect.GeneratedMethodAccessor1876
12703:             1             16  sun.reflect.GeneratedMethodAccessor188
12704:             1             16  sun.reflect.GeneratedMethodAccessor1885
12705:             1             16  sun.reflect.GeneratedMethodAccessor1887
12706:             1             16  sun.reflect.GeneratedMethodAccessor1888
12707:             1             16  sun.reflect.GeneratedMethodAccessor1889
12708:             1             16  sun.reflect.GeneratedMethodAccessor1900
12709:             1             16  sun.reflect.GeneratedMethodAccessor1901
12710:             1             16  sun.reflect.GeneratedMethodAccessor1903
12711:             1             16  sun.reflect.GeneratedMethodAccessor1904
12712:             1             16  sun.reflect.GeneratedMethodAccessor1905
12713:             1             16  sun.reflect.GeneratedMethodAccessor1906
12714:             1             16  sun.reflect.GeneratedMethodAccessor1907
12715:             1             16  sun.reflect.GeneratedMethodAccessor1909
12716:             1             16  sun.reflect.GeneratedMethodAccessor1929
12717:             1             16  sun.reflect.GeneratedMethodAccessor1930
12718:             1             16  sun.reflect.GeneratedMethodAccessor1931
12719:             1             16  sun.reflect.GeneratedMethodAccessor1932
12720:             1             16  sun.reflect.GeneratedMethodAccessor1933
12721:             1             16  sun.reflect.GeneratedMethodAccessor1934
12722:             1             16  sun.reflect.GeneratedMethodAccessor1935
12723:             1             16  sun.reflect.GeneratedMethodAccessor1936
12724:             1             16  sun.reflect.GeneratedMethodAccessor1937
12725:             1             16  sun.reflect.GeneratedMethodAccessor1938
12726:             1             16  sun.reflect.GeneratedMethodAccessor1939
12727:             1             16  sun.reflect.GeneratedMethodAccessor1940
12728:             1             16  sun.reflect.GeneratedMethodAccessor1946
12729:             1             16  sun.reflect.GeneratedMethodAccessor1947
12730:             1             16  sun.reflect.GeneratedMethodAccessor1948
12731:             1             16  sun.reflect.GeneratedMethodAccessor1949
12732:             1             16  sun.reflect.GeneratedMethodAccessor1950
12733:             1             16  sun.reflect.GeneratedMethodAccessor1951
12734:             1             16  sun.reflect.GeneratedMethodAccessor1952
12735:             1             16  sun.reflect.GeneratedMethodAccessor1953
12736:             1             16  sun.reflect.GeneratedMethodAccessor1954
12737:             1             16  sun.reflect.GeneratedMethodAccessor1955
12738:             1             16  sun.reflect.GeneratedMethodAccessor1956
12739:             1             16  sun.reflect.GeneratedMethodAccessor1957
12740:             1             16  sun.reflect.GeneratedMethodAccessor1958
12741:             1             16  sun.reflect.GeneratedMethodAccessor1959
12742:             1             16  sun.reflect.GeneratedMethodAccessor1961
12743:             1             16  sun.reflect.GeneratedMethodAccessor1962
12744:             1             16  sun.reflect.GeneratedMethodAccessor1963
12745:             1             16  sun.reflect.GeneratedMethodAccessor1964
12746:             1             16  sun.reflect.GeneratedMethodAccessor1965
12747:             1             16  sun.reflect.GeneratedMethodAccessor1966
12748:             1             16  sun.reflect.GeneratedMethodAccessor1967
12749:             1             16  sun.reflect.GeneratedMethodAccessor1968
12750:             1             16  sun.reflect.GeneratedMethodAccessor1969
12751:             1             16  sun.reflect.GeneratedMethodAccessor1970
12752:             1             16  sun.reflect.GeneratedMethodAccessor1971
12753:             1             16  sun.reflect.GeneratedMethodAccessor1980
12754:             1             16  sun.reflect.GeneratedMethodAccessor1981
12755:             1             16  sun.reflect.GeneratedMethodAccessor1983
12756:             1             16  sun.reflect.GeneratedMethodAccessor1984
12757:             1             16  sun.reflect.GeneratedMethodAccessor1986
12758:             1             16  sun.reflect.GeneratedMethodAccessor1987
12759:             1             16  sun.reflect.GeneratedMethodAccessor2013
12760:             1             16  sun.reflect.GeneratedMethodAccessor2014
12761:             1             16  sun.reflect.GeneratedMethodAccessor2056
12762:             1             16  sun.reflect.GeneratedMethodAccessor2057
12763:             1             16  sun.reflect.GeneratedMethodAccessor2058
12764:             1             16  sun.reflect.GeneratedMethodAccessor2059
12765:             1             16  sun.reflect.GeneratedMethodAccessor206
12766:             1             16  sun.reflect.GeneratedMethodAccessor2060
12767:             1             16  sun.reflect.GeneratedMethodAccessor2061
12768:             1             16  sun.reflect.GeneratedMethodAccessor2062
12769:             1             16  sun.reflect.GeneratedMethodAccessor2063
12770:             1             16  sun.reflect.GeneratedMethodAccessor2064
12771:             1             16  sun.reflect.GeneratedMethodAccessor2065
12772:             1             16  sun.reflect.GeneratedMethodAccessor2066
12773:             1             16  sun.reflect.GeneratedMethodAccessor2067
12774:             1             16  sun.reflect.GeneratedMethodAccessor2068
12775:             1             16  sun.reflect.GeneratedMethodAccessor2069
12776:             1             16  sun.reflect.GeneratedMethodAccessor2070
12777:             1             16  sun.reflect.GeneratedMethodAccessor2071
12778:             1             16  sun.reflect.GeneratedMethodAccessor2072
12779:             1             16  sun.reflect.GeneratedMethodAccessor2073
12780:             1             16  sun.reflect.GeneratedMethodAccessor2074
12781:             1             16  sun.reflect.GeneratedMethodAccessor2083
12782:             1             16  sun.reflect.GeneratedMethodAccessor2084
12783:             1             16  sun.reflect.GeneratedMethodAccessor2099
12784:             1             16  sun.reflect.GeneratedMethodAccessor2148
12785:             1             16  sun.reflect.GeneratedMethodAccessor2149
12786:             1             16  sun.reflect.GeneratedMethodAccessor2150
12787:             1             16  sun.reflect.GeneratedMethodAccessor2151
12788:             1             16  sun.reflect.GeneratedMethodAccessor2155
12789:             1             16  sun.reflect.GeneratedMethodAccessor2160
12790:             1             16  sun.reflect.GeneratedMethodAccessor2161
12791:             1             16  sun.reflect.GeneratedMethodAccessor2162
12792:             1             16  sun.reflect.GeneratedMethodAccessor2167
12793:             1             16  sun.reflect.GeneratedMethodAccessor2175
12794:             1             16  sun.reflect.GeneratedMethodAccessor2176
12795:             1             16  sun.reflect.GeneratedMethodAccessor2177
12796:             1             16  sun.reflect.GeneratedMethodAccessor2178
12797:             1             16  sun.reflect.GeneratedMethodAccessor2179
12798:             1             16  sun.reflect.GeneratedMethodAccessor2193
12799:             1             16  sun.reflect.GeneratedMethodAccessor2194
12800:             1             16  sun.reflect.GeneratedMethodAccessor2195
12801:             1             16  sun.reflect.GeneratedMethodAccessor2196
12802:             1             16  sun.reflect.GeneratedMethodAccessor2197
12803:             1             16  sun.reflect.GeneratedMethodAccessor2198
12804:             1             16  sun.reflect.GeneratedMethodAccessor2199
12805:             1             16  sun.reflect.GeneratedMethodAccessor2200
12806:             1             16  sun.reflect.GeneratedMethodAccessor2201
12807:             1             16  sun.reflect.GeneratedMethodAccessor2202
12808:             1             16  sun.reflect.GeneratedMethodAccessor2203
12809:             1             16  sun.reflect.GeneratedMethodAccessor2204
12810:             1             16  sun.reflect.GeneratedMethodAccessor2205
12811:             1             16  sun.reflect.GeneratedMethodAccessor2206
12812:             1             16  sun.reflect.GeneratedMethodAccessor2207
12813:             1             16  sun.reflect.GeneratedMethodAccessor2208
12814:             1             16  sun.reflect.GeneratedMethodAccessor2209
12815:             1             16  sun.reflect.GeneratedMethodAccessor2210
12816:             1             16  sun.reflect.GeneratedMethodAccessor2211
12817:             1             16  sun.reflect.GeneratedMethodAccessor2212
12818:             1             16  sun.reflect.GeneratedMethodAccessor2213
12819:             1             16  sun.reflect.GeneratedMethodAccessor2214
12820:             1             16  sun.reflect.GeneratedMethodAccessor2215
12821:             1             16  sun.reflect.GeneratedMethodAccessor2216
12822:             1             16  sun.reflect.GeneratedMethodAccessor2217
12823:             1             16  sun.reflect.GeneratedMethodAccessor2218
12824:             1             16  sun.reflect.GeneratedMethodAccessor2219
12825:             1             16  sun.reflect.GeneratedMethodAccessor2220
12826:             1             16  sun.reflect.GeneratedMethodAccessor2221
12827:             1             16  sun.reflect.GeneratedMethodAccessor2222
12828:             1             16  sun.reflect.GeneratedMethodAccessor2223
12829:             1             16  sun.reflect.GeneratedMethodAccessor2225
12830:             1             16  sun.reflect.GeneratedMethodAccessor2226
12831:             1             16  sun.reflect.GeneratedMethodAccessor2261
12832:             1             16  sun.reflect.GeneratedMethodAccessor2262
12833:             1             16  sun.reflect.GeneratedMethodAccessor2264
12834:             1             16  sun.reflect.GeneratedMethodAccessor2265
12835:             1             16  sun.reflect.GeneratedMethodAccessor2266
12836:             1             16  sun.reflect.GeneratedMethodAccessor2267
12837:             1             16  sun.reflect.GeneratedMethodAccessor2270
12838:             1             16  sun.reflect.GeneratedMethodAccessor2275
12839:             1             16  sun.reflect.GeneratedMethodAccessor2276
12840:             1             16  sun.reflect.GeneratedMethodAccessor2277
12841:             1             16  sun.reflect.GeneratedMethodAccessor2278
12842:             1             16  sun.reflect.GeneratedMethodAccessor2279
12843:             1             16  sun.reflect.GeneratedMethodAccessor2280
12844:             1             16  sun.reflect.GeneratedMethodAccessor2281
12845:             1             16  sun.reflect.GeneratedMethodAccessor2282
12846:             1             16  sun.reflect.GeneratedMethodAccessor2283
12847:             1             16  sun.reflect.GeneratedMethodAccessor2284
12848:             1             16  sun.reflect.GeneratedMethodAccessor2285
12849:             1             16  sun.reflect.GeneratedMethodAccessor2286
12850:             1             16  sun.reflect.GeneratedMethodAccessor2287
12851:             1             16  sun.reflect.GeneratedMethodAccessor23
12852:             1             16  sun.reflect.GeneratedMethodAccessor2348
12853:             1             16  sun.reflect.GeneratedMethodAccessor2349
12854:             1             16  sun.reflect.GeneratedMethodAccessor2351
12855:             1             16  sun.reflect.GeneratedMethodAccessor2352
12856:             1             16  sun.reflect.GeneratedMethodAccessor2353
12857:             1             16  sun.reflect.GeneratedMethodAccessor2354
12858:             1             16  sun.reflect.GeneratedMethodAccessor2355
12859:             1             16  sun.reflect.GeneratedMethodAccessor2356
12860:             1             16  sun.reflect.GeneratedMethodAccessor2488
12861:             1             16  sun.reflect.GeneratedMethodAccessor2507
12862:             1             16  sun.reflect.GeneratedMethodAccessor2510
12863:             1             16  sun.reflect.GeneratedMethodAccessor2511
12864:             1             16  sun.reflect.GeneratedMethodAccessor2512
12865:             1             16  sun.reflect.GeneratedMethodAccessor2513
12866:             1             16  sun.reflect.GeneratedMethodAccessor2514
12867:             1             16  sun.reflect.GeneratedMethodAccessor2515
12868:             1             16  sun.reflect.GeneratedMethodAccessor2516
12869:             1             16  sun.reflect.GeneratedMethodAccessor2551
12870:             1             16  sun.reflect.GeneratedMethodAccessor2552
12871:             1             16  sun.reflect.GeneratedMethodAccessor2553
12872:             1             16  sun.reflect.GeneratedMethodAccessor2554
12873:             1             16  sun.reflect.GeneratedMethodAccessor2555
12874:             1             16  sun.reflect.GeneratedMethodAccessor2560
12875:             1             16  sun.reflect.GeneratedMethodAccessor2561
12876:             1             16  sun.reflect.GeneratedMethodAccessor2570
12877:             1             16  sun.reflect.GeneratedMethodAccessor2571
12878:             1             16  sun.reflect.GeneratedMethodAccessor2657
12879:             1             16  sun.reflect.GeneratedMethodAccessor2771
12880:             1             16  sun.reflect.GeneratedMethodAccessor2797
12881:             1             16  sun.reflect.GeneratedMethodAccessor28
12882:             1             16  sun.reflect.GeneratedMethodAccessor281
12883:             1             16  sun.reflect.GeneratedMethodAccessor282
12884:             1             16  sun.reflect.GeneratedMethodAccessor283
12885:             1             16  sun.reflect.GeneratedMethodAccessor284
12886:             1             16  sun.reflect.GeneratedMethodAccessor2881
12887:             1             16  sun.reflect.GeneratedMethodAccessor2885
12888:             1             16  sun.reflect.GeneratedMethodAccessor29
12889:             1             16  sun.reflect.GeneratedMethodAccessor2907
12890:             1             16  sun.reflect.GeneratedMethodAccessor2927
12891:             1             16  sun.reflect.GeneratedMethodAccessor2928
12892:             1             16  sun.reflect.GeneratedMethodAccessor2929
12893:             1             16  sun.reflect.GeneratedMethodAccessor2945
12894:             1             16  sun.reflect.GeneratedMethodAccessor2952
12895:             1             16  sun.reflect.GeneratedMethodAccessor296
12896:             1             16  sun.reflect.GeneratedMethodAccessor297
12897:             1             16  sun.reflect.GeneratedMethodAccessor30
12898:             1             16  sun.reflect.GeneratedMethodAccessor309
12899:             1             16  sun.reflect.GeneratedMethodAccessor31
12900:             1             16  sun.reflect.GeneratedMethodAccessor310
12901:             1             16  sun.reflect.GeneratedMethodAccessor311
12902:             1             16  sun.reflect.GeneratedMethodAccessor312
12903:             1             16  sun.reflect.GeneratedMethodAccessor313
12904:             1             16  sun.reflect.GeneratedMethodAccessor314
12905:             1             16  sun.reflect.GeneratedMethodAccessor316
12906:             1             16  sun.reflect.GeneratedMethodAccessor317
12907:             1             16  sun.reflect.GeneratedMethodAccessor319
12908:             1             16  sun.reflect.GeneratedMethodAccessor321
12909:             1             16  sun.reflect.GeneratedMethodAccessor323
12910:             1             16  sun.reflect.GeneratedMethodAccessor324
12911:             1             16  sun.reflect.GeneratedMethodAccessor325
12912:             1             16  sun.reflect.GeneratedMethodAccessor327
12913:             1             16  sun.reflect.GeneratedMethodAccessor329
12914:             1             16  sun.reflect.GeneratedMethodAccessor330
12915:             1             16  sun.reflect.GeneratedMethodAccessor331
12916:             1             16  sun.reflect.GeneratedMethodAccessor332
12917:             1             16  sun.reflect.GeneratedMethodAccessor3329
12918:             1             16  sun.reflect.GeneratedMethodAccessor333
12919:             1             16  sun.reflect.GeneratedMethodAccessor334
12920:             1             16  sun.reflect.GeneratedMethodAccessor335
12921:             1             16  sun.reflect.GeneratedMethodAccessor339
12922:             1             16  sun.reflect.GeneratedMethodAccessor341
12923:             1             16  sun.reflect.GeneratedMethodAccessor344
12924:             1             16  sun.reflect.GeneratedMethodAccessor3440
12925:             1             16  sun.reflect.GeneratedMethodAccessor3444
12926:             1             16  sun.reflect.GeneratedMethodAccessor3455
12927:             1             16  sun.reflect.GeneratedMethodAccessor3456
12928:             1             16  sun.reflect.GeneratedMethodAccessor346
12929:             1             16  sun.reflect.GeneratedMethodAccessor3461
12930:             1             16  sun.reflect.GeneratedMethodAccessor3463
12931:             1             16  sun.reflect.GeneratedMethodAccessor3464
12932:             1             16  sun.reflect.GeneratedMethodAccessor3465
12933:             1             16  sun.reflect.GeneratedMethodAccessor347
12934:             1             16  sun.reflect.GeneratedMethodAccessor348
12935:             1             16  sun.reflect.GeneratedMethodAccessor349
12936:             1             16  sun.reflect.GeneratedMethodAccessor35
12937:             1             16  sun.reflect.GeneratedMethodAccessor350
12938:             1             16  sun.reflect.GeneratedMethodAccessor351
12939:             1             16  sun.reflect.GeneratedMethodAccessor352
12940:             1             16  sun.reflect.GeneratedMethodAccessor353
12941:             1             16  sun.reflect.GeneratedMethodAccessor354
12942:             1             16  sun.reflect.GeneratedMethodAccessor355
12943:             1             16  sun.reflect.GeneratedMethodAccessor356
12944:             1             16  sun.reflect.GeneratedMethodAccessor357
12945:             1             16  sun.reflect.GeneratedMethodAccessor358
12946:             1             16  sun.reflect.GeneratedMethodAccessor359
12947:             1             16  sun.reflect.GeneratedMethodAccessor36
12948:             1             16  sun.reflect.GeneratedMethodAccessor360
12949:             1             16  sun.reflect.GeneratedMethodAccessor361
12950:             1             16  sun.reflect.GeneratedMethodAccessor362
12951:             1             16  sun.reflect.GeneratedMethodAccessor363
12952:             1             16  sun.reflect.GeneratedMethodAccessor364
12953:             1             16  sun.reflect.GeneratedMethodAccessor365
12954:             1             16  sun.reflect.GeneratedMethodAccessor366
12955:             1             16  sun.reflect.GeneratedMethodAccessor367
12956:             1             16  sun.reflect.GeneratedMethodAccessor37
12957:             1             16  sun.reflect.GeneratedMethodAccessor370
12958:             1             16  sun.reflect.GeneratedMethodAccessor371
12959:             1             16  sun.reflect.GeneratedMethodAccessor372
12960:             1             16  sun.reflect.GeneratedMethodAccessor373
12961:             1             16  sun.reflect.GeneratedMethodAccessor376
12962:             1             16  sun.reflect.GeneratedMethodAccessor378
12963:             1             16  sun.reflect.GeneratedMethodAccessor38
12964:             1             16  sun.reflect.GeneratedMethodAccessor381
12965:             1             16  sun.reflect.GeneratedMethodAccessor383
12966:             1             16  sun.reflect.GeneratedMethodAccessor386
12967:             1             16  sun.reflect.GeneratedMethodAccessor387
12968:             1             16  sun.reflect.GeneratedMethodAccessor390
12969:             1             16  sun.reflect.GeneratedMethodAccessor391
12970:             1             16  sun.reflect.GeneratedMethodAccessor392
12971:             1             16  sun.reflect.GeneratedMethodAccessor396
12972:             1             16  sun.reflect.GeneratedMethodAccessor3973
12973:             1             16  sun.reflect.GeneratedMethodAccessor3976
12974:             1             16  sun.reflect.GeneratedMethodAccessor3977
12975:             1             16  sun.reflect.GeneratedMethodAccessor3979
12976:             1             16  sun.reflect.GeneratedMethodAccessor3986
12977:             1             16  sun.reflect.GeneratedMethodAccessor399
12978:             1             16  sun.reflect.GeneratedMethodAccessor40
12979:             1             16  sun.reflect.GeneratedMethodAccessor4080
12980:             1             16  sun.reflect.GeneratedMethodAccessor4081
12981:             1             16  sun.reflect.GeneratedMethodAccessor4092
12982:             1             16  sun.reflect.GeneratedMethodAccessor4093
12983:             1             16  sun.reflect.GeneratedMethodAccessor41
12984:             1             16  sun.reflect.GeneratedMethodAccessor4103
12985:             1             16  sun.reflect.GeneratedMethodAccessor4105
12986:             1             16  sun.reflect.GeneratedMethodAccessor4106
12987:             1             16  sun.reflect.GeneratedMethodAccessor4107
12988:             1             16  sun.reflect.GeneratedMethodAccessor4108
12989:             1             16  sun.reflect.GeneratedMethodAccessor4109
12990:             1             16  sun.reflect.GeneratedMethodAccessor4113
12991:             1             16  sun.reflect.GeneratedMethodAccessor42
12992:             1             16  sun.reflect.GeneratedMethodAccessor4279
12993:             1             16  sun.reflect.GeneratedMethodAccessor4280
12994:             1             16  sun.reflect.GeneratedMethodAccessor4281
12995:             1             16  sun.reflect.GeneratedMethodAccessor4282
12996:             1             16  sun.reflect.GeneratedMethodAccessor4283
12997:             1             16  sun.reflect.GeneratedMethodAccessor4284
12998:             1             16  sun.reflect.GeneratedMethodAccessor4285
12999:             1             16  sun.reflect.GeneratedMethodAccessor4286
13000:             1             16  sun.reflect.GeneratedMethodAccessor4287
13001:             1             16  sun.reflect.GeneratedMethodAccessor43
13002:             1             16  sun.reflect.GeneratedMethodAccessor44
13003:             1             16  sun.reflect.GeneratedMethodAccessor444
13004:             1             16  sun.reflect.GeneratedMethodAccessor4444
13005:             1             16  sun.reflect.GeneratedMethodAccessor4445
13006:             1             16  sun.reflect.GeneratedMethodAccessor4446
13007:             1             16  sun.reflect.GeneratedMethodAccessor4447
13008:             1             16  sun.reflect.GeneratedMethodAccessor445
13009:             1             16  sun.reflect.GeneratedMethodAccessor4452
13010:             1             16  sun.reflect.GeneratedMethodAccessor4453
13011:             1             16  sun.reflect.GeneratedMethodAccessor4454
13012:             1             16  sun.reflect.GeneratedMethodAccessor4455
13013:             1             16  sun.reflect.GeneratedMethodAccessor4456
13014:             1             16  sun.reflect.GeneratedMethodAccessor4457
13015:             1             16  sun.reflect.GeneratedMethodAccessor4459
13016:             1             16  sun.reflect.GeneratedMethodAccessor446
13017:             1             16  sun.reflect.GeneratedMethodAccessor447
13018:             1             16  sun.reflect.GeneratedMethodAccessor4473
13019:             1             16  sun.reflect.GeneratedMethodAccessor448
13020:             1             16  sun.reflect.GeneratedMethodAccessor449
13021:             1             16  sun.reflect.GeneratedMethodAccessor45
13022:             1             16  sun.reflect.GeneratedMethodAccessor450
13023:             1             16  sun.reflect.GeneratedMethodAccessor451
13024:             1             16  sun.reflect.GeneratedMethodAccessor456
13025:             1             16  sun.reflect.GeneratedMethodAccessor457
13026:             1             16  sun.reflect.GeneratedMethodAccessor458
13027:             1             16  sun.reflect.GeneratedMethodAccessor459
13028:             1             16  sun.reflect.GeneratedMethodAccessor46
13029:             1             16  sun.reflect.GeneratedMethodAccessor460
13030:             1             16  sun.reflect.GeneratedMethodAccessor461
13031:             1             16  sun.reflect.GeneratedMethodAccessor462
13032:             1             16  sun.reflect.GeneratedMethodAccessor466
13033:             1             16  sun.reflect.GeneratedMethodAccessor467
13034:             1             16  sun.reflect.GeneratedMethodAccessor469
13035:             1             16  sun.reflect.GeneratedMethodAccessor47
13036:             1             16  sun.reflect.GeneratedMethodAccessor472
13037:             1             16  sun.reflect.GeneratedMethodAccessor475
13038:             1             16  sun.reflect.GeneratedMethodAccessor476
13039:             1             16  sun.reflect.GeneratedMethodAccessor477
13040:             1             16  sun.reflect.GeneratedMethodAccessor478
13041:             1             16  sun.reflect.GeneratedMethodAccessor479
13042:             1             16  sun.reflect.GeneratedMethodAccessor48
13043:             1             16  sun.reflect.GeneratedMethodAccessor480
13044:             1             16  sun.reflect.GeneratedMethodAccessor482
13045:             1             16  sun.reflect.GeneratedMethodAccessor483
13046:             1             16  sun.reflect.GeneratedMethodAccessor484
13047:             1             16  sun.reflect.GeneratedMethodAccessor485
13048:             1             16  sun.reflect.GeneratedMethodAccessor486
13049:             1             16  sun.reflect.GeneratedMethodAccessor487
13050:             1             16  sun.reflect.GeneratedMethodAccessor488
13051:             1             16  sun.reflect.GeneratedMethodAccessor489
13052:             1             16  sun.reflect.GeneratedMethodAccessor49
13053:             1             16  sun.reflect.GeneratedMethodAccessor490
13054:             1             16  sun.reflect.GeneratedMethodAccessor491
13055:             1             16  sun.reflect.GeneratedMethodAccessor492
13056:             1             16  sun.reflect.GeneratedMethodAccessor493
13057:             1             16  sun.reflect.GeneratedMethodAccessor494
13058:             1             16  sun.reflect.GeneratedMethodAccessor4940
13059:             1             16  sun.reflect.GeneratedMethodAccessor495
13060:             1             16  sun.reflect.GeneratedMethodAccessor496
13061:             1             16  sun.reflect.GeneratedMethodAccessor497
13062:             1             16  sun.reflect.GeneratedMethodAccessor50
13063:             1             16  sun.reflect.GeneratedMethodAccessor502
13064:             1             16  sun.reflect.GeneratedMethodAccessor5023
13065:             1             16  sun.reflect.GeneratedMethodAccessor5024
13066:             1             16  sun.reflect.GeneratedMethodAccessor5025
13067:             1             16  sun.reflect.GeneratedMethodAccessor503
13068:             1             16  sun.reflect.GeneratedMethodAccessor5034
13069:             1             16  sun.reflect.GeneratedMethodAccessor5035
13070:             1             16  sun.reflect.GeneratedMethodAccessor504
13071:             1             16  sun.reflect.GeneratedMethodAccessor505
13072:             1             16  sun.reflect.GeneratedMethodAccessor5057
13073:             1             16  sun.reflect.GeneratedMethodAccessor5058
13074:             1             16  sun.reflect.GeneratedMethodAccessor5059
13075:             1             16  sun.reflect.GeneratedMethodAccessor506
13076:             1             16  sun.reflect.GeneratedMethodAccessor5060
13077:             1             16  sun.reflect.GeneratedMethodAccessor5061
13078:             1             16  sun.reflect.GeneratedMethodAccessor5062
13079:             1             16  sun.reflect.GeneratedMethodAccessor5069
13080:             1             16  sun.reflect.GeneratedMethodAccessor507
13081:             1             16  sun.reflect.GeneratedMethodAccessor508
13082:             1             16  sun.reflect.GeneratedMethodAccessor51
13083:             1             16  sun.reflect.GeneratedMethodAccessor511
13084:             1             16  sun.reflect.GeneratedMethodAccessor512
13085:             1             16  sun.reflect.GeneratedMethodAccessor513
13086:             1             16  sun.reflect.GeneratedMethodAccessor514
13087:             1             16  sun.reflect.GeneratedMethodAccessor515
13088:             1             16  sun.reflect.GeneratedMethodAccessor518
13089:             1             16  sun.reflect.GeneratedMethodAccessor519
13090:             1             16  sun.reflect.GeneratedMethodAccessor52
13091:             1             16  sun.reflect.GeneratedMethodAccessor520
13092:             1             16  sun.reflect.GeneratedMethodAccessor521
13093:             1             16  sun.reflect.GeneratedMethodAccessor522
13094:             1             16  sun.reflect.GeneratedMethodAccessor523
13095:             1             16  sun.reflect.GeneratedMethodAccessor524
13096:             1             16  sun.reflect.GeneratedMethodAccessor525
13097:             1             16  sun.reflect.GeneratedMethodAccessor526
13098:             1             16  sun.reflect.GeneratedMethodAccessor527
13099:             1             16  sun.reflect.GeneratedMethodAccessor529
13100:             1             16  sun.reflect.GeneratedMethodAccessor53
13101:             1             16  sun.reflect.GeneratedMethodAccessor530
13102:             1             16  sun.reflect.GeneratedMethodAccessor531
13103:             1             16  sun.reflect.GeneratedMethodAccessor532
13104:             1             16  sun.reflect.GeneratedMethodAccessor533
13105:             1             16  sun.reflect.GeneratedMethodAccessor534
13106:             1             16  sun.reflect.GeneratedMethodAccessor535
13107:             1             16  sun.reflect.GeneratedMethodAccessor5356
13108:             1             16  sun.reflect.GeneratedMethodAccessor5357
13109:             1             16  sun.reflect.GeneratedMethodAccessor536
13110:             1             16  sun.reflect.GeneratedMethodAccessor537
13111:             1             16  sun.reflect.GeneratedMethodAccessor538
13112:             1             16  sun.reflect.GeneratedMethodAccessor539
13113:             1             16  sun.reflect.GeneratedMethodAccessor5399
13114:             1             16  sun.reflect.GeneratedMethodAccessor54
13115:             1             16  sun.reflect.GeneratedMethodAccessor540
13116:             1             16  sun.reflect.GeneratedMethodAccessor5400
13117:             1             16  sun.reflect.GeneratedMethodAccessor5401
13118:             1             16  sun.reflect.GeneratedMethodAccessor5403
13119:             1             16  sun.reflect.GeneratedMethodAccessor5404
13120:             1             16  sun.reflect.GeneratedMethodAccessor5405
13121:             1             16  sun.reflect.GeneratedMethodAccessor541
13122:             1             16  sun.reflect.GeneratedMethodAccessor5416
13123:             1             16  sun.reflect.GeneratedMethodAccessor5417
13124:             1             16  sun.reflect.GeneratedMethodAccessor5418
13125:             1             16  sun.reflect.GeneratedMethodAccessor543
13126:             1             16  sun.reflect.GeneratedMethodAccessor544
13127:             1             16  sun.reflect.GeneratedMethodAccessor545
13128:             1             16  sun.reflect.GeneratedMethodAccessor546
13129:             1             16  sun.reflect.GeneratedMethodAccessor5465
13130:             1             16  sun.reflect.GeneratedMethodAccessor5466
13131:             1             16  sun.reflect.GeneratedMethodAccessor5467
13132:             1             16  sun.reflect.GeneratedMethodAccessor5468
13133:             1             16  sun.reflect.GeneratedMethodAccessor5469
13134:             1             16  sun.reflect.GeneratedMethodAccessor547
13135:             1             16  sun.reflect.GeneratedMethodAccessor5470
13136:             1             16  sun.reflect.GeneratedMethodAccessor5471
13137:             1             16  sun.reflect.GeneratedMethodAccessor5473
13138:             1             16  sun.reflect.GeneratedMethodAccessor5474
13139:             1             16  sun.reflect.GeneratedMethodAccessor5475
13140:             1             16  sun.reflect.GeneratedMethodAccessor5476
13141:             1             16  sun.reflect.GeneratedMethodAccessor5477
13142:             1             16  sun.reflect.GeneratedMethodAccessor5478
13143:             1             16  sun.reflect.GeneratedMethodAccessor5479
13144:             1             16  sun.reflect.GeneratedMethodAccessor548
13145:             1             16  sun.reflect.GeneratedMethodAccessor5480
13146:             1             16  sun.reflect.GeneratedMethodAccessor5481
13147:             1             16  sun.reflect.GeneratedMethodAccessor5482
13148:             1             16  sun.reflect.GeneratedMethodAccessor5483
13149:             1             16  sun.reflect.GeneratedMethodAccessor5484
13150:             1             16  sun.reflect.GeneratedMethodAccessor5485
13151:             1             16  sun.reflect.GeneratedMethodAccessor5486
13152:             1             16  sun.reflect.GeneratedMethodAccessor5487
13153:             1             16  sun.reflect.GeneratedMethodAccessor5488
13154:             1             16  sun.reflect.GeneratedMethodAccessor5489
13155:             1             16  sun.reflect.GeneratedMethodAccessor5490
13156:             1             16  sun.reflect.GeneratedMethodAccessor5491
13157:             1             16  sun.reflect.GeneratedMethodAccessor5492
13158:             1             16  sun.reflect.GeneratedMethodAccessor5494
13159:             1             16  sun.reflect.GeneratedMethodAccessor5495
13160:             1             16  sun.reflect.GeneratedMethodAccessor5496
13161:             1             16  sun.reflect.GeneratedMethodAccessor5497
13162:             1             16  sun.reflect.GeneratedMethodAccessor5498
13163:             1             16  sun.reflect.GeneratedMethodAccessor5499
13164:             1             16  sun.reflect.GeneratedMethodAccessor55
13165:             1             16  sun.reflect.GeneratedMethodAccessor550
13166:             1             16  sun.reflect.GeneratedMethodAccessor5500
13167:             1             16  sun.reflect.GeneratedMethodAccessor5502
13168:             1             16  sun.reflect.GeneratedMethodAccessor5503
13169:             1             16  sun.reflect.GeneratedMethodAccessor5504
13170:             1             16  sun.reflect.GeneratedMethodAccessor5505
13171:             1             16  sun.reflect.GeneratedMethodAccessor5506
13172:             1             16  sun.reflect.GeneratedMethodAccessor5507
13173:             1             16  sun.reflect.GeneratedMethodAccessor5508
13174:             1             16  sun.reflect.GeneratedMethodAccessor5509
13175:             1             16  sun.reflect.GeneratedMethodAccessor551
13176:             1             16  sun.reflect.GeneratedMethodAccessor5510
13177:             1             16  sun.reflect.GeneratedMethodAccessor5511
13178:             1             16  sun.reflect.GeneratedMethodAccessor5512
13179:             1             16  sun.reflect.GeneratedMethodAccessor5513
13180:             1             16  sun.reflect.GeneratedMethodAccessor5514
13181:             1             16  sun.reflect.GeneratedMethodAccessor5515
13182:             1             16  sun.reflect.GeneratedMethodAccessor5516
13183:             1             16  sun.reflect.GeneratedMethodAccessor5517
13184:             1             16  sun.reflect.GeneratedMethodAccessor5518
13185:             1             16  sun.reflect.GeneratedMethodAccessor5519
13186:             1             16  sun.reflect.GeneratedMethodAccessor552
13187:             1             16  sun.reflect.GeneratedMethodAccessor5520
13188:             1             16  sun.reflect.GeneratedMethodAccessor5521
13189:             1             16  sun.reflect.GeneratedMethodAccessor5522
13190:             1             16  sun.reflect.GeneratedMethodAccessor5523
13191:             1             16  sun.reflect.GeneratedMethodAccessor5524
13192:             1             16  sun.reflect.GeneratedMethodAccessor5525
13193:             1             16  sun.reflect.GeneratedMethodAccessor5526
13194:             1             16  sun.reflect.GeneratedMethodAccessor5527
13195:             1             16  sun.reflect.GeneratedMethodAccessor5528
13196:             1             16  sun.reflect.GeneratedMethodAccessor5529
13197:             1             16  sun.reflect.GeneratedMethodAccessor5530
13198:             1             16  sun.reflect.GeneratedMethodAccessor5531
13199:             1             16  sun.reflect.GeneratedMethodAccessor5532
13200:             1             16  sun.reflect.GeneratedMethodAccessor5533
13201:             1             16  sun.reflect.GeneratedMethodAccessor5534
13202:             1             16  sun.reflect.GeneratedMethodAccessor5535
13203:             1             16  sun.reflect.GeneratedMethodAccessor554
13204:             1             16  sun.reflect.GeneratedMethodAccessor555
13205:             1             16  sun.reflect.GeneratedMethodAccessor556
13206:             1             16  sun.reflect.GeneratedMethodAccessor56
13207:             1             16  sun.reflect.GeneratedMethodAccessor563
13208:             1             16  sun.reflect.GeneratedMethodAccessor566
13209:             1             16  sun.reflect.GeneratedMethodAccessor57
13210:             1             16  sun.reflect.GeneratedMethodAccessor571
13211:             1             16  sun.reflect.GeneratedMethodAccessor572
13212:             1             16  sun.reflect.GeneratedMethodAccessor5744
13213:             1             16  sun.reflect.GeneratedMethodAccessor5745
13214:             1             16  sun.reflect.GeneratedMethodAccessor5746
13215:             1             16  sun.reflect.GeneratedMethodAccessor5747
13216:             1             16  sun.reflect.GeneratedMethodAccessor5748
13217:             1             16  sun.reflect.GeneratedMethodAccessor5749
13218:             1             16  sun.reflect.GeneratedMethodAccessor5750
13219:             1             16  sun.reflect.GeneratedMethodAccessor576
13220:             1             16  sun.reflect.GeneratedMethodAccessor5763
13221:             1             16  sun.reflect.GeneratedMethodAccessor5764
13222:             1             16  sun.reflect.GeneratedMethodAccessor5772
13223:             1             16  sun.reflect.GeneratedMethodAccessor5773
13224:             1             16  sun.reflect.GeneratedMethodAccessor5774
13225:             1             16  sun.reflect.GeneratedMethodAccessor5775
13226:             1             16  sun.reflect.GeneratedMethodAccessor5776
13227:             1             16  sun.reflect.GeneratedMethodAccessor5777
13228:             1             16  sun.reflect.GeneratedMethodAccessor5778
13229:             1             16  sun.reflect.GeneratedMethodAccessor5779
13230:             1             16  sun.reflect.GeneratedMethodAccessor578
13231:             1             16  sun.reflect.GeneratedMethodAccessor5780
13232:             1             16  sun.reflect.GeneratedMethodAccessor5781
13233:             1             16  sun.reflect.GeneratedMethodAccessor5782
13234:             1             16  sun.reflect.GeneratedMethodAccessor5783
13235:             1             16  sun.reflect.GeneratedMethodAccessor5784
13236:             1             16  sun.reflect.GeneratedMethodAccessor58
13237:             1             16  sun.reflect.GeneratedMethodAccessor582
13238:             1             16  sun.reflect.GeneratedMethodAccessor587
13239:             1             16  sun.reflect.GeneratedMethodAccessor588
13240:             1             16  sun.reflect.GeneratedMethodAccessor59
13241:             1             16  sun.reflect.GeneratedMethodAccessor5927
13242:             1             16  sun.reflect.GeneratedMethodAccessor5928
13243:             1             16  sun.reflect.GeneratedMethodAccessor5977
13244:             1             16  sun.reflect.GeneratedMethodAccessor5978
13245:             1             16  sun.reflect.GeneratedMethodAccessor5979
13246:             1             16  sun.reflect.GeneratedMethodAccessor5980
13247:             1             16  sun.reflect.GeneratedMethodAccessor5981
13248:             1             16  sun.reflect.GeneratedMethodAccessor60
13249:             1             16  sun.reflect.GeneratedMethodAccessor604
13250:             1             16  sun.reflect.GeneratedMethodAccessor605
13251:             1             16  sun.reflect.GeneratedMethodAccessor606
13252:             1             16  sun.reflect.GeneratedMethodAccessor607
13253:             1             16  sun.reflect.GeneratedMethodAccessor608
13254:             1             16  sun.reflect.GeneratedMethodAccessor609
13255:             1             16  sun.reflect.GeneratedMethodAccessor61
13256:             1             16  sun.reflect.GeneratedMethodAccessor610
13257:             1             16  sun.reflect.GeneratedMethodAccessor611
13258:             1             16  sun.reflect.GeneratedMethodAccessor612
13259:             1             16  sun.reflect.GeneratedMethodAccessor613
13260:             1             16  sun.reflect.GeneratedMethodAccessor614
13261:             1             16  sun.reflect.GeneratedMethodAccessor615
13262:             1             16  sun.reflect.GeneratedMethodAccessor616
13263:             1             16  sun.reflect.GeneratedMethodAccessor618
13264:             1             16  sun.reflect.GeneratedMethodAccessor619
13265:             1             16  sun.reflect.GeneratedMethodAccessor62
13266:             1             16  sun.reflect.GeneratedMethodAccessor620
13267:             1             16  sun.reflect.GeneratedMethodAccessor621
13268:             1             16  sun.reflect.GeneratedMethodAccessor623
13269:             1             16  sun.reflect.GeneratedMethodAccessor624
13270:             1             16  sun.reflect.GeneratedMethodAccessor625
13271:             1             16  sun.reflect.GeneratedMethodAccessor626
13272:             1             16  sun.reflect.GeneratedMethodAccessor627
13273:             1             16  sun.reflect.GeneratedMethodAccessor628
13274:             1             16  sun.reflect.GeneratedMethodAccessor629
13275:             1             16  sun.reflect.GeneratedMethodAccessor6293
13276:             1             16  sun.reflect.GeneratedMethodAccessor63
13277:             1             16  sun.reflect.GeneratedMethodAccessor630
13278:             1             16  sun.reflect.GeneratedMethodAccessor6305
13279:             1             16  sun.reflect.GeneratedMethodAccessor6307
13280:             1             16  sun.reflect.GeneratedMethodAccessor631
13281:             1             16  sun.reflect.GeneratedMethodAccessor6318
13282:             1             16  sun.reflect.GeneratedMethodAccessor632
13283:             1             16  sun.reflect.GeneratedMethodAccessor633
13284:             1             16  sun.reflect.GeneratedMethodAccessor634
13285:             1             16  sun.reflect.GeneratedMethodAccessor635
13286:             1             16  sun.reflect.GeneratedMethodAccessor636
13287:             1             16  sun.reflect.GeneratedMethodAccessor641
13288:             1             16  sun.reflect.GeneratedMethodAccessor6413
13289:             1             16  sun.reflect.GeneratedMethodAccessor642
13290:             1             16  sun.reflect.GeneratedMethodAccessor6431
13291:             1             16  sun.reflect.GeneratedMethodAccessor6432
13292:             1             16  sun.reflect.GeneratedMethodAccessor6483
13293:             1             16  sun.reflect.GeneratedMethodAccessor6497
13294:             1             16  sun.reflect.GeneratedMethodAccessor655
13295:             1             16  sun.reflect.GeneratedMethodAccessor660
13296:             1             16  sun.reflect.GeneratedMethodAccessor661
13297:             1             16  sun.reflect.GeneratedMethodAccessor662
13298:             1             16  sun.reflect.GeneratedMethodAccessor663
13299:             1             16  sun.reflect.GeneratedMethodAccessor664
13300:             1             16  sun.reflect.GeneratedMethodAccessor6648
13301:             1             16  sun.reflect.GeneratedMethodAccessor666
13302:             1             16  sun.reflect.GeneratedMethodAccessor668
13303:             1             16  sun.reflect.GeneratedMethodAccessor671
13304:             1             16  sun.reflect.GeneratedMethodAccessor672
13305:             1             16  sun.reflect.GeneratedMethodAccessor674
13306:             1             16  sun.reflect.GeneratedMethodAccessor676
13307:             1             16  sun.reflect.GeneratedMethodAccessor677
13308:             1             16  sun.reflect.GeneratedMethodAccessor678
13309:             1             16  sun.reflect.GeneratedMethodAccessor679
13310:             1             16  sun.reflect.GeneratedMethodAccessor680
13311:             1             16  sun.reflect.GeneratedMethodAccessor682
13312:             1             16  sun.reflect.GeneratedMethodAccessor6824
13313:             1             16  sun.reflect.GeneratedMethodAccessor6825
13314:             1             16  sun.reflect.GeneratedMethodAccessor6826
13315:             1             16  sun.reflect.GeneratedMethodAccessor6827
13316:             1             16  sun.reflect.GeneratedMethodAccessor6828
13317:             1             16  sun.reflect.GeneratedMethodAccessor6829
13318:             1             16  sun.reflect.GeneratedMethodAccessor683
13319:             1             16  sun.reflect.GeneratedMethodAccessor6830
13320:             1             16  sun.reflect.GeneratedMethodAccessor6831
13321:             1             16  sun.reflect.GeneratedMethodAccessor684
13322:             1             16  sun.reflect.GeneratedMethodAccessor685
13323:             1             16  sun.reflect.GeneratedMethodAccessor6867
13324:             1             16  sun.reflect.GeneratedMethodAccessor6872
13325:             1             16  sun.reflect.GeneratedMethodAccessor6888
13326:             1             16  sun.reflect.GeneratedMethodAccessor689
13327:             1             16  sun.reflect.GeneratedMethodAccessor690
13328:             1             16  sun.reflect.GeneratedMethodAccessor691
13329:             1             16  sun.reflect.GeneratedMethodAccessor692
13330:             1             16  sun.reflect.GeneratedMethodAccessor6983
13331:             1             16  sun.reflect.GeneratedMethodAccessor700
13332:             1             16  sun.reflect.GeneratedMethodAccessor706
13333:             1             16  sun.reflect.GeneratedMethodAccessor708
13334:             1             16  sun.reflect.GeneratedMethodAccessor709
13335:             1             16  sun.reflect.GeneratedMethodAccessor711
13336:             1             16  sun.reflect.GeneratedMethodAccessor712
13337:             1             16  sun.reflect.GeneratedMethodAccessor720
13338:             1             16  sun.reflect.GeneratedMethodAccessor721
13339:             1             16  sun.reflect.GeneratedMethodAccessor722
13340:             1             16  sun.reflect.GeneratedMethodAccessor723
13341:             1             16  sun.reflect.GeneratedMethodAccessor724
13342:             1             16  sun.reflect.GeneratedMethodAccessor725
13343:             1             16  sun.reflect.GeneratedMethodAccessor726
13344:             1             16  sun.reflect.GeneratedMethodAccessor727
13345:             1             16  sun.reflect.GeneratedMethodAccessor728
13346:             1             16  sun.reflect.GeneratedMethodAccessor729
13347:             1             16  sun.reflect.GeneratedMethodAccessor730
13348:             1             16  sun.reflect.GeneratedMethodAccessor731
13349:             1             16  sun.reflect.GeneratedMethodAccessor732
13350:             1             16  sun.reflect.GeneratedMethodAccessor733
13351:             1             16  sun.reflect.GeneratedMethodAccessor734
13352:             1             16  sun.reflect.GeneratedMethodAccessor735
13353:             1             16  sun.reflect.GeneratedMethodAccessor736
13354:             1             16  sun.reflect.GeneratedMethodAccessor737
13355:             1             16  sun.reflect.GeneratedMethodAccessor743
13356:             1             16  sun.reflect.GeneratedMethodAccessor744
13357:             1             16  sun.reflect.GeneratedMethodAccessor746
13358:             1             16  sun.reflect.GeneratedMethodAccessor747
13359:             1             16  sun.reflect.GeneratedMethodAccessor751
13360:             1             16  sun.reflect.GeneratedMethodAccessor752
13361:             1             16  sun.reflect.GeneratedMethodAccessor753
13362:             1             16  sun.reflect.GeneratedMethodAccessor754
13363:             1             16  sun.reflect.GeneratedMethodAccessor755
13364:             1             16  sun.reflect.GeneratedMethodAccessor756
13365:             1             16  sun.reflect.GeneratedMethodAccessor757
13366:             1             16  sun.reflect.GeneratedMethodAccessor758
13367:             1             16  sun.reflect.GeneratedMethodAccessor759
13368:             1             16  sun.reflect.GeneratedMethodAccessor760
13369:             1             16  sun.reflect.GeneratedMethodAccessor761
13370:             1             16  sun.reflect.GeneratedMethodAccessor762
13371:             1             16  sun.reflect.GeneratedMethodAccessor763
13372:             1             16  sun.reflect.GeneratedMethodAccessor764
13373:             1             16  sun.reflect.GeneratedMethodAccessor765
13374:             1             16  sun.reflect.GeneratedMethodAccessor766
13375:             1             16  sun.reflect.GeneratedMethodAccessor767
13376:             1             16  sun.reflect.GeneratedMethodAccessor768
13377:             1             16  sun.reflect.GeneratedMethodAccessor771
13378:             1             16  sun.reflect.GeneratedMethodAccessor772
13379:             1             16  sun.reflect.GeneratedMethodAccessor7728
13380:             1             16  sun.reflect.GeneratedMethodAccessor7729
13381:             1             16  sun.reflect.GeneratedMethodAccessor773
13382:             1             16  sun.reflect.GeneratedMethodAccessor774
13383:             1             16  sun.reflect.GeneratedMethodAccessor775
13384:             1             16  sun.reflect.GeneratedMethodAccessor779
13385:             1             16  sun.reflect.GeneratedMethodAccessor780
13386:             1             16  sun.reflect.GeneratedMethodAccessor781
13387:             1             16  sun.reflect.GeneratedMethodAccessor782
13388:             1             16  sun.reflect.GeneratedMethodAccessor783
13389:             1             16  sun.reflect.GeneratedMethodAccessor784
13390:             1             16  sun.reflect.GeneratedMethodAccessor785
13391:             1             16  sun.reflect.GeneratedMethodAccessor786
13392:             1             16  sun.reflect.GeneratedMethodAccessor787
13393:             1             16  sun.reflect.GeneratedMethodAccessor788
13394:             1             16  sun.reflect.GeneratedMethodAccessor7887
13395:             1             16  sun.reflect.GeneratedMethodAccessor7888
13396:             1             16  sun.reflect.GeneratedMethodAccessor7902
13397:             1             16  sun.reflect.GeneratedMethodAccessor7903
13398:             1             16  sun.reflect.GeneratedMethodAccessor7904
13399:             1             16  sun.reflect.GeneratedMethodAccessor7905
13400:             1             16  sun.reflect.GeneratedMethodAccessor7909
13401:             1             16  sun.reflect.GeneratedMethodAccessor7910
13402:             1             16  sun.reflect.GeneratedMethodAccessor7911
13403:             1             16  sun.reflect.GeneratedMethodAccessor7912
13404:             1             16  sun.reflect.GeneratedMethodAccessor796
13405:             1             16  sun.reflect.GeneratedMethodAccessor797
13406:             1             16  sun.reflect.GeneratedMethodAccessor798
13407:             1             16  sun.reflect.GeneratedMethodAccessor799
13408:             1             16  sun.reflect.GeneratedMethodAccessor8
13409:             1             16  sun.reflect.GeneratedMethodAccessor800
13410:             1             16  sun.reflect.GeneratedMethodAccessor801
13411:             1             16  sun.reflect.GeneratedMethodAccessor802
13412:             1             16  sun.reflect.GeneratedMethodAccessor808
13413:             1             16  sun.reflect.GeneratedMethodAccessor8097
13414:             1             16  sun.reflect.GeneratedMethodAccessor810
13415:             1             16  sun.reflect.GeneratedMethodAccessor811
13416:             1             16  sun.reflect.GeneratedMethodAccessor812
13417:             1             16  sun.reflect.GeneratedMethodAccessor813
13418:             1             16  sun.reflect.GeneratedMethodAccessor814
13419:             1             16  sun.reflect.GeneratedMethodAccessor815
13420:             1             16  sun.reflect.GeneratedMethodAccessor816
13421:             1             16  sun.reflect.GeneratedMethodAccessor817
13422:             1             16  sun.reflect.GeneratedMethodAccessor818
13423:             1             16  sun.reflect.GeneratedMethodAccessor819
13424:             1             16  sun.reflect.GeneratedMethodAccessor820
13425:             1             16  sun.reflect.GeneratedMethodAccessor822
13426:             1             16  sun.reflect.GeneratedMethodAccessor823
13427:             1             16  sun.reflect.GeneratedMethodAccessor824
13428:             1             16  sun.reflect.GeneratedMethodAccessor825
13429:             1             16  sun.reflect.GeneratedMethodAccessor826
13430:             1             16  sun.reflect.GeneratedMethodAccessor827
13431:             1             16  sun.reflect.GeneratedMethodAccessor828
13432:             1             16  sun.reflect.GeneratedMethodAccessor829
13433:             1             16  sun.reflect.GeneratedMethodAccessor830
13434:             1             16  sun.reflect.GeneratedMethodAccessor831
13435:             1             16  sun.reflect.GeneratedMethodAccessor8318
13436:             1             16  sun.reflect.GeneratedMethodAccessor8319
13437:             1             16  sun.reflect.GeneratedMethodAccessor832
13438:             1             16  sun.reflect.GeneratedMethodAccessor8320
13439:             1             16  sun.reflect.GeneratedMethodAccessor8321
13440:             1             16  sun.reflect.GeneratedMethodAccessor8322
13441:             1             16  sun.reflect.GeneratedMethodAccessor833
13442:             1             16  sun.reflect.GeneratedMethodAccessor838
13443:             1             16  sun.reflect.GeneratedMethodAccessor839
13444:             1             16  sun.reflect.GeneratedMethodAccessor840
13445:             1             16  sun.reflect.GeneratedMethodAccessor841
13446:             1             16  sun.reflect.GeneratedMethodAccessor842
13447:             1             16  sun.reflect.GeneratedMethodAccessor843
13448:             1             16  sun.reflect.GeneratedMethodAccessor846
13449:             1             16  sun.reflect.GeneratedMethodAccessor848
13450:             1             16  sun.reflect.GeneratedMethodAccessor850
13451:             1             16  sun.reflect.GeneratedMethodAccessor852
13452:             1             16  sun.reflect.GeneratedMethodAccessor854
13453:             1             16  sun.reflect.GeneratedMethodAccessor855
13454:             1             16  sun.reflect.GeneratedMethodAccessor8568
13455:             1             16  sun.reflect.GeneratedMethodAccessor857
13456:             1             16  sun.reflect.GeneratedMethodAccessor8571
13457:             1             16  sun.reflect.GeneratedMethodAccessor8622
13458:             1             16  sun.reflect.GeneratedMethodAccessor8641
13459:             1             16  sun.reflect.GeneratedMethodAccessor871
13460:             1             16  sun.reflect.GeneratedMethodAccessor873
13461:             1             16  sun.reflect.GeneratedMethodAccessor874
13462:             1             16  sun.reflect.GeneratedMethodAccessor875
13463:             1             16  sun.reflect.GeneratedMethodAccessor876
13464:             1             16  sun.reflect.GeneratedMethodAccessor877
13465:             1             16  sun.reflect.GeneratedMethodAccessor879
13466:             1             16  sun.reflect.GeneratedMethodAccessor880
13467:             1             16  sun.reflect.GeneratedMethodAccessor881
13468:             1             16  sun.reflect.GeneratedMethodAccessor882
13469:             1             16  sun.reflect.GeneratedMethodAccessor883
13470:             1             16  sun.reflect.GeneratedMethodAccessor884
13471:             1             16  sun.reflect.GeneratedMethodAccessor885
13472:             1             16  sun.reflect.GeneratedMethodAccessor886
13473:             1             16  sun.reflect.GeneratedMethodAccessor887
13474:             1             16  sun.reflect.GeneratedMethodAccessor888
13475:             1             16  sun.reflect.GeneratedMethodAccessor889
13476:             1             16  sun.reflect.GeneratedMethodAccessor890
13477:             1             16  sun.reflect.GeneratedMethodAccessor891
13478:             1             16  sun.reflect.GeneratedMethodAccessor892
13479:             1             16  sun.reflect.GeneratedMethodAccessor893
13480:             1             16  sun.reflect.GeneratedMethodAccessor894
13481:             1             16  sun.reflect.GeneratedMethodAccessor895
13482:             1             16  sun.reflect.GeneratedMethodAccessor896
13483:             1             16  sun.reflect.GeneratedMethodAccessor897
13484:             1             16  sun.reflect.GeneratedMethodAccessor898
13485:             1             16  sun.reflect.GeneratedMethodAccessor899
13486:             1             16  sun.reflect.GeneratedMethodAccessor9
13487:             1             16  sun.reflect.GeneratedMethodAccessor900
13488:             1             16  sun.reflect.GeneratedMethodAccessor901
13489:             1             16  sun.reflect.GeneratedMethodAccessor902
13490:             1             16  sun.reflect.GeneratedMethodAccessor903
13491:             1             16  sun.reflect.GeneratedMethodAccessor904
13492:             1             16  sun.reflect.GeneratedMethodAccessor905
13493:             1             16  sun.reflect.GeneratedMethodAccessor906
13494:             1             16  sun.reflect.GeneratedMethodAccessor907
13495:             1             16  sun.reflect.GeneratedMethodAccessor908
13496:             1             16  sun.reflect.GeneratedMethodAccessor909
13497:             1             16  sun.reflect.GeneratedMethodAccessor910
13498:             1             16  sun.reflect.GeneratedMethodAccessor911
13499:             1             16  sun.reflect.GeneratedMethodAccessor912
13500:             1             16  sun.reflect.GeneratedMethodAccessor913
13501:             1             16  sun.reflect.GeneratedMethodAccessor914
13502:             1             16  sun.reflect.GeneratedMethodAccessor915
13503:             1             16  sun.reflect.GeneratedMethodAccessor916
13504:             1             16  sun.reflect.GeneratedMethodAccessor917
13505:             1             16  sun.reflect.GeneratedMethodAccessor918
13506:             1             16  sun.reflect.GeneratedMethodAccessor919
13507:             1             16  sun.reflect.GeneratedMethodAccessor920
13508:             1             16  sun.reflect.GeneratedMethodAccessor921
13509:             1             16  sun.reflect.GeneratedMethodAccessor922
13510:             1             16  sun.reflect.GeneratedMethodAccessor9229
13511:             1             16  sun.reflect.GeneratedMethodAccessor923
13512:             1             16  sun.reflect.GeneratedMethodAccessor924
13513:             1             16  sun.reflect.GeneratedMethodAccessor925
13514:             1             16  sun.reflect.GeneratedMethodAccessor926
13515:             1             16  sun.reflect.GeneratedMethodAccessor927
13516:             1             16  sun.reflect.GeneratedMethodAccessor928
13517:             1             16  sun.reflect.GeneratedMethodAccessor929
13518:             1             16  sun.reflect.GeneratedMethodAccessor930
13519:             1             16  sun.reflect.GeneratedMethodAccessor932
13520:             1             16  sun.reflect.GeneratedMethodAccessor933
13521:             1             16  sun.reflect.GeneratedMethodAccessor934
13522:             1             16  sun.reflect.GeneratedMethodAccessor936
13523:             1             16  sun.reflect.GeneratedMethodAccessor937
13524:             1             16  sun.reflect.GeneratedMethodAccessor938
13525:             1             16  sun.reflect.GeneratedMethodAccessor940
13526:             1             16  sun.reflect.GeneratedMethodAccessor941
13527:             1             16  sun.reflect.GeneratedMethodAccessor942
13528:             1             16  sun.reflect.GeneratedMethodAccessor943
13529:             1             16  sun.reflect.GeneratedMethodAccessor944
13530:             1             16  sun.reflect.GeneratedMethodAccessor945
13531:             1             16  sun.reflect.GeneratedMethodAccessor946
13532:             1             16  sun.reflect.GeneratedMethodAccessor947
13533:             1             16  sun.reflect.GeneratedMethodAccessor948
13534:             1             16  sun.reflect.GeneratedMethodAccessor949
13535:             1             16  sun.reflect.GeneratedMethodAccessor950
13536:             1             16  sun.reflect.GeneratedMethodAccessor956
13537:             1             16  sun.reflect.GeneratedMethodAccessor957
13538:             1             16  sun.reflect.GeneratedMethodAccessor958
13539:             1             16  sun.reflect.GeneratedMethodAccessor959
13540:             1             16  sun.reflect.GeneratedMethodAccessor960
13541:             1             16  sun.reflect.GeneratedMethodAccessor961
13542:             1             16  sun.reflect.GeneratedMethodAccessor962
13543:             1             16  sun.reflect.GeneratedMethodAccessor963
13544:             1             16  sun.reflect.GeneratedMethodAccessor964
13545:             1             16  sun.reflect.GeneratedMethodAccessor965
13546:             1             16  sun.reflect.GeneratedMethodAccessor966
13547:             1             16  sun.reflect.GeneratedMethodAccessor967
13548:             1             16  sun.reflect.GeneratedMethodAccessor968
13549:             1             16  sun.reflect.GeneratedMethodAccessor977
13550:             1             16  sun.reflect.GeneratedMethodAccessor978
13551:             1             16  sun.reflect.GeneratedMethodAccessor979
13552:             1             16  sun.reflect.GeneratedMethodAccessor980
13553:             1             16  sun.reflect.GeneratedMethodAccessor981
13554:             1             16  sun.reflect.GeneratedMethodAccessor982
13555:             1             16  sun.reflect.GeneratedMethodAccessor988
13556:             1             16  sun.reflect.GeneratedMethodAccessor990
13557:             1             16  sun.reflect.GeneratedMethodAccessor991
13558:             1             16  sun.reflect.GeneratedMethodAccessor992
13559:             1             16  sun.reflect.GeneratedMethodAccessor993
13560:             1             16  sun.reflect.GeneratedMethodAccessor994
13561:             1             16  sun.reflect.GeneratedMethodAccessor995
13562:             1             16  sun.reflect.GeneratedMethodAccessor996
13563:             1             16  sun.reflect.GeneratedMethodAccessor997
13564:             1             16  sun.reflect.GeneratedMethodAccessor998
13565:             1             16  sun.reflect.GeneratedMethodAccessor999
13566:             1             16  sun.reflect.GeneratedSerializationConstructorAccessor100
13567:             1             16  sun.reflect.GeneratedSerializationConstructorAccessor101
13568:             1             16  sun.reflect.GeneratedSerializationConstructorAccessor1022
13569:             1             16  sun.reflect.GeneratedSerializationConstructorAccessor1023
13570:             1             16  sun.reflect.GeneratedSerializationConstructorAccessor1024
13571:             1             16  sun.reflect.GeneratedSerializationConstructorAccessor1026
13572:             1             16  sun.reflect.GeneratedSerializationConstructorAccessor1027
13573:             1             16  sun.reflect.GeneratedSerializationConstructorAccessor1028
13574:             1             16  sun.reflect.GeneratedSerializationConstructorAccessor1029
13575:             1             16  sun.reflect.GeneratedSerializationConstructorAccessor103
13576:             1             16  sun.reflect.GeneratedSerializationConstructorAccessor1031
13577:             1             16  sun.reflect.GeneratedSerializationConstructorAccessor1033
13578:             1             16  sun.reflect.GeneratedSerializationConstructorAccessor1034
13579:             1             16  sun.reflect.GeneratedSerializationConstructorAccessor1036
13580:             1             16  sun.reflect.GeneratedSerializationConstructorAccessor1037
13581:             1             16  sun.reflect.GeneratedSerializationConstructorAccessor1039
13582:             1             16  sun.reflect.GeneratedSerializationConstructorAccessor104
13583:             1             16  sun.reflect.GeneratedSerializationConstructorAccessor1045
13584:             1             16  sun.reflect.GeneratedSerializationConstructorAccessor1046
13585:             1             16  sun.reflect.GeneratedSerializationConstructorAccessor105
13586:             1             16  sun.reflect.GeneratedSerializationConstructorAccessor1058
13587:             1             16  sun.reflect.GeneratedSerializationConstructorAccessor1059
13588:             1             16  sun.reflect.GeneratedSerializationConstructorAccessor1061
13589:             1             16  sun.reflect.GeneratedSerializationConstructorAccessor1062
13590:             1             16  sun.reflect.GeneratedSerializationConstructorAccessor1063
13591:             1             16  sun.reflect.GeneratedSerializationConstructorAccessor1065
13592:             1             16  sun.reflect.GeneratedSerializationConstructorAccessor1066
13593:             1             16  sun.reflect.GeneratedSerializationConstructorAccessor107
13594:             1             16  sun.reflect.GeneratedSerializationConstructorAccessor108
13595:             1             16  sun.reflect.GeneratedSerializationConstructorAccessor1082
13596:             1             16  sun.reflect.GeneratedSerializationConstructorAccessor1083
13597:             1             16  sun.reflect.GeneratedSerializationConstructorAccessor1085
13598:             1             16  sun.reflect.GeneratedSerializationConstructorAccessor1086
13599:             1             16  sun.reflect.GeneratedSerializationConstructorAccessor1088
13600:             1             16  sun.reflect.GeneratedSerializationConstructorAccessor1089
13601:             1             16  sun.reflect.GeneratedSerializationConstructorAccessor1091
13602:             1             16  sun.reflect.GeneratedSerializationConstructorAccessor1092
13603:             1             16  sun.reflect.GeneratedSerializationConstructorAccessor1094
13604:             1             16  sun.reflect.GeneratedSerializationConstructorAccessor110
13605:             1             16  sun.reflect.GeneratedSerializationConstructorAccessor111
13606:             1             16  sun.reflect.GeneratedSerializationConstructorAccessor112
13607:             1             16  sun.reflect.GeneratedSerializationConstructorAccessor113
13608:             1             16  sun.reflect.GeneratedSerializationConstructorAccessor114
13609:             1             16  sun.reflect.GeneratedSerializationConstructorAccessor1148
13610:             1             16  sun.reflect.GeneratedSerializationConstructorAccessor1149
13611:             1             16  sun.reflect.GeneratedSerializationConstructorAccessor1157
13612:             1             16  sun.reflect.GeneratedSerializationConstructorAccessor1158
13613:             1             16  sun.reflect.GeneratedSerializationConstructorAccessor1159
13614:             1             16  sun.reflect.GeneratedSerializationConstructorAccessor116
13615:             1             16  sun.reflect.GeneratedSerializationConstructorAccessor117
13616:             1             16  sun.reflect.GeneratedSerializationConstructorAccessor118
13617:             1             16  sun.reflect.GeneratedSerializationConstructorAccessor1191
13618:             1             16  sun.reflect.GeneratedSerializationConstructorAccessor1192
13619:             1             16  sun.reflect.GeneratedSerializationConstructorAccessor1193
13620:             1             16  sun.reflect.GeneratedSerializationConstructorAccessor1194
13621:             1             16  sun.reflect.GeneratedSerializationConstructorAccessor1196
13622:             1             16  sun.reflect.GeneratedSerializationConstructorAccessor1197
13623:             1             16  sun.reflect.GeneratedSerializationConstructorAccessor1198
13624:             1             16  sun.reflect.GeneratedSerializationConstructorAccessor1199
13625:             1             16  sun.reflect.GeneratedSerializationConstructorAccessor120
13626:             1             16  sun.reflect.GeneratedSerializationConstructorAccessor1200
13627:             1             16  sun.reflect.GeneratedSerializationConstructorAccessor1202
13628:             1             16  sun.reflect.GeneratedSerializationConstructorAccessor1204
13629:             1             16  sun.reflect.GeneratedSerializationConstructorAccessor1205
13630:             1             16  sun.reflect.GeneratedSerializationConstructorAccessor1207
13631:             1             16  sun.reflect.GeneratedSerializationConstructorAccessor1208
13632:             1             16  sun.reflect.GeneratedSerializationConstructorAccessor121
13633:             1             16  sun.reflect.GeneratedSerializationConstructorAccessor1210
13634:             1             16  sun.reflect.GeneratedSerializationConstructorAccessor1211
13635:             1             16  sun.reflect.GeneratedSerializationConstructorAccessor1216
13636:             1             16  sun.reflect.GeneratedSerializationConstructorAccessor1217
13637:             1             16  sun.reflect.GeneratedSerializationConstructorAccessor1219
13638:             1             16  sun.reflect.GeneratedSerializationConstructorAccessor122
13639:             1             16  sun.reflect.GeneratedSerializationConstructorAccessor1220
13640:             1             16  sun.reflect.GeneratedSerializationConstructorAccessor1222
13641:             1             16  sun.reflect.GeneratedSerializationConstructorAccessor1224
13642:             1             16  sun.reflect.GeneratedSerializationConstructorAccessor1226
13643:             1             16  sun.reflect.GeneratedSerializationConstructorAccessor1227
13644:             1             16  sun.reflect.GeneratedSerializationConstructorAccessor1229
13645:             1             16  sun.reflect.GeneratedSerializationConstructorAccessor123
13646:             1             16  sun.reflect.GeneratedSerializationConstructorAccessor1230
13647:             1             16  sun.reflect.GeneratedSerializationConstructorAccessor1232
13648:             1             16  sun.reflect.GeneratedSerializationConstructorAccessor1233
13649:             1             16  sun.reflect.GeneratedSerializationConstructorAccessor124
13650:             1             16  sun.reflect.GeneratedSerializationConstructorAccessor126
13651:             1             16  sun.reflect.GeneratedSerializationConstructorAccessor127
13652:             1             16  sun.reflect.GeneratedSerializationConstructorAccessor129
13653:             1             16  sun.reflect.GeneratedSerializationConstructorAccessor1291
13654:             1             16  sun.reflect.GeneratedSerializationConstructorAccessor1292
13655:             1             16  sun.reflect.GeneratedSerializationConstructorAccessor1293
13656:             1             16  sun.reflect.GeneratedSerializationConstructorAccessor1295
13657:             1             16  sun.reflect.GeneratedSerializationConstructorAccessor1296
13658:             1             16  sun.reflect.GeneratedSerializationConstructorAccessor1297
13659:             1             16  sun.reflect.GeneratedSerializationConstructorAccessor1299
13660:             1             16  sun.reflect.GeneratedSerializationConstructorAccessor130
13661:             1             16  sun.reflect.GeneratedSerializationConstructorAccessor1300
13662:             1             16  sun.reflect.GeneratedSerializationConstructorAccessor1301
13663:             1             16  sun.reflect.GeneratedSerializationConstructorAccessor132
13664:             1             16  sun.reflect.GeneratedSerializationConstructorAccessor1327
13665:             1             16  sun.reflect.GeneratedSerializationConstructorAccessor1328
13666:             1             16  sun.reflect.GeneratedSerializationConstructorAccessor1329
13667:             1             16  sun.reflect.GeneratedSerializationConstructorAccessor1331
13668:             1             16  sun.reflect.GeneratedSerializationConstructorAccessor1332
13669:             1             16  sun.reflect.GeneratedSerializationConstructorAccessor1333
13670:             1             16  sun.reflect.GeneratedSerializationConstructorAccessor1335
13671:             1             16  sun.reflect.GeneratedSerializationConstructorAccessor1336
13672:             1             16  sun.reflect.GeneratedSerializationConstructorAccessor1337
13673:             1             16  sun.reflect.GeneratedSerializationConstructorAccessor134
13674:             1             16  sun.reflect.GeneratedSerializationConstructorAccessor135
13675:             1             16  sun.reflect.GeneratedSerializationConstructorAccessor136
13676:             1             16  sun.reflect.GeneratedSerializationConstructorAccessor138
13677:             1             16  sun.reflect.GeneratedSerializationConstructorAccessor139
13678:             1             16  sun.reflect.GeneratedSerializationConstructorAccessor13904
13679:             1             16  sun.reflect.GeneratedSerializationConstructorAccessor13905
13680:             1             16  sun.reflect.GeneratedSerializationConstructorAccessor13906
13681:             1             16  sun.reflect.GeneratedSerializationConstructorAccessor13907
13682:             1             16  sun.reflect.GeneratedSerializationConstructorAccessor140
13683:             1             16  sun.reflect.GeneratedSerializationConstructorAccessor142
13684:             1             16  sun.reflect.GeneratedSerializationConstructorAccessor1425
13685:             1             16  sun.reflect.GeneratedSerializationConstructorAccessor1426
13686:             1             16  sun.reflect.GeneratedSerializationConstructorAccessor1427
13687:             1             16  sun.reflect.GeneratedSerializationConstructorAccessor1428
13688:             1             16  sun.reflect.GeneratedSerializationConstructorAccessor143
13689:             1             16  sun.reflect.GeneratedSerializationConstructorAccessor144
13690:             1             16  sun.reflect.GeneratedSerializationConstructorAccessor145
13691:             1             16  sun.reflect.GeneratedSerializationConstructorAccessor147
13692:             1             16  sun.reflect.GeneratedSerializationConstructorAccessor1474
13693:             1             16  sun.reflect.GeneratedSerializationConstructorAccessor1475
13694:             1             16  sun.reflect.GeneratedSerializationConstructorAccessor1477
13695:             1             16  sun.reflect.GeneratedSerializationConstructorAccessor1478
13696:             1             16  sun.reflect.GeneratedSerializationConstructorAccessor148
13697:             1             16  sun.reflect.GeneratedSerializationConstructorAccessor1489
13698:             1             16  sun.reflect.GeneratedSerializationConstructorAccessor150
13699:             1             16  sun.reflect.GeneratedSerializationConstructorAccessor152
13700:             1             16  sun.reflect.GeneratedSerializationConstructorAccessor154
13701:             1             16  sun.reflect.GeneratedSerializationConstructorAccessor155
13702:             1             16  sun.reflect.GeneratedSerializationConstructorAccessor15561
13703:             1             16  sun.reflect.GeneratedSerializationConstructorAccessor15562
13704:             1             16  sun.reflect.GeneratedSerializationConstructorAccessor15564
13705:             1             16  sun.reflect.GeneratedSerializationConstructorAccessor15565
13706:             1             16  sun.reflect.GeneratedSerializationConstructorAccessor15566
13707:             1             16  sun.reflect.GeneratedSerializationConstructorAccessor15568
13708:             1             16  sun.reflect.GeneratedSerializationConstructorAccessor15569
13709:             1             16  sun.reflect.GeneratedSerializationConstructorAccessor15570
13710:             1             16  sun.reflect.GeneratedSerializationConstructorAccessor15571
13711:             1             16  sun.reflect.GeneratedSerializationConstructorAccessor15573
13712:             1             16  sun.reflect.GeneratedSerializationConstructorAccessor15574
13713:             1             16  sun.reflect.GeneratedSerializationConstructorAccessor15575
13714:             1             16  sun.reflect.GeneratedSerializationConstructorAccessor15576
13715:             1             16  sun.reflect.GeneratedSerializationConstructorAccessor15577
13716:             1             16  sun.reflect.GeneratedSerializationConstructorAccessor156
13717:             1             16  sun.reflect.GeneratedSerializationConstructorAccessor158
13718:             1             16  sun.reflect.GeneratedSerializationConstructorAccessor159
13719:             1             16  sun.reflect.GeneratedSerializationConstructorAccessor161
13720:             1             16  sun.reflect.GeneratedSerializationConstructorAccessor1619
13721:             1             16  sun.reflect.GeneratedSerializationConstructorAccessor162
13722:             1             16  sun.reflect.GeneratedSerializationConstructorAccessor1620
13723:             1             16  sun.reflect.GeneratedSerializationConstructorAccessor1639
13724:             1             16  sun.reflect.GeneratedSerializationConstructorAccessor164
13725:             1             16  sun.reflect.GeneratedSerializationConstructorAccessor1640
13726:             1             16  sun.reflect.GeneratedSerializationConstructorAccessor166
13727:             1             16  sun.reflect.GeneratedSerializationConstructorAccessor168
13728:             1             16  sun.reflect.GeneratedSerializationConstructorAccessor170
13729:             1             16  sun.reflect.GeneratedSerializationConstructorAccessor172
13730:             1             16  sun.reflect.GeneratedSerializationConstructorAccessor1729
13731:             1             16  sun.reflect.GeneratedSerializationConstructorAccessor173
13732:             1             16  sun.reflect.GeneratedSerializationConstructorAccessor1730
13733:             1             16  sun.reflect.GeneratedSerializationConstructorAccessor1732
13734:             1             16  sun.reflect.GeneratedSerializationConstructorAccessor1733
13735:             1             16  sun.reflect.GeneratedSerializationConstructorAccessor1738
13736:             1             16  sun.reflect.GeneratedSerializationConstructorAccessor1739
13737:             1             16  sun.reflect.GeneratedSerializationConstructorAccessor1742
13738:             1             16  sun.reflect.GeneratedSerializationConstructorAccessor1743
13739:             1             16  sun.reflect.GeneratedSerializationConstructorAccessor1744
13740:             1             16  sun.reflect.GeneratedSerializationConstructorAccessor1745
13741:             1             16  sun.reflect.GeneratedSerializationConstructorAccessor1746
13742:             1             16  sun.reflect.GeneratedSerializationConstructorAccessor175
13743:             1             16  sun.reflect.GeneratedSerializationConstructorAccessor1750
13744:             1             16  sun.reflect.GeneratedSerializationConstructorAccessor1752
13745:             1             16  sun.reflect.GeneratedSerializationConstructorAccessor1753
13746:             1             16  sun.reflect.GeneratedSerializationConstructorAccessor17544
13747:             1             16  sun.reflect.GeneratedSerializationConstructorAccessor17546
13748:             1             16  sun.reflect.GeneratedSerializationConstructorAccessor17547
13749:             1             16  sun.reflect.GeneratedSerializationConstructorAccessor17548
13750:             1             16  sun.reflect.GeneratedSerializationConstructorAccessor17549
13751:             1             16  sun.reflect.GeneratedSerializationConstructorAccessor1755
13752:             1             16  sun.reflect.GeneratedSerializationConstructorAccessor17550
13753:             1             16  sun.reflect.GeneratedSerializationConstructorAccessor17552
13754:             1             16  sun.reflect.GeneratedSerializationConstructorAccessor17554
13755:             1             16  sun.reflect.GeneratedSerializationConstructorAccessor17556
13756:             1             16  sun.reflect.GeneratedSerializationConstructorAccessor17558
13757:             1             16  sun.reflect.GeneratedSerializationConstructorAccessor17560
13758:             1             16  sun.reflect.GeneratedSerializationConstructorAccessor17561
13759:             1             16  sun.reflect.GeneratedSerializationConstructorAccessor17562
13760:             1             16  sun.reflect.GeneratedSerializationConstructorAccessor17563
13761:             1             16  sun.reflect.GeneratedSerializationConstructorAccessor17564
13762:             1             16  sun.reflect.GeneratedSerializationConstructorAccessor17566
13763:             1             16  sun.reflect.GeneratedSerializationConstructorAccessor17568
13764:             1             16  sun.reflect.GeneratedSerializationConstructorAccessor1757
13765:             1             16  sun.reflect.GeneratedSerializationConstructorAccessor17572
13766:             1             16  sun.reflect.GeneratedSerializationConstructorAccessor17574
13767:             1             16  sun.reflect.GeneratedSerializationConstructorAccessor17575
13768:             1             16  sun.reflect.GeneratedSerializationConstructorAccessor17576
13769:             1             16  sun.reflect.GeneratedSerializationConstructorAccessor17577
13770:             1             16  sun.reflect.GeneratedSerializationConstructorAccessor17578
13771:             1             16  sun.reflect.GeneratedSerializationConstructorAccessor1758
13772:             1             16  sun.reflect.GeneratedSerializationConstructorAccessor17580
13773:             1             16  sun.reflect.GeneratedSerializationConstructorAccessor17582
13774:             1             16  sun.reflect.GeneratedSerializationConstructorAccessor17584
13775:             1             16  sun.reflect.GeneratedSerializationConstructorAccessor17585
13776:             1             16  sun.reflect.GeneratedSerializationConstructorAccessor17588
13777:             1             16  sun.reflect.GeneratedSerializationConstructorAccessor17589
13778:             1             16  sun.reflect.GeneratedSerializationConstructorAccessor17591
13779:             1             16  sun.reflect.GeneratedSerializationConstructorAccessor17593
13780:             1             16  sun.reflect.GeneratedSerializationConstructorAccessor17594
13781:             1             16  sun.reflect.GeneratedSerializationConstructorAccessor17595
13782:             1             16  sun.reflect.GeneratedSerializationConstructorAccessor17596
13783:             1             16  sun.reflect.GeneratedSerializationConstructorAccessor17597
13784:             1             16  sun.reflect.GeneratedSerializationConstructorAccessor17599
13785:             1             16  sun.reflect.GeneratedSerializationConstructorAccessor1760
13786:             1             16  sun.reflect.GeneratedSerializationConstructorAccessor17601
13787:             1             16  sun.reflect.GeneratedSerializationConstructorAccessor17603
13788:             1             16  sun.reflect.GeneratedSerializationConstructorAccessor17604
13789:             1             16  sun.reflect.GeneratedSerializationConstructorAccessor17605
13790:             1             16  sun.reflect.GeneratedSerializationConstructorAccessor17606
13791:             1             16  sun.reflect.GeneratedSerializationConstructorAccessor17607
13792:             1             16  sun.reflect.GeneratedSerializationConstructorAccessor17609
13793:             1             16  sun.reflect.GeneratedSerializationConstructorAccessor1761
13794:             1             16  sun.reflect.GeneratedSerializationConstructorAccessor17611
13795:             1             16  sun.reflect.GeneratedSerializationConstructorAccessor17612
13796:             1             16  sun.reflect.GeneratedSerializationConstructorAccessor17613
13797:             1             16  sun.reflect.GeneratedSerializationConstructorAccessor17614
13798:             1             16  sun.reflect.GeneratedSerializationConstructorAccessor17615
13799:             1             16  sun.reflect.GeneratedSerializationConstructorAccessor17617
13800:             1             16  sun.reflect.GeneratedSerializationConstructorAccessor17618
13801:             1             16  sun.reflect.GeneratedSerializationConstructorAccessor17619
13802:             1             16  sun.reflect.GeneratedSerializationConstructorAccessor17620
13803:             1             16  sun.reflect.GeneratedSerializationConstructorAccessor17621
13804:             1             16  sun.reflect.GeneratedSerializationConstructorAccessor17623
13805:             1             16  sun.reflect.GeneratedSerializationConstructorAccessor17625
13806:             1             16  sun.reflect.GeneratedSerializationConstructorAccessor17627
13807:             1             16  sun.reflect.GeneratedSerializationConstructorAccessor17628
13808:             1             16  sun.reflect.GeneratedSerializationConstructorAccessor17629
13809:             1             16  sun.reflect.GeneratedSerializationConstructorAccessor17630
13810:             1             16  sun.reflect.GeneratedSerializationConstructorAccessor17631
13811:             1             16  sun.reflect.GeneratedSerializationConstructorAccessor17633
13812:             1             16  sun.reflect.GeneratedSerializationConstructorAccessor17634
13813:             1             16  sun.reflect.GeneratedSerializationConstructorAccessor17635
13814:             1             16  sun.reflect.GeneratedSerializationConstructorAccessor17636
13815:             1             16  sun.reflect.GeneratedSerializationConstructorAccessor17637
13816:             1             16  sun.reflect.GeneratedSerializationConstructorAccessor17639
13817:             1             16  sun.reflect.GeneratedSerializationConstructorAccessor17640
13818:             1             16  sun.reflect.GeneratedSerializationConstructorAccessor17641
13819:             1             16  sun.reflect.GeneratedSerializationConstructorAccessor17642
13820:             1             16  sun.reflect.GeneratedSerializationConstructorAccessor17643
13821:             1             16  sun.reflect.GeneratedSerializationConstructorAccessor17693
13822:             1             16  sun.reflect.GeneratedSerializationConstructorAccessor17695
13823:             1             16  sun.reflect.GeneratedSerializationConstructorAccessor17697
13824:             1             16  sun.reflect.GeneratedSerializationConstructorAccessor17699
13825:             1             16  sun.reflect.GeneratedSerializationConstructorAccessor177
13826:             1             16  sun.reflect.GeneratedSerializationConstructorAccessor17700
13827:             1             16  sun.reflect.GeneratedSerializationConstructorAccessor17701
13828:             1             16  sun.reflect.GeneratedSerializationConstructorAccessor17702
13829:             1             16  sun.reflect.GeneratedSerializationConstructorAccessor17703
13830:             1             16  sun.reflect.GeneratedSerializationConstructorAccessor17705
13831:             1             16  sun.reflect.GeneratedSerializationConstructorAccessor17707
13832:             1             16  sun.reflect.GeneratedSerializationConstructorAccessor17709
13833:             1             16  sun.reflect.GeneratedSerializationConstructorAccessor17711
13834:             1             16  sun.reflect.GeneratedSerializationConstructorAccessor17713
13835:             1             16  sun.reflect.GeneratedSerializationConstructorAccessor17714
13836:             1             16  sun.reflect.GeneratedSerializationConstructorAccessor17715
13837:             1             16  sun.reflect.GeneratedSerializationConstructorAccessor17716
13838:             1             16  sun.reflect.GeneratedSerializationConstructorAccessor17717
13839:             1             16  sun.reflect.GeneratedSerializationConstructorAccessor17719
13840:             1             16  sun.reflect.GeneratedSerializationConstructorAccessor17721
13841:             1             16  sun.reflect.GeneratedSerializationConstructorAccessor17723
13842:             1             16  sun.reflect.GeneratedSerializationConstructorAccessor17727
13843:             1             16  sun.reflect.GeneratedSerializationConstructorAccessor17728
13844:             1             16  sun.reflect.GeneratedSerializationConstructorAccessor17729
13845:             1             16  sun.reflect.GeneratedSerializationConstructorAccessor17730
13846:             1             16  sun.reflect.GeneratedSerializationConstructorAccessor17731
13847:             1             16  sun.reflect.GeneratedSerializationConstructorAccessor17733
13848:             1             16  sun.reflect.GeneratedSerializationConstructorAccessor17734
13849:             1             16  sun.reflect.GeneratedSerializationConstructorAccessor17735
13850:             1             16  sun.reflect.GeneratedSerializationConstructorAccessor17736
13851:             1             16  sun.reflect.GeneratedSerializationConstructorAccessor17737
13852:             1             16  sun.reflect.GeneratedSerializationConstructorAccessor17739
13853:             1             16  sun.reflect.GeneratedSerializationConstructorAccessor17741
13854:             1             16  sun.reflect.GeneratedSerializationConstructorAccessor17742
13855:             1             16  sun.reflect.GeneratedSerializationConstructorAccessor17743
13856:             1             16  sun.reflect.GeneratedSerializationConstructorAccessor17744
13857:             1             16  sun.reflect.GeneratedSerializationConstructorAccessor17745
13858:             1             16  sun.reflect.GeneratedSerializationConstructorAccessor17747
13859:             1             16  sun.reflect.GeneratedSerializationConstructorAccessor17749
13860:             1             16  sun.reflect.GeneratedSerializationConstructorAccessor17750
13861:             1             16  sun.reflect.GeneratedSerializationConstructorAccessor17751
13862:             1             16  sun.reflect.GeneratedSerializationConstructorAccessor17752
13863:             1             16  sun.reflect.GeneratedSerializationConstructorAccessor17753
13864:             1             16  sun.reflect.GeneratedSerializationConstructorAccessor17759
13865:             1             16  sun.reflect.GeneratedSerializationConstructorAccessor17760
13866:             1             16  sun.reflect.GeneratedSerializationConstructorAccessor17761
13867:             1             16  sun.reflect.GeneratedSerializationConstructorAccessor17762
13868:             1             16  sun.reflect.GeneratedSerializationConstructorAccessor17763
13869:             1             16  sun.reflect.GeneratedSerializationConstructorAccessor17765
13870:             1             16  sun.reflect.GeneratedSerializationConstructorAccessor17766
13871:             1             16  sun.reflect.GeneratedSerializationConstructorAccessor17767
13872:             1             16  sun.reflect.GeneratedSerializationConstructorAccessor17768
13873:             1             16  sun.reflect.GeneratedSerializationConstructorAccessor17769
13874:             1             16  sun.reflect.GeneratedSerializationConstructorAccessor17771
13875:             1             16  sun.reflect.GeneratedSerializationConstructorAccessor17772
13876:             1             16  sun.reflect.GeneratedSerializationConstructorAccessor17773
13877:             1             16  sun.reflect.GeneratedSerializationConstructorAccessor17774
13878:             1             16  sun.reflect.GeneratedSerializationConstructorAccessor17775
13879:             1             16  sun.reflect.GeneratedSerializationConstructorAccessor17777
13880:             1             16  sun.reflect.GeneratedSerializationConstructorAccessor17778
13881:             1             16  sun.reflect.GeneratedSerializationConstructorAccessor17779
13882:             1             16  sun.reflect.GeneratedSerializationConstructorAccessor17780
13883:             1             16  sun.reflect.GeneratedSerializationConstructorAccessor17781
13884:             1             16  sun.reflect.GeneratedSerializationConstructorAccessor17783
13885:             1             16  sun.reflect.GeneratedSerializationConstructorAccessor17784
13886:             1             16  sun.reflect.GeneratedSerializationConstructorAccessor17785
13887:             1             16  sun.reflect.GeneratedSerializationConstructorAccessor17786
13888:             1             16  sun.reflect.GeneratedSerializationConstructorAccessor17787
13889:             1             16  sun.reflect.GeneratedSerializationConstructorAccessor17789
13890:             1             16  sun.reflect.GeneratedSerializationConstructorAccessor17790
13891:             1             16  sun.reflect.GeneratedSerializationConstructorAccessor17791
13892:             1             16  sun.reflect.GeneratedSerializationConstructorAccessor17792
13893:             1             16  sun.reflect.GeneratedSerializationConstructorAccessor17793
13894:             1             16  sun.reflect.GeneratedSerializationConstructorAccessor17795
13895:             1             16  sun.reflect.GeneratedSerializationConstructorAccessor17797
13896:             1             16  sun.reflect.GeneratedSerializationConstructorAccessor17799
13897:             1             16  sun.reflect.GeneratedSerializationConstructorAccessor17800
13898:             1             16  sun.reflect.GeneratedSerializationConstructorAccessor17801
13899:             1             16  sun.reflect.GeneratedSerializationConstructorAccessor17802
13900:             1             16  sun.reflect.GeneratedSerializationConstructorAccessor17803
13901:             1             16  sun.reflect.GeneratedSerializationConstructorAccessor17805
13902:             1             16  sun.reflect.GeneratedSerializationConstructorAccessor17806
13903:             1             16  sun.reflect.GeneratedSerializationConstructorAccessor17807
13904:             1             16  sun.reflect.GeneratedSerializationConstructorAccessor17808
13905:             1             16  sun.reflect.GeneratedSerializationConstructorAccessor17809
13906:             1             16  sun.reflect.GeneratedSerializationConstructorAccessor17811
13907:             1             16  sun.reflect.GeneratedSerializationConstructorAccessor17812
13908:             1             16  sun.reflect.GeneratedSerializationConstructorAccessor17813
13909:             1             16  sun.reflect.GeneratedSerializationConstructorAccessor17814
13910:             1             16  sun.reflect.GeneratedSerializationConstructorAccessor17815
13911:             1             16  sun.reflect.GeneratedSerializationConstructorAccessor17817
13912:             1             16  sun.reflect.GeneratedSerializationConstructorAccessor17818
13913:             1             16  sun.reflect.GeneratedSerializationConstructorAccessor17819
13914:             1             16  sun.reflect.GeneratedSerializationConstructorAccessor17820
13915:             1             16  sun.reflect.GeneratedSerializationConstructorAccessor17821
13916:             1             16  sun.reflect.GeneratedSerializationConstructorAccessor17823
13917:             1             16  sun.reflect.GeneratedSerializationConstructorAccessor17825
13918:             1             16  sun.reflect.GeneratedSerializationConstructorAccessor17861
13919:             1             16  sun.reflect.GeneratedSerializationConstructorAccessor17862
13920:             1             16  sun.reflect.GeneratedSerializationConstructorAccessor17863
13921:             1             16  sun.reflect.GeneratedSerializationConstructorAccessor17864
13922:             1             16  sun.reflect.GeneratedSerializationConstructorAccessor17865
13923:             1             16  sun.reflect.GeneratedSerializationConstructorAccessor17867
13924:             1             16  sun.reflect.GeneratedSerializationConstructorAccessor17868
13925:             1             16  sun.reflect.GeneratedSerializationConstructorAccessor17869
13926:             1             16  sun.reflect.GeneratedSerializationConstructorAccessor17870
13927:             1             16  sun.reflect.GeneratedSerializationConstructorAccessor17871
13928:             1             16  sun.reflect.GeneratedSerializationConstructorAccessor17873
13929:             1             16  sun.reflect.GeneratedSerializationConstructorAccessor17874
13930:             1             16  sun.reflect.GeneratedSerializationConstructorAccessor17875
13931:             1             16  sun.reflect.GeneratedSerializationConstructorAccessor17876
13932:             1             16  sun.reflect.GeneratedSerializationConstructorAccessor17877
13933:             1             16  sun.reflect.GeneratedSerializationConstructorAccessor17879
13934:             1             16  sun.reflect.GeneratedSerializationConstructorAccessor17880
13935:             1             16  sun.reflect.GeneratedSerializationConstructorAccessor17881
13936:             1             16  sun.reflect.GeneratedSerializationConstructorAccessor17882
13937:             1             16  sun.reflect.GeneratedSerializationConstructorAccessor17883
13938:             1             16  sun.reflect.GeneratedSerializationConstructorAccessor17885
13939:             1             16  sun.reflect.GeneratedSerializationConstructorAccessor17887
13940:             1             16  sun.reflect.GeneratedSerializationConstructorAccessor17892
13941:             1             16  sun.reflect.GeneratedSerializationConstructorAccessor17893
13942:             1             16  sun.reflect.GeneratedSerializationConstructorAccessor17894
13943:             1             16  sun.reflect.GeneratedSerializationConstructorAccessor17895
13944:             1             16  sun.reflect.GeneratedSerializationConstructorAccessor17896
13945:             1             16  sun.reflect.GeneratedSerializationConstructorAccessor17898
13946:             1             16  sun.reflect.GeneratedSerializationConstructorAccessor17899
13947:             1             16  sun.reflect.GeneratedSerializationConstructorAccessor179
13948:             1             16  sun.reflect.GeneratedSerializationConstructorAccessor17900
13949:             1             16  sun.reflect.GeneratedSerializationConstructorAccessor17901
13950:             1             16  sun.reflect.GeneratedSerializationConstructorAccessor17902
13951:             1             16  sun.reflect.GeneratedSerializationConstructorAccessor17904
13952:             1             16  sun.reflect.GeneratedSerializationConstructorAccessor17905
13953:             1             16  sun.reflect.GeneratedSerializationConstructorAccessor17906
13954:             1             16  sun.reflect.GeneratedSerializationConstructorAccessor17907
13955:             1             16  sun.reflect.GeneratedSerializationConstructorAccessor17908
13956:             1             16  sun.reflect.GeneratedSerializationConstructorAccessor17910
13957:             1             16  sun.reflect.GeneratedSerializationConstructorAccessor17911
13958:             1             16  sun.reflect.GeneratedSerializationConstructorAccessor17912
13959:             1             16  sun.reflect.GeneratedSerializationConstructorAccessor17913
13960:             1             16  sun.reflect.GeneratedSerializationConstructorAccessor17914
13961:             1             16  sun.reflect.GeneratedSerializationConstructorAccessor17916
13962:             1             16  sun.reflect.GeneratedSerializationConstructorAccessor17918
13963:             1             16  sun.reflect.GeneratedSerializationConstructorAccessor17920
13964:             1             16  sun.reflect.GeneratedSerializationConstructorAccessor17921
13965:             1             16  sun.reflect.GeneratedSerializationConstructorAccessor17922
13966:             1             16  sun.reflect.GeneratedSerializationConstructorAccessor17923
13967:             1             16  sun.reflect.GeneratedSerializationConstructorAccessor17924
13968:             1             16  sun.reflect.GeneratedSerializationConstructorAccessor17926
13969:             1             16  sun.reflect.GeneratedSerializationConstructorAccessor17928
13970:             1             16  sun.reflect.GeneratedSerializationConstructorAccessor17930
13971:             1             16  sun.reflect.GeneratedSerializationConstructorAccessor17932
13972:             1             16  sun.reflect.GeneratedSerializationConstructorAccessor17934
13973:             1             16  sun.reflect.GeneratedSerializationConstructorAccessor17935
13974:             1             16  sun.reflect.GeneratedSerializationConstructorAccessor17936
13975:             1             16  sun.reflect.GeneratedSerializationConstructorAccessor17937
13976:             1             16  sun.reflect.GeneratedSerializationConstructorAccessor17938
13977:             1             16  sun.reflect.GeneratedSerializationConstructorAccessor17940
13978:             1             16  sun.reflect.GeneratedSerializationConstructorAccessor17942
13979:             1             16  sun.reflect.GeneratedSerializationConstructorAccessor17944
13980:             1             16  sun.reflect.GeneratedSerializationConstructorAccessor17946
13981:             1             16  sun.reflect.GeneratedSerializationConstructorAccessor17948
13982:             1             16  sun.reflect.GeneratedSerializationConstructorAccessor17949
13983:             1             16  sun.reflect.GeneratedSerializationConstructorAccessor17950
13984:             1             16  sun.reflect.GeneratedSerializationConstructorAccessor17951
13985:             1             16  sun.reflect.GeneratedSerializationConstructorAccessor17952
13986:             1             16  sun.reflect.GeneratedSerializationConstructorAccessor17954
13987:             1             16  sun.reflect.GeneratedSerializationConstructorAccessor17956
13988:             1             16  sun.reflect.GeneratedSerializationConstructorAccessor17958
13989:             1             16  sun.reflect.GeneratedSerializationConstructorAccessor17960
13990:             1             16  sun.reflect.GeneratedSerializationConstructorAccessor17962
13991:             1             16  sun.reflect.GeneratedSerializationConstructorAccessor17963
13992:             1             16  sun.reflect.GeneratedSerializationConstructorAccessor17964
13993:             1             16  sun.reflect.GeneratedSerializationConstructorAccessor17965
13994:             1             16  sun.reflect.GeneratedSerializationConstructorAccessor17966
13995:             1             16  sun.reflect.GeneratedSerializationConstructorAccessor17968
13996:             1             16  sun.reflect.GeneratedSerializationConstructorAccessor17970
13997:             1             16  sun.reflect.GeneratedSerializationConstructorAccessor17972
13998:             1             16  sun.reflect.GeneratedSerializationConstructorAccessor17973
13999:             1             16  sun.reflect.GeneratedSerializationConstructorAccessor17974
14000:             1             16  sun.reflect.GeneratedSerializationConstructorAccessor17975
14001:             1             16  sun.reflect.GeneratedSerializationConstructorAccessor17976
14002:             1             16  sun.reflect.GeneratedSerializationConstructorAccessor17978
14003:             1             16  sun.reflect.GeneratedSerializationConstructorAccessor17980
14004:             1             16  sun.reflect.GeneratedSerializationConstructorAccessor17982
14005:             1             16  sun.reflect.GeneratedSerializationConstructorAccessor17984
14006:             1             16  sun.reflect.GeneratedSerializationConstructorAccessor17990
14007:             1             16  sun.reflect.GeneratedSerializationConstructorAccessor17991
14008:             1             16  sun.reflect.GeneratedSerializationConstructorAccessor17992
14009:             1             16  sun.reflect.GeneratedSerializationConstructorAccessor17993
14010:             1             16  sun.reflect.GeneratedSerializationConstructorAccessor17994
14011:             1             16  sun.reflect.GeneratedSerializationConstructorAccessor17996
14012:             1             16  sun.reflect.GeneratedSerializationConstructorAccessor17998
14013:             1             16  sun.reflect.GeneratedSerializationConstructorAccessor180
14014:             1             16  sun.reflect.GeneratedSerializationConstructorAccessor18000
14015:             1             16  sun.reflect.GeneratedSerializationConstructorAccessor18001
14016:             1             16  sun.reflect.GeneratedSerializationConstructorAccessor18002
14017:             1             16  sun.reflect.GeneratedSerializationConstructorAccessor18003
14018:             1             16  sun.reflect.GeneratedSerializationConstructorAccessor18004
14019:             1             16  sun.reflect.GeneratedSerializationConstructorAccessor18006
14020:             1             16  sun.reflect.GeneratedSerializationConstructorAccessor18007
14021:             1             16  sun.reflect.GeneratedSerializationConstructorAccessor18008
14022:             1             16  sun.reflect.GeneratedSerializationConstructorAccessor18009
14023:             1             16  sun.reflect.GeneratedSerializationConstructorAccessor18010
14024:             1             16  sun.reflect.GeneratedSerializationConstructorAccessor18012
14025:             1             16  sun.reflect.GeneratedSerializationConstructorAccessor18013
14026:             1             16  sun.reflect.GeneratedSerializationConstructorAccessor18014
14027:             1             16  sun.reflect.GeneratedSerializationConstructorAccessor18015
14028:             1             16  sun.reflect.GeneratedSerializationConstructorAccessor18016
14029:             1             16  sun.reflect.GeneratedSerializationConstructorAccessor18018
14030:             1             16  sun.reflect.GeneratedSerializationConstructorAccessor18019
14031:             1             16  sun.reflect.GeneratedSerializationConstructorAccessor18020
14032:             1             16  sun.reflect.GeneratedSerializationConstructorAccessor18021
14033:             1             16  sun.reflect.GeneratedSerializationConstructorAccessor18022
14034:             1             16  sun.reflect.GeneratedSerializationConstructorAccessor18024
14035:             1             16  sun.reflect.GeneratedSerializationConstructorAccessor18026
14036:             1             16  sun.reflect.GeneratedSerializationConstructorAccessor18027
14037:             1             16  sun.reflect.GeneratedSerializationConstructorAccessor18028
14038:             1             16  sun.reflect.GeneratedSerializationConstructorAccessor18029
14039:             1             16  sun.reflect.GeneratedSerializationConstructorAccessor18030
14040:             1             16  sun.reflect.GeneratedSerializationConstructorAccessor18032
14041:             1             16  sun.reflect.GeneratedSerializationConstructorAccessor18033
14042:             1             16  sun.reflect.GeneratedSerializationConstructorAccessor18034
14043:             1             16  sun.reflect.GeneratedSerializationConstructorAccessor18035
14044:             1             16  sun.reflect.GeneratedSerializationConstructorAccessor18036
14045:             1             16  sun.reflect.GeneratedSerializationConstructorAccessor18038
14046:             1             16  sun.reflect.GeneratedSerializationConstructorAccessor18039
14047:             1             16  sun.reflect.GeneratedSerializationConstructorAccessor18040
14048:             1             16  sun.reflect.GeneratedSerializationConstructorAccessor18041
14049:             1             16  sun.reflect.GeneratedSerializationConstructorAccessor18042
14050:             1             16  sun.reflect.GeneratedSerializationConstructorAccessor18044
14051:             1             16  sun.reflect.GeneratedSerializationConstructorAccessor18045
14052:             1             16  sun.reflect.GeneratedSerializationConstructorAccessor18046
14053:             1             16  sun.reflect.GeneratedSerializationConstructorAccessor18047
14054:             1             16  sun.reflect.GeneratedSerializationConstructorAccessor18048
14055:             1             16  sun.reflect.GeneratedSerializationConstructorAccessor18050
14056:             1             16  sun.reflect.GeneratedSerializationConstructorAccessor18051
14057:             1             16  sun.reflect.GeneratedSerializationConstructorAccessor18052
14058:             1             16  sun.reflect.GeneratedSerializationConstructorAccessor18053
14059:             1             16  sun.reflect.GeneratedSerializationConstructorAccessor18054
14060:             1             16  sun.reflect.GeneratedSerializationConstructorAccessor18056
14061:             1             16  sun.reflect.GeneratedSerializationConstructorAccessor18057
14062:             1             16  sun.reflect.GeneratedSerializationConstructorAccessor18058
14063:             1             16  sun.reflect.GeneratedSerializationConstructorAccessor18059
14064:             1             16  sun.reflect.GeneratedSerializationConstructorAccessor18060
14065:             1             16  sun.reflect.GeneratedSerializationConstructorAccessor18062
14066:             1             16  sun.reflect.GeneratedSerializationConstructorAccessor18063
14067:             1             16  sun.reflect.GeneratedSerializationConstructorAccessor18064
14068:             1             16  sun.reflect.GeneratedSerializationConstructorAccessor18065
14069:             1             16  sun.reflect.GeneratedSerializationConstructorAccessor18066
14070:             1             16  sun.reflect.GeneratedSerializationConstructorAccessor18068
14071:             1             16  sun.reflect.GeneratedSerializationConstructorAccessor18069
14072:             1             16  sun.reflect.GeneratedSerializationConstructorAccessor18070
14073:             1             16  sun.reflect.GeneratedSerializationConstructorAccessor18071
14074:             1             16  sun.reflect.GeneratedSerializationConstructorAccessor18072
14075:             1             16  sun.reflect.GeneratedSerializationConstructorAccessor18074
14076:             1             16  sun.reflect.GeneratedSerializationConstructorAccessor18076
14077:             1             16  sun.reflect.GeneratedSerializationConstructorAccessor18078
14078:             1             16  sun.reflect.GeneratedSerializationConstructorAccessor18080
14079:             1             16  sun.reflect.GeneratedSerializationConstructorAccessor18082
14080:             1             16  sun.reflect.GeneratedSerializationConstructorAccessor18084
14081:             1             16  sun.reflect.GeneratedSerializationConstructorAccessor18086
14082:             1             16  sun.reflect.GeneratedSerializationConstructorAccessor18088
14083:             1             16  sun.reflect.GeneratedSerializationConstructorAccessor18090
14084:             1             16  sun.reflect.GeneratedSerializationConstructorAccessor18092
14085:             1             16  sun.reflect.GeneratedSerializationConstructorAccessor18094
14086:             1             16  sun.reflect.GeneratedSerializationConstructorAccessor18096
14087:             1             16  sun.reflect.GeneratedSerializationConstructorAccessor18098
14088:             1             16  sun.reflect.GeneratedSerializationConstructorAccessor18114
14089:             1             16  sun.reflect.GeneratedSerializationConstructorAccessor18116
14090:             1             16  sun.reflect.GeneratedSerializationConstructorAccessor18117
14091:             1             16  sun.reflect.GeneratedSerializationConstructorAccessor18118
14092:             1             16  sun.reflect.GeneratedSerializationConstructorAccessor18119
14093:             1             16  sun.reflect.GeneratedSerializationConstructorAccessor18120
14094:             1             16  sun.reflect.GeneratedSerializationConstructorAccessor18122
14095:             1             16  sun.reflect.GeneratedSerializationConstructorAccessor18124
14096:             1             16  sun.reflect.GeneratedSerializationConstructorAccessor18126
14097:             1             16  sun.reflect.GeneratedSerializationConstructorAccessor18158
14098:             1             16  sun.reflect.GeneratedSerializationConstructorAccessor18159
14099:             1             16  sun.reflect.GeneratedSerializationConstructorAccessor18160
14100:             1             16  sun.reflect.GeneratedSerializationConstructorAccessor18161
14101:             1             16  sun.reflect.GeneratedSerializationConstructorAccessor18162
14102:             1             16  sun.reflect.GeneratedSerializationConstructorAccessor18164
14103:             1             16  sun.reflect.GeneratedSerializationConstructorAccessor18165
14104:             1             16  sun.reflect.GeneratedSerializationConstructorAccessor18166
14105:             1             16  sun.reflect.GeneratedSerializationConstructorAccessor18167
14106:             1             16  sun.reflect.GeneratedSerializationConstructorAccessor18168
14107:             1             16  sun.reflect.GeneratedSerializationConstructorAccessor18170
14108:             1             16  sun.reflect.GeneratedSerializationConstructorAccessor18171
14109:             1             16  sun.reflect.GeneratedSerializationConstructorAccessor18172
14110:             1             16  sun.reflect.GeneratedSerializationConstructorAccessor18173
14111:             1             16  sun.reflect.GeneratedSerializationConstructorAccessor18174
14112:             1             16  sun.reflect.GeneratedSerializationConstructorAccessor18176
14113:             1             16  sun.reflect.GeneratedSerializationConstructorAccessor18177
14114:             1             16  sun.reflect.GeneratedSerializationConstructorAccessor18178
14115:             1             16  sun.reflect.GeneratedSerializationConstructorAccessor18179
14116:             1             16  sun.reflect.GeneratedSerializationConstructorAccessor18180
14117:             1             16  sun.reflect.GeneratedSerializationConstructorAccessor18182
14118:             1             16  sun.reflect.GeneratedSerializationConstructorAccessor18184
14119:             1             16  sun.reflect.GeneratedSerializationConstructorAccessor18185
14120:             1             16  sun.reflect.GeneratedSerializationConstructorAccessor18186
14121:             1             16  sun.reflect.GeneratedSerializationConstructorAccessor18187
14122:             1             16  sun.reflect.GeneratedSerializationConstructorAccessor18188
14123:             1             16  sun.reflect.GeneratedSerializationConstructorAccessor18190
14124:             1             16  sun.reflect.GeneratedSerializationConstructorAccessor18192
14125:             1             16  sun.reflect.GeneratedSerializationConstructorAccessor18194
14126:             1             16  sun.reflect.GeneratedSerializationConstructorAccessor18196
14127:             1             16  sun.reflect.GeneratedSerializationConstructorAccessor18198
14128:             1             16  sun.reflect.GeneratedSerializationConstructorAccessor182
14129:             1             16  sun.reflect.GeneratedSerializationConstructorAccessor18200
14130:             1             16  sun.reflect.GeneratedSerializationConstructorAccessor18202
14131:             1             16  sun.reflect.GeneratedSerializationConstructorAccessor18203
14132:             1             16  sun.reflect.GeneratedSerializationConstructorAccessor18204
14133:             1             16  sun.reflect.GeneratedSerializationConstructorAccessor18205
14134:             1             16  sun.reflect.GeneratedSerializationConstructorAccessor18206
14135:             1             16  sun.reflect.GeneratedSerializationConstructorAccessor18208
14136:             1             16  sun.reflect.GeneratedSerializationConstructorAccessor18210
14137:             1             16  sun.reflect.GeneratedSerializationConstructorAccessor18213
14138:             1             16  sun.reflect.GeneratedSerializationConstructorAccessor18215
14139:             1             16  sun.reflect.GeneratedSerializationConstructorAccessor18216
14140:             1             16  sun.reflect.GeneratedSerializationConstructorAccessor18217
14141:             1             16  sun.reflect.GeneratedSerializationConstructorAccessor18218
14142:             1             16  sun.reflect.GeneratedSerializationConstructorAccessor18219
14143:             1             16  sun.reflect.GeneratedSerializationConstructorAccessor18221
14144:             1             16  sun.reflect.GeneratedSerializationConstructorAccessor18222
14145:             1             16  sun.reflect.GeneratedSerializationConstructorAccessor18223
14146:             1             16  sun.reflect.GeneratedSerializationConstructorAccessor18224
14147:             1             16  sun.reflect.GeneratedSerializationConstructorAccessor18225
14148:             1             16  sun.reflect.GeneratedSerializationConstructorAccessor18227
14149:             1             16  sun.reflect.GeneratedSerializationConstructorAccessor18228
14150:             1             16  sun.reflect.GeneratedSerializationConstructorAccessor18229
14151:             1             16  sun.reflect.GeneratedSerializationConstructorAccessor18230
14152:             1             16  sun.reflect.GeneratedSerializationConstructorAccessor18231
14153:             1             16  sun.reflect.GeneratedSerializationConstructorAccessor18233
14154:             1             16  sun.reflect.GeneratedSerializationConstructorAccessor18234
14155:             1             16  sun.reflect.GeneratedSerializationConstructorAccessor18235
14156:             1             16  sun.reflect.GeneratedSerializationConstructorAccessor18236
14157:             1             16  sun.reflect.GeneratedSerializationConstructorAccessor18237
14158:             1             16  sun.reflect.GeneratedSerializationConstructorAccessor18239
14159:             1             16  sun.reflect.GeneratedSerializationConstructorAccessor18247
14160:             1             16  sun.reflect.GeneratedSerializationConstructorAccessor18254
14161:             1             16  sun.reflect.GeneratedSerializationConstructorAccessor18255
14162:             1             16  sun.reflect.GeneratedSerializationConstructorAccessor18256
14163:             1             16  sun.reflect.GeneratedSerializationConstructorAccessor18257
14164:             1             16  sun.reflect.GeneratedSerializationConstructorAccessor18258
14165:             1             16  sun.reflect.GeneratedSerializationConstructorAccessor18260
14166:             1             16  sun.reflect.GeneratedSerializationConstructorAccessor18261
14167:             1             16  sun.reflect.GeneratedSerializationConstructorAccessor18262
14168:             1             16  sun.reflect.GeneratedSerializationConstructorAccessor18263
14169:             1             16  sun.reflect.GeneratedSerializationConstructorAccessor18264
14170:             1             16  sun.reflect.GeneratedSerializationConstructorAccessor18266
14171:             1             16  sun.reflect.GeneratedSerializationConstructorAccessor18267
14172:             1             16  sun.reflect.GeneratedSerializationConstructorAccessor18268
14173:             1             16  sun.reflect.GeneratedSerializationConstructorAccessor18269
14174:             1             16  sun.reflect.GeneratedSerializationConstructorAccessor18270
14175:             1             16  sun.reflect.GeneratedSerializationConstructorAccessor18272
14176:             1             16  sun.reflect.GeneratedSerializationConstructorAccessor18273
14177:             1             16  sun.reflect.GeneratedSerializationConstructorAccessor18274
14178:             1             16  sun.reflect.GeneratedSerializationConstructorAccessor18275
14179:             1             16  sun.reflect.GeneratedSerializationConstructorAccessor18276
14180:             1             16  sun.reflect.GeneratedSerializationConstructorAccessor18278
14181:             1             16  sun.reflect.GeneratedSerializationConstructorAccessor183
14182:             1             16  sun.reflect.GeneratedSerializationConstructorAccessor18300
14183:             1             16  sun.reflect.GeneratedSerializationConstructorAccessor18302
14184:             1             16  sun.reflect.GeneratedSerializationConstructorAccessor18304
14185:             1             16  sun.reflect.GeneratedSerializationConstructorAccessor1831
14186:             1             16  sun.reflect.GeneratedSerializationConstructorAccessor18310
14187:             1             16  sun.reflect.GeneratedSerializationConstructorAccessor18312
14188:             1             16  sun.reflect.GeneratedSerializationConstructorAccessor18319
14189:             1             16  sun.reflect.GeneratedSerializationConstructorAccessor18323
14190:             1             16  sun.reflect.GeneratedSerializationConstructorAccessor1833
14191:             1             16  sun.reflect.GeneratedSerializationConstructorAccessor1835
14192:             1             16  sun.reflect.GeneratedSerializationConstructorAccessor1837
14193:             1             16  sun.reflect.GeneratedSerializationConstructorAccessor1838
14194:             1             16  sun.reflect.GeneratedSerializationConstructorAccessor1839
14195:             1             16  sun.reflect.GeneratedSerializationConstructorAccessor184
14196:             1             16  sun.reflect.GeneratedSerializationConstructorAccessor1840
14197:             1             16  sun.reflect.GeneratedSerializationConstructorAccessor1841
14198:             1             16  sun.reflect.GeneratedSerializationConstructorAccessor1842
14199:             1             16  sun.reflect.GeneratedSerializationConstructorAccessor1843
14200:             1             16  sun.reflect.GeneratedSerializationConstructorAccessor1844
14201:             1             16  sun.reflect.GeneratedSerializationConstructorAccessor186
14202:             1             16  sun.reflect.GeneratedSerializationConstructorAccessor188
14203:             1             16  sun.reflect.GeneratedSerializationConstructorAccessor190
14204:             1             16  sun.reflect.GeneratedSerializationConstructorAccessor192
14205:             1             16  sun.reflect.GeneratedSerializationConstructorAccessor1927
14206:             1             16  sun.reflect.GeneratedSerializationConstructorAccessor1928
14207:             1             16  sun.reflect.GeneratedSerializationConstructorAccessor193
14208:             1             16  sun.reflect.GeneratedSerializationConstructorAccessor1930
14209:             1             16  sun.reflect.GeneratedSerializationConstructorAccessor1932
14210:             1             16  sun.reflect.GeneratedSerializationConstructorAccessor1934
14211:             1             16  sun.reflect.GeneratedSerializationConstructorAccessor1935
14212:             1             16  sun.reflect.GeneratedSerializationConstructorAccessor1937
14213:             1             16  sun.reflect.GeneratedSerializationConstructorAccessor1939
14214:             1             16  sun.reflect.GeneratedSerializationConstructorAccessor1940
14215:             1             16  sun.reflect.GeneratedSerializationConstructorAccessor1942
14216:             1             16  sun.reflect.GeneratedSerializationConstructorAccessor1943
14217:             1             16  sun.reflect.GeneratedSerializationConstructorAccessor1947
14218:             1             16  sun.reflect.GeneratedSerializationConstructorAccessor1948
14219:             1             16  sun.reflect.GeneratedSerializationConstructorAccessor195
14220:             1             16  sun.reflect.GeneratedSerializationConstructorAccessor1950
14221:             1             16  sun.reflect.GeneratedSerializationConstructorAccessor1951
14222:             1             16  sun.reflect.GeneratedSerializationConstructorAccessor196
14223:             1             16  sun.reflect.GeneratedSerializationConstructorAccessor1973
14224:             1             16  sun.reflect.GeneratedSerializationConstructorAccessor1974
14225:             1             16  sun.reflect.GeneratedSerializationConstructorAccessor1975
14226:             1             16  sun.reflect.GeneratedSerializationConstructorAccessor1979
14227:             1             16  sun.reflect.GeneratedSerializationConstructorAccessor2015
14228:             1             16  sun.reflect.GeneratedSerializationConstructorAccessor2017
14229:             1             16  sun.reflect.GeneratedSerializationConstructorAccessor2018
14230:             1             16  sun.reflect.GeneratedSerializationConstructorAccessor2019
14231:             1             16  sun.reflect.GeneratedSerializationConstructorAccessor227
14232:             1             16  sun.reflect.GeneratedSerializationConstructorAccessor2289
14233:             1             16  sun.reflect.GeneratedSerializationConstructorAccessor229
14234:             1             16  sun.reflect.GeneratedSerializationConstructorAccessor231
14235:             1             16  sun.reflect.GeneratedSerializationConstructorAccessor232
14236:             1             16  sun.reflect.GeneratedSerializationConstructorAccessor234
14237:             1             16  sun.reflect.GeneratedSerializationConstructorAccessor235
14238:             1             16  sun.reflect.GeneratedSerializationConstructorAccessor237
14239:             1             16  sun.reflect.GeneratedSerializationConstructorAccessor2378
14240:             1             16  sun.reflect.GeneratedSerializationConstructorAccessor238
14241:             1             16  sun.reflect.GeneratedSerializationConstructorAccessor2380
14242:             1             16  sun.reflect.GeneratedSerializationConstructorAccessor2381
14243:             1             16  sun.reflect.GeneratedSerializationConstructorAccessor2382
14244:             1             16  sun.reflect.GeneratedSerializationConstructorAccessor2383
14245:             1             16  sun.reflect.GeneratedSerializationConstructorAccessor2384
14246:             1             16  sun.reflect.GeneratedSerializationConstructorAccessor2386
14247:             1             16  sun.reflect.GeneratedSerializationConstructorAccessor2388
14248:             1             16  sun.reflect.GeneratedSerializationConstructorAccessor241
14249:             1             16  sun.reflect.GeneratedSerializationConstructorAccessor243
14250:             1             16  sun.reflect.GeneratedSerializationConstructorAccessor247
14251:             1             16  sun.reflect.GeneratedSerializationConstructorAccessor248
14252:             1             16  sun.reflect.GeneratedSerializationConstructorAccessor249
14253:             1             16  sun.reflect.GeneratedSerializationConstructorAccessor251
14254:             1             16  sun.reflect.GeneratedSerializationConstructorAccessor252
14255:             1             16  sun.reflect.GeneratedSerializationConstructorAccessor253
14256:             1             16  sun.reflect.GeneratedSerializationConstructorAccessor255
14257:             1             16  sun.reflect.GeneratedSerializationConstructorAccessor256
14258:             1             16  sun.reflect.GeneratedSerializationConstructorAccessor257
14259:             1             16  sun.reflect.GeneratedSerializationConstructorAccessor258
14260:             1             16  sun.reflect.GeneratedSerializationConstructorAccessor2596
14261:             1             16  sun.reflect.GeneratedSerializationConstructorAccessor2598
14262:             1             16  sun.reflect.GeneratedSerializationConstructorAccessor260
14263:             1             16  sun.reflect.GeneratedSerializationConstructorAccessor2600
14264:             1             16  sun.reflect.GeneratedSerializationConstructorAccessor2602
14265:             1             16  sun.reflect.GeneratedSerializationConstructorAccessor2603
14266:             1             16  sun.reflect.GeneratedSerializationConstructorAccessor261
14267:             1             16  sun.reflect.GeneratedSerializationConstructorAccessor262
14268:             1             16  sun.reflect.GeneratedSerializationConstructorAccessor263
14269:             1             16  sun.reflect.GeneratedSerializationConstructorAccessor264
14270:             1             16  sun.reflect.GeneratedSerializationConstructorAccessor266
14271:             1             16  sun.reflect.GeneratedSerializationConstructorAccessor267
14272:             1             16  sun.reflect.GeneratedSerializationConstructorAccessor2675
14273:             1             16  sun.reflect.GeneratedSerializationConstructorAccessor2677
14274:             1             16  sun.reflect.GeneratedSerializationConstructorAccessor2679
14275:             1             16  sun.reflect.GeneratedSerializationConstructorAccessor268
14276:             1             16  sun.reflect.GeneratedSerializationConstructorAccessor2680
14277:             1             16  sun.reflect.GeneratedSerializationConstructorAccessor2682
14278:             1             16  sun.reflect.GeneratedSerializationConstructorAccessor2684
14279:             1             16  sun.reflect.GeneratedSerializationConstructorAccessor2685
14280:             1             16  sun.reflect.GeneratedSerializationConstructorAccessor2687
14281:             1             16  sun.reflect.GeneratedSerializationConstructorAccessor2688
14282:             1             16  sun.reflect.GeneratedSerializationConstructorAccessor2689
14283:             1             16  sun.reflect.GeneratedSerializationConstructorAccessor269
14284:             1             16  sun.reflect.GeneratedSerializationConstructorAccessor2691
14285:             1             16  sun.reflect.GeneratedSerializationConstructorAccessor2692
14286:             1             16  sun.reflect.GeneratedSerializationConstructorAccessor2693
14287:             1             16  sun.reflect.GeneratedSerializationConstructorAccessor2694
14288:             1             16  sun.reflect.GeneratedSerializationConstructorAccessor2696
14289:             1             16  sun.reflect.GeneratedSerializationConstructorAccessor2698
14290:             1             16  sun.reflect.GeneratedSerializationConstructorAccessor2700
14291:             1             16  sun.reflect.GeneratedSerializationConstructorAccessor2701
14292:             1             16  sun.reflect.GeneratedSerializationConstructorAccessor2703
14293:             1             16  sun.reflect.GeneratedSerializationConstructorAccessor2705
14294:             1             16  sun.reflect.GeneratedSerializationConstructorAccessor2707
14295:             1             16  sun.reflect.GeneratedSerializationConstructorAccessor2708
14296:             1             16  sun.reflect.GeneratedSerializationConstructorAccessor2709
14297:             1             16  sun.reflect.GeneratedSerializationConstructorAccessor2711
14298:             1             16  sun.reflect.GeneratedSerializationConstructorAccessor2712
14299:             1             16  sun.reflect.GeneratedSerializationConstructorAccessor2713
14300:             1             16  sun.reflect.GeneratedSerializationConstructorAccessor2714
14301:             1             16  sun.reflect.GeneratedSerializationConstructorAccessor2715
14302:             1             16  sun.reflect.GeneratedSerializationConstructorAccessor2716
14303:             1             16  sun.reflect.GeneratedSerializationConstructorAccessor2718
14304:             1             16  sun.reflect.GeneratedSerializationConstructorAccessor2720
14305:             1             16  sun.reflect.GeneratedSerializationConstructorAccessor2721
14306:             1             16  sun.reflect.GeneratedSerializationConstructorAccessor2722
14307:             1             16  sun.reflect.GeneratedSerializationConstructorAccessor277
14308:             1             16  sun.reflect.GeneratedSerializationConstructorAccessor278
14309:             1             16  sun.reflect.GeneratedSerializationConstructorAccessor280
14310:             1             16  sun.reflect.GeneratedSerializationConstructorAccessor282
14311:             1             16  sun.reflect.GeneratedSerializationConstructorAccessor284
14312:             1             16  sun.reflect.GeneratedSerializationConstructorAccessor2859
14313:             1             16  sun.reflect.GeneratedSerializationConstructorAccessor286
14314:             1             16  sun.reflect.GeneratedSerializationConstructorAccessor288
14315:             1             16  sun.reflect.GeneratedSerializationConstructorAccessor290
14316:             1             16  sun.reflect.GeneratedSerializationConstructorAccessor292
14317:             1             16  sun.reflect.GeneratedSerializationConstructorAccessor293
14318:             1             16  sun.reflect.GeneratedSerializationConstructorAccessor294
14319:             1             16  sun.reflect.GeneratedSerializationConstructorAccessor296
14320:             1             16  sun.reflect.GeneratedSerializationConstructorAccessor298
14321:             1             16  sun.reflect.GeneratedSerializationConstructorAccessor300
14322:             1             16  sun.reflect.GeneratedSerializationConstructorAccessor302
14323:             1             16  sun.reflect.GeneratedSerializationConstructorAccessor304
14324:             1             16  sun.reflect.GeneratedSerializationConstructorAccessor306
14325:             1             16  sun.reflect.GeneratedSerializationConstructorAccessor307
14326:             1             16  sun.reflect.GeneratedSerializationConstructorAccessor309
14327:             1             16  sun.reflect.GeneratedSerializationConstructorAccessor310
14328:             1             16  sun.reflect.GeneratedSerializationConstructorAccessor312
14329:             1             16  sun.reflect.GeneratedSerializationConstructorAccessor314
14330:             1             16  sun.reflect.GeneratedSerializationConstructorAccessor316
14331:             1             16  sun.reflect.GeneratedSerializationConstructorAccessor317
14332:             1             16  sun.reflect.GeneratedSerializationConstructorAccessor321
14333:             1             16  sun.reflect.GeneratedSerializationConstructorAccessor323
14334:             1             16  sun.reflect.GeneratedSerializationConstructorAccessor325
14335:             1             16  sun.reflect.GeneratedSerializationConstructorAccessor327
14336:             1             16  sun.reflect.GeneratedSerializationConstructorAccessor329
14337:             1             16  sun.reflect.GeneratedSerializationConstructorAccessor331
14338:             1             16  sun.reflect.GeneratedSerializationConstructorAccessor333
14339:             1             16  sun.reflect.GeneratedSerializationConstructorAccessor335
14340:             1             16  sun.reflect.GeneratedSerializationConstructorAccessor339
14341:             1             16  sun.reflect.GeneratedSerializationConstructorAccessor341
14342:             1             16  sun.reflect.GeneratedSerializationConstructorAccessor343
14343:             1             16  sun.reflect.GeneratedSerializationConstructorAccessor345
14344:             1             16  sun.reflect.GeneratedSerializationConstructorAccessor347
14345:             1             16  sun.reflect.GeneratedSerializationConstructorAccessor349
14346:             1             16  sun.reflect.GeneratedSerializationConstructorAccessor350
14347:             1             16  sun.reflect.GeneratedSerializationConstructorAccessor3512
14348:             1             16  sun.reflect.GeneratedSerializationConstructorAccessor3513
14349:             1             16  sun.reflect.GeneratedSerializationConstructorAccessor352
14350:             1             16  sun.reflect.GeneratedSerializationConstructorAccessor3525
14351:             1             16  sun.reflect.GeneratedSerializationConstructorAccessor3527
14352:             1             16  sun.reflect.GeneratedSerializationConstructorAccessor3528
14353:             1             16  sun.reflect.GeneratedSerializationConstructorAccessor354
14354:             1             16  sun.reflect.GeneratedSerializationConstructorAccessor355
14355:             1             16  sun.reflect.GeneratedSerializationConstructorAccessor357
14356:             1             16  sun.reflect.GeneratedSerializationConstructorAccessor358
14357:             1             16  sun.reflect.GeneratedSerializationConstructorAccessor360
14358:             1             16  sun.reflect.GeneratedSerializationConstructorAccessor362
14359:             1             16  sun.reflect.GeneratedSerializationConstructorAccessor3626
14360:             1             16  sun.reflect.GeneratedSerializationConstructorAccessor3627
14361:             1             16  sun.reflect.GeneratedSerializationConstructorAccessor3633
14362:             1             16  sun.reflect.GeneratedSerializationConstructorAccessor3635
14363:             1             16  sun.reflect.GeneratedSerializationConstructorAccessor3636
14364:             1             16  sun.reflect.GeneratedSerializationConstructorAccessor3638
14365:             1             16  sun.reflect.GeneratedSerializationConstructorAccessor3639
14366:             1             16  sun.reflect.GeneratedSerializationConstructorAccessor364
14367:             1             16  sun.reflect.GeneratedSerializationConstructorAccessor3641
14368:             1             16  sun.reflect.GeneratedSerializationConstructorAccessor3642
14369:             1             16  sun.reflect.GeneratedSerializationConstructorAccessor3643
14370:             1             16  sun.reflect.GeneratedSerializationConstructorAccessor3645
14371:             1             16  sun.reflect.GeneratedSerializationConstructorAccessor3646
14372:             1             16  sun.reflect.GeneratedSerializationConstructorAccessor3649
14373:             1             16  sun.reflect.GeneratedSerializationConstructorAccessor3650
14374:             1             16  sun.reflect.GeneratedSerializationConstructorAccessor3653
14375:             1             16  sun.reflect.GeneratedSerializationConstructorAccessor3654
14376:             1             16  sun.reflect.GeneratedSerializationConstructorAccessor366
14377:             1             16  sun.reflect.GeneratedSerializationConstructorAccessor368
14378:             1             16  sun.reflect.GeneratedSerializationConstructorAccessor370
14379:             1             16  sun.reflect.GeneratedSerializationConstructorAccessor372
14380:             1             16  sun.reflect.GeneratedSerializationConstructorAccessor374
14381:             1             16  sun.reflect.GeneratedSerializationConstructorAccessor375
14382:             1             16  sun.reflect.GeneratedSerializationConstructorAccessor3761
14383:             1             16  sun.reflect.GeneratedSerializationConstructorAccessor3762
14384:             1             16  sun.reflect.GeneratedSerializationConstructorAccessor3763
14385:             1             16  sun.reflect.GeneratedSerializationConstructorAccessor3766
14386:             1             16  sun.reflect.GeneratedSerializationConstructorAccessor3767
14387:             1             16  sun.reflect.GeneratedSerializationConstructorAccessor3768
14388:             1             16  sun.reflect.GeneratedSerializationConstructorAccessor377
14389:             1             16  sun.reflect.GeneratedSerializationConstructorAccessor3775
14390:             1             16  sun.reflect.GeneratedSerializationConstructorAccessor3776
14391:             1             16  sun.reflect.GeneratedSerializationConstructorAccessor379
14392:             1             16  sun.reflect.GeneratedSerializationConstructorAccessor3797
14393:             1             16  sun.reflect.GeneratedSerializationConstructorAccessor3798
14394:             1             16  sun.reflect.GeneratedSerializationConstructorAccessor3799
14395:             1             16  sun.reflect.GeneratedSerializationConstructorAccessor3800
14396:             1             16  sun.reflect.GeneratedSerializationConstructorAccessor3802
14397:             1             16  sun.reflect.GeneratedSerializationConstructorAccessor3803
14398:             1             16  sun.reflect.GeneratedSerializationConstructorAccessor3804
14399:             1             16  sun.reflect.GeneratedSerializationConstructorAccessor3805
14400:             1             16  sun.reflect.GeneratedSerializationConstructorAccessor3806
14401:             1             16  sun.reflect.GeneratedSerializationConstructorAccessor381
14402:             1             16  sun.reflect.GeneratedSerializationConstructorAccessor383
14403:             1             16  sun.reflect.GeneratedSerializationConstructorAccessor384
14404:             1             16  sun.reflect.GeneratedSerializationConstructorAccessor3852
14405:             1             16  sun.reflect.GeneratedSerializationConstructorAccessor386
14406:             1             16  sun.reflect.GeneratedSerializationConstructorAccessor387
14407:             1             16  sun.reflect.GeneratedSerializationConstructorAccessor389
14408:             1             16  sun.reflect.GeneratedSerializationConstructorAccessor3898
14409:             1             16  sun.reflect.GeneratedSerializationConstructorAccessor3899
14410:             1             16  sun.reflect.GeneratedSerializationConstructorAccessor390
14411:             1             16  sun.reflect.GeneratedSerializationConstructorAccessor3900
14412:             1             16  sun.reflect.GeneratedSerializationConstructorAccessor3901
14413:             1             16  sun.reflect.GeneratedSerializationConstructorAccessor3903
14414:             1             16  sun.reflect.GeneratedSerializationConstructorAccessor3904
14415:             1             16  sun.reflect.GeneratedSerializationConstructorAccessor3905
14416:             1             16  sun.reflect.GeneratedSerializationConstructorAccessor3906
14417:             1             16  sun.reflect.GeneratedSerializationConstructorAccessor392
14418:             1             16  sun.reflect.GeneratedSerializationConstructorAccessor393
14419:             1             16  sun.reflect.GeneratedSerializationConstructorAccessor394
14420:             1             16  sun.reflect.GeneratedSerializationConstructorAccessor396
14421:             1             16  sun.reflect.GeneratedSerializationConstructorAccessor398
14422:             1             16  sun.reflect.GeneratedSerializationConstructorAccessor400
14423:             1             16  sun.reflect.GeneratedSerializationConstructorAccessor402
14424:             1             16  sun.reflect.GeneratedSerializationConstructorAccessor404
14425:             1             16  sun.reflect.GeneratedSerializationConstructorAccessor406
14426:             1             16  sun.reflect.GeneratedSerializationConstructorAccessor408
14427:             1             16  sun.reflect.GeneratedSerializationConstructorAccessor410
14428:             1             16  sun.reflect.GeneratedSerializationConstructorAccessor412
14429:             1             16  sun.reflect.GeneratedSerializationConstructorAccessor414
14430:             1             16  sun.reflect.GeneratedSerializationConstructorAccessor416
14431:             1             16  sun.reflect.GeneratedSerializationConstructorAccessor417
14432:             1             16  sun.reflect.GeneratedSerializationConstructorAccessor4177
14433:             1             16  sun.reflect.GeneratedSerializationConstructorAccessor4178
14434:             1             16  sun.reflect.GeneratedSerializationConstructorAccessor4179
14435:             1             16  sun.reflect.GeneratedSerializationConstructorAccessor4183
14436:             1             16  sun.reflect.GeneratedSerializationConstructorAccessor4184
14437:             1             16  sun.reflect.GeneratedSerializationConstructorAccessor419
14438:             1             16  sun.reflect.GeneratedSerializationConstructorAccessor4199
14439:             1             16  sun.reflect.GeneratedSerializationConstructorAccessor420
14440:             1             16  sun.reflect.GeneratedSerializationConstructorAccessor4200
14441:             1             16  sun.reflect.GeneratedSerializationConstructorAccessor4201
14442:             1             16  sun.reflect.GeneratedSerializationConstructorAccessor4203
14443:             1             16  sun.reflect.GeneratedSerializationConstructorAccessor4204
14444:             1             16  sun.reflect.GeneratedSerializationConstructorAccessor4205
14445:             1             16  sun.reflect.GeneratedSerializationConstructorAccessor4206
14446:             1             16  sun.reflect.GeneratedSerializationConstructorAccessor422
14447:             1             16  sun.reflect.GeneratedSerializationConstructorAccessor424
14448:             1             16  sun.reflect.GeneratedSerializationConstructorAccessor425
14449:             1             16  sun.reflect.GeneratedSerializationConstructorAccessor427
14450:             1             16  sun.reflect.GeneratedSerializationConstructorAccessor429
14451:             1             16  sun.reflect.GeneratedSerializationConstructorAccessor431
14452:             1             16  sun.reflect.GeneratedSerializationConstructorAccessor433
14453:             1             16  sun.reflect.GeneratedSerializationConstructorAccessor435
14454:             1             16  sun.reflect.GeneratedSerializationConstructorAccessor437
14455:             1             16  sun.reflect.GeneratedSerializationConstructorAccessor438
14456:             1             16  sun.reflect.GeneratedSerializationConstructorAccessor440
14457:             1             16  sun.reflect.GeneratedSerializationConstructorAccessor442
14458:             1             16  sun.reflect.GeneratedSerializationConstructorAccessor444
14459:             1             16  sun.reflect.GeneratedSerializationConstructorAccessor446
14460:             1             16  sun.reflect.GeneratedSerializationConstructorAccessor448
14461:             1             16  sun.reflect.GeneratedSerializationConstructorAccessor450
14462:             1             16  sun.reflect.GeneratedSerializationConstructorAccessor451
14463:             1             16  sun.reflect.GeneratedSerializationConstructorAccessor453
14464:             1             16  sun.reflect.GeneratedSerializationConstructorAccessor455
14465:             1             16  sun.reflect.GeneratedSerializationConstructorAccessor457
14466:             1             16  sun.reflect.GeneratedSerializationConstructorAccessor459
14467:             1             16  sun.reflect.GeneratedSerializationConstructorAccessor461
14468:             1             16  sun.reflect.GeneratedSerializationConstructorAccessor463
14469:             1             16  sun.reflect.GeneratedSerializationConstructorAccessor464
14470:             1             16  sun.reflect.GeneratedSerializationConstructorAccessor466
14471:             1             16  sun.reflect.GeneratedSerializationConstructorAccessor467
14472:             1             16  sun.reflect.GeneratedSerializationConstructorAccessor468
14473:             1             16  sun.reflect.GeneratedSerializationConstructorAccessor470
14474:             1             16  sun.reflect.GeneratedSerializationConstructorAccessor471
14475:             1             16  sun.reflect.GeneratedSerializationConstructorAccessor472
14476:             1             16  sun.reflect.GeneratedSerializationConstructorAccessor473
14477:             1             16  sun.reflect.GeneratedSerializationConstructorAccessor474
14478:             1             16  sun.reflect.GeneratedSerializationConstructorAccessor5079
14479:             1             16  sun.reflect.GeneratedSerializationConstructorAccessor5080
14480:             1             16  sun.reflect.GeneratedSerializationConstructorAccessor5085
14481:             1             16  sun.reflect.GeneratedSerializationConstructorAccessor5086
14482:             1             16  sun.reflect.GeneratedSerializationConstructorAccessor55
14483:             1             16  sun.reflect.GeneratedSerializationConstructorAccessor56
14484:             1             16  sun.reflect.GeneratedSerializationConstructorAccessor569
14485:             1             16  sun.reflect.GeneratedSerializationConstructorAccessor57
14486:             1             16  sun.reflect.GeneratedSerializationConstructorAccessor571
14487:             1             16  sun.reflect.GeneratedSerializationConstructorAccessor572
14488:             1             16  sun.reflect.GeneratedSerializationConstructorAccessor573
14489:             1             16  sun.reflect.GeneratedSerializationConstructorAccessor574
14490:             1             16  sun.reflect.GeneratedSerializationConstructorAccessor575
14491:             1             16  sun.reflect.GeneratedSerializationConstructorAccessor577
14492:             1             16  sun.reflect.GeneratedSerializationConstructorAccessor579
14493:             1             16  sun.reflect.GeneratedSerializationConstructorAccessor580
14494:             1             16  sun.reflect.GeneratedSerializationConstructorAccessor582
14495:             1             16  sun.reflect.GeneratedSerializationConstructorAccessor584
14496:             1             16  sun.reflect.GeneratedSerializationConstructorAccessor585
14497:             1             16  sun.reflect.GeneratedSerializationConstructorAccessor587
14498:             1             16  sun.reflect.GeneratedSerializationConstructorAccessor588
14499:             1             16  sun.reflect.GeneratedSerializationConstructorAccessor589
14500:             1             16  sun.reflect.GeneratedSerializationConstructorAccessor59
14501:             1             16  sun.reflect.GeneratedSerializationConstructorAccessor594
14502:             1             16  sun.reflect.GeneratedSerializationConstructorAccessor596
14503:             1             16  sun.reflect.GeneratedSerializationConstructorAccessor5966
14504:             1             16  sun.reflect.GeneratedSerializationConstructorAccessor5967
14505:             1             16  sun.reflect.GeneratedSerializationConstructorAccessor598
14506:             1             16  sun.reflect.GeneratedSerializationConstructorAccessor60
14507:             1             16  sun.reflect.GeneratedSerializationConstructorAccessor600
14508:             1             16  sun.reflect.GeneratedSerializationConstructorAccessor602
14509:             1             16  sun.reflect.GeneratedSerializationConstructorAccessor604
14510:             1             16  sun.reflect.GeneratedSerializationConstructorAccessor606
14511:             1             16  sun.reflect.GeneratedSerializationConstructorAccessor61
14512:             1             16  sun.reflect.GeneratedSerializationConstructorAccessor610
14513:             1             16  sun.reflect.GeneratedSerializationConstructorAccessor611
14514:             1             16  sun.reflect.GeneratedSerializationConstructorAccessor612
14515:             1             16  sun.reflect.GeneratedSerializationConstructorAccessor614
14516:             1             16  sun.reflect.GeneratedSerializationConstructorAccessor615
14517:             1             16  sun.reflect.GeneratedSerializationConstructorAccessor617
14518:             1             16  sun.reflect.GeneratedSerializationConstructorAccessor62
14519:             1             16  sun.reflect.GeneratedSerializationConstructorAccessor620
14520:             1             16  sun.reflect.GeneratedSerializationConstructorAccessor624
14521:             1             16  sun.reflect.GeneratedSerializationConstructorAccessor626
14522:             1             16  sun.reflect.GeneratedSerializationConstructorAccessor627
14523:             1             16  sun.reflect.GeneratedSerializationConstructorAccessor628
14524:             1             16  sun.reflect.GeneratedSerializationConstructorAccessor629
14525:             1             16  sun.reflect.GeneratedSerializationConstructorAccessor63
14526:             1             16  sun.reflect.GeneratedSerializationConstructorAccessor630
14527:             1             16  sun.reflect.GeneratedSerializationConstructorAccessor631
14528:             1             16  sun.reflect.GeneratedSerializationConstructorAccessor632
14529:             1             16  sun.reflect.GeneratedSerializationConstructorAccessor633
14530:             1             16  sun.reflect.GeneratedSerializationConstructorAccessor634
14531:             1             16  sun.reflect.GeneratedSerializationConstructorAccessor635
14532:             1             16  sun.reflect.GeneratedSerializationConstructorAccessor636
14533:             1             16  sun.reflect.GeneratedSerializationConstructorAccessor637
14534:             1             16  sun.reflect.GeneratedSerializationConstructorAccessor638
14535:             1             16  sun.reflect.GeneratedSerializationConstructorAccessor639
14536:             1             16  sun.reflect.GeneratedSerializationConstructorAccessor64
14537:             1             16  sun.reflect.GeneratedSerializationConstructorAccessor640
14538:             1             16  sun.reflect.GeneratedSerializationConstructorAccessor641
14539:             1             16  sun.reflect.GeneratedSerializationConstructorAccessor642
14540:             1             16  sun.reflect.GeneratedSerializationConstructorAccessor644
14541:             1             16  sun.reflect.GeneratedSerializationConstructorAccessor645
14542:             1             16  sun.reflect.GeneratedSerializationConstructorAccessor646
14543:             1             16  sun.reflect.GeneratedSerializationConstructorAccessor648
14544:             1             16  sun.reflect.GeneratedSerializationConstructorAccessor650
14545:             1             16  sun.reflect.GeneratedSerializationConstructorAccessor652
14546:             1             16  sun.reflect.GeneratedSerializationConstructorAccessor653
14547:             1             16  sun.reflect.GeneratedSerializationConstructorAccessor655
14548:             1             16  sun.reflect.GeneratedSerializationConstructorAccessor656
14549:             1             16  sun.reflect.GeneratedSerializationConstructorAccessor658
14550:             1             16  sun.reflect.GeneratedSerializationConstructorAccessor66
14551:             1             16  sun.reflect.GeneratedSerializationConstructorAccessor660
14552:             1             16  sun.reflect.GeneratedSerializationConstructorAccessor6613
14553:             1             16  sun.reflect.GeneratedSerializationConstructorAccessor6614
14554:             1             16  sun.reflect.GeneratedSerializationConstructorAccessor6615
14555:             1             16  sun.reflect.GeneratedSerializationConstructorAccessor67
14556:             1             16  sun.reflect.GeneratedSerializationConstructorAccessor678
14557:             1             16  sun.reflect.GeneratedSerializationConstructorAccessor68
14558:             1             16  sun.reflect.GeneratedSerializationConstructorAccessor683
14559:             1             16  sun.reflect.GeneratedSerializationConstructorAccessor685
14560:             1             16  sun.reflect.GeneratedSerializationConstructorAccessor687
14561:             1             16  sun.reflect.GeneratedSerializationConstructorAccessor689
14562:             1             16  sun.reflect.GeneratedSerializationConstructorAccessor69
14563:             1             16  sun.reflect.GeneratedSerializationConstructorAccessor691
14564:             1             16  sun.reflect.GeneratedSerializationConstructorAccessor693
14565:             1             16  sun.reflect.GeneratedSerializationConstructorAccessor694
14566:             1             16  sun.reflect.GeneratedSerializationConstructorAccessor696
14567:             1             16  sun.reflect.GeneratedSerializationConstructorAccessor698
14568:             1             16  sun.reflect.GeneratedSerializationConstructorAccessor699
14569:             1             16  sun.reflect.GeneratedSerializationConstructorAccessor70
14570:             1             16  sun.reflect.GeneratedSerializationConstructorAccessor700
14571:             1             16  sun.reflect.GeneratedSerializationConstructorAccessor702
14572:             1             16  sun.reflect.GeneratedSerializationConstructorAccessor710
14573:             1             16  sun.reflect.GeneratedSerializationConstructorAccessor712
14574:             1             16  sun.reflect.GeneratedSerializationConstructorAccessor713
14575:             1             16  sun.reflect.GeneratedSerializationConstructorAccessor715
14576:             1             16  sun.reflect.GeneratedSerializationConstructorAccessor716
14577:             1             16  sun.reflect.GeneratedSerializationConstructorAccessor717
14578:             1             16  sun.reflect.GeneratedSerializationConstructorAccessor719
14579:             1             16  sun.reflect.GeneratedSerializationConstructorAccessor72
14580:             1             16  sun.reflect.GeneratedSerializationConstructorAccessor720
14581:             1             16  sun.reflect.GeneratedSerializationConstructorAccessor721
14582:             1             16  sun.reflect.GeneratedSerializationConstructorAccessor722
14583:             1             16  sun.reflect.GeneratedSerializationConstructorAccessor723
14584:             1             16  sun.reflect.GeneratedSerializationConstructorAccessor724
14585:             1             16  sun.reflect.GeneratedSerializationConstructorAccessor73
14586:             1             16  sun.reflect.GeneratedSerializationConstructorAccessor742
14587:             1             16  sun.reflect.GeneratedSerializationConstructorAccessor744
14588:             1             16  sun.reflect.GeneratedSerializationConstructorAccessor745
14589:             1             16  sun.reflect.GeneratedSerializationConstructorAccessor746
14590:             1             16  sun.reflect.GeneratedSerializationConstructorAccessor747
14591:             1             16  sun.reflect.GeneratedSerializationConstructorAccessor748
14592:             1             16  sun.reflect.GeneratedSerializationConstructorAccessor75
14593:             1             16  sun.reflect.GeneratedSerializationConstructorAccessor750
14594:             1             16  sun.reflect.GeneratedSerializationConstructorAccessor752
14595:             1             16  sun.reflect.GeneratedSerializationConstructorAccessor754
14596:             1             16  sun.reflect.GeneratedSerializationConstructorAccessor755
14597:             1             16  sun.reflect.GeneratedSerializationConstructorAccessor756
14598:             1             16  sun.reflect.GeneratedSerializationConstructorAccessor757
14599:             1             16  sun.reflect.GeneratedSerializationConstructorAccessor758
14600:             1             16  sun.reflect.GeneratedSerializationConstructorAccessor76
14601:             1             16  sun.reflect.GeneratedSerializationConstructorAccessor760
14602:             1             16  sun.reflect.GeneratedSerializationConstructorAccessor761
14603:             1             16  sun.reflect.GeneratedSerializationConstructorAccessor762
14604:             1             16  sun.reflect.GeneratedSerializationConstructorAccessor763
14605:             1             16  sun.reflect.GeneratedSerializationConstructorAccessor764
14606:             1             16  sun.reflect.GeneratedSerializationConstructorAccessor766
14607:             1             16  sun.reflect.GeneratedSerializationConstructorAccessor767
14608:             1             16  sun.reflect.GeneratedSerializationConstructorAccessor768
14609:             1             16  sun.reflect.GeneratedSerializationConstructorAccessor769
14610:             1             16  sun.reflect.GeneratedSerializationConstructorAccessor77
14611:             1             16  sun.reflect.GeneratedSerializationConstructorAccessor770
14612:             1             16  sun.reflect.GeneratedSerializationConstructorAccessor772
14613:             1             16  sun.reflect.GeneratedSerializationConstructorAccessor774
14614:             1             16  sun.reflect.GeneratedSerializationConstructorAccessor775
14615:             1             16  sun.reflect.GeneratedSerializationConstructorAccessor776
14616:             1             16  sun.reflect.GeneratedSerializationConstructorAccessor778
14617:             1             16  sun.reflect.GeneratedSerializationConstructorAccessor779
14618:             1             16  sun.reflect.GeneratedSerializationConstructorAccessor780
14619:             1             16  sun.reflect.GeneratedSerializationConstructorAccessor782
14620:             1             16  sun.reflect.GeneratedSerializationConstructorAccessor784
14621:             1             16  sun.reflect.GeneratedSerializationConstructorAccessor785
14622:             1             16  sun.reflect.GeneratedSerializationConstructorAccessor786
14623:             1             16  sun.reflect.GeneratedSerializationConstructorAccessor788
14624:             1             16  sun.reflect.GeneratedSerializationConstructorAccessor79
14625:             1             16  sun.reflect.GeneratedSerializationConstructorAccessor790
14626:             1             16  sun.reflect.GeneratedSerializationConstructorAccessor791
14627:             1             16  sun.reflect.GeneratedSerializationConstructorAccessor792
14628:             1             16  sun.reflect.GeneratedSerializationConstructorAccessor794
14629:             1             16  sun.reflect.GeneratedSerializationConstructorAccessor795
14630:             1             16  sun.reflect.GeneratedSerializationConstructorAccessor797
14631:             1             16  sun.reflect.GeneratedSerializationConstructorAccessor798
14632:             1             16  sun.reflect.GeneratedSerializationConstructorAccessor799
14633:             1             16  sun.reflect.GeneratedSerializationConstructorAccessor80
14634:             1             16  sun.reflect.GeneratedSerializationConstructorAccessor801
14635:             1             16  sun.reflect.GeneratedSerializationConstructorAccessor803
14636:             1             16  sun.reflect.GeneratedSerializationConstructorAccessor804
14637:             1             16  sun.reflect.GeneratedSerializationConstructorAccessor806
14638:             1             16  sun.reflect.GeneratedSerializationConstructorAccessor807
14639:             1             16  sun.reflect.GeneratedSerializationConstructorAccessor81
14640:             1             16  sun.reflect.GeneratedSerializationConstructorAccessor818
14641:             1             16  sun.reflect.GeneratedSerializationConstructorAccessor819
14642:             1             16  sun.reflect.GeneratedSerializationConstructorAccessor821
14643:             1             16  sun.reflect.GeneratedSerializationConstructorAccessor822
14644:             1             16  sun.reflect.GeneratedSerializationConstructorAccessor83
14645:             1             16  sun.reflect.GeneratedSerializationConstructorAccessor833
14646:             1             16  sun.reflect.GeneratedSerializationConstructorAccessor834
14647:             1             16  sun.reflect.GeneratedSerializationConstructorAccessor835
14648:             1             16  sun.reflect.GeneratedSerializationConstructorAccessor836
14649:             1             16  sun.reflect.GeneratedSerializationConstructorAccessor837
14650:             1             16  sun.reflect.GeneratedSerializationConstructorAccessor838
14651:             1             16  sun.reflect.GeneratedSerializationConstructorAccessor839
14652:             1             16  sun.reflect.GeneratedSerializationConstructorAccessor84
14653:             1             16  sun.reflect.GeneratedSerializationConstructorAccessor840
14654:             1             16  sun.reflect.GeneratedSerializationConstructorAccessor841
14655:             1             16  sun.reflect.GeneratedSerializationConstructorAccessor842
14656:             1             16  sun.reflect.GeneratedSerializationConstructorAccessor843
14657:             1             16  sun.reflect.GeneratedSerializationConstructorAccessor844
14658:             1             16  sun.reflect.GeneratedSerializationConstructorAccessor845
14659:             1             16  sun.reflect.GeneratedSerializationConstructorAccessor846
14660:             1             16  sun.reflect.GeneratedSerializationConstructorAccessor847
14661:             1             16  sun.reflect.GeneratedSerializationConstructorAccessor849
14662:             1             16  sun.reflect.GeneratedSerializationConstructorAccessor85
14663:             1             16  sun.reflect.GeneratedSerializationConstructorAccessor850
14664:             1             16  sun.reflect.GeneratedSerializationConstructorAccessor851
14665:             1             16  sun.reflect.GeneratedSerializationConstructorAccessor853
14666:             1             16  sun.reflect.GeneratedSerializationConstructorAccessor854
14667:             1             16  sun.reflect.GeneratedSerializationConstructorAccessor856
14668:             1             16  sun.reflect.GeneratedSerializationConstructorAccessor8566
14669:             1             16  sun.reflect.GeneratedSerializationConstructorAccessor8567
14670:             1             16  sun.reflect.GeneratedSerializationConstructorAccessor86
14671:             1             16  sun.reflect.GeneratedSerializationConstructorAccessor87
14672:             1             16  sun.reflect.GeneratedSerializationConstructorAccessor872
14673:             1             16  sun.reflect.GeneratedSerializationConstructorAccessor874
14674:             1             16  sun.reflect.GeneratedSerializationConstructorAccessor876
14675:             1             16  sun.reflect.GeneratedSerializationConstructorAccessor878
14676:             1             16  sun.reflect.GeneratedSerializationConstructorAccessor879
14677:             1             16  sun.reflect.GeneratedSerializationConstructorAccessor88
14678:             1             16  sun.reflect.GeneratedSerializationConstructorAccessor889
14679:             1             16  sun.reflect.GeneratedSerializationConstructorAccessor89
14680:             1             16  sun.reflect.GeneratedSerializationConstructorAccessor891
14681:             1             16  sun.reflect.GeneratedSerializationConstructorAccessor892
14682:             1             16  sun.reflect.GeneratedSerializationConstructorAccessor893
14683:             1             16  sun.reflect.GeneratedSerializationConstructorAccessor894
14684:             1             16  sun.reflect.GeneratedSerializationConstructorAccessor895
14685:             1             16  sun.reflect.GeneratedSerializationConstructorAccessor90
14686:             1             16  sun.reflect.GeneratedSerializationConstructorAccessor91
14687:             1             16  sun.reflect.GeneratedSerializationConstructorAccessor92
14688:             1             16  sun.reflect.GeneratedSerializationConstructorAccessor925
14689:             1             16  sun.reflect.GeneratedSerializationConstructorAccessor927
14690:             1             16  sun.reflect.GeneratedSerializationConstructorAccessor928
14691:             1             16  sun.reflect.GeneratedSerializationConstructorAccessor929
14692:             1             16  sun.reflect.GeneratedSerializationConstructorAccessor930
14693:             1             16  sun.reflect.GeneratedSerializationConstructorAccessor931
14694:             1             16  sun.reflect.GeneratedSerializationConstructorAccessor933
14695:             1             16  sun.reflect.GeneratedSerializationConstructorAccessor94
14696:             1             16  sun.reflect.GeneratedSerializationConstructorAccessor943
14697:             1             16  sun.reflect.GeneratedSerializationConstructorAccessor945
14698:             1             16  sun.reflect.GeneratedSerializationConstructorAccessor946
14699:             1             16  sun.reflect.GeneratedSerializationConstructorAccessor947
14700:             1             16  sun.reflect.GeneratedSerializationConstructorAccessor948
14701:             1             16  sun.reflect.GeneratedSerializationConstructorAccessor949
14702:             1             16  sun.reflect.GeneratedSerializationConstructorAccessor95
14703:             1             16  sun.reflect.GeneratedSerializationConstructorAccessor951
14704:             1             16  sun.reflect.GeneratedSerializationConstructorAccessor952
14705:             1             16  sun.reflect.GeneratedSerializationConstructorAccessor953
14706:             1             16  sun.reflect.GeneratedSerializationConstructorAccessor954
14707:             1             16  sun.reflect.GeneratedSerializationConstructorAccessor955
14708:             1             16  sun.reflect.GeneratedSerializationConstructorAccessor957
14709:             1             16  sun.reflect.GeneratedSerializationConstructorAccessor958
14710:             1             16  sun.reflect.GeneratedSerializationConstructorAccessor959
14711:             1             16  sun.reflect.GeneratedSerializationConstructorAccessor96
14712:             1             16  sun.reflect.GeneratedSerializationConstructorAccessor960
14713:             1             16  sun.reflect.GeneratedSerializationConstructorAccessor961
14714:             1             16  sun.reflect.GeneratedSerializationConstructorAccessor98
14715:             1             16  sun.reflect.GeneratedSerializationConstructorAccessor99
14716:             1             16  sun.reflect.GeneratedSerializationConstructorAccessor997
14717:             1             16  sun.reflect.GeneratedSerializationConstructorAccessor999
14718:             1             16  sun.reflect.ReflectionFactory
14719:             1             16  sun.reflect.generics.tree.BooleanSignature
14720:             1             16  sun.reflect.generics.tree.BottomSignature
14721:             1             16  sun.reflect.generics.tree.ByteSignature
14722:             1             16  sun.reflect.generics.tree.CharSignature
14723:             1             16  sun.reflect.generics.tree.DoubleSignature
14724:             1             16  sun.reflect.generics.tree.FloatSignature
14725:             1             16  sun.reflect.generics.tree.IntSignature
14726:             1             16  sun.reflect.generics.tree.LongSignature
14727:             1             16  sun.reflect.generics.tree.ShortSignature
14728:             1             16  sun.reflect.generics.tree.VoidDescriptor
14729:             1             16  sun.security.provider.JavaKeyStore$JKS
14730:             1             16  sun.security.rsa.RSAKeyFactory
14731:             1             16  sun.security.ssl.AbstractTrustManagerWrapper
14732:             1             16  sun.security.ssl.DummyX509KeyManager
14733:             1             16  sun.security.util.ByteArrayLexOrder
14734:             1             16  sun.security.util.ByteArrayTagOrder
14735:             1             16  sun.security.x509.GeneralSubtrees
14736:             1             16  sun.text.normalizer.NormalizerBase$Mode
14737:             1             16  sun.text.normalizer.NormalizerBase$NFCMode
14738:             1             16  sun.text.normalizer.NormalizerBase$NFDMode
14739:             1             16  sun.text.normalizer.NormalizerBase$NFKCMode
14740:             1             16  sun.text.normalizer.NormalizerBase$NFKDMode
14741:             1             16  sun.text.normalizer.NormalizerImpl
14742:             1             16  sun.text.normalizer.NormalizerImpl$AuxTrieImpl
14743:             1             16  sun.text.normalizer.NormalizerImpl$FCDTrieImpl
14744:             1             16  sun.text.normalizer.NormalizerImpl$NormTrieImpl
14745:             1             16  sun.util.CoreResourceBundleControl
14746:             1             16  sun.util.calendar.Gregorian
14747:             1             16  sun.util.calendar.JulianCalendar
14748:             1             16  sun.util.locale.InternalLocaleBuilder$CaseInsensitiveChar
14749:             1             16  sun.util.locale.provider.AuxLocaleProviderAdapter$NullProvider
14750:             1             16  sun.util.locale.provider.CalendarDataUtility$CalendarFieldValueNamesMapGetter
14751:             1             16  sun.util.locale.provider.CalendarDataUtility$CalendarWeekParameterGetter
14752:             1             16  sun.util.locale.provider.CalendarNameProviderImpl$LengthBasedComparator
14753:             1             16  sun.util.locale.provider.SPILocaleProviderAdapter
14754:             1             16  sun.util.locale.provider.TimeZoneNameUtility$TimeZoneNameGetter
14755:             1             16  sun.util.resources.LocaleData
14756:             1             16  sun.util.resources.LocaleData$LocaleDataResourceBundleControl
14757:             1             16  ua_parser.DeviceParser
14758:             1             16  ua_parser.OSParser
14759:             1             16  ua_parser.UserAgentParser
Total       7583232     2067300016
